2026/03/16 13:24:16 - mmengine - INFO - 
------------------------------------------------------------
System environment:
    sys.platform: linux
    Python: 3.9.21 (main, Feb 10 2025, 00:00:00) [GCC 11.5.0 20240719 (Red Hat 11.5.0-5)]
    CUDA available: True
    MUSA available: False
    numpy_random_seed: 0
    GPU 0: NVIDIA A100 80GB PCIe
    CUDA_HOME: /usr/local/cuda
    NVCC: Cuda compilation tools, release 12.9, V12.9.86
    GCC: gcc (GCC) 11.5.0 20240719 (Red Hat 11.5.0-5)
    PyTorch: 2.1.0+cu121
    PyTorch compiling details: PyTorch built with:
  - GCC 9.3
  - C++ Version: 201703
  - Intel(R) oneAPI Math Kernel Library Version 2022.2-Product Build 20220804 for Intel(R) 64 architecture applications
  - Intel(R) MKL-DNN v3.1.1 (Git Hash 64f6bcbcbab628e96f33a62c3e975f8535a7bde4)
  - OpenMP 201511 (a.k.a. OpenMP 4.5)
  - LAPACK is enabled (usually provided by MKL)
  - NNPACK is enabled
  - CPU capability usage: AVX512
  - CUDA Runtime 12.1
  - NVCC architecture flags: -gencode;arch=compute_50,code=sm_50;-gencode;arch=compute_60,code=sm_60;-gencode;arch=compute_70,code=sm_70;-gencode;arch=compute_75,code=sm_75;-gencode;arch=compute_80,code=sm_80;-gencode;arch=compute_86,code=sm_86;-gencode;arch=compute_90,code=sm_90
  - CuDNN 8.9.2
  - Magma 2.6.1
  - Build settings: BLAS_INFO=mkl, BUILD_TYPE=Release, CUDA_VERSION=12.1, CUDNN_VERSION=8.9.2, CXX_COMPILER=/opt/rh/devtoolset-9/root/usr/bin/c++, CXX_FLAGS= -D_GLIBCXX_USE_CXX11_ABI=0 -fabi-version=11 -fvisibility-inlines-hidden -DUSE_PTHREADPOOL -DNDEBUG -DUSE_KINETO -DLIBKINETO_NOROCTRACER -DUSE_FBGEMM -DUSE_QNNPACK -DUSE_PYTORCH_QNNPACK -DUSE_XNNPACK -DSYMBOLICATE_MOBILE_DEBUG_HANDLE -O2 -fPIC -Wall -Wextra -Werror=return-type -Werror=non-virtual-dtor -Werror=bool-operation -Wnarrowing -Wno-missing-field-initializers -Wno-type-limits -Wno-array-bounds -Wno-unknown-pragmas -Wno-unused-parameter -Wno-unused-function -Wno-unused-result -Wno-strict-overflow -Wno-strict-aliasing -Wno-stringop-overflow -Wno-psabi -Wno-error=pedantic -Wno-error=old-style-cast -Wno-invalid-partial-specialization -Wno-unused-private-field -Wno-aligned-allocation-unavailable -Wno-missing-braces -fdiagnostics-color=always -faligned-new -Wno-unused-but-set-variable -Wno-maybe-uninitialized -fno-math-errno -fno-trapping-math -Werror=format -Werror=cast-function-type -Wno-stringop-overflow, LAPACK_INFO=mkl, PERF_WITH_AVX=1, PERF_WITH_AVX2=1, PERF_WITH_AVX512=1, TORCH_DISABLE_GPU_ASSERTS=ON, TORCH_VERSION=2.1.0, USE_CUDA=ON, USE_CUDNN=ON, USE_EXCEPTION_PTR=1, USE_GFLAGS=OFF, USE_GLOG=OFF, USE_MKL=ON, USE_MKLDNN=ON, USE_MPI=OFF, USE_NCCL=1, USE_NNPACK=ON, USE_OPENMP=ON, USE_ROCM=OFF, 

    TorchVision: 0.16.0+cu121
    OpenCV: 4.13.0
    MMEngine: 0.10.7

Runtime environment:
    cudnn_benchmark: False
    mp_cfg: {'mp_start_method': 'fork', 'opencv_num_threads': 0}
    dist_cfg: {'backend': 'nccl'}
    seed: 0
    deterministic: False
    Distributed launcher: none
    Distributed training: False
    GPU number: 1
------------------------------------------------------------

2026/03/16 13:24:16 - mmengine - INFO - Config:
auto_scale_lr = dict(base_batch_size=64, enable=False)
backend_args = None
classes = (
    'holothurian',
    'echinus',
    'scallop',
    'starfish',
    'fish',
    'coral',
    'diver',
    'cuttlefish',
    'turtle',
    'jellyfish',
)
data_root = '../data-processing/vision/RUOD/processed/'
dataset_type = 'CocoDataset'
default_hooks = dict(
    checkpoint=dict(
        interval=-1,
        max_keep_ckpts=1,
        rule='greater',
        save_best='coco/bbox_mAP',
        save_last=True,
        type='CheckpointHook'),
    logger=dict(interval=50, type='LoggerHook'),
    param_scheduler=dict(type='ParamSchedulerHook'),
    sampler_seed=dict(type='DistSamplerSeedHook'),
    timer=dict(type='IterTimerHook'),
    visualization=dict(type='DetVisualizationHook'))
default_scope = 'mmdet'
env_cfg = dict(
    cudnn_benchmark=False,
    dist_cfg=dict(backend='nccl'),
    mp_cfg=dict(mp_start_method='fork', opencv_num_threads=0))
launcher = 'none'
load_from = '../runs/mmdet/detr_r50_ruod_120e_pretrained/epoch_70.pth'
log_level = 'INFO'
log_processor = dict(by_epoch=True, type='LogProcessor', window_size=50)
metainfo = dict(
    classes=(
        'holothurian',
        'echinus',
        'scallop',
        'starfish',
        'fish',
        'coral',
        'diver',
        'cuttlefish',
        'turtle',
        'jellyfish',
    ))
model = dict(
    backbone=dict(
        depth=50,
        frozen_stages=1,
        init_cfg=dict(checkpoint='torchvision://resnet50', type='Pretrained'),
        norm_cfg=dict(requires_grad=False, type='BN'),
        norm_eval=True,
        num_stages=4,
        out_indices=(3, ),
        style='pytorch',
        type='ResNet'),
    bbox_head=dict(
        embed_dims=256,
        loss_bbox=dict(loss_weight=5.0, type='L1Loss'),
        loss_cls=dict(
            bg_cls_weight=0.1,
            class_weight=1.0,
            loss_weight=1.0,
            type='CrossEntropyLoss',
            use_sigmoid=False),
        loss_iou=dict(loss_weight=2.0, type='GIoULoss'),
        num_classes=10,
        type='DETRHead'),
    data_preprocessor=dict(
        bgr_to_rgb=True,
        mean=[
            123.675,
            116.28,
            103.53,
        ],
        pad_size_divisor=1,
        std=[
            58.395,
            57.12,
            57.375,
        ],
        type='DetDataPreprocessor'),
    decoder=dict(
        layer_cfg=dict(
            cross_attn_cfg=dict(
                batch_first=True, dropout=0.1, embed_dims=256, num_heads=8),
            ffn_cfg=dict(
                act_cfg=dict(inplace=True, type='ReLU'),
                embed_dims=256,
                feedforward_channels=2048,
                ffn_drop=0.1,
                num_fcs=2),
            self_attn_cfg=dict(
                batch_first=True, dropout=0.1, embed_dims=256, num_heads=8)),
        num_layers=6,
        return_intermediate=True),
    encoder=dict(
        layer_cfg=dict(
            ffn_cfg=dict(
                act_cfg=dict(inplace=True, type='ReLU'),
                embed_dims=256,
                feedforward_channels=2048,
                ffn_drop=0.1,
                num_fcs=2),
            self_attn_cfg=dict(
                batch_first=True, dropout=0.1, embed_dims=256, num_heads=8)),
        num_layers=6),
    neck=dict(
        act_cfg=None,
        in_channels=[
            2048,
        ],
        kernel_size=1,
        norm_cfg=None,
        num_outs=1,
        out_channels=256,
        type='ChannelMapper'),
    num_queries=100,
    positional_encoding=dict(normalize=True, num_feats=128),
    test_cfg=dict(max_per_img=100),
    train_cfg=dict(
        assigner=dict(
            match_costs=[
                dict(type='ClassificationCost', weight=1.0),
                dict(box_format='xywh', type='BBoxL1Cost', weight=5.0),
                dict(iou_mode='giou', type='IoUCost', weight=2.0),
            ],
            type='HungarianAssigner')),
    type='DETR')
num_classes = 10
optim_wrapper = dict(
    clip_grad=dict(max_norm=0.1, norm_type=2),
    optimizer=dict(lr=0.0001, type='AdamW', weight_decay=0.0001),
    paramwise_cfg=dict(
        custom_keys=dict(backbone=dict(decay_mult=1.0, lr_mult=0.1))),
    type='OptimWrapper')
param_scheduler = [
    dict(
        begin=0,
        by_epoch=True,
        end=3,
        end_factor=1.0,
        start_factor=0.1,
        type='LinearLR'),
    dict(
        begin=0,
        by_epoch=True,
        end=3,
        end_factor=1.0,
        start_factor=0.8537886872998933,
        type='LinearMomentum'),
    dict(
        begin=3,
        by_epoch=True,
        end=120,
        end_factor=0.01,
        start_factor=1.0,
        type='LinearLR'),
]
randomness = dict(deterministic=False, seed=0)
resume = False
test_cfg = dict(type='TestLoop')
test_dataloader = dict(
    batch_size=1,
    dataset=dict(
        ann_file='annotations/test.json',
        backend_args=None,
        data_prefix=dict(img='images/test/'),
        data_root='../data-processing/vision/RUOD/processed/',
        metainfo=dict(
            classes=(
                'holothurian',
                'echinus',
                'scallop',
                'starfish',
                'fish',
                'coral',
                'diver',
                'cuttlefish',
                'turtle',
                'jellyfish',
            )),
        pipeline=[
            dict(backend_args=None, type='LoadImageFromFile'),
            dict(keep_ratio=True, scale=(
                640,
                640,
            ), type='Resize'),
            dict(type='LoadAnnotations', with_bbox=True),
            dict(
                meta_keys=(
                    'img_id',
                    'img_path',
                    'ori_shape',
                    'img_shape',
                    'scale_factor',
                ),
                type='PackDetInputs'),
        ],
        test_mode=True,
        type='CocoDataset'),
    drop_last=False,
    num_workers=2,
    persistent_workers=True,
    sampler=dict(shuffle=False, type='DefaultSampler'))
test_evaluator = dict(
    ann_file='../data-processing/vision/RUOD/processed/annotations/test.json',
    backend_args=None,
    format_only=False,
    metric='bbox',
    type='CocoMetric')
test_pipeline = [
    dict(backend_args=None, type='LoadImageFromFile'),
    dict(keep_ratio=True, scale=(
        640,
        640,
    ), type='Resize'),
    dict(type='LoadAnnotations', with_bbox=True),
    dict(
        meta_keys=(
            'img_id',
            'img_path',
            'ori_shape',
            'img_shape',
            'scale_factor',
        ),
        type='PackDetInputs'),
]
train_cfg = dict(max_epochs=120, type='EpochBasedTrainLoop', val_interval=1)
train_dataloader = dict(
    batch_sampler=dict(type='AspectRatioBatchSampler'),
    batch_size=32,
    dataset=dict(
        ann_file='annotations/train.json',
        backend_args=None,
        data_prefix=dict(img='images/train/'),
        data_root='../data-processing/vision/RUOD/processed/',
        filter_cfg=dict(filter_empty_gt=False),
        metainfo=dict(
            classes=(
                'holothurian',
                'echinus',
                'scallop',
                'starfish',
                'fish',
                'coral',
                'diver',
                'cuttlefish',
                'turtle',
                'jellyfish',
            )),
        pipeline=[
            dict(backend_args=None, type='LoadImageFromFile'),
            dict(type='LoadAnnotations', with_bbox=True),
            dict(keep_ratio=True, scale=(
                640,
                640,
            ), type='Resize'),
            dict(prob=0.5, type='RandomFlip'),
            dict(type='PackDetInputs'),
        ],
        type='CocoDataset'),
    num_workers=8,
    persistent_workers=True,
    sampler=dict(shuffle=True, type='DefaultSampler'))
train_pipeline = [
    dict(backend_args=None, type='LoadImageFromFile'),
    dict(type='LoadAnnotations', with_bbox=True),
    dict(keep_ratio=True, scale=(
        640,
        640,
    ), type='Resize'),
    dict(prob=0.5, type='RandomFlip'),
    dict(type='PackDetInputs'),
]
val_cfg = dict(type='ValLoop')
val_dataloader = dict(
    batch_size=1,
    dataset=dict(
        ann_file='annotations/val.json',
        backend_args=None,
        data_prefix=dict(img='images/val/'),
        data_root='../data-processing/vision/RUOD/processed/',
        metainfo=dict(
            classes=(
                'holothurian',
                'echinus',
                'scallop',
                'starfish',
                'fish',
                'coral',
                'diver',
                'cuttlefish',
                'turtle',
                'jellyfish',
            )),
        pipeline=[
            dict(backend_args=None, type='LoadImageFromFile'),
            dict(keep_ratio=True, scale=(
                640,
                640,
            ), type='Resize'),
            dict(type='LoadAnnotations', with_bbox=True),
            dict(
                meta_keys=(
                    'img_id',
                    'img_path',
                    'ori_shape',
                    'img_shape',
                    'scale_factor',
                ),
                type='PackDetInputs'),
        ],
        test_mode=True,
        type='CocoDataset'),
    drop_last=False,
    num_workers=2,
    persistent_workers=True,
    sampler=dict(shuffle=False, type='DefaultSampler'))
val_evaluator = dict(
    ann_file='../data-processing/vision/RUOD/processed/annotations/val.json',
    backend_args=None,
    format_only=False,
    metric='bbox',
    type='CocoMetric')
vis_backends = [
    dict(type='LocalVisBackend'),
]
visualizer = dict(
    name='visualizer',
    type='DetLocalVisualizer',
    vis_backends=[
        dict(type='LocalVisBackend'),
    ])
work_dir = '../runs/mmdet/detr_r50_ruod_120e_pretrained'

2026/03/16 13:24:24 - mmengine - INFO - Distributed training is not used, all SyncBatchNorm (SyncBN) layers in the model will be automatically reverted to BatchNormXd layers if they are used.
2026/03/16 13:24:24 - mmengine - INFO - Hooks will be executed in the following order:
before_run:
(VERY_HIGH   ) RuntimeInfoHook                    
(BELOW_NORMAL) LoggerHook                         
 -------------------- 
before_train:
(VERY_HIGH   ) RuntimeInfoHook                    
(NORMAL      ) IterTimerHook                      
(VERY_LOW    ) CheckpointHook                     
 -------------------- 
before_train_epoch:
(VERY_HIGH   ) RuntimeInfoHook                    
(NORMAL      ) IterTimerHook                      
(NORMAL      ) DistSamplerSeedHook                
 -------------------- 
before_train_iter:
(VERY_HIGH   ) RuntimeInfoHook                    
(NORMAL      ) IterTimerHook                      
 -------------------- 
after_train_iter:
(VERY_HIGH   ) RuntimeInfoHook                    
(NORMAL      ) IterTimerHook                      
(BELOW_NORMAL) LoggerHook                         
(LOW         ) ParamSchedulerHook                 
(VERY_LOW    ) CheckpointHook                     
 -------------------- 
after_train_epoch:
(NORMAL      ) IterTimerHook                      
(LOW         ) ParamSchedulerHook                 
(VERY_LOW    ) CheckpointHook                     
 -------------------- 
before_val:
(VERY_HIGH   ) RuntimeInfoHook                    
 -------------------- 
before_val_epoch:
(NORMAL      ) IterTimerHook                      
 -------------------- 
before_val_iter:
(NORMAL      ) IterTimerHook                      
 -------------------- 
after_val_iter:
(NORMAL      ) IterTimerHook                      
(NORMAL      ) DetVisualizationHook               
(BELOW_NORMAL) LoggerHook                         
 -------------------- 
after_val_epoch:
(VERY_HIGH   ) RuntimeInfoHook                    
(NORMAL      ) IterTimerHook                      
(BELOW_NORMAL) LoggerHook                         
(LOW         ) ParamSchedulerHook                 
(VERY_LOW    ) CheckpointHook                     
 -------------------- 
after_val:
(VERY_HIGH   ) RuntimeInfoHook                    
 -------------------- 
after_train:
(VERY_HIGH   ) RuntimeInfoHook                    
(VERY_LOW    ) CheckpointHook                     
 -------------------- 
before_test:
(VERY_HIGH   ) RuntimeInfoHook                    
 -------------------- 
before_test_epoch:
(NORMAL      ) IterTimerHook                      
 -------------------- 
before_test_iter:
(NORMAL      ) IterTimerHook                      
 -------------------- 
after_test_iter:
(NORMAL      ) IterTimerHook                      
(NORMAL      ) DetVisualizationHook               
(BELOW_NORMAL) LoggerHook                         
 -------------------- 
after_test_epoch:
(VERY_HIGH   ) RuntimeInfoHook                    
(NORMAL      ) IterTimerHook                      
(BELOW_NORMAL) LoggerHook                         
 -------------------- 
after_test:
(VERY_HIGH   ) RuntimeInfoHook                    
 -------------------- 
after_run:
(BELOW_NORMAL) LoggerHook                         
 -------------------- 
2026/03/16 13:24:26 - mmengine - INFO - Load checkpoint from ../runs/mmdet/detr_r50_ruod_120e_pretrained/epoch_70.pth
2026/03/16 13:24:35 - mmengine - INFO - Epoch(test) [  50/4200]    eta: 0:11:59  time: 0.1733  data_time: 0.0182  memory: 336  
2026/03/16 13:24:36 - mmengine - INFO - Epoch(test) [ 100/4200]    eta: 0:06:47  time: 0.0257  data_time: 0.0011  memory: 336  
2026/03/16 13:24:38 - mmengine - INFO - Epoch(test) [ 150/4200]    eta: 0:05:04  time: 0.0263  data_time: 0.0013  memory: 336  
2026/03/16 13:24:39 - mmengine - INFO - Epoch(test) [ 200/4200]    eta: 0:04:11  time: 0.0260  data_time: 0.0010  memory: 336  
2026/03/16 13:24:40 - mmengine - INFO - Epoch(test) [ 250/4200]    eta: 0:03:38  time: 0.0259  data_time: 0.0011  memory: 336  
2026/03/16 13:24:42 - mmengine - INFO - Epoch(test) [ 300/4200]    eta: 0:03:19  time: 0.0291  data_time: 0.0010  memory: 354  
2026/03/16 13:24:43 - mmengine - INFO - Epoch(test) [ 350/4200]    eta: 0:03:01  time: 0.0241  data_time: 0.0010  memory: 336  
2026/03/16 13:24:44 - mmengine - INFO - Epoch(test) [ 400/4200]    eta: 0:02:48  time: 0.0242  data_time: 0.0010  memory: 336  
2026/03/16 13:24:45 - mmengine - INFO - Epoch(test) [ 450/4200]    eta: 0:02:37  time: 0.0243  data_time: 0.0010  memory: 336  
2026/03/16 13:24:46 - mmengine - INFO - Epoch(test) [ 500/4200]    eta: 0:02:28  time: 0.0231  data_time: 0.0010  memory: 336  
2026/03/16 13:24:47 - mmengine - INFO - Epoch(test) [ 550/4200]    eta: 0:02:20  time: 0.0215  data_time: 0.0010  memory: 336  
2026/03/16 13:24:48 - mmengine - INFO - Epoch(test) [ 600/4200]    eta: 0:02:13  time: 0.0208  data_time: 0.0010  memory: 336  
2026/03/16 13:24:50 - mmengine - INFO - Epoch(test) [ 650/4200]    eta: 0:02:07  time: 0.0214  data_time: 0.0010  memory: 336  
2026/03/16 13:24:51 - mmengine - INFO - Epoch(test) [ 700/4200]    eta: 0:02:01  time: 0.0208  data_time: 0.0010  memory: 336  
2026/03/16 13:24:52 - mmengine - INFO - Epoch(test) [ 750/4200]    eta: 0:01:56  time: 0.0207  data_time: 0.0010  memory: 336  
2026/03/16 13:24:53 - mmengine - INFO - Epoch(test) [ 800/4200]    eta: 0:01:52  time: 0.0221  data_time: 0.0010  memory: 336  
2026/03/16 13:24:54 - mmengine - INFO - Epoch(test) [ 850/4200]    eta: 0:01:48  time: 0.0219  data_time: 0.0010  memory: 336  
2026/03/16 13:24:55 - mmengine - INFO - Epoch(test) [ 900/4200]    eta: 0:01:45  time: 0.0245  data_time: 0.0010  memory: 336  
2026/03/16 13:24:56 - mmengine - INFO - Epoch(test) [ 950/4200]    eta: 0:01:42  time: 0.0254  data_time: 0.0010  memory: 336  
2026/03/16 13:24:58 - mmengine - INFO - Epoch(test) [1000/4200]    eta: 0:01:40  time: 0.0284  data_time: 0.0011  memory: 336  
2026/03/16 13:24:59 - mmengine - INFO - Epoch(test) [1050/4200]    eta: 0:01:38  time: 0.0275  data_time: 0.0011  memory: 336  
2026/03/16 13:25:00 - mmengine - INFO - Epoch(test) [1100/4200]    eta: 0:01:36  time: 0.0256  data_time: 0.0011  memory: 336  
2026/03/16 13:25:02 - mmengine - INFO - Epoch(test) [1150/4200]    eta: 0:01:35  time: 0.0381  data_time: 0.0011  memory: 365  
2026/03/16 13:25:05 - mmengine - INFO - Epoch(test) [1200/4200]    eta: 0:01:36  time: 0.0539  data_time: 0.0084  memory: 365  
2026/03/16 13:25:07 - mmengine - INFO - Epoch(test) [1250/4200]    eta: 0:01:34  time: 0.0300  data_time: 0.0010  memory: 365  
2026/03/16 13:25:08 - mmengine - INFO - Epoch(test) [1300/4200]    eta: 0:01:32  time: 0.0267  data_time: 0.0010  memory: 362  
2026/03/16 13:25:09 - mmengine - INFO - Epoch(test) [1350/4200]    eta: 0:01:30  time: 0.0300  data_time: 0.0012  memory: 365  
2026/03/16 13:25:11 - mmengine - INFO - Epoch(test) [1400/4200]    eta: 0:01:28  time: 0.0277  data_time: 0.0011  memory: 365  
2026/03/16 13:25:12 - mmengine - INFO - Epoch(test) [1450/4200]    eta: 0:01:27  time: 0.0307  data_time: 0.0011  memory: 365  
2026/03/16 13:25:14 - mmengine - INFO - Epoch(test) [1500/4200]    eta: 0:01:25  time: 0.0271  data_time: 0.0010  memory: 365  
2026/03/16 13:25:15 - mmengine - INFO - Epoch(test) [1550/4200]    eta: 0:01:23  time: 0.0259  data_time: 0.0010  memory: 365  
2026/03/16 13:25:16 - mmengine - INFO - Epoch(test) [1600/4200]    eta: 0:01:21  time: 0.0285  data_time: 0.0010  memory: 365  
2026/03/16 13:25:18 - mmengine - INFO - Epoch(test) [1650/4200]    eta: 0:01:19  time: 0.0261  data_time: 0.0010  memory: 348  
2026/03/16 13:25:19 - mmengine - INFO - Epoch(test) [1700/4200]    eta: 0:01:17  time: 0.0269  data_time: 0.0010  memory: 356  
2026/03/16 13:25:20 - mmengine - INFO - Epoch(test) [1750/4200]    eta: 0:01:15  time: 0.0242  data_time: 0.0010  memory: 365  
2026/03/16 13:25:22 - mmengine - INFO - Epoch(test) [1800/4200]    eta: 0:01:13  time: 0.0267  data_time: 0.0010  memory: 349  
2026/03/16 13:25:23 - mmengine - INFO - Epoch(test) [1850/4200]    eta: 0:01:11  time: 0.0268  data_time: 0.0010  memory: 348  
2026/03/16 13:25:24 - mmengine - INFO - Epoch(test) [1900/4200]    eta: 0:01:10  time: 0.0285  data_time: 0.0011  memory: 365  
2026/03/16 13:25:26 - mmengine - INFO - Epoch(test) [1950/4200]    eta: 0:01:08  time: 0.0298  data_time: 0.0018  memory: 365  
2026/03/16 13:25:27 - mmengine - INFO - Epoch(test) [2000/4200]    eta: 0:01:06  time: 0.0282  data_time: 0.0014  memory: 362  
2026/03/16 13:25:29 - mmengine - INFO - Epoch(test) [2050/4200]    eta: 0:01:05  time: 0.0334  data_time: 0.0012  memory: 365  
2026/03/16 13:25:30 - mmengine - INFO - Epoch(test) [2100/4200]    eta: 0:01:03  time: 0.0262  data_time: 0.0010  memory: 359  
2026/03/16 13:25:32 - mmengine - INFO - Epoch(test) [2150/4200]    eta: 0:01:02  time: 0.0302  data_time: 0.0010  memory: 362  
2026/03/16 13:25:33 - mmengine - INFO - Epoch(test) [2200/4200]    eta: 0:01:00  time: 0.0309  data_time: 0.0010  memory: 364  
2026/03/16 13:25:35 - mmengine - INFO - Epoch(test) [2250/4200]    eta: 0:00:59  time: 0.0292  data_time: 0.0010  memory: 348  
2026/03/16 13:25:36 - mmengine - INFO - Epoch(test) [2300/4200]    eta: 0:00:57  time: 0.0274  data_time: 0.0010  memory: 336  
2026/03/16 13:25:38 - mmengine - INFO - Epoch(test) [2350/4200]    eta: 0:00:56  time: 0.0282  data_time: 0.0010  memory: 365  
2026/03/16 13:25:39 - mmengine - INFO - Epoch(test) [2400/4200]    eta: 0:00:54  time: 0.0298  data_time: 0.0011  memory: 365  
2026/03/16 13:25:40 - mmengine - INFO - Epoch(test) [2450/4200]    eta: 0:00:52  time: 0.0292  data_time: 0.0010  memory: 348  
2026/03/16 13:25:42 - mmengine - INFO - Epoch(test) [2500/4200]    eta: 0:00:51  time: 0.0276  data_time: 0.0010  memory: 343  
2026/03/16 13:25:43 - mmengine - INFO - Epoch(test) [2550/4200]    eta: 0:00:49  time: 0.0271  data_time: 0.0010  memory: 354  
2026/03/16 13:25:45 - mmengine - INFO - Epoch(test) [2600/4200]    eta: 0:00:48  time: 0.0292  data_time: 0.0010  memory: 350  
2026/03/16 13:25:46 - mmengine - INFO - Epoch(test) [2650/4200]    eta: 0:00:46  time: 0.0294  data_time: 0.0010  memory: 358  
2026/03/16 13:25:48 - mmengine - INFO - Epoch(test) [2700/4200]    eta: 0:00:45  time: 0.0278  data_time: 0.0010  memory: 365  
2026/03/16 13:25:49 - mmengine - INFO - Epoch(test) [2750/4200]    eta: 0:00:43  time: 0.0288  data_time: 0.0010  memory: 343  
2026/03/16 13:25:51 - mmengine - INFO - Epoch(test) [2800/4200]    eta: 0:00:42  time: 0.0308  data_time: 0.0010  memory: 365  
2026/03/16 13:25:52 - mmengine - INFO - Epoch(test) [2850/4200]    eta: 0:00:40  time: 0.0280  data_time: 0.0010  memory: 355  
2026/03/16 13:25:53 - mmengine - INFO - Epoch(test) [2900/4200]    eta: 0:00:39  time: 0.0299  data_time: 0.0010  memory: 361  
2026/03/16 13:25:55 - mmengine - INFO - Epoch(test) [2950/4200]    eta: 0:00:37  time: 0.0283  data_time: 0.0013  memory: 365  
2026/03/16 13:25:56 - mmengine - INFO - Epoch(test) [3000/4200]    eta: 0:00:35  time: 0.0272  data_time: 0.0010  memory: 350  
2026/03/16 13:25:58 - mmengine - INFO - Epoch(test) [3050/4200]    eta: 0:00:34  time: 0.0291  data_time: 0.0011  memory: 361  
2026/03/16 13:25:59 - mmengine - INFO - Epoch(test) [3100/4200]    eta: 0:00:32  time: 0.0319  data_time: 0.0011  memory: 364  
2026/03/16 13:26:01 - mmengine - INFO - Epoch(test) [3150/4200]    eta: 0:00:31  time: 0.0284  data_time: 0.0010  memory: 345  
2026/03/16 13:26:02 - mmengine - INFO - Epoch(test) [3200/4200]    eta: 0:00:29  time: 0.0290  data_time: 0.0010  memory: 336  
2026/03/16 13:26:04 - mmengine - INFO - Epoch(test) [3250/4200]    eta: 0:00:28  time: 0.0293  data_time: 0.0010  memory: 336  
2026/03/16 13:26:05 - mmengine - INFO - Epoch(test) [3300/4200]    eta: 0:00:26  time: 0.0308  data_time: 0.0010  memory: 336  
2026/03/16 13:26:07 - mmengine - INFO - Epoch(test) [3350/4200]    eta: 0:00:25  time: 0.0293  data_time: 0.0010  memory: 357  
2026/03/16 13:26:08 - mmengine - INFO - Epoch(test) [3400/4200]    eta: 0:00:23  time: 0.0285  data_time: 0.0010  memory: 362  
2026/03/16 13:26:09 - mmengine - INFO - Epoch(test) [3450/4200]    eta: 0:00:22  time: 0.0292  data_time: 0.0010  memory: 365  
2026/03/16 13:26:11 - mmengine - INFO - Epoch(test) [3500/4200]    eta: 0:00:20  time: 0.0294  data_time: 0.0010  memory: 362  
2026/03/16 13:26:12 - mmengine - INFO - Epoch(test) [3550/4200]    eta: 0:00:19  time: 0.0297  data_time: 0.0010  memory: 365  
2026/03/16 13:26:14 - mmengine - INFO - Epoch(test) [3600/4200]    eta: 0:00:17  time: 0.0277  data_time: 0.0011  memory: 351  
2026/03/16 13:26:15 - mmengine - INFO - Epoch(test) [3650/4200]    eta: 0:00:16  time: 0.0313  data_time: 0.0020  memory: 364  
2026/03/16 13:26:17 - mmengine - INFO - Epoch(test) [3700/4200]    eta: 0:00:14  time: 0.0279  data_time: 0.0010  memory: 353  
2026/03/16 13:26:18 - mmengine - INFO - Epoch(test) [3750/4200]    eta: 0:00:13  time: 0.0297  data_time: 0.0010  memory: 358  
2026/03/16 13:26:20 - mmengine - INFO - Epoch(test) [3800/4200]    eta: 0:00:11  time: 0.0279  data_time: 0.0010  memory: 358  
2026/03/16 13:26:21 - mmengine - INFO - Epoch(test) [3850/4200]    eta: 0:00:10  time: 0.0284  data_time: 0.0010  memory: 358  
2026/03/16 13:26:23 - mmengine - INFO - Epoch(test) [3900/4200]    eta: 0:00:08  time: 0.0300  data_time: 0.0010  memory: 353  
2026/03/16 13:26:24 - mmengine - INFO - Epoch(test) [3950/4200]    eta: 0:00:07  time: 0.0302  data_time: 0.0011  memory: 362  
2026/03/16 13:26:25 - mmengine - INFO - Epoch(test) [4000/4200]    eta: 0:00:05  time: 0.0281  data_time: 0.0010  memory: 364  
2026/03/16 13:26:27 - mmengine - INFO - Epoch(test) [4050/4200]    eta: 0:00:04  time: 0.0295  data_time: 0.0010  memory: 364  
2026/03/16 13:26:28 - mmengine - INFO - Epoch(test) [4100/4200]    eta: 0:00:02  time: 0.0291  data_time: 0.0010  memory: 336  
2026/03/16 13:26:30 - mmengine - INFO - Epoch(test) [4150/4200]    eta: 0:00:01  time: 0.0299  data_time: 0.0010  memory: 336  
2026/03/16 13:26:31 - mmengine - INFO - Epoch(test) [4200/4200]    eta: 0:00:00  time: 0.0302  data_time: 0.0010  memory: 336  
2026/03/16 13:26:37 - mmengine - INFO - Evaluating bbox...
2026/03/16 13:27:15 - mmengine - INFO - bbox_mAP_copypaste: 0.488 0.767 0.499 0.127 0.319 0.542
2026/03/16 13:27:15 - mmengine - INFO - Epoch(test) [4200/4200]    coco/bbox_mAP: 0.4880  coco/bbox_mAP_50: 0.7670  coco/bbox_mAP_75: 0.4990  coco/bbox_mAP_s: 0.1270  coco/bbox_mAP_m: 0.3190  coco/bbox_mAP_l: 0.5420  data_time: 0.0014  time: 0.0298
