2026/03/26 11:44:27 - mmengine - INFO - 
------------------------------------------------------------
System environment:
    sys.platform: linux
    Python: 3.11.10 (main, Sep  7 2024, 18:35:41) [GCC 11.4.0]
    CUDA available: True
    MUSA available: False
    numpy_random_seed: 0
    GPU 0: NVIDIA A100-SXM4-80GB
    CUDA_HOME: /usr/local/cuda
    NVCC: Cuda compilation tools, release 12.4, V12.4.131
    GCC: x86_64-linux-gnu-gcc (Ubuntu 11.4.0-1ubuntu1~22.04) 11.4.0
    PyTorch: 2.1.0+cu121
    PyTorch compiling details: PyTorch built with:
  - GCC 9.3
  - C++ Version: 201703
  - Intel(R) oneAPI Math Kernel Library Version 2022.2-Product Build 20220804 for Intel(R) 64 architecture applications
  - Intel(R) MKL-DNN v3.1.1 (Git Hash 64f6bcbcbab628e96f33a62c3e975f8535a7bde4)
  - OpenMP 201511 (a.k.a. OpenMP 4.5)
  - LAPACK is enabled (usually provided by MKL)
  - NNPACK is enabled
  - CPU capability usage: AVX2
  - CUDA Runtime 12.1
  - NVCC architecture flags: -gencode;arch=compute_50,code=sm_50;-gencode;arch=compute_60,code=sm_60;-gencode;arch=compute_70,code=sm_70;-gencode;arch=compute_75,code=sm_75;-gencode;arch=compute_80,code=sm_80;-gencode;arch=compute_86,code=sm_86;-gencode;arch=compute_90,code=sm_90
  - CuDNN 8.9.2
  - Magma 2.6.1
  - Build settings: BLAS_INFO=mkl, BUILD_TYPE=Release, CUDA_VERSION=12.1, CUDNN_VERSION=8.9.2, CXX_COMPILER=/opt/rh/devtoolset-9/root/usr/bin/c++, CXX_FLAGS= -D_GLIBCXX_USE_CXX11_ABI=0 -fabi-version=11 -fvisibility-inlines-hidden -DUSE_PTHREADPOOL -DNDEBUG -DUSE_KINETO -DLIBKINETO_NOROCTRACER -DUSE_FBGEMM -DUSE_QNNPACK -DUSE_PYTORCH_QNNPACK -DUSE_XNNPACK -DSYMBOLICATE_MOBILE_DEBUG_HANDLE -O2 -fPIC -Wall -Wextra -Werror=return-type -Werror=non-virtual-dtor -Werror=bool-operation -Wnarrowing -Wno-missing-field-initializers -Wno-type-limits -Wno-array-bounds -Wno-unknown-pragmas -Wno-unused-parameter -Wno-unused-function -Wno-unused-result -Wno-strict-overflow -Wno-strict-aliasing -Wno-stringop-overflow -Wno-psabi -Wno-error=pedantic -Wno-error=old-style-cast -Wno-invalid-partial-specialization -Wno-unused-private-field -Wno-aligned-allocation-unavailable -Wno-missing-braces -fdiagnostics-color=always -faligned-new -Wno-unused-but-set-variable -Wno-maybe-uninitialized -fno-math-errno -fno-trapping-math -Werror=format -Werror=cast-function-type -Wno-stringop-overflow, LAPACK_INFO=mkl, PERF_WITH_AVX=1, PERF_WITH_AVX2=1, PERF_WITH_AVX512=1, TORCH_DISABLE_GPU_ASSERTS=ON, TORCH_VERSION=2.1.0, USE_CUDA=ON, USE_CUDNN=ON, USE_EXCEPTION_PTR=1, USE_GFLAGS=OFF, USE_GLOG=OFF, USE_MKL=ON, USE_MKLDNN=ON, USE_MPI=OFF, USE_NCCL=1, USE_NNPACK=ON, USE_OPENMP=ON, USE_ROCM=OFF, 

    TorchVision: 0.16.0+cu121
    OpenCV: 4.11.0
    MMEngine: 0.10.7

Runtime environment:
    cudnn_benchmark: False
    mp_cfg: {'mp_start_method': 'fork', 'opencv_num_threads': 0}
    dist_cfg: {'backend': 'nccl'}
    seed: 0
    deterministic: False
    Distributed launcher: none
    Distributed training: False
    GPU number: 1
------------------------------------------------------------

2026/03/26 11:44:27 - mmengine - INFO - Config:
auto_scale_lr = dict(base_batch_size=16, enable=False)
backend_args = None
classes = (
    'holothurian',
    'echinus',
    'scallop',
    'starfish',
    'fish',
    'coral',
    'diver',
    'cuttlefish',
    'turtle',
    'jellyfish',
)
data_root = '../data-processing/vision/RUOD/processed/'
dataset_type = 'CocoDataset'
default_hooks = dict(
    checkpoint=dict(
        interval=-1,
        max_keep_ckpts=1,
        rule='greater',
        save_best='coco/bbox_mAP',
        save_last=True,
        type='CheckpointHook'),
    logger=dict(interval=50, type='LoggerHook'),
    param_scheduler=dict(type='ParamSchedulerHook'),
    sampler_seed=dict(type='DistSamplerSeedHook'),
    timer=dict(type='IterTimerHook'),
    visualization=dict(type='DetVisualizationHook'))
default_scope = 'mmdet'
env_cfg = dict(
    cudnn_benchmark=False,
    dist_cfg=dict(backend='nccl'),
    mp_cfg=dict(mp_start_method='fork', opencv_num_threads=0))
launcher = 'none'
load_from = '../runs/mmdet/ruod/faster_rcnn_r50_fpn_ruod_80e_pretrained/best_coco_bbox_mAP_epoch_56.pth'
log_level = 'INFO'
log_processor = dict(by_epoch=True, type='LogProcessor', window_size=50)
metainfo = dict(
    classes=(
        'holothurian',
        'echinus',
        'scallop',
        'starfish',
        'fish',
        'coral',
        'diver',
        'cuttlefish',
        'turtle',
        'jellyfish',
    ))
model = dict(
    backbone=dict(
        depth=50,
        frozen_stages=1,
        init_cfg=dict(checkpoint='torchvision://resnet50', type='Pretrained'),
        norm_cfg=dict(requires_grad=True, type='BN'),
        norm_eval=True,
        num_stages=4,
        out_indices=(
            0,
            1,
            2,
            3,
        ),
        style='pytorch',
        type='ResNet'),
    data_preprocessor=dict(
        bgr_to_rgb=True,
        mean=[
            123.675,
            116.28,
            103.53,
        ],
        pad_size_divisor=32,
        std=[
            58.395,
            57.12,
            57.375,
        ],
        type='DetDataPreprocessor'),
    neck=dict(
        in_channels=[
            256,
            512,
            1024,
            2048,
        ],
        num_outs=5,
        out_channels=256,
        type='FPN'),
    roi_head=dict(
        bbox_head=dict(
            bbox_coder=dict(
                target_means=[
                    0.0,
                    0.0,
                    0.0,
                    0.0,
                ],
                target_stds=[
                    0.1,
                    0.1,
                    0.2,
                    0.2,
                ],
                type='DeltaXYWHBBoxCoder'),
            fc_out_channels=1024,
            in_channels=256,
            loss_bbox=dict(loss_weight=1.0, type='L1Loss'),
            loss_cls=dict(
                loss_weight=1.0, type='CrossEntropyLoss', use_sigmoid=False),
            num_classes=10,
            reg_class_agnostic=False,
            roi_feat_size=7,
            type='Shared2FCBBoxHead'),
        bbox_roi_extractor=dict(
            featmap_strides=[
                4,
                8,
                16,
                32,
            ],
            out_channels=256,
            roi_layer=dict(output_size=7, sampling_ratio=0, type='RoIAlign'),
            type='SingleRoIExtractor'),
        type='StandardRoIHead'),
    rpn_head=dict(
        anchor_generator=dict(
            ratios=[
                0.5,
                1.0,
                2.0,
            ],
            scales=[
                8,
            ],
            strides=[
                4,
                8,
                16,
                32,
                64,
            ],
            type='AnchorGenerator'),
        bbox_coder=dict(
            target_means=[
                0.0,
                0.0,
                0.0,
                0.0,
            ],
            target_stds=[
                1.0,
                1.0,
                1.0,
                1.0,
            ],
            type='DeltaXYWHBBoxCoder'),
        feat_channels=256,
        in_channels=256,
        loss_bbox=dict(loss_weight=1.0, type='L1Loss'),
        loss_cls=dict(
            loss_weight=1.0, type='CrossEntropyLoss', use_sigmoid=True),
        type='RPNHead'),
    test_cfg=dict(
        rcnn=dict(
            max_per_img=100,
            nms=dict(iou_threshold=0.5, type='nms'),
            score_thr=0.05),
        rpn=dict(
            max_per_img=1000,
            min_bbox_size=0,
            nms=dict(iou_threshold=0.7, type='nms'),
            nms_pre=1000)),
    train_cfg=dict(
        rcnn=dict(
            assigner=dict(
                ignore_iof_thr=-1,
                match_low_quality=False,
                min_pos_iou=0.5,
                neg_iou_thr=0.5,
                pos_iou_thr=0.5,
                type='MaxIoUAssigner'),
            debug=False,
            pos_weight=-1,
            sampler=dict(
                add_gt_as_proposals=True,
                neg_pos_ub=-1,
                num=512,
                pos_fraction=0.25,
                type='RandomSampler')),
        rpn=dict(
            allowed_border=-1,
            assigner=dict(
                ignore_iof_thr=-1,
                match_low_quality=True,
                min_pos_iou=0.3,
                neg_iou_thr=0.3,
                pos_iou_thr=0.7,
                type='MaxIoUAssigner'),
            debug=False,
            pos_weight=-1,
            sampler=dict(
                add_gt_as_proposals=False,
                neg_pos_ub=-1,
                num=256,
                pos_fraction=0.5,
                type='RandomSampler')),
        rpn_proposal=dict(
            max_per_img=1000,
            min_bbox_size=0,
            nms=dict(iou_threshold=0.7, type='nms'),
            nms_pre=2000)),
    type='FasterRCNN')
num_classes = 10
optim_wrapper = dict(
    optimizer=dict(lr=0.02, momentum=0.9, type='SGD', weight_decay=0.0001),
    type='OptimWrapper')
param_scheduler = [
    dict(
        begin=0, by_epoch=False, end=500, start_factor=0.001, type='LinearLR'),
    dict(
        begin=0,
        by_epoch=True,
        end=80,
        gamma=0.1,
        milestones=[
            53,
            73,
        ],
        type='MultiStepLR'),
]
randomness = dict(deterministic=False, seed=0)
resume = False
test_cfg = dict(type='TestLoop')
test_dataloader = dict(
    batch_size=1,
    dataset=dict(
        ann_file='annotations/test.json',
        backend_args=None,
        data_prefix=dict(img='images/test/'),
        data_root='../data-processing/vision/RUOD/processed/',
        metainfo=dict(
            classes=(
                'holothurian',
                'echinus',
                'scallop',
                'starfish',
                'fish',
                'coral',
                'diver',
                'cuttlefish',
                'turtle',
                'jellyfish',
            )),
        pipeline=[
            dict(backend_args=None, type='LoadImageFromFile'),
            dict(keep_ratio=True, scale=(
                640,
                640,
            ), type='Resize'),
            dict(type='LoadAnnotations', with_bbox=True),
            dict(
                meta_keys=(
                    'img_id',
                    'img_path',
                    'ori_shape',
                    'img_shape',
                    'scale_factor',
                ),
                type='PackDetInputs'),
        ],
        test_mode=True,
        type='CocoDataset'),
    drop_last=False,
    num_workers=2,
    persistent_workers=True,
    sampler=dict(shuffle=False, type='DefaultSampler'))
test_evaluator = dict(
    ann_file='../data-processing/vision/RUOD/processed/annotations/test.json',
    backend_args=None,
    format_only=False,
    metric='bbox',
    type='CocoMetric')
test_pipeline = [
    dict(backend_args=None, type='LoadImageFromFile'),
    dict(keep_ratio=True, scale=(
        640,
        640,
    ), type='Resize'),
    dict(type='LoadAnnotations', with_bbox=True),
    dict(
        meta_keys=(
            'img_id',
            'img_path',
            'ori_shape',
            'img_shape',
            'scale_factor',
        ),
        type='PackDetInputs'),
]
train_cfg = dict(max_epochs=80, type='EpochBasedTrainLoop', val_interval=2)
train_dataloader = dict(
    batch_sampler=dict(type='AspectRatioBatchSampler'),
    batch_size=32,
    dataset=dict(
        ann_file='annotations/train.json',
        backend_args=None,
        data_prefix=dict(img='images/train/'),
        data_root='../data-processing/vision/RUOD/processed/',
        filter_cfg=dict(filter_empty_gt=False),
        metainfo=dict(
            classes=(
                'holothurian',
                'echinus',
                'scallop',
                'starfish',
                'fish',
                'coral',
                'diver',
                'cuttlefish',
                'turtle',
                'jellyfish',
            )),
        pipeline=[
            dict(backend_args=None, type='LoadImageFromFile'),
            dict(type='LoadAnnotations', with_bbox=True),
            dict(keep_ratio=True, scale=(
                640,
                640,
            ), type='Resize'),
            dict(prob=0.5, type='RandomFlip'),
            dict(type='PackDetInputs'),
        ],
        type='CocoDataset'),
    num_workers=8,
    persistent_workers=True,
    pin_memory=True,
    prefetch_factor=4,
    sampler=dict(shuffle=True, type='DefaultSampler'))
train_pipeline = [
    dict(backend_args=None, type='LoadImageFromFile'),
    dict(type='LoadAnnotations', with_bbox=True),
    dict(keep_ratio=True, scale=(
        640,
        640,
    ), type='Resize'),
    dict(prob=0.5, type='RandomFlip'),
    dict(type='PackDetInputs'),
]
val_cfg = dict(type='ValLoop')
val_dataloader = dict(
    batch_size=4,
    dataset=dict(
        ann_file='annotations/val.json',
        backend_args=None,
        data_prefix=dict(img='images/val/'),
        data_root='../data-processing/vision/RUOD/processed/',
        metainfo=dict(
            classes=(
                'holothurian',
                'echinus',
                'scallop',
                'starfish',
                'fish',
                'coral',
                'diver',
                'cuttlefish',
                'turtle',
                'jellyfish',
            )),
        pipeline=[
            dict(backend_args=None, type='LoadImageFromFile'),
            dict(keep_ratio=True, scale=(
                640,
                640,
            ), type='Resize'),
            dict(type='LoadAnnotations', with_bbox=True),
            dict(
                meta_keys=(
                    'img_id',
                    'img_path',
                    'ori_shape',
                    'img_shape',
                    'scale_factor',
                ),
                type='PackDetInputs'),
        ],
        test_mode=True,
        type='CocoDataset'),
    drop_last=False,
    num_workers=4,
    persistent_workers=True,
    sampler=dict(shuffle=False, type='DefaultSampler'))
val_evaluator = dict(
    ann_file='../data-processing/vision/RUOD/processed/annotations/val.json',
    backend_args=None,
    format_only=False,
    metric='bbox',
    type='CocoMetric')
vis_backends = [
    dict(type='LocalVisBackend'),
]
visualizer = dict(
    name='visualizer',
    type='DetLocalVisualizer',
    vis_backends=[
        dict(type='LocalVisBackend'),
    ])
work_dir = '../runs/mmdet/faster_rcnn_r50_fpn_ruod_80e_pretrained'

2026/03/26 11:44:31 - mmengine - INFO - Distributed training is not used, all SyncBatchNorm (SyncBN) layers in the model will be automatically reverted to BatchNormXd layers if they are used.
2026/03/26 11:44:31 - mmengine - INFO - Hooks will be executed in the following order:
before_run:
(VERY_HIGH   ) RuntimeInfoHook                    
(BELOW_NORMAL) LoggerHook                         
 -------------------- 
before_train:
(VERY_HIGH   ) RuntimeInfoHook                    
(NORMAL      ) IterTimerHook                      
(VERY_LOW    ) CheckpointHook                     
 -------------------- 
before_train_epoch:
(VERY_HIGH   ) RuntimeInfoHook                    
(NORMAL      ) IterTimerHook                      
(NORMAL      ) DistSamplerSeedHook                
 -------------------- 
before_train_iter:
(VERY_HIGH   ) RuntimeInfoHook                    
(NORMAL      ) IterTimerHook                      
 -------------------- 
after_train_iter:
(VERY_HIGH   ) RuntimeInfoHook                    
(NORMAL      ) IterTimerHook                      
(BELOW_NORMAL) LoggerHook                         
(LOW         ) ParamSchedulerHook                 
(VERY_LOW    ) CheckpointHook                     
 -------------------- 
after_train_epoch:
(NORMAL      ) IterTimerHook                      
(LOW         ) ParamSchedulerHook                 
(VERY_LOW    ) CheckpointHook                     
 -------------------- 
before_val:
(VERY_HIGH   ) RuntimeInfoHook                    
 -------------------- 
before_val_epoch:
(NORMAL      ) IterTimerHook                      
 -------------------- 
before_val_iter:
(NORMAL      ) IterTimerHook                      
 -------------------- 
after_val_iter:
(NORMAL      ) IterTimerHook                      
(NORMAL      ) DetVisualizationHook               
(BELOW_NORMAL) LoggerHook                         
 -------------------- 
after_val_epoch:
(VERY_HIGH   ) RuntimeInfoHook                    
(NORMAL      ) IterTimerHook                      
(BELOW_NORMAL) LoggerHook                         
(LOW         ) ParamSchedulerHook                 
(VERY_LOW    ) CheckpointHook                     
 -------------------- 
after_val:
(VERY_HIGH   ) RuntimeInfoHook                    
 -------------------- 
after_train:
(VERY_HIGH   ) RuntimeInfoHook                    
(VERY_LOW    ) CheckpointHook                     
 -------------------- 
before_test:
(VERY_HIGH   ) RuntimeInfoHook                    
 -------------------- 
before_test_epoch:
(NORMAL      ) IterTimerHook                      
 -------------------- 
before_test_iter:
(NORMAL      ) IterTimerHook                      
 -------------------- 
after_test_iter:
(NORMAL      ) IterTimerHook                      
(NORMAL      ) DetVisualizationHook               
(BELOW_NORMAL) LoggerHook                         
 -------------------- 
after_test_epoch:
(VERY_HIGH   ) RuntimeInfoHook                    
(NORMAL      ) IterTimerHook                      
(BELOW_NORMAL) LoggerHook                         
 -------------------- 
after_test:
(VERY_HIGH   ) RuntimeInfoHook                    
 -------------------- 
after_run:
(BELOW_NORMAL) LoggerHook                         
 -------------------- 
2026/03/26 11:44:33 - mmengine - INFO - Load checkpoint from ../runs/mmdet/ruod/faster_rcnn_r50_fpn_ruod_80e_pretrained/best_coco_bbox_mAP_epoch_56.pth
2026/03/26 11:44:44 - mmengine - INFO - Epoch(test) [  50/4200]    eta: 0:15:45  time: 0.2279  data_time: 0.0129  memory: 350  
2026/03/26 11:44:54 - mmengine - INFO - Epoch(test) [ 100/4200]    eta: 0:14:08  time: 0.1859  data_time: 0.0040  memory: 350  
2026/03/26 11:45:04 - mmengine - INFO - Epoch(test) [ 150/4200]    eta: 0:14:12  time: 0.2179  data_time: 0.0050  memory: 350  
2026/03/26 11:45:15 - mmengine - INFO - Epoch(test) [ 200/4200]    eta: 0:14:07  time: 0.2161  data_time: 0.0202  memory: 350  
2026/03/26 11:45:23 - mmengine - INFO - Epoch(test) [ 250/4200]    eta: 0:13:07  time: 0.1497  data_time: 0.0037  memory: 350  
2026/03/26 11:45:31 - mmengine - INFO - Epoch(test) [ 300/4200]    eta: 0:12:36  time: 0.1661  data_time: 0.0026  memory: 370  
2026/03/26 11:45:38 - mmengine - INFO - Epoch(test) [ 350/4200]    eta: 0:12:01  time: 0.1478  data_time: 0.0033  memory: 350  
2026/03/26 11:45:46 - mmengine - INFO - Epoch(test) [ 400/4200]    eta: 0:11:33  time: 0.1479  data_time: 0.0035  memory: 350  
2026/03/26 11:45:54 - mmengine - INFO - Epoch(test) [ 450/4200]    eta: 0:11:15  time: 0.1620  data_time: 0.0034  memory: 350  
2026/03/26 11:46:02 - mmengine - INFO - Epoch(test) [ 500/4200]    eta: 0:10:58  time: 0.1581  data_time: 0.0037  memory: 350  
2026/03/26 11:46:09 - mmengine - INFO - Epoch(test) [ 550/4200]    eta: 0:10:36  time: 0.1398  data_time: 0.0019  memory: 350  
2026/03/26 11:46:17 - mmengine - INFO - Epoch(test) [ 600/4200]    eta: 0:10:24  time: 0.1639  data_time: 0.0087  memory: 350  
2026/03/26 11:46:25 - mmengine - INFO - Epoch(test) [ 650/4200]    eta: 0:10:11  time: 0.1578  data_time: 0.0036  memory: 350  
2026/03/26 11:46:32 - mmengine - INFO - Epoch(test) [ 700/4200]    eta: 0:09:56  time: 0.1434  data_time: 0.0020  memory: 350  
2026/03/26 11:46:40 - mmengine - INFO - Epoch(test) [ 750/4200]    eta: 0:09:44  time: 0.1566  data_time: 0.0028  memory: 350  
2026/03/26 11:46:48 - mmengine - INFO - Epoch(test) [ 800/4200]    eta: 0:09:33  time: 0.1600  data_time: 0.0045  memory: 350  
2026/03/26 11:46:58 - mmengine - INFO - Epoch(test) [ 850/4200]    eta: 0:09:30  time: 0.1958  data_time: 0.0048  memory: 350  
2026/03/26 11:47:06 - mmengine - INFO - Epoch(test) [ 900/4200]    eta: 0:09:21  time: 0.1660  data_time: 0.0046  memory: 350  
2026/03/26 11:47:14 - mmengine - INFO - Epoch(test) [ 950/4200]    eta: 0:09:11  time: 0.1642  data_time: 0.0072  memory: 350  
2026/03/26 11:47:22 - mmengine - INFO - Epoch(test) [1000/4200]    eta: 0:09:02  time: 0.1639  data_time: 0.0027  memory: 350  
2026/03/26 11:47:31 - mmengine - INFO - Epoch(test) [1050/4200]    eta: 0:08:52  time: 0.1620  data_time: 0.0060  memory: 350  
2026/03/26 11:47:39 - mmengine - INFO - Epoch(test) [1100/4200]    eta: 0:08:43  time: 0.1657  data_time: 0.0031  memory: 350  
2026/03/26 11:47:47 - mmengine - INFO - Epoch(test) [1150/4200]    eta: 0:08:33  time: 0.1563  data_time: 0.0024  memory: 382  
2026/03/26 11:47:55 - mmengine - INFO - Epoch(test) [1200/4200]    eta: 0:08:26  time: 0.1738  data_time: 0.0164  memory: 384  
2026/03/26 11:48:04 - mmengine - INFO - Epoch(test) [1250/4200]    eta: 0:08:17  time: 0.1678  data_time: 0.0028  memory: 384  
2026/03/26 11:48:14 - mmengine - INFO - Epoch(test) [1300/4200]    eta: 0:08:13  time: 0.2061  data_time: 0.0040  memory: 378  
2026/03/26 11:48:23 - mmengine - INFO - Epoch(test) [1350/4200]    eta: 0:08:04  time: 0.1702  data_time: 0.0042  memory: 384  
2026/03/26 11:48:32 - mmengine - INFO - Epoch(test) [1400/4200]    eta: 0:07:57  time: 0.1818  data_time: 0.0030  memory: 384  
2026/03/26 11:48:40 - mmengine - INFO - Epoch(test) [1450/4200]    eta: 0:07:49  time: 0.1740  data_time: 0.0028  memory: 384  
2026/03/26 11:48:49 - mmengine - INFO - Epoch(test) [1500/4200]    eta: 0:07:41  time: 0.1822  data_time: 0.0030  memory: 384  
2026/03/26 11:48:59 - mmengine - INFO - Epoch(test) [1550/4200]    eta: 0:07:34  time: 0.1875  data_time: 0.0027  memory: 384  
2026/03/26 11:49:09 - mmengine - INFO - Epoch(test) [1600/4200]    eta: 0:07:28  time: 0.2040  data_time: 0.0052  memory: 384  
2026/03/26 11:49:19 - mmengine - INFO - Epoch(test) [1650/4200]    eta: 0:07:21  time: 0.1919  data_time: 0.0058  memory: 361  
2026/03/26 11:49:29 - mmengine - INFO - Epoch(test) [1700/4200]    eta: 0:07:16  time: 0.2159  data_time: 0.0049  memory: 374  
2026/03/26 11:49:38 - mmengine - INFO - Epoch(test) [1750/4200]    eta: 0:07:06  time: 0.1700  data_time: 0.0025  memory: 384  
2026/03/26 11:49:47 - mmengine - INFO - Epoch(test) [1800/4200]    eta: 0:06:58  time: 0.1781  data_time: 0.0026  memory: 365  
2026/03/26 11:49:56 - mmengine - INFO - Epoch(test) [1850/4200]    eta: 0:06:50  time: 0.1920  data_time: 0.0027  memory: 361  
2026/03/26 11:50:06 - mmengine - INFO - Epoch(test) [1900/4200]    eta: 0:06:43  time: 0.1979  data_time: 0.0050  memory: 384  
2026/03/26 11:50:16 - mmengine - INFO - Epoch(test) [1950/4200]    eta: 0:06:35  time: 0.1960  data_time: 0.0062  memory: 384  
2026/03/26 11:50:25 - mmengine - INFO - Epoch(test) [2000/4200]    eta: 0:06:27  time: 0.1858  data_time: 0.0060  memory: 378  
2026/03/26 11:50:34 - mmengine - INFO - Epoch(test) [2050/4200]    eta: 0:06:18  time: 0.1760  data_time: 0.0032  memory: 384  
2026/03/26 11:50:43 - mmengine - INFO - Epoch(test) [2100/4200]    eta: 0:06:10  time: 0.1818  data_time: 0.0028  memory: 378  
2026/03/26 11:50:52 - mmengine - INFO - Epoch(test) [2150/4200]    eta: 0:06:01  time: 0.1758  data_time: 0.0026  memory: 382  
2026/03/26 11:51:01 - mmengine - INFO - Epoch(test) [2200/4200]    eta: 0:05:52  time: 0.1766  data_time: 0.0027  memory: 382  
2026/03/26 11:51:12 - mmengine - INFO - Epoch(test) [2250/4200]    eta: 0:05:45  time: 0.2190  data_time: 0.0033  memory: 362  
2026/03/26 11:51:22 - mmengine - INFO - Epoch(test) [2300/4200]    eta: 0:05:37  time: 0.1959  data_time: 0.0027  memory: 350  
2026/03/26 11:51:30 - mmengine - INFO - Epoch(test) [2350/4200]    eta: 0:05:28  time: 0.1743  data_time: 0.0041  memory: 382  
2026/03/26 11:51:39 - mmengine - INFO - Epoch(test) [2400/4200]    eta: 0:05:19  time: 0.1737  data_time: 0.0038  memory: 382  
2026/03/26 11:51:48 - mmengine - INFO - Epoch(test) [2450/4200]    eta: 0:05:10  time: 0.1742  data_time: 0.0025  memory: 362  
2026/03/26 11:51:56 - mmengine - INFO - Epoch(test) [2500/4200]    eta: 0:05:01  time: 0.1699  data_time: 0.0044  memory: 359  
2026/03/26 11:52:05 - mmengine - INFO - Epoch(test) [2550/4200]    eta: 0:04:52  time: 0.1643  data_time: 0.0024  memory: 370  
2026/03/26 11:52:14 - mmengine - INFO - Epoch(test) [2600/4200]    eta: 0:04:43  time: 0.1816  data_time: 0.0028  memory: 365  
2026/03/26 11:52:22 - mmengine - INFO - Epoch(test) [2650/4200]    eta: 0:04:34  time: 0.1657  data_time: 0.0022  memory: 374  
2026/03/26 11:52:31 - mmengine - INFO - Epoch(test) [2700/4200]    eta: 0:04:25  time: 0.1823  data_time: 0.0057  memory: 384  
2026/03/26 11:52:39 - mmengine - INFO - Epoch(test) [2750/4200]    eta: 0:04:16  time: 0.1578  data_time: 0.0022  memory: 359  
2026/03/26 11:52:48 - mmengine - INFO - Epoch(test) [2800/4200]    eta: 0:04:07  time: 0.1758  data_time: 0.0056  memory: 382  
2026/03/26 11:52:56 - mmengine - INFO - Epoch(test) [2850/4200]    eta: 0:03:58  time: 0.1642  data_time: 0.0026  memory: 370  
2026/03/26 11:53:06 - mmengine - INFO - Epoch(test) [2900/4200]    eta: 0:03:49  time: 0.1956  data_time: 0.0044  memory: 378  
2026/03/26 11:53:15 - mmengine - INFO - Epoch(test) [2950/4200]    eta: 0:03:41  time: 0.1845  data_time: 0.0050  memory: 382  
2026/03/26 11:53:23 - mmengine - INFO - Epoch(test) [3000/4200]    eta: 0:03:32  time: 0.1675  data_time: 0.0029  memory: 365  
2026/03/26 11:53:32 - mmengine - INFO - Epoch(test) [3050/4200]    eta: 0:03:23  time: 0.1739  data_time: 0.0027  memory: 378  
2026/03/26 11:53:42 - mmengine - INFO - Epoch(test) [3100/4200]    eta: 0:03:14  time: 0.1901  data_time: 0.0046  memory: 382  
2026/03/26 11:53:52 - mmengine - INFO - Epoch(test) [3150/4200]    eta: 0:03:06  time: 0.2002  data_time: 0.0034  memory: 359  
2026/03/26 11:54:01 - mmengine - INFO - Epoch(test) [3200/4200]    eta: 0:02:57  time: 0.1800  data_time: 0.0028  memory: 350  
2026/03/26 11:54:10 - mmengine - INFO - Epoch(test) [3250/4200]    eta: 0:02:48  time: 0.1860  data_time: 0.0031  memory: 350  
2026/03/26 11:54:20 - mmengine - INFO - Epoch(test) [3300/4200]    eta: 0:02:40  time: 0.2079  data_time: 0.0050  memory: 350  
2026/03/26 11:54:29 - mmengine - INFO - Epoch(test) [3350/4200]    eta: 0:02:31  time: 0.1814  data_time: 0.0032  memory: 374  
2026/03/26 11:54:40 - mmengine - INFO - Epoch(test) [3400/4200]    eta: 0:02:22  time: 0.2124  data_time: 0.0038  memory: 378  
2026/03/26 11:54:51 - mmengine - INFO - Epoch(test) [3450/4200]    eta: 0:02:14  time: 0.2217  data_time: 0.0036  memory: 384  
2026/03/26 11:55:01 - mmengine - INFO - Epoch(test) [3500/4200]    eta: 0:02:05  time: 0.1898  data_time: 0.0032  memory: 382  
2026/03/26 11:55:11 - mmengine - INFO - Epoch(test) [3550/4200]    eta: 0:01:56  time: 0.2061  data_time: 0.0030  memory: 382  
2026/03/26 11:55:21 - mmengine - INFO - Epoch(test) [3600/4200]    eta: 0:01:47  time: 0.2012  data_time: 0.0048  memory: 365  
2026/03/26 11:55:31 - mmengine - INFO - Epoch(test) [3650/4200]    eta: 0:01:39  time: 0.2062  data_time: 0.0103  memory: 382  
2026/03/26 11:55:40 - mmengine - INFO - Epoch(test) [3700/4200]    eta: 0:01:30  time: 0.1741  data_time: 0.0022  memory: 370  
2026/03/26 11:55:50 - mmengine - INFO - Epoch(test) [3750/4200]    eta: 0:01:21  time: 0.1980  data_time: 0.0029  memory: 374  
2026/03/26 11:56:00 - mmengine - INFO - Epoch(test) [3800/4200]    eta: 0:01:12  time: 0.2016  data_time: 0.0046  memory: 374  
2026/03/26 11:56:09 - mmengine - INFO - Epoch(test) [3850/4200]    eta: 0:01:03  time: 0.1881  data_time: 0.0047  memory: 374  
2026/03/26 11:56:20 - mmengine - INFO - Epoch(test) [3900/4200]    eta: 0:00:54  time: 0.2121  data_time: 0.0032  memory: 365  
2026/03/26 11:56:29 - mmengine - INFO - Epoch(test) [3950/4200]    eta: 0:00:45  time: 0.1837  data_time: 0.0031  memory: 378  
2026/03/26 11:56:38 - mmengine - INFO - Epoch(test) [4000/4200]    eta: 0:00:36  time: 0.1799  data_time: 0.0031  memory: 382  
2026/03/26 11:56:47 - mmengine - INFO - Epoch(test) [4050/4200]    eta: 0:00:27  time: 0.1738  data_time: 0.0027  memory: 382  
2026/03/26 11:57:00 - mmengine - INFO - Epoch(test) [4100/4200]    eta: 0:00:18  time: 0.2566  data_time: 0.0060  memory: 350  
2026/03/26 11:57:12 - mmengine - INFO - Epoch(test) [4150/4200]    eta: 0:00:09  time: 0.2555  data_time: 0.0034  memory: 350  
2026/03/26 11:57:23 - mmengine - INFO - Epoch(test) [4200/4200]    eta: 0:00:00  time: 0.2059  data_time: 0.0032  memory: 350  
2026/03/26 11:57:23 - mmengine - INFO - Evaluating bbox...
2026/03/26 11:57:33 - mmengine - INFO - bbox_mAP_copypaste: 0.487 0.772 0.523 0.128 0.358 0.542
2026/03/26 11:57:33 - mmengine - INFO - Epoch(test) [4200/4200]    coco/bbox_mAP: 0.4870  coco/bbox_mAP_50: 0.7720  coco/bbox_mAP_75: 0.5230  coco/bbox_mAP_s: 0.1280  coco/bbox_mAP_m: 0.3580  coco/bbox_mAP_l: 0.5420  data_time: 0.0042  time: 0.1832
