2026/03/24 14:38:00 - mmengine - INFO - 
------------------------------------------------------------
System environment:
    sys.platform: linux
    Python: 3.11.10 (main, Sep  7 2024, 18:35:41) [GCC 11.4.0]
    CUDA available: True
    MUSA available: False
    numpy_random_seed: 0
    GPU 0: NVIDIA A100-SXM4-80GB
    CUDA_HOME: /usr/local/cuda
    NVCC: Cuda compilation tools, release 12.4, V12.4.131
    GCC: x86_64-linux-gnu-gcc (Ubuntu 11.4.0-1ubuntu1~22.04) 11.4.0
    PyTorch: 2.1.0+cu121
    PyTorch compiling details: PyTorch built with:
  - GCC 9.3
  - C++ Version: 201703
  - Intel(R) oneAPI Math Kernel Library Version 2022.2-Product Build 20220804 for Intel(R) 64 architecture applications
  - Intel(R) MKL-DNN v3.1.1 (Git Hash 64f6bcbcbab628e96f33a62c3e975f8535a7bde4)
  - OpenMP 201511 (a.k.a. OpenMP 4.5)
  - LAPACK is enabled (usually provided by MKL)
  - NNPACK is enabled
  - CPU capability usage: AVX2
  - CUDA Runtime 12.1
  - NVCC architecture flags: -gencode;arch=compute_50,code=sm_50;-gencode;arch=compute_60,code=sm_60;-gencode;arch=compute_70,code=sm_70;-gencode;arch=compute_75,code=sm_75;-gencode;arch=compute_80,code=sm_80;-gencode;arch=compute_86,code=sm_86;-gencode;arch=compute_90,code=sm_90
  - CuDNN 8.9.2
  - Magma 2.6.1
  - Build settings: BLAS_INFO=mkl, BUILD_TYPE=Release, CUDA_VERSION=12.1, CUDNN_VERSION=8.9.2, CXX_COMPILER=/opt/rh/devtoolset-9/root/usr/bin/c++, CXX_FLAGS= -D_GLIBCXX_USE_CXX11_ABI=0 -fabi-version=11 -fvisibility-inlines-hidden -DUSE_PTHREADPOOL -DNDEBUG -DUSE_KINETO -DLIBKINETO_NOROCTRACER -DUSE_FBGEMM -DUSE_QNNPACK -DUSE_PYTORCH_QNNPACK -DUSE_XNNPACK -DSYMBOLICATE_MOBILE_DEBUG_HANDLE -O2 -fPIC -Wall -Wextra -Werror=return-type -Werror=non-virtual-dtor -Werror=bool-operation -Wnarrowing -Wno-missing-field-initializers -Wno-type-limits -Wno-array-bounds -Wno-unknown-pragmas -Wno-unused-parameter -Wno-unused-function -Wno-unused-result -Wno-strict-overflow -Wno-strict-aliasing -Wno-stringop-overflow -Wno-psabi -Wno-error=pedantic -Wno-error=old-style-cast -Wno-invalid-partial-specialization -Wno-unused-private-field -Wno-aligned-allocation-unavailable -Wno-missing-braces -fdiagnostics-color=always -faligned-new -Wno-unused-but-set-variable -Wno-maybe-uninitialized -fno-math-errno -fno-trapping-math -Werror=format -Werror=cast-function-type -Wno-stringop-overflow, LAPACK_INFO=mkl, PERF_WITH_AVX=1, PERF_WITH_AVX2=1, PERF_WITH_AVX512=1, TORCH_DISABLE_GPU_ASSERTS=ON, TORCH_VERSION=2.1.0, USE_CUDA=ON, USE_CUDNN=ON, USE_EXCEPTION_PTR=1, USE_GFLAGS=OFF, USE_GLOG=OFF, USE_MKL=ON, USE_MKLDNN=ON, USE_MPI=OFF, USE_NCCL=1, USE_NNPACK=ON, USE_OPENMP=ON, USE_ROCM=OFF, 

    TorchVision: 0.16.0+cu121
    OpenCV: 4.11.0
    MMEngine: 0.10.7

Runtime environment:
    cudnn_benchmark: False
    mp_cfg: {'mp_start_method': 'fork', 'opencv_num_threads': 0}
    dist_cfg: {'backend': 'nccl'}
    seed: 0
    deterministic: False
    Distributed launcher: none
    Distributed training: False
    GPU number: 1
------------------------------------------------------------

2026/03/24 14:38:00 - mmengine - INFO - Config:
auto_scale_lr = dict(base_batch_size=16, enable=False)
backend_args = None
classes = ('fish', )
data_root = '../data-processing/vision/solaqua_fish/processed/split_yolo/'
dataset_type = 'CocoDataset'
default_hooks = dict(
    checkpoint=dict(
        interval=-1,
        max_keep_ckpts=1,
        rule='greater',
        save_best='coco/bbox_mAP',
        save_last=True,
        type='CheckpointHook'),
    logger=dict(interval=50, type='LoggerHook'),
    param_scheduler=dict(type='ParamSchedulerHook'),
    sampler_seed=dict(type='DistSamplerSeedHook'),
    timer=dict(type='IterTimerHook'),
    visualization=dict(type='DetVisualizationHook'))
default_scope = 'mmdet'
env_cfg = dict(
    cudnn_benchmark=False,
    dist_cfg=dict(backend='nccl'),
    mp_cfg=dict(mp_start_method='fork', opencv_num_threads=0))
launcher = 'none'
load_from = None
log_level = 'INFO'
log_processor = dict(by_epoch=True, type='LogProcessor', window_size=50)
metainfo = dict(classes=('fish', ))
model = dict(
    backbone=dict(
        depth=50,
        frozen_stages=1,
        init_cfg=dict(checkpoint='torchvision://resnet50', type='Pretrained'),
        norm_cfg=dict(requires_grad=True, type='BN'),
        norm_eval=True,
        num_stages=4,
        out_indices=(
            0,
            1,
            2,
            3,
        ),
        style='pytorch',
        type='ResNet'),
    data_preprocessor=dict(
        bgr_to_rgb=True,
        mean=[
            123.675,
            116.28,
            103.53,
        ],
        pad_size_divisor=32,
        std=[
            58.395,
            57.12,
            57.375,
        ],
        type='DetDataPreprocessor'),
    neck=dict(
        in_channels=[
            256,
            512,
            1024,
            2048,
        ],
        num_outs=5,
        out_channels=256,
        type='FPN'),
    roi_head=dict(
        bbox_head=dict(
            bbox_coder=dict(
                target_means=[
                    0.0,
                    0.0,
                    0.0,
                    0.0,
                ],
                target_stds=[
                    0.1,
                    0.1,
                    0.2,
                    0.2,
                ],
                type='DeltaXYWHBBoxCoder'),
            fc_out_channels=1024,
            in_channels=256,
            loss_bbox=dict(loss_weight=1.0, type='L1Loss'),
            loss_cls=dict(
                loss_weight=1.0, type='CrossEntropyLoss', use_sigmoid=False),
            num_classes=1,
            reg_class_agnostic=False,
            roi_feat_size=7,
            type='Shared2FCBBoxHead'),
        bbox_roi_extractor=dict(
            featmap_strides=[
                4,
                8,
                16,
                32,
            ],
            out_channels=256,
            roi_layer=dict(output_size=7, sampling_ratio=0, type='RoIAlign'),
            type='SingleRoIExtractor'),
        type='StandardRoIHead'),
    rpn_head=dict(
        anchor_generator=dict(
            ratios=[
                0.5,
                1.0,
                2.0,
            ],
            scales=[
                8,
            ],
            strides=[
                4,
                8,
                16,
                32,
                64,
            ],
            type='AnchorGenerator'),
        bbox_coder=dict(
            target_means=[
                0.0,
                0.0,
                0.0,
                0.0,
            ],
            target_stds=[
                1.0,
                1.0,
                1.0,
                1.0,
            ],
            type='DeltaXYWHBBoxCoder'),
        feat_channels=256,
        in_channels=256,
        loss_bbox=dict(loss_weight=1.0, type='L1Loss'),
        loss_cls=dict(
            loss_weight=1.0, type='CrossEntropyLoss', use_sigmoid=True),
        type='RPNHead'),
    test_cfg=dict(
        rcnn=dict(
            max_per_img=100,
            nms=dict(iou_threshold=0.5, type='nms'),
            score_thr=0.05),
        rpn=dict(
            max_per_img=1000,
            min_bbox_size=0,
            nms=dict(iou_threshold=0.7, type='nms'),
            nms_pre=1000)),
    train_cfg=dict(
        rcnn=dict(
            assigner=dict(
                ignore_iof_thr=-1,
                match_low_quality=False,
                min_pos_iou=0.5,
                neg_iou_thr=0.5,
                pos_iou_thr=0.5,
                type='MaxIoUAssigner'),
            debug=False,
            pos_weight=-1,
            sampler=dict(
                add_gt_as_proposals=True,
                neg_pos_ub=-1,
                num=512,
                pos_fraction=0.25,
                type='RandomSampler')),
        rpn=dict(
            allowed_border=-1,
            assigner=dict(
                ignore_iof_thr=-1,
                match_low_quality=True,
                min_pos_iou=0.3,
                neg_iou_thr=0.3,
                pos_iou_thr=0.7,
                type='MaxIoUAssigner'),
            debug=False,
            pos_weight=-1,
            sampler=dict(
                add_gt_as_proposals=False,
                neg_pos_ub=-1,
                num=256,
                pos_fraction=0.5,
                type='RandomSampler')),
        rpn_proposal=dict(
            max_per_img=1000,
            min_bbox_size=0,
            nms=dict(iou_threshold=0.7, type='nms'),
            nms_pre=2000)),
    type='FasterRCNN')
num_classes = 1
optim_wrapper = dict(
    optimizer=dict(lr=0.02, momentum=0.9, type='SGD', weight_decay=0.0001),
    type='OptimWrapper')
param_scheduler = [
    dict(
        begin=0, by_epoch=False, end=500, start_factor=0.001, type='LinearLR'),
    dict(
        begin=0,
        by_epoch=True,
        end=80,
        gamma=0.1,
        milestones=[
            53,
            73,
        ],
        type='MultiStepLR'),
]
randomness = dict(deterministic=False, seed=0)
resume = False
test_cfg = dict(type='TestLoop')
test_dataloader = dict(
    batch_size=1,
    dataset=dict(
        ann_file='annotations/test.json',
        backend_args=None,
        data_prefix=dict(img='images/test/'),
        data_root=
        '../data-processing/vision/solaqua_fish/processed/split_yolo/',
        metainfo=dict(classes=('fish', )),
        pipeline=[
            dict(backend_args=None, type='LoadImageFromFile'),
            dict(keep_ratio=True, scale=(
                640,
                640,
            ), type='Resize'),
            dict(type='LoadAnnotations', with_bbox=True),
            dict(
                meta_keys=(
                    'img_id',
                    'img_path',
                    'ori_shape',
                    'img_shape',
                    'scale_factor',
                ),
                type='PackDetInputs'),
        ],
        test_mode=True,
        type='CocoDataset'),
    drop_last=False,
    num_workers=2,
    persistent_workers=True,
    sampler=dict(shuffle=False, type='DefaultSampler'))
test_evaluator = dict(
    ann_file=
    '../data-processing/vision/solaqua_fish/processed/split_yolo/annotations/test.json',
    backend_args=None,
    format_only=False,
    metric='bbox',
    type='CocoMetric')
test_pipeline = [
    dict(backend_args=None, type='LoadImageFromFile'),
    dict(keep_ratio=True, scale=(
        640,
        640,
    ), type='Resize'),
    dict(type='LoadAnnotations', with_bbox=True),
    dict(
        meta_keys=(
            'img_id',
            'img_path',
            'ori_shape',
            'img_shape',
            'scale_factor',
        ),
        type='PackDetInputs'),
]
train_cfg = dict(max_epochs=80, type='EpochBasedTrainLoop', val_interval=2)
train_dataloader = dict(
    batch_sampler=dict(type='AspectRatioBatchSampler'),
    batch_size=32,
    dataset=dict(
        ann_file='annotations/train.json',
        backend_args=None,
        data_prefix=dict(img='images/train/'),
        data_root=
        '../data-processing/vision/solaqua_fish/processed/split_yolo/',
        filter_cfg=dict(filter_empty_gt=False),
        metainfo=dict(classes=('fish', )),
        pipeline=[
            dict(backend_args=None, type='LoadImageFromFile'),
            dict(type='LoadAnnotations', with_bbox=True),
            dict(keep_ratio=True, scale=(
                640,
                640,
            ), type='Resize'),
            dict(prob=0.5, type='RandomFlip'),
            dict(type='PackDetInputs'),
        ],
        type='CocoDataset'),
    num_workers=8,
    persistent_workers=True,
    pin_memory=True,
    prefetch_factor=4,
    sampler=dict(shuffle=True, type='DefaultSampler'))
train_pipeline = [
    dict(backend_args=None, type='LoadImageFromFile'),
    dict(type='LoadAnnotations', with_bbox=True),
    dict(keep_ratio=True, scale=(
        640,
        640,
    ), type='Resize'),
    dict(prob=0.5, type='RandomFlip'),
    dict(type='PackDetInputs'),
]
val_cfg = dict(type='ValLoop')
val_dataloader = dict(
    batch_size=4,
    dataset=dict(
        ann_file='annotations/val.json',
        backend_args=None,
        data_prefix=dict(img='images/val/'),
        data_root=
        '../data-processing/vision/solaqua_fish/processed/split_yolo/',
        metainfo=dict(classes=('fish', )),
        pipeline=[
            dict(backend_args=None, type='LoadImageFromFile'),
            dict(keep_ratio=True, scale=(
                640,
                640,
            ), type='Resize'),
            dict(type='LoadAnnotations', with_bbox=True),
            dict(
                meta_keys=(
                    'img_id',
                    'img_path',
                    'ori_shape',
                    'img_shape',
                    'scale_factor',
                ),
                type='PackDetInputs'),
        ],
        test_mode=True,
        type='CocoDataset'),
    drop_last=False,
    num_workers=4,
    persistent_workers=True,
    sampler=dict(shuffle=False, type='DefaultSampler'))
val_evaluator = dict(
    ann_file=
    '../data-processing/vision/solaqua_fish/processed/split_yolo/annotations/val.json',
    backend_args=None,
    format_only=False,
    metric='bbox',
    type='CocoMetric')
vis_backends = [
    dict(type='LocalVisBackend'),
]
visualizer = dict(
    name='visualizer',
    type='DetLocalVisualizer',
    vis_backends=[
        dict(type='LocalVisBackend'),
    ])
work_dir = '../runs/mmdet/solaqua_fish/faster_rcnn_r50_fpn_solaqua_fish_80e_pretrained'

2026/03/24 14:38:05 - mmengine - INFO - Distributed training is not used, all SyncBatchNorm (SyncBN) layers in the model will be automatically reverted to BatchNormXd layers if they are used.
2026/03/24 14:38:05 - mmengine - INFO - Hooks will be executed in the following order:
before_run:
(VERY_HIGH   ) RuntimeInfoHook                    
(BELOW_NORMAL) LoggerHook                         
 -------------------- 
before_train:
(VERY_HIGH   ) RuntimeInfoHook                    
(NORMAL      ) IterTimerHook                      
(VERY_LOW    ) CheckpointHook                     
 -------------------- 
before_train_epoch:
(VERY_HIGH   ) RuntimeInfoHook                    
(NORMAL      ) IterTimerHook                      
(NORMAL      ) DistSamplerSeedHook                
 -------------------- 
before_train_iter:
(VERY_HIGH   ) RuntimeInfoHook                    
(NORMAL      ) IterTimerHook                      
 -------------------- 
after_train_iter:
(VERY_HIGH   ) RuntimeInfoHook                    
(NORMAL      ) IterTimerHook                      
(BELOW_NORMAL) LoggerHook                         
(LOW         ) ParamSchedulerHook                 
(VERY_LOW    ) CheckpointHook                     
 -------------------- 
after_train_epoch:
(NORMAL      ) IterTimerHook                      
(LOW         ) ParamSchedulerHook                 
(VERY_LOW    ) CheckpointHook                     
 -------------------- 
before_val:
(VERY_HIGH   ) RuntimeInfoHook                    
 -------------------- 
before_val_epoch:
(NORMAL      ) IterTimerHook                      
 -------------------- 
before_val_iter:
(NORMAL      ) IterTimerHook                      
 -------------------- 
after_val_iter:
(NORMAL      ) IterTimerHook                      
(NORMAL      ) DetVisualizationHook               
(BELOW_NORMAL) LoggerHook                         
 -------------------- 
after_val_epoch:
(VERY_HIGH   ) RuntimeInfoHook                    
(NORMAL      ) IterTimerHook                      
(BELOW_NORMAL) LoggerHook                         
(LOW         ) ParamSchedulerHook                 
(VERY_LOW    ) CheckpointHook                     
 -------------------- 
after_val:
(VERY_HIGH   ) RuntimeInfoHook                    
 -------------------- 
after_train:
(VERY_HIGH   ) RuntimeInfoHook                    
(VERY_LOW    ) CheckpointHook                     
 -------------------- 
before_test:
(VERY_HIGH   ) RuntimeInfoHook                    
 -------------------- 
before_test_epoch:
(NORMAL      ) IterTimerHook                      
 -------------------- 
before_test_iter:
(NORMAL      ) IterTimerHook                      
 -------------------- 
after_test_iter:
(NORMAL      ) IterTimerHook                      
(NORMAL      ) DetVisualizationHook               
(BELOW_NORMAL) LoggerHook                         
 -------------------- 
after_test_epoch:
(VERY_HIGH   ) RuntimeInfoHook                    
(NORMAL      ) IterTimerHook                      
(BELOW_NORMAL) LoggerHook                         
 -------------------- 
after_test:
(VERY_HIGH   ) RuntimeInfoHook                    
 -------------------- 
after_run:
(BELOW_NORMAL) LoggerHook                         
 -------------------- 
2026/03/24 14:38:05 - mmengine - INFO - load model from: torchvision://resnet50
2026/03/24 14:38:05 - mmengine - INFO - Loads checkpoint by torchvision backend from path: torchvision://resnet50
2026/03/24 14:38:06 - mmengine - WARNING - The model and loaded state dict do not match exactly

unexpected key in source state_dict: fc.weight, fc.bias

Name of parameter - Initialization information

backbone.conv1.weight - torch.Size([64, 3, 7, 7]): 
PretrainedInit: load from torchvision://resnet50 

backbone.bn1.weight - torch.Size([64]): 
PretrainedInit: load from torchvision://resnet50 

backbone.bn1.bias - torch.Size([64]): 
PretrainedInit: load from torchvision://resnet50 

backbone.layer1.0.conv1.weight - torch.Size([64, 64, 1, 1]): 
PretrainedInit: load from torchvision://resnet50 

backbone.layer1.0.bn1.weight - torch.Size([64]): 
PretrainedInit: load from torchvision://resnet50 

backbone.layer1.0.bn1.bias - torch.Size([64]): 
PretrainedInit: load from torchvision://resnet50 

backbone.layer1.0.conv2.weight - torch.Size([64, 64, 3, 3]): 
PretrainedInit: load from torchvision://resnet50 

backbone.layer1.0.bn2.weight - torch.Size([64]): 
PretrainedInit: load from torchvision://resnet50 

backbone.layer1.0.bn2.bias - torch.Size([64]): 
PretrainedInit: load from torchvision://resnet50 

backbone.layer1.0.conv3.weight - torch.Size([256, 64, 1, 1]): 
PretrainedInit: load from torchvision://resnet50 

backbone.layer1.0.bn3.weight - torch.Size([256]): 
PretrainedInit: load from torchvision://resnet50 

backbone.layer1.0.bn3.bias - torch.Size([256]): 
PretrainedInit: load from torchvision://resnet50 

backbone.layer1.0.downsample.0.weight - torch.Size([256, 64, 1, 1]): 
PretrainedInit: load from torchvision://resnet50 

backbone.layer1.0.downsample.1.weight - torch.Size([256]): 
PretrainedInit: load from torchvision://resnet50 

backbone.layer1.0.downsample.1.bias - torch.Size([256]): 
PretrainedInit: load from torchvision://resnet50 

backbone.layer1.1.conv1.weight - torch.Size([64, 256, 1, 1]): 
PretrainedInit: load from torchvision://resnet50 

backbone.layer1.1.bn1.weight - torch.Size([64]): 
PretrainedInit: load from torchvision://resnet50 

backbone.layer1.1.bn1.bias - torch.Size([64]): 
PretrainedInit: load from torchvision://resnet50 

backbone.layer1.1.conv2.weight - torch.Size([64, 64, 3, 3]): 
PretrainedInit: load from torchvision://resnet50 

backbone.layer1.1.bn2.weight - torch.Size([64]): 
PretrainedInit: load from torchvision://resnet50 

backbone.layer1.1.bn2.bias - torch.Size([64]): 
PretrainedInit: load from torchvision://resnet50 

backbone.layer1.1.conv3.weight - torch.Size([256, 64, 1, 1]): 
PretrainedInit: load from torchvision://resnet50 

backbone.layer1.1.bn3.weight - torch.Size([256]): 
PretrainedInit: load from torchvision://resnet50 

backbone.layer1.1.bn3.bias - torch.Size([256]): 
PretrainedInit: load from torchvision://resnet50 

backbone.layer1.2.conv1.weight - torch.Size([64, 256, 1, 1]): 
PretrainedInit: load from torchvision://resnet50 

backbone.layer1.2.bn1.weight - torch.Size([64]): 
PretrainedInit: load from torchvision://resnet50 

backbone.layer1.2.bn1.bias - torch.Size([64]): 
PretrainedInit: load from torchvision://resnet50 

backbone.layer1.2.conv2.weight - torch.Size([64, 64, 3, 3]): 
PretrainedInit: load from torchvision://resnet50 

backbone.layer1.2.bn2.weight - torch.Size([64]): 
PretrainedInit: load from torchvision://resnet50 

backbone.layer1.2.bn2.bias - torch.Size([64]): 
PretrainedInit: load from torchvision://resnet50 

backbone.layer1.2.conv3.weight - torch.Size([256, 64, 1, 1]): 
PretrainedInit: load from torchvision://resnet50 

backbone.layer1.2.bn3.weight - torch.Size([256]): 
PretrainedInit: load from torchvision://resnet50 

backbone.layer1.2.bn3.bias - torch.Size([256]): 
PretrainedInit: load from torchvision://resnet50 

backbone.layer2.0.conv1.weight - torch.Size([128, 256, 1, 1]): 
PretrainedInit: load from torchvision://resnet50 

backbone.layer2.0.bn1.weight - torch.Size([128]): 
PretrainedInit: load from torchvision://resnet50 

backbone.layer2.0.bn1.bias - torch.Size([128]): 
PretrainedInit: load from torchvision://resnet50 

backbone.layer2.0.conv2.weight - torch.Size([128, 128, 3, 3]): 
PretrainedInit: load from torchvision://resnet50 

backbone.layer2.0.bn2.weight - torch.Size([128]): 
PretrainedInit: load from torchvision://resnet50 

backbone.layer2.0.bn2.bias - torch.Size([128]): 
PretrainedInit: load from torchvision://resnet50 

backbone.layer2.0.conv3.weight - torch.Size([512, 128, 1, 1]): 
PretrainedInit: load from torchvision://resnet50 

backbone.layer2.0.bn3.weight - torch.Size([512]): 
PretrainedInit: load from torchvision://resnet50 

backbone.layer2.0.bn3.bias - torch.Size([512]): 
PretrainedInit: load from torchvision://resnet50 

backbone.layer2.0.downsample.0.weight - torch.Size([512, 256, 1, 1]): 
PretrainedInit: load from torchvision://resnet50 

backbone.layer2.0.downsample.1.weight - torch.Size([512]): 
PretrainedInit: load from torchvision://resnet50 

backbone.layer2.0.downsample.1.bias - torch.Size([512]): 
PretrainedInit: load from torchvision://resnet50 

backbone.layer2.1.conv1.weight - torch.Size([128, 512, 1, 1]): 
PretrainedInit: load from torchvision://resnet50 

backbone.layer2.1.bn1.weight - torch.Size([128]): 
PretrainedInit: load from torchvision://resnet50 

backbone.layer2.1.bn1.bias - torch.Size([128]): 
PretrainedInit: load from torchvision://resnet50 

backbone.layer2.1.conv2.weight - torch.Size([128, 128, 3, 3]): 
PretrainedInit: load from torchvision://resnet50 

backbone.layer2.1.bn2.weight - torch.Size([128]): 
PretrainedInit: load from torchvision://resnet50 

backbone.layer2.1.bn2.bias - torch.Size([128]): 
PretrainedInit: load from torchvision://resnet50 

backbone.layer2.1.conv3.weight - torch.Size([512, 128, 1, 1]): 
PretrainedInit: load from torchvision://resnet50 

backbone.layer2.1.bn3.weight - torch.Size([512]): 
PretrainedInit: load from torchvision://resnet50 

backbone.layer2.1.bn3.bias - torch.Size([512]): 
PretrainedInit: load from torchvision://resnet50 

backbone.layer2.2.conv1.weight - torch.Size([128, 512, 1, 1]): 
PretrainedInit: load from torchvision://resnet50 

backbone.layer2.2.bn1.weight - torch.Size([128]): 
PretrainedInit: load from torchvision://resnet50 

backbone.layer2.2.bn1.bias - torch.Size([128]): 
PretrainedInit: load from torchvision://resnet50 

backbone.layer2.2.conv2.weight - torch.Size([128, 128, 3, 3]): 
PretrainedInit: load from torchvision://resnet50 

backbone.layer2.2.bn2.weight - torch.Size([128]): 
PretrainedInit: load from torchvision://resnet50 

backbone.layer2.2.bn2.bias - torch.Size([128]): 
PretrainedInit: load from torchvision://resnet50 

backbone.layer2.2.conv3.weight - torch.Size([512, 128, 1, 1]): 
PretrainedInit: load from torchvision://resnet50 

backbone.layer2.2.bn3.weight - torch.Size([512]): 
PretrainedInit: load from torchvision://resnet50 

backbone.layer2.2.bn3.bias - torch.Size([512]): 
PretrainedInit: load from torchvision://resnet50 

backbone.layer2.3.conv1.weight - torch.Size([128, 512, 1, 1]): 
PretrainedInit: load from torchvision://resnet50 

backbone.layer2.3.bn1.weight - torch.Size([128]): 
PretrainedInit: load from torchvision://resnet50 

backbone.layer2.3.bn1.bias - torch.Size([128]): 
PretrainedInit: load from torchvision://resnet50 

backbone.layer2.3.conv2.weight - torch.Size([128, 128, 3, 3]): 
PretrainedInit: load from torchvision://resnet50 

backbone.layer2.3.bn2.weight - torch.Size([128]): 
PretrainedInit: load from torchvision://resnet50 

backbone.layer2.3.bn2.bias - torch.Size([128]): 
PretrainedInit: load from torchvision://resnet50 

backbone.layer2.3.conv3.weight - torch.Size([512, 128, 1, 1]): 
PretrainedInit: load from torchvision://resnet50 

backbone.layer2.3.bn3.weight - torch.Size([512]): 
PretrainedInit: load from torchvision://resnet50 

backbone.layer2.3.bn3.bias - torch.Size([512]): 
PretrainedInit: load from torchvision://resnet50 

backbone.layer3.0.conv1.weight - torch.Size([256, 512, 1, 1]): 
PretrainedInit: load from torchvision://resnet50 

backbone.layer3.0.bn1.weight - torch.Size([256]): 
PretrainedInit: load from torchvision://resnet50 

backbone.layer3.0.bn1.bias - torch.Size([256]): 
PretrainedInit: load from torchvision://resnet50 

backbone.layer3.0.conv2.weight - torch.Size([256, 256, 3, 3]): 
PretrainedInit: load from torchvision://resnet50 

backbone.layer3.0.bn2.weight - torch.Size([256]): 
PretrainedInit: load from torchvision://resnet50 

backbone.layer3.0.bn2.bias - torch.Size([256]): 
PretrainedInit: load from torchvision://resnet50 

backbone.layer3.0.conv3.weight - torch.Size([1024, 256, 1, 1]): 
PretrainedInit: load from torchvision://resnet50 

backbone.layer3.0.bn3.weight - torch.Size([1024]): 
PretrainedInit: load from torchvision://resnet50 

backbone.layer3.0.bn3.bias - torch.Size([1024]): 
PretrainedInit: load from torchvision://resnet50 

backbone.layer3.0.downsample.0.weight - torch.Size([1024, 512, 1, 1]): 
PretrainedInit: load from torchvision://resnet50 

backbone.layer3.0.downsample.1.weight - torch.Size([1024]): 
PretrainedInit: load from torchvision://resnet50 

backbone.layer3.0.downsample.1.bias - torch.Size([1024]): 
PretrainedInit: load from torchvision://resnet50 

backbone.layer3.1.conv1.weight - torch.Size([256, 1024, 1, 1]): 
PretrainedInit: load from torchvision://resnet50 

backbone.layer3.1.bn1.weight - torch.Size([256]): 
PretrainedInit: load from torchvision://resnet50 

backbone.layer3.1.bn1.bias - torch.Size([256]): 
PretrainedInit: load from torchvision://resnet50 

backbone.layer3.1.conv2.weight - torch.Size([256, 256, 3, 3]): 
PretrainedInit: load from torchvision://resnet50 

backbone.layer3.1.bn2.weight - torch.Size([256]): 
PretrainedInit: load from torchvision://resnet50 

backbone.layer3.1.bn2.bias - torch.Size([256]): 
PretrainedInit: load from torchvision://resnet50 

backbone.layer3.1.conv3.weight - torch.Size([1024, 256, 1, 1]): 
PretrainedInit: load from torchvision://resnet50 

backbone.layer3.1.bn3.weight - torch.Size([1024]): 
PretrainedInit: load from torchvision://resnet50 

backbone.layer3.1.bn3.bias - torch.Size([1024]): 
PretrainedInit: load from torchvision://resnet50 

backbone.layer3.2.conv1.weight - torch.Size([256, 1024, 1, 1]): 
PretrainedInit: load from torchvision://resnet50 

backbone.layer3.2.bn1.weight - torch.Size([256]): 
PretrainedInit: load from torchvision://resnet50 

backbone.layer3.2.bn1.bias - torch.Size([256]): 
PretrainedInit: load from torchvision://resnet50 

backbone.layer3.2.conv2.weight - torch.Size([256, 256, 3, 3]): 
PretrainedInit: load from torchvision://resnet50 

backbone.layer3.2.bn2.weight - torch.Size([256]): 
PretrainedInit: load from torchvision://resnet50 

backbone.layer3.2.bn2.bias - torch.Size([256]): 
PretrainedInit: load from torchvision://resnet50 

backbone.layer3.2.conv3.weight - torch.Size([1024, 256, 1, 1]): 
PretrainedInit: load from torchvision://resnet50 

backbone.layer3.2.bn3.weight - torch.Size([1024]): 
PretrainedInit: load from torchvision://resnet50 

backbone.layer3.2.bn3.bias - torch.Size([1024]): 
PretrainedInit: load from torchvision://resnet50 

backbone.layer3.3.conv1.weight - torch.Size([256, 1024, 1, 1]): 
PretrainedInit: load from torchvision://resnet50 

backbone.layer3.3.bn1.weight - torch.Size([256]): 
PretrainedInit: load from torchvision://resnet50 

backbone.layer3.3.bn1.bias - torch.Size([256]): 
PretrainedInit: load from torchvision://resnet50 

backbone.layer3.3.conv2.weight - torch.Size([256, 256, 3, 3]): 
PretrainedInit: load from torchvision://resnet50 

backbone.layer3.3.bn2.weight - torch.Size([256]): 
PretrainedInit: load from torchvision://resnet50 

backbone.layer3.3.bn2.bias - torch.Size([256]): 
PretrainedInit: load from torchvision://resnet50 

backbone.layer3.3.conv3.weight - torch.Size([1024, 256, 1, 1]): 
PretrainedInit: load from torchvision://resnet50 

backbone.layer3.3.bn3.weight - torch.Size([1024]): 
PretrainedInit: load from torchvision://resnet50 

backbone.layer3.3.bn3.bias - torch.Size([1024]): 
PretrainedInit: load from torchvision://resnet50 

backbone.layer3.4.conv1.weight - torch.Size([256, 1024, 1, 1]): 
PretrainedInit: load from torchvision://resnet50 

backbone.layer3.4.bn1.weight - torch.Size([256]): 
PretrainedInit: load from torchvision://resnet50 

backbone.layer3.4.bn1.bias - torch.Size([256]): 
PretrainedInit: load from torchvision://resnet50 

backbone.layer3.4.conv2.weight - torch.Size([256, 256, 3, 3]): 
PretrainedInit: load from torchvision://resnet50 

backbone.layer3.4.bn2.weight - torch.Size([256]): 
PretrainedInit: load from torchvision://resnet50 

backbone.layer3.4.bn2.bias - torch.Size([256]): 
PretrainedInit: load from torchvision://resnet50 

backbone.layer3.4.conv3.weight - torch.Size([1024, 256, 1, 1]): 
PretrainedInit: load from torchvision://resnet50 

backbone.layer3.4.bn3.weight - torch.Size([1024]): 
PretrainedInit: load from torchvision://resnet50 

backbone.layer3.4.bn3.bias - torch.Size([1024]): 
PretrainedInit: load from torchvision://resnet50 

backbone.layer3.5.conv1.weight - torch.Size([256, 1024, 1, 1]): 
PretrainedInit: load from torchvision://resnet50 

backbone.layer3.5.bn1.weight - torch.Size([256]): 
PretrainedInit: load from torchvision://resnet50 

backbone.layer3.5.bn1.bias - torch.Size([256]): 
PretrainedInit: load from torchvision://resnet50 

backbone.layer3.5.conv2.weight - torch.Size([256, 256, 3, 3]): 
PretrainedInit: load from torchvision://resnet50 

backbone.layer3.5.bn2.weight - torch.Size([256]): 
PretrainedInit: load from torchvision://resnet50 

backbone.layer3.5.bn2.bias - torch.Size([256]): 
PretrainedInit: load from torchvision://resnet50 

backbone.layer3.5.conv3.weight - torch.Size([1024, 256, 1, 1]): 
PretrainedInit: load from torchvision://resnet50 

backbone.layer3.5.bn3.weight - torch.Size([1024]): 
PretrainedInit: load from torchvision://resnet50 

backbone.layer3.5.bn3.bias - torch.Size([1024]): 
PretrainedInit: load from torchvision://resnet50 

backbone.layer4.0.conv1.weight - torch.Size([512, 1024, 1, 1]): 
PretrainedInit: load from torchvision://resnet50 

backbone.layer4.0.bn1.weight - torch.Size([512]): 
PretrainedInit: load from torchvision://resnet50 

backbone.layer4.0.bn1.bias - torch.Size([512]): 
PretrainedInit: load from torchvision://resnet50 

backbone.layer4.0.conv2.weight - torch.Size([512, 512, 3, 3]): 
PretrainedInit: load from torchvision://resnet50 

backbone.layer4.0.bn2.weight - torch.Size([512]): 
PretrainedInit: load from torchvision://resnet50 

backbone.layer4.0.bn2.bias - torch.Size([512]): 
PretrainedInit: load from torchvision://resnet50 

backbone.layer4.0.conv3.weight - torch.Size([2048, 512, 1, 1]): 
PretrainedInit: load from torchvision://resnet50 

backbone.layer4.0.bn3.weight - torch.Size([2048]): 
PretrainedInit: load from torchvision://resnet50 

backbone.layer4.0.bn3.bias - torch.Size([2048]): 
PretrainedInit: load from torchvision://resnet50 

backbone.layer4.0.downsample.0.weight - torch.Size([2048, 1024, 1, 1]): 
PretrainedInit: load from torchvision://resnet50 

backbone.layer4.0.downsample.1.weight - torch.Size([2048]): 
PretrainedInit: load from torchvision://resnet50 

backbone.layer4.0.downsample.1.bias - torch.Size([2048]): 
PretrainedInit: load from torchvision://resnet50 

backbone.layer4.1.conv1.weight - torch.Size([512, 2048, 1, 1]): 
PretrainedInit: load from torchvision://resnet50 

backbone.layer4.1.bn1.weight - torch.Size([512]): 
PretrainedInit: load from torchvision://resnet50 

backbone.layer4.1.bn1.bias - torch.Size([512]): 
PretrainedInit: load from torchvision://resnet50 

backbone.layer4.1.conv2.weight - torch.Size([512, 512, 3, 3]): 
PretrainedInit: load from torchvision://resnet50 

backbone.layer4.1.bn2.weight - torch.Size([512]): 
PretrainedInit: load from torchvision://resnet50 

backbone.layer4.1.bn2.bias - torch.Size([512]): 
PretrainedInit: load from torchvision://resnet50 

backbone.layer4.1.conv3.weight - torch.Size([2048, 512, 1, 1]): 
PretrainedInit: load from torchvision://resnet50 

backbone.layer4.1.bn3.weight - torch.Size([2048]): 
PretrainedInit: load from torchvision://resnet50 

backbone.layer4.1.bn3.bias - torch.Size([2048]): 
PretrainedInit: load from torchvision://resnet50 

backbone.layer4.2.conv1.weight - torch.Size([512, 2048, 1, 1]): 
PretrainedInit: load from torchvision://resnet50 

backbone.layer4.2.bn1.weight - torch.Size([512]): 
PretrainedInit: load from torchvision://resnet50 

backbone.layer4.2.bn1.bias - torch.Size([512]): 
PretrainedInit: load from torchvision://resnet50 

backbone.layer4.2.conv2.weight - torch.Size([512, 512, 3, 3]): 
PretrainedInit: load from torchvision://resnet50 

backbone.layer4.2.bn2.weight - torch.Size([512]): 
PretrainedInit: load from torchvision://resnet50 

backbone.layer4.2.bn2.bias - torch.Size([512]): 
PretrainedInit: load from torchvision://resnet50 

backbone.layer4.2.conv3.weight - torch.Size([2048, 512, 1, 1]): 
PretrainedInit: load from torchvision://resnet50 

backbone.layer4.2.bn3.weight - torch.Size([2048]): 
PretrainedInit: load from torchvision://resnet50 

backbone.layer4.2.bn3.bias - torch.Size([2048]): 
PretrainedInit: load from torchvision://resnet50 

neck.lateral_convs.0.conv.weight - torch.Size([256, 256, 1, 1]): 
XavierInit: gain=1, distribution=uniform, bias=0 

neck.lateral_convs.0.conv.bias - torch.Size([256]): 
The value is the same before and after calling `init_weights` of FasterRCNN  

neck.lateral_convs.1.conv.weight - torch.Size([256, 512, 1, 1]): 
XavierInit: gain=1, distribution=uniform, bias=0 

neck.lateral_convs.1.conv.bias - torch.Size([256]): 
The value is the same before and after calling `init_weights` of FasterRCNN  

neck.lateral_convs.2.conv.weight - torch.Size([256, 1024, 1, 1]): 
XavierInit: gain=1, distribution=uniform, bias=0 

neck.lateral_convs.2.conv.bias - torch.Size([256]): 
The value is the same before and after calling `init_weights` of FasterRCNN  

neck.lateral_convs.3.conv.weight - torch.Size([256, 2048, 1, 1]): 
XavierInit: gain=1, distribution=uniform, bias=0 

neck.lateral_convs.3.conv.bias - torch.Size([256]): 
The value is the same before and after calling `init_weights` of FasterRCNN  

neck.fpn_convs.0.conv.weight - torch.Size([256, 256, 3, 3]): 
XavierInit: gain=1, distribution=uniform, bias=0 

neck.fpn_convs.0.conv.bias - torch.Size([256]): 
The value is the same before and after calling `init_weights` of FasterRCNN  

neck.fpn_convs.1.conv.weight - torch.Size([256, 256, 3, 3]): 
XavierInit: gain=1, distribution=uniform, bias=0 

neck.fpn_convs.1.conv.bias - torch.Size([256]): 
The value is the same before and after calling `init_weights` of FasterRCNN  

neck.fpn_convs.2.conv.weight - torch.Size([256, 256, 3, 3]): 
XavierInit: gain=1, distribution=uniform, bias=0 

neck.fpn_convs.2.conv.bias - torch.Size([256]): 
The value is the same before and after calling `init_weights` of FasterRCNN  

neck.fpn_convs.3.conv.weight - torch.Size([256, 256, 3, 3]): 
XavierInit: gain=1, distribution=uniform, bias=0 

neck.fpn_convs.3.conv.bias - torch.Size([256]): 
The value is the same before and after calling `init_weights` of FasterRCNN  

rpn_head.rpn_conv.weight - torch.Size([256, 256, 3, 3]): 
NormalInit: mean=0, std=0.01, bias=0 

rpn_head.rpn_conv.bias - torch.Size([256]): 
NormalInit: mean=0, std=0.01, bias=0 

rpn_head.rpn_cls.weight - torch.Size([3, 256, 1, 1]): 
NormalInit: mean=0, std=0.01, bias=0 

rpn_head.rpn_cls.bias - torch.Size([3]): 
NormalInit: mean=0, std=0.01, bias=0 

rpn_head.rpn_reg.weight - torch.Size([12, 256, 1, 1]): 
NormalInit: mean=0, std=0.01, bias=0 

rpn_head.rpn_reg.bias - torch.Size([12]): 
NormalInit: mean=0, std=0.01, bias=0 

roi_head.bbox_head.fc_cls.weight - torch.Size([2, 1024]): 
NormalInit: mean=0, std=0.01, bias=0 

roi_head.bbox_head.fc_cls.bias - torch.Size([2]): 
NormalInit: mean=0, std=0.01, bias=0 

roi_head.bbox_head.fc_reg.weight - torch.Size([4, 1024]): 
NormalInit: mean=0, std=0.001, bias=0 

roi_head.bbox_head.fc_reg.bias - torch.Size([4]): 
NormalInit: mean=0, std=0.001, bias=0 

roi_head.bbox_head.shared_fcs.0.weight - torch.Size([1024, 12544]): 
XavierInit: gain=1, distribution=uniform, bias=0 

roi_head.bbox_head.shared_fcs.0.bias - torch.Size([1024]): 
XavierInit: gain=1, distribution=uniform, bias=0 

roi_head.bbox_head.shared_fcs.1.weight - torch.Size([1024, 1024]): 
XavierInit: gain=1, distribution=uniform, bias=0 

roi_head.bbox_head.shared_fcs.1.bias - torch.Size([1024]): 
XavierInit: gain=1, distribution=uniform, bias=0 
2026/03/24 14:38:06 - mmengine - WARNING - "FileClient" will be deprecated in future. Please use io functions in https://mmengine.readthedocs.io/en/latest/api/fileio.html#file-io
2026/03/24 14:38:06 - mmengine - WARNING - "HardDiskBackend" is the alias of "LocalBackend" and the former will be deprecated in future.
2026/03/24 14:38:06 - mmengine - INFO - Checkpoints will be saved to /workspace/aquaculture-perception/runs/mmdet/solaqua_fish/faster_rcnn_r50_fpn_solaqua_fish_80e_pretrained.
2026/03/24 14:38:21 - mmengine - INFO - Exp name: faster_rcnn_r50_fpn_solaqua_fish_80e_pretrained_20260324_143754
2026/03/24 14:38:21 - mmengine - INFO - Epoch(train)  [1][16/16]  lr: 6.2060e-04  eta: 0:20:00  time: 0.9500  data_time: 0.1061  memory: 11481  loss: 1.1384  loss_rpn_cls: 0.6681  loss_rpn_bbox: 0.0497  loss_cls: 0.3540  acc: 98.1797  loss_bbox: 0.0666
2026/03/24 14:38:32 - mmengine - INFO - Exp name: faster_rcnn_r50_fpn_solaqua_fish_80e_pretrained_20260324_143754
2026/03/24 14:38:32 - mmengine - INFO - Epoch(train)  [2][16/16]  lr: 1.2612e-03  eta: 0:17:06  time: 0.8224  data_time: 0.0700  memory: 11572  loss: 1.0153  loss_rpn_cls: 0.5680  loss_rpn_bbox: 0.0474  loss_cls: 0.2988  acc: 94.6953  loss_bbox: 0.1012
2026/03/24 14:38:34 - mmengine - INFO - Evaluating bbox...
2026/03/24 14:38:34 - mmengine - INFO - bbox_mAP_copypaste: 0.005 0.022 0.000 -1.000 0.000 0.007
2026/03/24 14:38:34 - mmengine - INFO - Epoch(val) [2][31/31]    coco/bbox_mAP: 0.0050  coco/bbox_mAP_50: 0.0220  coco/bbox_mAP_75: 0.0000  coco/bbox_mAP_s: -1.0000  coco/bbox_mAP_m: 0.0000  coco/bbox_mAP_l: 0.0070  data_time: 0.0127  time: 0.0588
2026/03/24 14:38:35 - mmengine - INFO - The best checkpoint with 0.0050 coco/bbox_mAP at 2 epoch is saved to best_coco_bbox_mAP_epoch_2.pth.
2026/03/24 14:38:46 - mmengine - INFO - Exp name: faster_rcnn_r50_fpn_solaqua_fish_80e_pretrained_20260324_143754
2026/03/24 14:38:46 - mmengine - INFO - Epoch(train)  [3][16/16]  lr: 1.9019e-03  eta: 0:15:51  time: 0.7723  data_time: 0.0613  memory: 11490  loss: 0.8924  loss_rpn_cls: 0.4332  loss_rpn_bbox: 0.0455  loss_cls: 0.2715  acc: 91.9766  loss_bbox: 0.1422
2026/03/24 14:38:57 - mmengine - INFO - Exp name: faster_rcnn_r50_fpn_solaqua_fish_80e_pretrained_20260324_143754
2026/03/24 14:38:57 - mmengine - INFO - Epoch(train)  [4][16/16]  lr: 2.5425e-03  eta: 0:15:18  time: 0.6864  data_time: 0.0424  memory: 11359  loss: 0.7311  loss_rpn_cls: 0.2642  loss_rpn_bbox: 0.0417  loss_cls: 0.2233  acc: 92.8984  loss_bbox: 0.2017
2026/03/24 14:38:59 - mmengine - INFO - Evaluating bbox...
2026/03/24 14:39:00 - mmengine - INFO - bbox_mAP_copypaste: 0.035 0.135 0.004 -1.000 0.000 0.039
2026/03/24 14:39:00 - mmengine - INFO - Epoch(val) [4][31/31]    coco/bbox_mAP: 0.0350  coco/bbox_mAP_50: 0.1350  coco/bbox_mAP_75: 0.0040  coco/bbox_mAP_s: -1.0000  coco/bbox_mAP_m: 0.0000  coco/bbox_mAP_l: 0.0390  data_time: 0.0067  time: 0.0505
2026/03/24 14:39:00 - mmengine - INFO - The previous best checkpoint /workspace/aquaculture-perception/runs/mmdet/solaqua_fish/faster_rcnn_r50_fpn_solaqua_fish_80e_pretrained/best_coco_bbox_mAP_epoch_2.pth is removed
2026/03/24 14:39:01 - mmengine - INFO - The best checkpoint with 0.0350 coco/bbox_mAP at 4 epoch is saved to best_coco_bbox_mAP_epoch_4.pth.
2026/03/24 14:39:12 - mmengine - INFO - Exp name: faster_rcnn_r50_fpn_solaqua_fish_80e_pretrained_20260324_143754
2026/03/24 14:39:12 - mmengine - INFO - Epoch(train)  [5][16/16]  lr: 3.1832e-03  eta: 0:14:49  time: 0.6820  data_time: 0.0449  memory: 11334  loss: 0.6376  loss_rpn_cls: 0.1308  loss_rpn_bbox: 0.0395  loss_cls: 0.2162  acc: 93.2266  loss_bbox: 0.2511
2026/03/24 14:39:22 - mmengine - INFO - Exp name: faster_rcnn_r50_fpn_solaqua_fish_80e_pretrained_20260324_143754
2026/03/24 14:39:22 - mmengine - INFO - Epoch(train)  [6][16/16]  lr: 3.8238e-03  eta: 0:14:21  time: 0.6783  data_time: 0.0450  memory: 11337  loss: 0.6297  loss_rpn_cls: 0.1006  loss_rpn_bbox: 0.0382  loss_cls: 0.2131  acc: 92.8047  loss_bbox: 0.2777
2026/03/24 14:39:24 - mmengine - INFO - Evaluating bbox...
2026/03/24 14:39:25 - mmengine - INFO - bbox_mAP_copypaste: 0.078 0.260 0.023 -1.000 0.023 0.084
2026/03/24 14:39:25 - mmengine - INFO - Epoch(val) [6][31/31]    coco/bbox_mAP: 0.0780  coco/bbox_mAP_50: 0.2600  coco/bbox_mAP_75: 0.0230  coco/bbox_mAP_s: -1.0000  coco/bbox_mAP_m: 0.0230  coco/bbox_mAP_l: 0.0840  data_time: 0.0068  time: 0.0518
2026/03/24 14:39:25 - mmengine - INFO - The previous best checkpoint /workspace/aquaculture-perception/runs/mmdet/solaqua_fish/faster_rcnn_r50_fpn_solaqua_fish_80e_pretrained/best_coco_bbox_mAP_epoch_4.pth is removed
2026/03/24 14:39:26 - mmengine - INFO - The best checkpoint with 0.0780 coco/bbox_mAP at 6 epoch is saved to best_coco_bbox_mAP_epoch_6.pth.
2026/03/24 14:39:36 - mmengine - INFO - Exp name: faster_rcnn_r50_fpn_solaqua_fish_80e_pretrained_20260324_143754
2026/03/24 14:39:36 - mmengine - INFO - Epoch(train)  [7][16/16]  lr: 4.4644e-03  eta: 0:13:59  time: 0.6676  data_time: 0.0361  memory: 11335  loss: 0.6207  loss_rpn_cls: 0.0843  loss_rpn_bbox: 0.0376  loss_cls: 0.2079  acc: 92.6172  loss_bbox: 0.2909
2026/03/24 14:39:47 - mmengine - INFO - Exp name: faster_rcnn_r50_fpn_solaqua_fish_80e_pretrained_20260324_143754
2026/03/24 14:39:47 - mmengine - INFO - Epoch(train)  [8][16/16]  lr: 5.1051e-03  eta: 0:13:40  time: 0.6590  data_time: 0.0350  memory: 11333  loss: 0.6006  loss_rpn_cls: 0.0690  loss_rpn_bbox: 0.0371  loss_cls: 0.1953  acc: 93.2188  loss_bbox: 0.2992
2026/03/24 14:39:49 - mmengine - INFO - Evaluating bbox...
2026/03/24 14:39:49 - mmengine - INFO - bbox_mAP_copypaste: 0.204 0.557 0.077 -1.000 0.041 0.221
2026/03/24 14:39:49 - mmengine - INFO - Epoch(val) [8][31/31]    coco/bbox_mAP: 0.2040  coco/bbox_mAP_50: 0.5570  coco/bbox_mAP_75: 0.0770  coco/bbox_mAP_s: -1.0000  coco/bbox_mAP_m: 0.0410  coco/bbox_mAP_l: 0.2210  data_time: 0.0061  time: 0.0489
2026/03/24 14:39:49 - mmengine - INFO - The previous best checkpoint /workspace/aquaculture-perception/runs/mmdet/solaqua_fish/faster_rcnn_r50_fpn_solaqua_fish_80e_pretrained/best_coco_bbox_mAP_epoch_6.pth is removed
2026/03/24 14:39:50 - mmengine - INFO - The best checkpoint with 0.2040 coco/bbox_mAP at 8 epoch is saved to best_coco_bbox_mAP_epoch_8.pth.
2026/03/24 14:40:01 - mmengine - INFO - Exp name: faster_rcnn_r50_fpn_solaqua_fish_80e_pretrained_20260324_143754
2026/03/24 14:40:01 - mmengine - INFO - Epoch(train)  [9][16/16]  lr: 5.7457e-03  eta: 0:13:23  time: 0.6617  data_time: 0.0338  memory: 11368  loss: 0.5863  loss_rpn_cls: 0.0594  loss_rpn_bbox: 0.0369  loss_cls: 0.1881  acc: 93.9297  loss_bbox: 0.3019
2026/03/24 14:40:12 - mmengine - INFO - Exp name: faster_rcnn_r50_fpn_solaqua_fish_80e_pretrained_20260324_143754
2026/03/24 14:40:12 - mmengine - INFO - Epoch(train) [10][16/16]  lr: 6.3864e-03  eta: 0:13:07  time: 0.6615  data_time: 0.0386  memory: 11333  loss: 0.5573  loss_rpn_cls: 0.0486  loss_rpn_bbox: 0.0356  loss_cls: 0.1768  acc: 91.3516  loss_bbox: 0.2963
2026/03/24 14:40:13 - mmengine - INFO - Evaluating bbox...
2026/03/24 14:40:13 - mmengine - INFO - bbox_mAP_copypaste: 0.342 0.749 0.249 -1.000 0.111 0.365
2026/03/24 14:40:13 - mmengine - INFO - Epoch(val) [10][31/31]    coco/bbox_mAP: 0.3420  coco/bbox_mAP_50: 0.7490  coco/bbox_mAP_75: 0.2490  coco/bbox_mAP_s: -1.0000  coco/bbox_mAP_m: 0.1110  coco/bbox_mAP_l: 0.3650  data_time: 0.0060  time: 0.0478
2026/03/24 14:40:13 - mmengine - INFO - The previous best checkpoint /workspace/aquaculture-perception/runs/mmdet/solaqua_fish/faster_rcnn_r50_fpn_solaqua_fish_80e_pretrained/best_coco_bbox_mAP_epoch_8.pth is removed
2026/03/24 14:40:15 - mmengine - INFO - The best checkpoint with 0.3420 coco/bbox_mAP at 10 epoch is saved to best_coco_bbox_mAP_epoch_10.pth.
2026/03/24 14:40:25 - mmengine - INFO - Exp name: faster_rcnn_r50_fpn_solaqua_fish_80e_pretrained_20260324_143754
2026/03/24 14:40:25 - mmengine - INFO - Epoch(train) [11][16/16]  lr: 7.0270e-03  eta: 0:12:51  time: 0.6578  data_time: 0.0400  memory: 11333  loss: 0.5333  loss_rpn_cls: 0.0414  loss_rpn_bbox: 0.0338  loss_cls: 0.1675  acc: 93.9141  loss_bbox: 0.2905
2026/03/24 14:40:35 - mmengine - INFO - Exp name: faster_rcnn_r50_fpn_solaqua_fish_80e_pretrained_20260324_143754
2026/03/24 14:40:35 - mmengine - INFO - Epoch(train) [12][16/16]  lr: 7.6677e-03  eta: 0:12:36  time: 0.6538  data_time: 0.0394  memory: 11339  loss: 0.5042  loss_rpn_cls: 0.0334  loss_rpn_bbox: 0.0313  loss_cls: 0.1579  acc: 96.1250  loss_bbox: 0.2817
2026/03/24 14:40:37 - mmengine - INFO - Evaluating bbox...
2026/03/24 14:40:37 - mmengine - INFO - bbox_mAP_copypaste: 0.371 0.834 0.239 -1.000 0.202 0.390
2026/03/24 14:40:37 - mmengine - INFO - Epoch(val) [12][31/31]    coco/bbox_mAP: 0.3710  coco/bbox_mAP_50: 0.8340  coco/bbox_mAP_75: 0.2390  coco/bbox_mAP_s: -1.0000  coco/bbox_mAP_m: 0.2020  coco/bbox_mAP_l: 0.3900  data_time: 0.0067  time: 0.0490
2026/03/24 14:40:37 - mmengine - INFO - The previous best checkpoint /workspace/aquaculture-perception/runs/mmdet/solaqua_fish/faster_rcnn_r50_fpn_solaqua_fish_80e_pretrained/best_coco_bbox_mAP_epoch_10.pth is removed
2026/03/24 14:40:38 - mmengine - INFO - The best checkpoint with 0.3710 coco/bbox_mAP at 12 epoch is saved to best_coco_bbox_mAP_epoch_12.pth.
2026/03/24 14:40:49 - mmengine - INFO - Exp name: faster_rcnn_r50_fpn_solaqua_fish_80e_pretrained_20260324_143754
2026/03/24 14:40:49 - mmengine - INFO - Epoch(train) [13][16/16]  lr: 8.3083e-03  eta: 0:12:20  time: 0.6465  data_time: 0.0376  memory: 11333  loss: 0.4833  loss_rpn_cls: 0.0281  loss_rpn_bbox: 0.0295  loss_cls: 0.1486  acc: 93.8281  loss_bbox: 0.2769
2026/03/24 14:40:59 - mmengine - INFO - Exp name: faster_rcnn_r50_fpn_solaqua_fish_80e_pretrained_20260324_143754
2026/03/24 14:40:59 - mmengine - INFO - Epoch(train) [14][16/16]  lr: 8.9489e-03  eta: 0:12:06  time: 0.6471  data_time: 0.0391  memory: 11333  loss: 0.4589  loss_rpn_cls: 0.0242  loss_rpn_bbox: 0.0277  loss_cls: 0.1390  acc: 95.9453  loss_bbox: 0.2680
2026/03/24 14:41:01 - mmengine - INFO - Evaluating bbox...
2026/03/24 14:41:01 - mmengine - INFO - bbox_mAP_copypaste: 0.431 0.883 0.341 -1.000 0.269 0.449
2026/03/24 14:41:01 - mmengine - INFO - Epoch(val) [14][31/31]    coco/bbox_mAP: 0.4310  coco/bbox_mAP_50: 0.8830  coco/bbox_mAP_75: 0.3410  coco/bbox_mAP_s: -1.0000  coco/bbox_mAP_m: 0.2690  coco/bbox_mAP_l: 0.4490  data_time: 0.0063  time: 0.0477
2026/03/24 14:41:01 - mmengine - INFO - The previous best checkpoint /workspace/aquaculture-perception/runs/mmdet/solaqua_fish/faster_rcnn_r50_fpn_solaqua_fish_80e_pretrained/best_coco_bbox_mAP_epoch_12.pth is removed
2026/03/24 14:41:02 - mmengine - INFO - The best checkpoint with 0.4310 coco/bbox_mAP at 14 epoch is saved to best_coco_bbox_mAP_epoch_14.pth.
2026/03/24 14:41:12 - mmengine - INFO - Exp name: faster_rcnn_r50_fpn_solaqua_fish_80e_pretrained_20260324_143754
2026/03/24 14:41:12 - mmengine - INFO - Epoch(train) [15][16/16]  lr: 9.5896e-03  eta: 0:11:53  time: 0.6472  data_time: 0.0381  memory: 11333  loss: 0.4315  loss_rpn_cls: 0.0210  loss_rpn_bbox: 0.0270  loss_cls: 0.1263  acc: 95.4844  loss_bbox: 0.2572
2026/03/24 14:41:23 - mmengine - INFO - Exp name: faster_rcnn_r50_fpn_solaqua_fish_80e_pretrained_20260324_143754
2026/03/24 14:41:23 - mmengine - INFO - Epoch(train) [16][16/16]  lr: 1.0230e-02  eta: 0:11:39  time: 0.6443  data_time: 0.0391  memory: 11333  loss: 0.4127  loss_rpn_cls: 0.0190  loss_rpn_bbox: 0.0264  loss_cls: 0.1196  acc: 96.9844  loss_bbox: 0.2477
2026/03/24 14:41:24 - mmengine - INFO - Evaluating bbox...
2026/03/24 14:41:24 - mmengine - INFO - bbox_mAP_copypaste: 0.475 0.905 0.449 -1.000 0.309 0.492
2026/03/24 14:41:24 - mmengine - INFO - Epoch(val) [16][31/31]    coco/bbox_mAP: 0.4750  coco/bbox_mAP_50: 0.9050  coco/bbox_mAP_75: 0.4490  coco/bbox_mAP_s: -1.0000  coco/bbox_mAP_m: 0.3090  coco/bbox_mAP_l: 0.4920  data_time: 0.0061  time: 0.0483
2026/03/24 14:41:24 - mmengine - INFO - The previous best checkpoint /workspace/aquaculture-perception/runs/mmdet/solaqua_fish/faster_rcnn_r50_fpn_solaqua_fish_80e_pretrained/best_coco_bbox_mAP_epoch_14.pth is removed
2026/03/24 14:41:25 - mmengine - INFO - The best checkpoint with 0.4750 coco/bbox_mAP at 16 epoch is saved to best_coco_bbox_mAP_epoch_16.pth.
2026/03/24 14:41:35 - mmengine - INFO - Exp name: faster_rcnn_r50_fpn_solaqua_fish_80e_pretrained_20260324_143754
2026/03/24 14:41:35 - mmengine - INFO - Epoch(train) [17][16/16]  lr: 1.0871e-02  eta: 0:11:25  time: 0.6370  data_time: 0.0313  memory: 11333  loss: 0.4121  loss_rpn_cls: 0.0184  loss_rpn_bbox: 0.0265  loss_cls: 0.1177  acc: 96.1016  loss_bbox: 0.2495
2026/03/24 14:41:45 - mmengine - INFO - Exp name: faster_rcnn_r50_fpn_solaqua_fish_80e_pretrained_20260324_143754
2026/03/24 14:41:45 - mmengine - INFO - Epoch(train) [18][16/16]  lr: 1.1512e-02  eta: 0:11:12  time: 0.6294  data_time: 0.0293  memory: 11333  loss: 0.3958  loss_rpn_cls: 0.0171  loss_rpn_bbox: 0.0248  loss_cls: 0.1134  acc: 94.7734  loss_bbox: 0.2404
2026/03/24 14:41:47 - mmengine - INFO - Evaluating bbox...
2026/03/24 14:41:47 - mmengine - INFO - bbox_mAP_copypaste: 0.540 0.921 0.584 -1.000 0.301 0.561
2026/03/24 14:41:47 - mmengine - INFO - Epoch(val) [18][31/31]    coco/bbox_mAP: 0.5400  coco/bbox_mAP_50: 0.9210  coco/bbox_mAP_75: 0.5840  coco/bbox_mAP_s: -1.0000  coco/bbox_mAP_m: 0.3010  coco/bbox_mAP_l: 0.5610  data_time: 0.0058  time: 0.0475
2026/03/24 14:41:47 - mmengine - INFO - The previous best checkpoint /workspace/aquaculture-perception/runs/mmdet/solaqua_fish/faster_rcnn_r50_fpn_solaqua_fish_80e_pretrained/best_coco_bbox_mAP_epoch_16.pth is removed
2026/03/24 14:41:48 - mmengine - INFO - The best checkpoint with 0.5400 coco/bbox_mAP at 18 epoch is saved to best_coco_bbox_mAP_epoch_18.pth.
2026/03/24 14:41:58 - mmengine - INFO - Exp name: faster_rcnn_r50_fpn_solaqua_fish_80e_pretrained_20260324_143754
2026/03/24 14:41:58 - mmengine - INFO - Epoch(train) [19][16/16]  lr: 1.2152e-02  eta: 0:10:59  time: 0.6317  data_time: 0.0280  memory: 11333  loss: 0.3866  loss_rpn_cls: 0.0156  loss_rpn_bbox: 0.0244  loss_cls: 0.1107  acc: 96.2969  loss_bbox: 0.2359
2026/03/24 14:42:08 - mmengine - INFO - Exp name: faster_rcnn_r50_fpn_solaqua_fish_80e_pretrained_20260324_143754
2026/03/24 14:42:08 - mmengine - INFO - Epoch(train) [20][16/16]  lr: 1.2793e-02  eta: 0:10:46  time: 0.6294  data_time: 0.0278  memory: 11333  loss: 0.3626  loss_rpn_cls: 0.0136  loss_rpn_bbox: 0.0229  loss_cls: 0.1053  acc: 96.3672  loss_bbox: 0.2208
2026/03/24 14:42:10 - mmengine - INFO - Evaluating bbox...
2026/03/24 14:42:10 - mmengine - INFO - bbox_mAP_copypaste: 0.514 0.928 0.518 -1.000 0.341 0.529
2026/03/24 14:42:10 - mmengine - INFO - Epoch(val) [20][31/31]    coco/bbox_mAP: 0.5140  coco/bbox_mAP_50: 0.9280  coco/bbox_mAP_75: 0.5180  coco/bbox_mAP_s: -1.0000  coco/bbox_mAP_m: 0.3410  coco/bbox_mAP_l: 0.5290  data_time: 0.0062  time: 0.0486
2026/03/24 14:42:20 - mmengine - INFO - Exp name: faster_rcnn_r50_fpn_solaqua_fish_80e_pretrained_20260324_143754
2026/03/24 14:42:20 - mmengine - INFO - Epoch(train) [21][16/16]  lr: 1.3433e-02  eta: 0:10:33  time: 0.6315  data_time: 0.0262  memory: 11333  loss: 0.3539  loss_rpn_cls: 0.0126  loss_rpn_bbox: 0.0232  loss_cls: 0.1028  acc: 95.5000  loss_bbox: 0.2153
2026/03/24 14:42:30 - mmengine - INFO - Exp name: faster_rcnn_r50_fpn_solaqua_fish_80e_pretrained_20260324_143754
2026/03/24 14:42:30 - mmengine - INFO - Epoch(train) [22][16/16]  lr: 1.4074e-02  eta: 0:10:21  time: 0.6269  data_time: 0.0239  memory: 11333  loss: 0.3367  loss_rpn_cls: 0.0113  loss_rpn_bbox: 0.0222  loss_cls: 0.0975  acc: 96.4609  loss_bbox: 0.2058
2026/03/24 14:42:32 - mmengine - INFO - Evaluating bbox...
2026/03/24 14:42:32 - mmengine - INFO - bbox_mAP_copypaste: 0.568 0.930 0.641 -1.000 0.348 0.586
2026/03/24 14:42:32 - mmengine - INFO - Epoch(val) [22][31/31]    coco/bbox_mAP: 0.5680  coco/bbox_mAP_50: 0.9300  coco/bbox_mAP_75: 0.6410  coco/bbox_mAP_s: -1.0000  coco/bbox_mAP_m: 0.3480  coco/bbox_mAP_l: 0.5860  data_time: 0.0062  time: 0.0484
2026/03/24 14:42:32 - mmengine - INFO - The previous best checkpoint /workspace/aquaculture-perception/runs/mmdet/solaqua_fish/faster_rcnn_r50_fpn_solaqua_fish_80e_pretrained/best_coco_bbox_mAP_epoch_18.pth is removed
2026/03/24 14:42:33 - mmengine - INFO - The best checkpoint with 0.5680 coco/bbox_mAP at 22 epoch is saved to best_coco_bbox_mAP_epoch_22.pth.
2026/03/24 14:42:43 - mmengine - INFO - Exp name: faster_rcnn_r50_fpn_solaqua_fish_80e_pretrained_20260324_143754
2026/03/24 14:42:43 - mmengine - INFO - Epoch(train) [23][16/16]  lr: 1.4715e-02  eta: 0:10:09  time: 0.6292  data_time: 0.0236  memory: 11333  loss: 0.3290  loss_rpn_cls: 0.0106  loss_rpn_bbox: 0.0223  loss_cls: 0.0939  acc: 94.9219  loss_bbox: 0.2022
2026/03/24 14:42:53 - mmengine - INFO - Exp name: faster_rcnn_r50_fpn_solaqua_fish_80e_pretrained_20260324_143754
2026/03/24 14:42:53 - mmengine - INFO - Epoch(train) [24][16/16]  lr: 1.5355e-02  eta: 0:09:57  time: 0.6270  data_time: 0.0235  memory: 11333  loss: 0.3175  loss_rpn_cls: 0.0090  loss_rpn_bbox: 0.0214  loss_cls: 0.0899  acc: 95.8125  loss_bbox: 0.1973
2026/03/24 14:42:55 - mmengine - INFO - Evaluating bbox...
2026/03/24 14:42:55 - mmengine - INFO - bbox_mAP_copypaste: 0.586 0.918 0.710 -1.000 0.322 0.612
2026/03/24 14:42:55 - mmengine - INFO - Epoch(val) [24][31/31]    coco/bbox_mAP: 0.5860  coco/bbox_mAP_50: 0.9180  coco/bbox_mAP_75: 0.7100  coco/bbox_mAP_s: -1.0000  coco/bbox_mAP_m: 0.3220  coco/bbox_mAP_l: 0.6120  data_time: 0.0058  time: 0.0474
2026/03/24 14:42:55 - mmengine - INFO - The previous best checkpoint /workspace/aquaculture-perception/runs/mmdet/solaqua_fish/faster_rcnn_r50_fpn_solaqua_fish_80e_pretrained/best_coco_bbox_mAP_epoch_22.pth is removed
2026/03/24 14:42:55 - mmengine - INFO - The best checkpoint with 0.5860 coco/bbox_mAP at 24 epoch is saved to best_coco_bbox_mAP_epoch_24.pth.
2026/03/24 14:43:06 - mmengine - INFO - Exp name: faster_rcnn_r50_fpn_solaqua_fish_80e_pretrained_20260324_143754
2026/03/24 14:43:06 - mmengine - INFO - Epoch(train) [25][16/16]  lr: 1.5996e-02  eta: 0:09:45  time: 0.6323  data_time: 0.0276  memory: 11333  loss: 0.3098  loss_rpn_cls: 0.0086  loss_rpn_bbox: 0.0211  loss_cls: 0.0860  acc: 95.9766  loss_bbox: 0.1941
2026/03/24 14:43:16 - mmengine - INFO - Exp name: faster_rcnn_r50_fpn_solaqua_fish_80e_pretrained_20260324_143754
2026/03/24 14:43:16 - mmengine - INFO - Epoch(train) [26][16/16]  lr: 1.6637e-02  eta: 0:09:34  time: 0.6349  data_time: 0.0297  memory: 11333  loss: 0.3020  loss_rpn_cls: 0.0081  loss_rpn_bbox: 0.0210  loss_cls: 0.0841  acc: 95.6953  loss_bbox: 0.1887
2026/03/24 14:43:18 - mmengine - INFO - Evaluating bbox...
2026/03/24 14:43:18 - mmengine - INFO - bbox_mAP_copypaste: 0.600 0.941 0.724 -1.000 0.390 0.619
2026/03/24 14:43:18 - mmengine - INFO - Epoch(val) [26][31/31]    coco/bbox_mAP: 0.6000  coco/bbox_mAP_50: 0.9410  coco/bbox_mAP_75: 0.7240  coco/bbox_mAP_s: -1.0000  coco/bbox_mAP_m: 0.3900  coco/bbox_mAP_l: 0.6190  data_time: 0.0056  time: 0.0471
2026/03/24 14:43:18 - mmengine - INFO - The previous best checkpoint /workspace/aquaculture-perception/runs/mmdet/solaqua_fish/faster_rcnn_r50_fpn_solaqua_fish_80e_pretrained/best_coco_bbox_mAP_epoch_24.pth is removed
2026/03/24 14:43:18 - mmengine - INFO - The best checkpoint with 0.6000 coco/bbox_mAP at 26 epoch is saved to best_coco_bbox_mAP_epoch_26.pth.
2026/03/24 14:43:29 - mmengine - INFO - Exp name: faster_rcnn_r50_fpn_solaqua_fish_80e_pretrained_20260324_143754
2026/03/24 14:43:29 - mmengine - INFO - Epoch(train) [27][16/16]  lr: 1.7277e-02  eta: 0:09:22  time: 0.6391  data_time: 0.0324  memory: 11333  loss: 0.2927  loss_rpn_cls: 0.0078  loss_rpn_bbox: 0.0199  loss_cls: 0.0817  acc: 95.7656  loss_bbox: 0.1833
2026/03/24 14:43:39 - mmengine - INFO - Exp name: faster_rcnn_r50_fpn_solaqua_fish_80e_pretrained_20260324_143754
2026/03/24 14:43:39 - mmengine - INFO - Epoch(train) [28][16/16]  lr: 1.7918e-02  eta: 0:09:10  time: 0.6293  data_time: 0.0271  memory: 11333  loss: 0.2776  loss_rpn_cls: 0.0069  loss_rpn_bbox: 0.0189  loss_cls: 0.0787  acc: 95.9766  loss_bbox: 0.1731
2026/03/24 14:43:40 - mmengine - INFO - Evaluating bbox...
2026/03/24 14:43:40 - mmengine - INFO - bbox_mAP_copypaste: 0.604 0.947 0.719 -1.000 0.430 0.621
2026/03/24 14:43:40 - mmengine - INFO - Epoch(val) [28][31/31]    coco/bbox_mAP: 0.6040  coco/bbox_mAP_50: 0.9470  coco/bbox_mAP_75: 0.7190  coco/bbox_mAP_s: -1.0000  coco/bbox_mAP_m: 0.4300  coco/bbox_mAP_l: 0.6210  data_time: 0.0058  time: 0.0475
2026/03/24 14:43:40 - mmengine - INFO - The previous best checkpoint /workspace/aquaculture-perception/runs/mmdet/solaqua_fish/faster_rcnn_r50_fpn_solaqua_fish_80e_pretrained/best_coco_bbox_mAP_epoch_26.pth is removed
2026/03/24 14:43:41 - mmengine - INFO - The best checkpoint with 0.6040 coco/bbox_mAP at 28 epoch is saved to best_coco_bbox_mAP_epoch_28.pth.
2026/03/24 14:43:51 - mmengine - INFO - Exp name: faster_rcnn_r50_fpn_solaqua_fish_80e_pretrained_20260324_143754
2026/03/24 14:43:51 - mmengine - INFO - Epoch(train) [29][16/16]  lr: 1.8559e-02  eta: 0:08:59  time: 0.6280  data_time: 0.0264  memory: 11333  loss: 0.2658  loss_rpn_cls: 0.0065  loss_rpn_bbox: 0.0190  loss_cls: 0.0755  acc: 95.9531  loss_bbox: 0.1648
2026/03/24 14:44:02 - mmengine - INFO - Exp name: faster_rcnn_r50_fpn_solaqua_fish_80e_pretrained_20260324_143754
2026/03/24 14:44:02 - mmengine - INFO - Epoch(train) [30][16/16]  lr: 1.9199e-02  eta: 0:08:48  time: 0.6266  data_time: 0.0287  memory: 11333  loss: 0.2686  loss_rpn_cls: 0.0065  loss_rpn_bbox: 0.0201  loss_cls: 0.0750  acc: 95.9922  loss_bbox: 0.1670
2026/03/24 14:44:03 - mmengine - INFO - Evaluating bbox...
2026/03/24 14:44:03 - mmengine - INFO - bbox_mAP_copypaste: 0.626 0.958 0.757 -1.000 0.407 0.644
2026/03/24 14:44:03 - mmengine - INFO - Epoch(val) [30][31/31]    coco/bbox_mAP: 0.6260  coco/bbox_mAP_50: 0.9580  coco/bbox_mAP_75: 0.7570  coco/bbox_mAP_s: -1.0000  coco/bbox_mAP_m: 0.4070  coco/bbox_mAP_l: 0.6440  data_time: 0.0060  time: 0.0478
2026/03/24 14:44:03 - mmengine - INFO - The previous best checkpoint /workspace/aquaculture-perception/runs/mmdet/solaqua_fish/faster_rcnn_r50_fpn_solaqua_fish_80e_pretrained/best_coco_bbox_mAP_epoch_28.pth is removed
2026/03/24 14:44:04 - mmengine - INFO - The best checkpoint with 0.6260 coco/bbox_mAP at 30 epoch is saved to best_coco_bbox_mAP_epoch_30.pth.
2026/03/24 14:44:15 - mmengine - INFO - Exp name: faster_rcnn_r50_fpn_solaqua_fish_80e_pretrained_20260324_143754
2026/03/24 14:44:15 - mmengine - INFO - Epoch(train) [31][16/16]  lr: 1.9840e-02  eta: 0:08:37  time: 0.6373  data_time: 0.0308  memory: 11333  loss: 0.2725  loss_rpn_cls: 0.0067  loss_rpn_bbox: 0.0201  loss_cls: 0.0765  acc: 97.4297  loss_bbox: 0.1691
2026/03/24 14:44:25 - mmengine - INFO - Exp name: faster_rcnn_r50_fpn_solaqua_fish_80e_pretrained_20260324_143754
2026/03/24 14:44:25 - mmengine - INFO - Epoch(train) [32][16/16]  lr: 2.0000e-02  eta: 0:08:26  time: 0.6338  data_time: 0.0319  memory: 11333  loss: 0.2783  loss_rpn_cls: 0.0069  loss_rpn_bbox: 0.0198  loss_cls: 0.0791  acc: 97.6094  loss_bbox: 0.1725
2026/03/24 14:44:26 - mmengine - INFO - Evaluating bbox...
2026/03/24 14:44:26 - mmengine - INFO - bbox_mAP_copypaste: 0.611 0.940 0.706 -1.000 0.391 0.631
2026/03/24 14:44:26 - mmengine - INFO - Epoch(val) [32][31/31]    coco/bbox_mAP: 0.6110  coco/bbox_mAP_50: 0.9400  coco/bbox_mAP_75: 0.7060  coco/bbox_mAP_s: -1.0000  coco/bbox_mAP_m: 0.3910  coco/bbox_mAP_l: 0.6310  data_time: 0.0060  time: 0.0488
2026/03/24 14:44:36 - mmengine - INFO - Exp name: faster_rcnn_r50_fpn_solaqua_fish_80e_pretrained_20260324_143754
2026/03/24 14:44:36 - mmengine - INFO - Epoch(train) [33][16/16]  lr: 2.0000e-02  eta: 0:08:14  time: 0.6261  data_time: 0.0266  memory: 11333  loss: 0.2617  loss_rpn_cls: 0.0062  loss_rpn_bbox: 0.0182  loss_cls: 0.0749  acc: 96.9141  loss_bbox: 0.1623
2026/03/24 14:44:46 - mmengine - INFO - Exp name: faster_rcnn_r50_fpn_solaqua_fish_80e_pretrained_20260324_143754
2026/03/24 14:44:46 - mmengine - INFO - Epoch(train) [34][16/16]  lr: 2.0000e-02  eta: 0:08:03  time: 0.6166  data_time: 0.0272  memory: 11333  loss: 0.2471  loss_rpn_cls: 0.0054  loss_rpn_bbox: 0.0171  loss_cls: 0.0691  acc: 97.7109  loss_bbox: 0.1555
2026/03/24 14:44:48 - mmengine - INFO - Evaluating bbox...
2026/03/24 14:44:48 - mmengine - INFO - bbox_mAP_copypaste: 0.616 0.930 0.743 -1.000 0.369 0.639
2026/03/24 14:44:48 - mmengine - INFO - Epoch(val) [34][31/31]    coco/bbox_mAP: 0.6160  coco/bbox_mAP_50: 0.9300  coco/bbox_mAP_75: 0.7430  coco/bbox_mAP_s: -1.0000  coco/bbox_mAP_m: 0.3690  coco/bbox_mAP_l: 0.6390  data_time: 0.0069  time: 0.0495
2026/03/24 14:44:58 - mmengine - INFO - Exp name: faster_rcnn_r50_fpn_solaqua_fish_80e_pretrained_20260324_143754
2026/03/24 14:44:58 - mmengine - INFO - Epoch(train) [35][16/16]  lr: 2.0000e-02  eta: 0:07:52  time: 0.6258  data_time: 0.0370  memory: 11333  loss: 0.2320  loss_rpn_cls: 0.0046  loss_rpn_bbox: 0.0159  loss_cls: 0.0630  acc: 97.6406  loss_bbox: 0.1485
2026/03/24 14:45:09 - mmengine - INFO - Exp name: faster_rcnn_r50_fpn_solaqua_fish_80e_pretrained_20260324_143754
2026/03/24 14:45:09 - mmengine - INFO - Epoch(train) [36][16/16]  lr: 2.0000e-02  eta: 0:07:41  time: 0.6338  data_time: 0.0429  memory: 11333  loss: 0.2249  loss_rpn_cls: 0.0043  loss_rpn_bbox: 0.0154  loss_cls: 0.0601  acc: 96.8359  loss_bbox: 0.1451
2026/03/24 14:45:10 - mmengine - INFO - Evaluating bbox...
2026/03/24 14:45:10 - mmengine - INFO - bbox_mAP_copypaste: 0.609 0.931 0.720 -1.000 0.395 0.629
2026/03/24 14:45:10 - mmengine - INFO - Epoch(val) [36][31/31]    coco/bbox_mAP: 0.6090  coco/bbox_mAP_50: 0.9310  coco/bbox_mAP_75: 0.7200  coco/bbox_mAP_s: -1.0000  coco/bbox_mAP_m: 0.3950  coco/bbox_mAP_l: 0.6290  data_time: 0.0059  time: 0.0477
2026/03/24 14:45:20 - mmengine - INFO - Exp name: faster_rcnn_r50_fpn_solaqua_fish_80e_pretrained_20260324_143754
2026/03/24 14:45:20 - mmengine - INFO - Epoch(train) [37][16/16]  lr: 2.0000e-02  eta: 0:07:30  time: 0.6373  data_time: 0.0456  memory: 11333  loss: 0.2129  loss_rpn_cls: 0.0039  loss_rpn_bbox: 0.0147  loss_cls: 0.0562  acc: 98.3984  loss_bbox: 0.1381
2026/03/24 14:45:31 - mmengine - INFO - Exp name: faster_rcnn_r50_fpn_solaqua_fish_80e_pretrained_20260324_143754
2026/03/24 14:45:31 - mmengine - INFO - Epoch(train) [38][16/16]  lr: 2.0000e-02  eta: 0:07:20  time: 0.6350  data_time: 0.0456  memory: 11333  loss: 0.2066  loss_rpn_cls: 0.0037  loss_rpn_bbox: 0.0148  loss_cls: 0.0542  acc: 96.9219  loss_bbox: 0.1339
2026/03/24 14:45:32 - mmengine - INFO - Evaluating bbox...
2026/03/24 14:45:32 - mmengine - INFO - bbox_mAP_copypaste: 0.612 0.931 0.721 -1.000 0.383 0.633
2026/03/24 14:45:32 - mmengine - INFO - Epoch(val) [38][31/31]    coco/bbox_mAP: 0.6120  coco/bbox_mAP_50: 0.9310  coco/bbox_mAP_75: 0.7210  coco/bbox_mAP_s: -1.0000  coco/bbox_mAP_m: 0.3830  coco/bbox_mAP_l: 0.6330  data_time: 0.0055  time: 0.0462
2026/03/24 14:45:42 - mmengine - INFO - Exp name: faster_rcnn_r50_fpn_solaqua_fish_80e_pretrained_20260324_143754
2026/03/24 14:45:42 - mmengine - INFO - Epoch(train) [39][16/16]  lr: 2.0000e-02  eta: 0:07:09  time: 0.6331  data_time: 0.0462  memory: 11333  loss: 0.2088  loss_rpn_cls: 0.0037  loss_rpn_bbox: 0.0152  loss_cls: 0.0549  acc: 98.1094  loss_bbox: 0.1349
2026/03/24 14:45:52 - mmengine - INFO - Exp name: faster_rcnn_r50_fpn_solaqua_fish_80e_pretrained_20260324_143754
2026/03/24 14:45:52 - mmengine - INFO - Epoch(train) [40][16/16]  lr: 2.0000e-02  eta: 0:06:58  time: 0.6296  data_time: 0.0455  memory: 11333  loss: 0.2029  loss_rpn_cls: 0.0036  loss_rpn_bbox: 0.0148  loss_cls: 0.0533  acc: 97.7578  loss_bbox: 0.1313
2026/03/24 14:45:54 - mmengine - INFO - Evaluating bbox...
2026/03/24 14:45:54 - mmengine - INFO - bbox_mAP_copypaste: 0.629 0.936 0.764 -1.000 0.413 0.649
2026/03/24 14:45:54 - mmengine - INFO - Epoch(val) [40][31/31]    coco/bbox_mAP: 0.6290  coco/bbox_mAP_50: 0.9360  coco/bbox_mAP_75: 0.7640  coco/bbox_mAP_s: -1.0000  coco/bbox_mAP_m: 0.4130  coco/bbox_mAP_l: 0.6490  data_time: 0.0063  time: 0.0483
2026/03/24 14:45:54 - mmengine - INFO - The previous best checkpoint /workspace/aquaculture-perception/runs/mmdet/solaqua_fish/faster_rcnn_r50_fpn_solaqua_fish_80e_pretrained/best_coco_bbox_mAP_epoch_30.pth is removed
2026/03/24 14:45:55 - mmengine - INFO - The best checkpoint with 0.6290 coco/bbox_mAP at 40 epoch is saved to best_coco_bbox_mAP_epoch_40.pth.
2026/03/24 14:46:05 - mmengine - INFO - Exp name: faster_rcnn_r50_fpn_solaqua_fish_80e_pretrained_20260324_143754
2026/03/24 14:46:05 - mmengine - INFO - Epoch(train) [41][16/16]  lr: 2.0000e-02  eta: 0:06:47  time: 0.6302  data_time: 0.0435  memory: 11333  loss: 0.1967  loss_rpn_cls: 0.0036  loss_rpn_bbox: 0.0143  loss_cls: 0.0520  acc: 98.7031  loss_bbox: 0.1267
2026/03/24 14:46:15 - mmengine - INFO - Exp name: faster_rcnn_r50_fpn_solaqua_fish_80e_pretrained_20260324_143754
2026/03/24 14:46:15 - mmengine - INFO - Epoch(train) [42][16/16]  lr: 2.0000e-02  eta: 0:06:37  time: 0.6275  data_time: 0.0441  memory: 11333  loss: 0.1822  loss_rpn_cls: 0.0032  loss_rpn_bbox: 0.0136  loss_cls: 0.0481  acc: 98.0000  loss_bbox: 0.1174
2026/03/24 14:46:17 - mmengine - INFO - Evaluating bbox...
2026/03/24 14:46:17 - mmengine - INFO - bbox_mAP_copypaste: 0.631 0.934 0.745 -1.000 0.412 0.650
2026/03/24 14:46:17 - mmengine - INFO - Epoch(val) [42][31/31]    coco/bbox_mAP: 0.6310  coco/bbox_mAP_50: 0.9340  coco/bbox_mAP_75: 0.7450  coco/bbox_mAP_s: -1.0000  coco/bbox_mAP_m: 0.4120  coco/bbox_mAP_l: 0.6500  data_time: 0.0060  time: 0.0483
2026/03/24 14:46:17 - mmengine - INFO - The previous best checkpoint /workspace/aquaculture-perception/runs/mmdet/solaqua_fish/faster_rcnn_r50_fpn_solaqua_fish_80e_pretrained/best_coco_bbox_mAP_epoch_40.pth is removed
2026/03/24 14:46:18 - mmengine - INFO - The best checkpoint with 0.6310 coco/bbox_mAP at 42 epoch is saved to best_coco_bbox_mAP_epoch_42.pth.
2026/03/24 14:46:28 - mmengine - INFO - Exp name: faster_rcnn_r50_fpn_solaqua_fish_80e_pretrained_20260324_143754
2026/03/24 14:46:28 - mmengine - INFO - Epoch(train) [43][16/16]  lr: 2.0000e-02  eta: 0:06:26  time: 0.6279  data_time: 0.0426  memory: 11333  loss: 0.1761  loss_rpn_cls: 0.0028  loss_rpn_bbox: 0.0134  loss_cls: 0.0469  acc: 98.9141  loss_bbox: 0.1129
2026/03/24 14:46:38 - mmengine - INFO - Exp name: faster_rcnn_r50_fpn_solaqua_fish_80e_pretrained_20260324_143754
2026/03/24 14:46:38 - mmengine - INFO - Epoch(train) [44][16/16]  lr: 2.0000e-02  eta: 0:06:15  time: 0.6224  data_time: 0.0400  memory: 11333  loss: 0.1691  loss_rpn_cls: 0.0026  loss_rpn_bbox: 0.0133  loss_cls: 0.0451  acc: 98.9688  loss_bbox: 0.1081
2026/03/24 14:46:40 - mmengine - INFO - Evaluating bbox...
2026/03/24 14:46:40 - mmengine - INFO - bbox_mAP_copypaste: 0.634 0.950 0.758 -1.000 0.459 0.651
2026/03/24 14:46:40 - mmengine - INFO - Epoch(val) [44][31/31]    coco/bbox_mAP: 0.6340  coco/bbox_mAP_50: 0.9500  coco/bbox_mAP_75: 0.7580  coco/bbox_mAP_s: -1.0000  coco/bbox_mAP_m: 0.4590  coco/bbox_mAP_l: 0.6510  data_time: 0.0064  time: 0.0484
2026/03/24 14:46:40 - mmengine - INFO - The previous best checkpoint /workspace/aquaculture-perception/runs/mmdet/solaqua_fish/faster_rcnn_r50_fpn_solaqua_fish_80e_pretrained/best_coco_bbox_mAP_epoch_42.pth is removed
2026/03/24 14:46:41 - mmengine - INFO - The best checkpoint with 0.6340 coco/bbox_mAP at 44 epoch is saved to best_coco_bbox_mAP_epoch_44.pth.
2026/03/24 14:46:51 - mmengine - INFO - Exp name: faster_rcnn_r50_fpn_solaqua_fish_80e_pretrained_20260324_143754
2026/03/24 14:46:51 - mmengine - INFO - Epoch(train) [45][16/16]  lr: 2.0000e-02  eta: 0:06:04  time: 0.6238  data_time: 0.0422  memory: 11333  loss: 0.1708  loss_rpn_cls: 0.0026  loss_rpn_bbox: 0.0136  loss_cls: 0.0453  acc: 98.4531  loss_bbox: 0.1094
2026/03/24 14:47:00 - mmengine - INFO - Exp name: faster_rcnn_r50_fpn_solaqua_fish_80e_pretrained_20260324_143754
2026/03/24 14:47:00 - mmengine - INFO - Epoch(train) [46][16/16]  lr: 2.0000e-02  eta: 0:05:53  time: 0.6145  data_time: 0.0393  memory: 11333  loss: 0.1652  loss_rpn_cls: 0.0026  loss_rpn_bbox: 0.0132  loss_cls: 0.0437  acc: 98.3594  loss_bbox: 0.1058
2026/03/24 14:47:02 - mmengine - INFO - Evaluating bbox...
2026/03/24 14:47:02 - mmengine - INFO - bbox_mAP_copypaste: 0.639 0.932 0.757 -1.000 0.409 0.659
2026/03/24 14:47:02 - mmengine - INFO - Epoch(val) [46][31/31]    coco/bbox_mAP: 0.6390  coco/bbox_mAP_50: 0.9320  coco/bbox_mAP_75: 0.7570  coco/bbox_mAP_s: -1.0000  coco/bbox_mAP_m: 0.4090  coco/bbox_mAP_l: 0.6590  data_time: 0.0067  time: 0.0486
2026/03/24 14:47:02 - mmengine - INFO - The previous best checkpoint /workspace/aquaculture-perception/runs/mmdet/solaqua_fish/faster_rcnn_r50_fpn_solaqua_fish_80e_pretrained/best_coco_bbox_mAP_epoch_44.pth is removed
2026/03/24 14:47:03 - mmengine - INFO - The best checkpoint with 0.6390 coco/bbox_mAP at 46 epoch is saved to best_coco_bbox_mAP_epoch_46.pth.
2026/03/24 14:47:13 - mmengine - INFO - Exp name: faster_rcnn_r50_fpn_solaqua_fish_80e_pretrained_20260324_143754
2026/03/24 14:47:13 - mmengine - INFO - Epoch(train) [47][16/16]  lr: 2.0000e-02  eta: 0:05:43  time: 0.6166  data_time: 0.0385  memory: 11333  loss: 0.1631  loss_rpn_cls: 0.0025  loss_rpn_bbox: 0.0126  loss_cls: 0.0434  acc: 97.7188  loss_bbox: 0.1046
2026/03/24 14:47:23 - mmengine - INFO - Exp name: faster_rcnn_r50_fpn_solaqua_fish_80e_pretrained_20260324_143754
2026/03/24 14:47:23 - mmengine - INFO - Epoch(train) [48][16/16]  lr: 2.0000e-02  eta: 0:05:32  time: 0.6152  data_time: 0.0369  memory: 11333  loss: 0.1574  loss_rpn_cls: 0.0024  loss_rpn_bbox: 0.0120  loss_cls: 0.0418  acc: 98.3828  loss_bbox: 0.1013
2026/03/24 14:47:24 - mmengine - INFO - Evaluating bbox...
2026/03/24 14:47:24 - mmengine - INFO - bbox_mAP_copypaste: 0.642 0.943 0.769 -1.000 0.413 0.667
2026/03/24 14:47:24 - mmengine - INFO - Epoch(val) [48][31/31]    coco/bbox_mAP: 0.6420  coco/bbox_mAP_50: 0.9430  coco/bbox_mAP_75: 0.7690  coco/bbox_mAP_s: -1.0000  coco/bbox_mAP_m: 0.4130  coco/bbox_mAP_l: 0.6670  data_time: 0.0057  time: 0.0458
2026/03/24 14:47:25 - mmengine - INFO - The previous best checkpoint /workspace/aquaculture-perception/runs/mmdet/solaqua_fish/faster_rcnn_r50_fpn_solaqua_fish_80e_pretrained/best_coco_bbox_mAP_epoch_46.pth is removed
2026/03/24 14:47:25 - mmengine - INFO - The best checkpoint with 0.6420 coco/bbox_mAP at 48 epoch is saved to best_coco_bbox_mAP_epoch_48.pth.
2026/03/24 14:47:35 - mmengine - INFO - Exp name: faster_rcnn_r50_fpn_solaqua_fish_80e_pretrained_20260324_143754
2026/03/24 14:47:35 - mmengine - INFO - Epoch(train) [49][16/16]  lr: 2.0000e-02  eta: 0:05:21  time: 0.6240  data_time: 0.0444  memory: 11333  loss: 0.1607  loss_rpn_cls: 0.0023  loss_rpn_bbox: 0.0119  loss_cls: 0.0420  acc: 98.3984  loss_bbox: 0.1045
2026/03/24 14:47:45 - mmengine - INFO - Exp name: faster_rcnn_r50_fpn_solaqua_fish_80e_pretrained_20260324_143754
2026/03/24 14:47:45 - mmengine - INFO - Epoch(train) [50][16/16]  lr: 2.0000e-02  eta: 0:05:11  time: 0.6199  data_time: 0.0449  memory: 11333  loss: 0.1648  loss_rpn_cls: 0.0024  loss_rpn_bbox: 0.0121  loss_cls: 0.0427  acc: 98.2500  loss_bbox: 0.1077
2026/03/24 14:47:47 - mmengine - INFO - Evaluating bbox...
2026/03/24 14:47:47 - mmengine - INFO - bbox_mAP_copypaste: 0.647 0.950 0.762 -1.000 0.421 0.668
2026/03/24 14:47:47 - mmengine - INFO - Epoch(val) [50][31/31]    coco/bbox_mAP: 0.6470  coco/bbox_mAP_50: 0.9500  coco/bbox_mAP_75: 0.7620  coco/bbox_mAP_s: -1.0000  coco/bbox_mAP_m: 0.4210  coco/bbox_mAP_l: 0.6680  data_time: 0.0063  time: 0.0479
2026/03/24 14:47:47 - mmengine - INFO - The previous best checkpoint /workspace/aquaculture-perception/runs/mmdet/solaqua_fish/faster_rcnn_r50_fpn_solaqua_fish_80e_pretrained/best_coco_bbox_mAP_epoch_48.pth is removed
2026/03/24 14:47:48 - mmengine - INFO - The best checkpoint with 0.6470 coco/bbox_mAP at 50 epoch is saved to best_coco_bbox_mAP_epoch_50.pth.
2026/03/24 14:47:58 - mmengine - INFO - Exp name: faster_rcnn_r50_fpn_solaqua_fish_80e_pretrained_20260324_143754
2026/03/24 14:47:58 - mmengine - INFO - Epoch(train) [51][16/16]  lr: 2.0000e-02  eta: 0:05:00  time: 0.6252  data_time: 0.0460  memory: 11333  loss: 0.1634  loss_rpn_cls: 0.0023  loss_rpn_bbox: 0.0120  loss_cls: 0.0423  acc: 98.3906  loss_bbox: 0.1067
2026/03/24 14:48:09 - mmengine - INFO - Exp name: faster_rcnn_r50_fpn_solaqua_fish_80e_pretrained_20260324_143754
2026/03/24 14:48:09 - mmengine - INFO - Epoch(train) [52][16/16]  lr: 2.0000e-02  eta: 0:04:50  time: 0.6350  data_time: 0.0514  memory: 11333  loss: 0.1616  loss_rpn_cls: 0.0023  loss_rpn_bbox: 0.0122  loss_cls: 0.0418  acc: 98.5000  loss_bbox: 0.1053
2026/03/24 14:48:10 - mmengine - INFO - Evaluating bbox...
2026/03/24 14:48:10 - mmengine - INFO - bbox_mAP_copypaste: 0.639 0.933 0.765 -1.000 0.420 0.658
2026/03/24 14:48:10 - mmengine - INFO - Epoch(val) [52][31/31]    coco/bbox_mAP: 0.6390  coco/bbox_mAP_50: 0.9330  coco/bbox_mAP_75: 0.7650  coco/bbox_mAP_s: -1.0000  coco/bbox_mAP_m: 0.4200  coco/bbox_mAP_l: 0.6580  data_time: 0.0061  time: 0.0467
2026/03/24 14:48:20 - mmengine - INFO - Exp name: faster_rcnn_r50_fpn_solaqua_fish_80e_pretrained_20260324_143754
2026/03/24 14:48:20 - mmengine - INFO - Epoch(train) [53][16/16]  lr: 2.0000e-02  eta: 0:04:40  time: 0.6401  data_time: 0.0534  memory: 11333  loss: 0.1534  loss_rpn_cls: 0.0023  loss_rpn_bbox: 0.0118  loss_cls: 0.0405  acc: 98.5625  loss_bbox: 0.0989
2026/03/24 14:48:30 - mmengine - INFO - Exp name: faster_rcnn_r50_fpn_solaqua_fish_80e_pretrained_20260324_143754
2026/03/24 14:48:30 - mmengine - INFO - Epoch(train) [54][16/16]  lr: 2.0000e-03  eta: 0:04:29  time: 0.6295  data_time: 0.0491  memory: 11333  loss: 0.1450  loss_rpn_cls: 0.0022  loss_rpn_bbox: 0.0110  loss_cls: 0.0388  acc: 98.3438  loss_bbox: 0.0931
2026/03/24 14:48:32 - mmengine - INFO - Evaluating bbox...
2026/03/24 14:48:32 - mmengine - INFO - bbox_mAP_copypaste: 0.649 0.932 0.763 -1.000 0.393 0.675
2026/03/24 14:48:32 - mmengine - INFO - Epoch(val) [54][31/31]    coco/bbox_mAP: 0.6490  coco/bbox_mAP_50: 0.9320  coco/bbox_mAP_75: 0.7630  coco/bbox_mAP_s: -1.0000  coco/bbox_mAP_m: 0.3930  coco/bbox_mAP_l: 0.6750  data_time: 0.0059  time: 0.0472
2026/03/24 14:48:32 - mmengine - INFO - The previous best checkpoint /workspace/aquaculture-perception/runs/mmdet/solaqua_fish/faster_rcnn_r50_fpn_solaqua_fish_80e_pretrained/best_coco_bbox_mAP_epoch_50.pth is removed
2026/03/24 14:48:33 - mmengine - INFO - The best checkpoint with 0.6490 coco/bbox_mAP at 54 epoch is saved to best_coco_bbox_mAP_epoch_54.pth.
2026/03/24 14:48:43 - mmengine - INFO - Exp name: faster_rcnn_r50_fpn_solaqua_fish_80e_pretrained_20260324_143754
2026/03/24 14:48:43 - mmengine - INFO - Epoch(train) [55][16/16]  lr: 2.0000e-03  eta: 0:04:18  time: 0.6241  data_time: 0.0487  memory: 11333  loss: 0.1276  loss_rpn_cls: 0.0020  loss_rpn_bbox: 0.0095  loss_cls: 0.0354  acc: 99.0625  loss_bbox: 0.0808
2026/03/24 14:48:53 - mmengine - INFO - Exp name: faster_rcnn_r50_fpn_solaqua_fish_80e_pretrained_20260324_143754
2026/03/24 14:48:53 - mmengine - INFO - Epoch(train) [56][16/16]  lr: 2.0000e-03  eta: 0:04:08  time: 0.6250  data_time: 0.0501  memory: 11333  loss: 0.1160  loss_rpn_cls: 0.0017  loss_rpn_bbox: 0.0086  loss_cls: 0.0331  acc: 98.9297  loss_bbox: 0.0725
2026/03/24 14:48:55 - mmengine - INFO - Evaluating bbox...
2026/03/24 14:48:55 - mmengine - INFO - bbox_mAP_copypaste: 0.652 0.933 0.779 -1.000 0.414 0.677
2026/03/24 14:48:55 - mmengine - INFO - Epoch(val) [56][31/31]    coco/bbox_mAP: 0.6520  coco/bbox_mAP_50: 0.9330  coco/bbox_mAP_75: 0.7790  coco/bbox_mAP_s: -1.0000  coco/bbox_mAP_m: 0.4140  coco/bbox_mAP_l: 0.6770  data_time: 0.0058  time: 0.0466
2026/03/24 14:48:55 - mmengine - INFO - The previous best checkpoint /workspace/aquaculture-perception/runs/mmdet/solaqua_fish/faster_rcnn_r50_fpn_solaqua_fish_80e_pretrained/best_coco_bbox_mAP_epoch_54.pth is removed
2026/03/24 14:48:56 - mmengine - INFO - The best checkpoint with 0.6520 coco/bbox_mAP at 56 epoch is saved to best_coco_bbox_mAP_epoch_56.pth.
2026/03/24 14:49:06 - mmengine - INFO - Exp name: faster_rcnn_r50_fpn_solaqua_fish_80e_pretrained_20260324_143754
2026/03/24 14:49:06 - mmengine - INFO - Epoch(train) [57][16/16]  lr: 2.0000e-03  eta: 0:03:58  time: 0.6344  data_time: 0.0591  memory: 11333  loss: 0.1095  loss_rpn_cls: 0.0017  loss_rpn_bbox: 0.0080  loss_cls: 0.0315  acc: 98.7734  loss_bbox: 0.0683
2026/03/24 14:49:16 - mmengine - INFO - Exp name: faster_rcnn_r50_fpn_solaqua_fish_80e_pretrained_20260324_143754
2026/03/24 14:49:16 - mmengine - INFO - Epoch(train) [58][16/16]  lr: 2.0000e-03  eta: 0:03:47  time: 0.6420  data_time: 0.0610  memory: 11333  loss: 0.1064  loss_rpn_cls: 0.0016  loss_rpn_bbox: 0.0077  loss_cls: 0.0309  acc: 98.7266  loss_bbox: 0.0661
2026/03/24 14:49:18 - mmengine - INFO - Evaluating bbox...
2026/03/24 14:49:18 - mmengine - INFO - bbox_mAP_copypaste: 0.650 0.932 0.788 -1.000 0.408 0.673
2026/03/24 14:49:18 - mmengine - INFO - Epoch(val) [58][31/31]    coco/bbox_mAP: 0.6500  coco/bbox_mAP_50: 0.9320  coco/bbox_mAP_75: 0.7880  coco/bbox_mAP_s: -1.0000  coco/bbox_mAP_m: 0.4080  coco/bbox_mAP_l: 0.6730  data_time: 0.0057  time: 0.0465
2026/03/24 14:49:28 - mmengine - INFO - Exp name: faster_rcnn_r50_fpn_solaqua_fish_80e_pretrained_20260324_143754
2026/03/24 14:49:28 - mmengine - INFO - Epoch(train) [59][16/16]  lr: 2.0000e-03  eta: 0:03:37  time: 0.6457  data_time: 0.0616  memory: 11333  loss: 0.1038  loss_rpn_cls: 0.0016  loss_rpn_bbox: 0.0076  loss_cls: 0.0301  acc: 98.5312  loss_bbox: 0.0644
2026/03/24 14:49:39 - mmengine - INFO - Exp name: faster_rcnn_r50_fpn_solaqua_fish_80e_pretrained_20260324_143754
2026/03/24 14:49:39 - mmengine - INFO - Epoch(train) [60][16/16]  lr: 2.0000e-03  eta: 0:03:27  time: 0.6475  data_time: 0.0618  memory: 11333  loss: 0.1029  loss_rpn_cls: 0.0016  loss_rpn_bbox: 0.0076  loss_cls: 0.0299  acc: 99.1328  loss_bbox: 0.0638
2026/03/24 14:49:40 - mmengine - INFO - Evaluating bbox...
2026/03/24 14:49:40 - mmengine - INFO - bbox_mAP_copypaste: 0.653 0.932 0.787 -1.000 0.425 0.675
2026/03/24 14:49:40 - mmengine - INFO - Epoch(val) [60][31/31]    coco/bbox_mAP: 0.6530  coco/bbox_mAP_50: 0.9320  coco/bbox_mAP_75: 0.7870  coco/bbox_mAP_s: -1.0000  coco/bbox_mAP_m: 0.4250  coco/bbox_mAP_l: 0.6750  data_time: 0.0060  time: 0.0474
2026/03/24 14:49:40 - mmengine - INFO - The previous best checkpoint /workspace/aquaculture-perception/runs/mmdet/solaqua_fish/faster_rcnn_r50_fpn_solaqua_fish_80e_pretrained/best_coco_bbox_mAP_epoch_56.pth is removed
2026/03/24 14:49:41 - mmengine - INFO - The best checkpoint with 0.6530 coco/bbox_mAP at 60 epoch is saved to best_coco_bbox_mAP_epoch_60.pth.
2026/03/24 14:49:52 - mmengine - INFO - Exp name: faster_rcnn_r50_fpn_solaqua_fish_80e_pretrained_20260324_143754
2026/03/24 14:49:52 - mmengine - INFO - Epoch(train) [61][16/16]  lr: 2.0000e-03  eta: 0:03:16  time: 0.6423  data_time: 0.0506  memory: 11333  loss: 0.1011  loss_rpn_cls: 0.0014  loss_rpn_bbox: 0.0075  loss_cls: 0.0295  acc: 98.6328  loss_bbox: 0.0627
2026/03/24 14:50:02 - mmengine - INFO - Exp name: faster_rcnn_r50_fpn_solaqua_fish_80e_pretrained_20260324_143754
2026/03/24 14:50:02 - mmengine - INFO - Epoch(train) [62][16/16]  lr: 2.0000e-03  eta: 0:03:06  time: 0.6438  data_time: 0.0493  memory: 11333  loss: 0.1007  loss_rpn_cls: 0.0014  loss_rpn_bbox: 0.0075  loss_cls: 0.0296  acc: 98.5312  loss_bbox: 0.0621
2026/03/24 14:50:04 - mmengine - INFO - Evaluating bbox...
2026/03/24 14:50:04 - mmengine - INFO - bbox_mAP_copypaste: 0.654 0.932 0.782 -1.000 0.428 0.674
2026/03/24 14:50:04 - mmengine - INFO - Epoch(val) [62][31/31]    coco/bbox_mAP: 0.6540  coco/bbox_mAP_50: 0.9320  coco/bbox_mAP_75: 0.7820  coco/bbox_mAP_s: -1.0000  coco/bbox_mAP_m: 0.4280  coco/bbox_mAP_l: 0.6740  data_time: 0.0059  time: 0.0478
2026/03/24 14:50:04 - mmengine - INFO - The previous best checkpoint /workspace/aquaculture-perception/runs/mmdet/solaqua_fish/faster_rcnn_r50_fpn_solaqua_fish_80e_pretrained/best_coco_bbox_mAP_epoch_60.pth is removed
2026/03/24 14:50:05 - mmengine - INFO - The best checkpoint with 0.6540 coco/bbox_mAP at 62 epoch is saved to best_coco_bbox_mAP_epoch_62.pth.
2026/03/24 14:50:10 - mmengine - INFO - Exp name: faster_rcnn_r50_fpn_solaqua_fish_80e_pretrained_20260324_143754
2026/03/24 14:50:15 - mmengine - INFO - Exp name: faster_rcnn_r50_fpn_solaqua_fish_80e_pretrained_20260324_143754
2026/03/24 14:50:15 - mmengine - INFO - Epoch(train) [63][16/16]  lr: 2.0000e-03  eta: 0:02:56  time: 0.6351  data_time: 0.0435  memory: 11333  loss: 0.0988  loss_rpn_cls: 0.0014  loss_rpn_bbox: 0.0074  loss_cls: 0.0292  acc: 98.8906  loss_bbox: 0.0608
2026/03/24 14:50:25 - mmengine - INFO - Exp name: faster_rcnn_r50_fpn_solaqua_fish_80e_pretrained_20260324_143754
2026/03/24 14:50:25 - mmengine - INFO - Epoch(train) [64][16/16]  lr: 2.0000e-03  eta: 0:02:45  time: 0.6298  data_time: 0.0427  memory: 11333  loss: 0.0978  loss_rpn_cls: 0.0015  loss_rpn_bbox: 0.0073  loss_cls: 0.0289  acc: 99.1641  loss_bbox: 0.0601
2026/03/24 14:50:26 - mmengine - INFO - Evaluating bbox...
2026/03/24 14:50:26 - mmengine - INFO - bbox_mAP_copypaste: 0.649 0.924 0.787 -1.000 0.418 0.671
2026/03/24 14:50:26 - mmengine - INFO - Epoch(val) [64][31/31]    coco/bbox_mAP: 0.6490  coco/bbox_mAP_50: 0.9240  coco/bbox_mAP_75: 0.7870  coco/bbox_mAP_s: -1.0000  coco/bbox_mAP_m: 0.4180  coco/bbox_mAP_l: 0.6710  data_time: 0.0061  time: 0.0478
2026/03/24 14:50:36 - mmengine - INFO - Exp name: faster_rcnn_r50_fpn_solaqua_fish_80e_pretrained_20260324_143754
2026/03/24 14:50:36 - mmengine - INFO - Epoch(train) [65][16/16]  lr: 2.0000e-03  eta: 0:02:35  time: 0.6187  data_time: 0.0349  memory: 11333  loss: 0.0975  loss_rpn_cls: 0.0015  loss_rpn_bbox: 0.0073  loss_cls: 0.0288  acc: 98.9766  loss_bbox: 0.0599
2026/03/24 14:50:46 - mmengine - INFO - Exp name: faster_rcnn_r50_fpn_solaqua_fish_80e_pretrained_20260324_143754
2026/03/24 14:50:46 - mmengine - INFO - Epoch(train) [66][16/16]  lr: 2.0000e-03  eta: 0:02:24  time: 0.6207  data_time: 0.0276  memory: 11333  loss: 0.0966  loss_rpn_cls: 0.0014  loss_rpn_bbox: 0.0073  loss_cls: 0.0285  acc: 98.6094  loss_bbox: 0.0594
2026/03/24 14:50:48 - mmengine - INFO - Evaluating bbox...
2026/03/24 14:50:48 - mmengine - INFO - bbox_mAP_copypaste: 0.652 0.924 0.786 -1.000 0.424 0.675
2026/03/24 14:50:48 - mmengine - INFO - Epoch(val) [66][31/31]    coco/bbox_mAP: 0.6520  coco/bbox_mAP_50: 0.9240  coco/bbox_mAP_75: 0.7860  coco/bbox_mAP_s: -1.0000  coco/bbox_mAP_m: 0.4240  coco/bbox_mAP_l: 0.6750  data_time: 0.0057  time: 0.0464
2026/03/24 14:50:58 - mmengine - INFO - Exp name: faster_rcnn_r50_fpn_solaqua_fish_80e_pretrained_20260324_143754
2026/03/24 14:50:58 - mmengine - INFO - Epoch(train) [67][16/16]  lr: 2.0000e-03  eta: 0:02:14  time: 0.6243  data_time: 0.0284  memory: 11333  loss: 0.0955  loss_rpn_cls: 0.0014  loss_rpn_bbox: 0.0072  loss_cls: 0.0282  acc: 98.6953  loss_bbox: 0.0588
2026/03/24 14:51:08 - mmengine - INFO - Exp name: faster_rcnn_r50_fpn_solaqua_fish_80e_pretrained_20260324_143754
2026/03/24 14:51:08 - mmengine - INFO - Epoch(train) [68][16/16]  lr: 2.0000e-03  eta: 0:02:04  time: 0.6283  data_time: 0.0304  memory: 11333  loss: 0.0941  loss_rpn_cls: 0.0013  loss_rpn_bbox: 0.0071  loss_cls: 0.0279  acc: 98.9844  loss_bbox: 0.0579
2026/03/24 14:51:10 - mmengine - INFO - Evaluating bbox...
2026/03/24 14:51:10 - mmengine - INFO - bbox_mAP_copypaste: 0.653 0.924 0.784 -1.000 0.425 0.673
2026/03/24 14:51:10 - mmengine - INFO - Epoch(val) [68][31/31]    coco/bbox_mAP: 0.6530  coco/bbox_mAP_50: 0.9240  coco/bbox_mAP_75: 0.7840  coco/bbox_mAP_s: -1.0000  coco/bbox_mAP_m: 0.4250  coco/bbox_mAP_l: 0.6730  data_time: 0.0061  time: 0.0478
2026/03/24 14:51:20 - mmengine - INFO - Exp name: faster_rcnn_r50_fpn_solaqua_fish_80e_pretrained_20260324_143754
2026/03/24 14:51:20 - mmengine - INFO - Epoch(train) [69][16/16]  lr: 2.0000e-03  eta: 0:01:53  time: 0.6259  data_time: 0.0336  memory: 11333  loss: 0.0950  loss_rpn_cls: 0.0013  loss_rpn_bbox: 0.0072  loss_cls: 0.0281  acc: 98.4688  loss_bbox: 0.0584
2026/03/24 14:51:30 - mmengine - INFO - Exp name: faster_rcnn_r50_fpn_solaqua_fish_80e_pretrained_20260324_143754
2026/03/24 14:51:30 - mmengine - INFO - Epoch(train) [70][16/16]  lr: 2.0000e-03  eta: 0:01:43  time: 0.6192  data_time: 0.0305  memory: 11333  loss: 0.0935  loss_rpn_cls: 0.0013  loss_rpn_bbox: 0.0071  loss_cls: 0.0276  acc: 98.8984  loss_bbox: 0.0575
2026/03/24 14:51:31 - mmengine - INFO - Evaluating bbox...
2026/03/24 14:51:31 - mmengine - INFO - bbox_mAP_copypaste: 0.653 0.925 0.781 -1.000 0.419 0.676
2026/03/24 14:51:31 - mmengine - INFO - Epoch(val) [70][31/31]    coco/bbox_mAP: 0.6530  coco/bbox_mAP_50: 0.9250  coco/bbox_mAP_75: 0.7810  coco/bbox_mAP_s: -1.0000  coco/bbox_mAP_m: 0.4190  coco/bbox_mAP_l: 0.6760  data_time: 0.0061  time: 0.0483
2026/03/24 14:51:41 - mmengine - INFO - Exp name: faster_rcnn_r50_fpn_solaqua_fish_80e_pretrained_20260324_143754
2026/03/24 14:51:41 - mmengine - INFO - Epoch(train) [71][16/16]  lr: 2.0000e-03  eta: 0:01:32  time: 0.6199  data_time: 0.0315  memory: 11333  loss: 0.0925  loss_rpn_cls: 0.0012  loss_rpn_bbox: 0.0070  loss_cls: 0.0274  acc: 98.6250  loss_bbox: 0.0569
2026/03/24 14:51:51 - mmengine - INFO - Exp name: faster_rcnn_r50_fpn_solaqua_fish_80e_pretrained_20260324_143754
2026/03/24 14:51:51 - mmengine - INFO - Epoch(train) [72][16/16]  lr: 2.0000e-03  eta: 0:01:22  time: 0.6203  data_time: 0.0306  memory: 11333  loss: 0.0923  loss_rpn_cls: 0.0012  loss_rpn_bbox: 0.0070  loss_cls: 0.0275  acc: 98.9062  loss_bbox: 0.0566
2026/03/24 14:51:53 - mmengine - INFO - Evaluating bbox...
2026/03/24 14:51:53 - mmengine - INFO - bbox_mAP_copypaste: 0.650 0.924 0.780 -1.000 0.425 0.672
2026/03/24 14:51:53 - mmengine - INFO - Epoch(val) [72][31/31]    coco/bbox_mAP: 0.6500  coco/bbox_mAP_50: 0.9240  coco/bbox_mAP_75: 0.7800  coco/bbox_mAP_s: -1.0000  coco/bbox_mAP_m: 0.4250  coco/bbox_mAP_l: 0.6720  data_time: 0.0059  time: 0.0477
2026/03/24 14:52:03 - mmengine - INFO - Exp name: faster_rcnn_r50_fpn_solaqua_fish_80e_pretrained_20260324_143754
2026/03/24 14:52:03 - mmengine - INFO - Epoch(train) [73][16/16]  lr: 2.0000e-03  eta: 0:01:12  time: 0.6156  data_time: 0.0331  memory: 11333  loss: 0.0913  loss_rpn_cls: 0.0012  loss_rpn_bbox: 0.0070  loss_cls: 0.0271  acc: 98.7891  loss_bbox: 0.0561
2026/03/24 14:52:13 - mmengine - INFO - Exp name: faster_rcnn_r50_fpn_solaqua_fish_80e_pretrained_20260324_143754
2026/03/24 14:52:13 - mmengine - INFO - Epoch(train) [74][16/16]  lr: 2.0000e-04  eta: 0:01:01  time: 0.6139  data_time: 0.0308  memory: 11333  loss: 0.0905  loss_rpn_cls: 0.0012  loss_rpn_bbox: 0.0069  loss_cls: 0.0269  acc: 99.1484  loss_bbox: 0.0555
2026/03/24 14:52:14 - mmengine - INFO - Evaluating bbox...
2026/03/24 14:52:14 - mmengine - INFO - bbox_mAP_copypaste: 0.649 0.925 0.785 -1.000 0.426 0.672
2026/03/24 14:52:14 - mmengine - INFO - Epoch(val) [74][31/31]    coco/bbox_mAP: 0.6490  coco/bbox_mAP_50: 0.9250  coco/bbox_mAP_75: 0.7850  coco/bbox_mAP_s: -1.0000  coco/bbox_mAP_m: 0.4260  coco/bbox_mAP_l: 0.6720  data_time: 0.0062  time: 0.0477
2026/03/24 14:52:24 - mmengine - INFO - Exp name: faster_rcnn_r50_fpn_solaqua_fish_80e_pretrained_20260324_143754
2026/03/24 14:52:24 - mmengine - INFO - Epoch(train) [75][16/16]  lr: 2.0000e-04  eta: 0:00:51  time: 0.6169  data_time: 0.0325  memory: 11333  loss: 0.0904  loss_rpn_cls: 0.0012  loss_rpn_bbox: 0.0069  loss_cls: 0.0270  acc: 98.7969  loss_bbox: 0.0554
2026/03/24 14:52:34 - mmengine - INFO - Exp name: faster_rcnn_r50_fpn_solaqua_fish_80e_pretrained_20260324_143754
2026/03/24 14:52:34 - mmengine - INFO - Epoch(train) [76][16/16]  lr: 2.0000e-04  eta: 0:00:41  time: 0.6185  data_time: 0.0319  memory: 11333  loss: 0.0906  loss_rpn_cls: 0.0012  loss_rpn_bbox: 0.0069  loss_cls: 0.0271  acc: 98.9375  loss_bbox: 0.0553
2026/03/24 14:52:36 - mmengine - INFO - Evaluating bbox...
2026/03/24 14:52:36 - mmengine - INFO - bbox_mAP_copypaste: 0.650 0.925 0.783 -1.000 0.423 0.672
2026/03/24 14:52:36 - mmengine - INFO - Epoch(val) [76][31/31]    coco/bbox_mAP: 0.6500  coco/bbox_mAP_50: 0.9250  coco/bbox_mAP_75: 0.7830  coco/bbox_mAP_s: -1.0000  coco/bbox_mAP_m: 0.4230  coco/bbox_mAP_l: 0.6720  data_time: 0.0061  time: 0.0469
2026/03/24 14:52:46 - mmengine - INFO - Exp name: faster_rcnn_r50_fpn_solaqua_fish_80e_pretrained_20260324_143754
2026/03/24 14:52:46 - mmengine - INFO - Epoch(train) [77][16/16]  lr: 2.0000e-04  eta: 0:00:30  time: 0.6224  data_time: 0.0344  memory: 11333  loss: 0.0895  loss_rpn_cls: 0.0011  loss_rpn_bbox: 0.0068  loss_cls: 0.0268  acc: 98.9219  loss_bbox: 0.0548
2026/03/24 14:52:56 - mmengine - INFO - Exp name: faster_rcnn_r50_fpn_solaqua_fish_80e_pretrained_20260324_143754
2026/03/24 14:52:56 - mmengine - INFO - Epoch(train) [78][16/16]  lr: 2.0000e-04  eta: 0:00:20  time: 0.6211  data_time: 0.0329  memory: 11333  loss: 0.0899  loss_rpn_cls: 0.0011  loss_rpn_bbox: 0.0068  loss_cls: 0.0270  acc: 98.7891  loss_bbox: 0.0550
2026/03/24 14:52:58 - mmengine - INFO - Evaluating bbox...
2026/03/24 14:52:58 - mmengine - INFO - bbox_mAP_copypaste: 0.651 0.925 0.776 -1.000 0.421 0.673
2026/03/24 14:52:58 - mmengine - INFO - Epoch(val) [78][31/31]    coco/bbox_mAP: 0.6510  coco/bbox_mAP_50: 0.9250  coco/bbox_mAP_75: 0.7760  coco/bbox_mAP_s: -1.0000  coco/bbox_mAP_m: 0.4210  coco/bbox_mAP_l: 0.6730  data_time: 0.0060  time: 0.0478
2026/03/24 14:53:08 - mmengine - INFO - Exp name: faster_rcnn_r50_fpn_solaqua_fish_80e_pretrained_20260324_143754
2026/03/24 14:53:08 - mmengine - INFO - Epoch(train) [79][16/16]  lr: 2.0000e-04  eta: 0:00:10  time: 0.6304  data_time: 0.0378  memory: 11333  loss: 0.0899  loss_rpn_cls: 0.0011  loss_rpn_bbox: 0.0069  loss_cls: 0.0269  acc: 98.9531  loss_bbox: 0.0550
2026/03/24 14:53:18 - mmengine - INFO - Exp name: faster_rcnn_r50_fpn_solaqua_fish_80e_pretrained_20260324_143754
2026/03/24 14:53:18 - mmengine - INFO - Epoch(train) [80][16/16]  lr: 2.0000e-04  eta: 0:00:00  time: 0.6312  data_time: 0.0389  memory: 11333  loss: 0.0900  loss_rpn_cls: 0.0012  loss_rpn_bbox: 0.0069  loss_cls: 0.0270  acc: 98.8125  loss_bbox: 0.0549
2026/03/24 14:53:18 - mmengine - INFO - Saving checkpoint at 80 epochs
2026/03/24 14:53:21 - mmengine - INFO - Evaluating bbox...
2026/03/24 14:53:21 - mmengine - INFO - bbox_mAP_copypaste: 0.652 0.925 0.784 -1.000 0.421 0.674
2026/03/24 14:53:21 - mmengine - INFO - Epoch(val) [80][31/31]    coco/bbox_mAP: 0.6520  coco/bbox_mAP_50: 0.9250  coco/bbox_mAP_75: 0.7840  coco/bbox_mAP_s: -1.0000  coco/bbox_mAP_m: 0.4210  coco/bbox_mAP_l: 0.6740  data_time: 0.0060  time: 0.0480
