2026/03/27 21:50:27 - mmengine - INFO - 
------------------------------------------------------------
System environment:
    sys.platform: linux
    Python: 3.11.10 (main, Sep  7 2024, 18:35:41) [GCC 11.4.0]
    CUDA available: True
    MUSA available: False
    numpy_random_seed: 0
    GPU 0: NVIDIA A100-SXM4-80GB
    CUDA_HOME: /usr/local/cuda
    NVCC: Cuda compilation tools, release 12.4, V12.4.131
    GCC: x86_64-linux-gnu-gcc (Ubuntu 11.4.0-1ubuntu1~22.04) 11.4.0
    PyTorch: 2.1.0+cu121
    PyTorch compiling details: PyTorch built with:
  - GCC 9.3
  - C++ Version: 201703
  - Intel(R) oneAPI Math Kernel Library Version 2022.2-Product Build 20220804 for Intel(R) 64 architecture applications
  - Intel(R) MKL-DNN v3.1.1 (Git Hash 64f6bcbcbab628e96f33a62c3e975f8535a7bde4)
  - OpenMP 201511 (a.k.a. OpenMP 4.5)
  - LAPACK is enabled (usually provided by MKL)
  - NNPACK is enabled
  - CPU capability usage: AVX2
  - CUDA Runtime 12.1
  - NVCC architecture flags: -gencode;arch=compute_50,code=sm_50;-gencode;arch=compute_60,code=sm_60;-gencode;arch=compute_70,code=sm_70;-gencode;arch=compute_75,code=sm_75;-gencode;arch=compute_80,code=sm_80;-gencode;arch=compute_86,code=sm_86;-gencode;arch=compute_90,code=sm_90
  - CuDNN 8.9.2
  - Magma 2.6.1
  - Build settings: BLAS_INFO=mkl, BUILD_TYPE=Release, CUDA_VERSION=12.1, CUDNN_VERSION=8.9.2, CXX_COMPILER=/opt/rh/devtoolset-9/root/usr/bin/c++, CXX_FLAGS= -D_GLIBCXX_USE_CXX11_ABI=0 -fabi-version=11 -fvisibility-inlines-hidden -DUSE_PTHREADPOOL -DNDEBUG -DUSE_KINETO -DLIBKINETO_NOROCTRACER -DUSE_FBGEMM -DUSE_QNNPACK -DUSE_PYTORCH_QNNPACK -DUSE_XNNPACK -DSYMBOLICATE_MOBILE_DEBUG_HANDLE -O2 -fPIC -Wall -Wextra -Werror=return-type -Werror=non-virtual-dtor -Werror=bool-operation -Wnarrowing -Wno-missing-field-initializers -Wno-type-limits -Wno-array-bounds -Wno-unknown-pragmas -Wno-unused-parameter -Wno-unused-function -Wno-unused-result -Wno-strict-overflow -Wno-strict-aliasing -Wno-stringop-overflow -Wno-psabi -Wno-error=pedantic -Wno-error=old-style-cast -Wno-invalid-partial-specialization -Wno-unused-private-field -Wno-aligned-allocation-unavailable -Wno-missing-braces -fdiagnostics-color=always -faligned-new -Wno-unused-but-set-variable -Wno-maybe-uninitialized -fno-math-errno -fno-trapping-math -Werror=format -Werror=cast-function-type -Wno-stringop-overflow, LAPACK_INFO=mkl, PERF_WITH_AVX=1, PERF_WITH_AVX2=1, PERF_WITH_AVX512=1, TORCH_DISABLE_GPU_ASSERTS=ON, TORCH_VERSION=2.1.0, USE_CUDA=ON, USE_CUDNN=ON, USE_EXCEPTION_PTR=1, USE_GFLAGS=OFF, USE_GLOG=OFF, USE_MKL=ON, USE_MKLDNN=ON, USE_MPI=OFF, USE_NCCL=1, USE_NNPACK=ON, USE_OPENMP=ON, USE_ROCM=OFF, 

    TorchVision: 0.16.0+cu121
    OpenCV: 4.11.0
    MMEngine: 0.10.7

Runtime environment:
    cudnn_benchmark: False
    mp_cfg: {'mp_start_method': 'fork', 'opencv_num_threads': 0}
    dist_cfg: {'backend': 'nccl'}
    seed: 0
    deterministic: False
    Distributed launcher: none
    Distributed training: False
    GPU number: 1
------------------------------------------------------------

2026/03/27 21:50:27 - mmengine - INFO - Config:
auto_scale_lr = dict(base_batch_size=16, enable=False)
backend_args = None
classes = (
    'fish',
    'net',
)
data_root = '../data-processing/sonar/net_fish_sonar/processed/split_yolo_fish_net/'
dataset_type = 'CocoDataset'
default_hooks = dict(
    checkpoint=dict(
        interval=-1,
        max_keep_ckpts=1,
        rule='greater',
        save_best='coco/bbox_mAP',
        save_last=True,
        type='CheckpointHook'),
    logger=dict(interval=50, type='LoggerHook'),
    param_scheduler=dict(type='ParamSchedulerHook'),
    sampler_seed=dict(type='DistSamplerSeedHook'),
    timer=dict(type='IterTimerHook'),
    visualization=dict(type='DetVisualizationHook'))
default_scope = 'mmdet'
env_cfg = dict(
    cudnn_benchmark=False,
    dist_cfg=dict(backend='nccl'),
    mp_cfg=dict(mp_start_method='fork', opencv_num_threads=0))
launcher = 'none'
load_from = 'https://download.openmmlab.com/mmdetection/v2.0/dynamic_rcnn/dynamic_rcnn_r50_fpn_1x/dynamic_rcnn_r50_fpn_1x-62a3f276.pth'
log_level = 'INFO'
log_processor = dict(by_epoch=True, type='LogProcessor', window_size=50)
metainfo = dict(classes=(
    'fish',
    'net',
))
model = dict(
    backbone=dict(
        depth=50,
        frozen_stages=1,
        init_cfg=dict(checkpoint='torchvision://resnet50', type='Pretrained'),
        norm_cfg=dict(requires_grad=True, type='BN'),
        norm_eval=True,
        num_stages=4,
        out_indices=(
            0,
            1,
            2,
            3,
        ),
        style='pytorch',
        type='ResNet'),
    data_preprocessor=dict(
        bgr_to_rgb=True,
        mean=[
            123.675,
            116.28,
            103.53,
        ],
        pad_size_divisor=32,
        std=[
            58.395,
            57.12,
            57.375,
        ],
        type='DetDataPreprocessor'),
    neck=dict(
        in_channels=[
            256,
            512,
            1024,
            2048,
        ],
        num_outs=5,
        out_channels=256,
        type='FPN'),
    roi_head=dict(
        bbox_head=dict(
            bbox_coder=dict(
                target_means=[
                    0.0,
                    0.0,
                    0.0,
                    0.0,
                ],
                target_stds=[
                    0.1,
                    0.1,
                    0.2,
                    0.2,
                ],
                type='DeltaXYWHBBoxCoder'),
            fc_out_channels=1024,
            in_channels=256,
            loss_bbox=dict(beta=1.0, loss_weight=1.0, type='SmoothL1Loss'),
            loss_cls=dict(
                loss_weight=1.0, type='CrossEntropyLoss', use_sigmoid=False),
            num_classes=2,
            reg_class_agnostic=False,
            roi_feat_size=7,
            type='Shared2FCBBoxHead'),
        bbox_roi_extractor=dict(
            featmap_strides=[
                4,
                8,
                16,
                32,
            ],
            out_channels=256,
            roi_layer=dict(output_size=7, sampling_ratio=0, type='RoIAlign'),
            type='SingleRoIExtractor'),
        type='DynamicRoIHead'),
    rpn_head=dict(
        anchor_generator=dict(
            ratios=[
                0.5,
                1.0,
                2.0,
            ],
            scales=[
                8,
            ],
            strides=[
                4,
                8,
                16,
                32,
                64,
            ],
            type='AnchorGenerator'),
        bbox_coder=dict(
            target_means=[
                0.0,
                0.0,
                0.0,
                0.0,
            ],
            target_stds=[
                1.0,
                1.0,
                1.0,
                1.0,
            ],
            type='DeltaXYWHBBoxCoder'),
        feat_channels=256,
        in_channels=256,
        loss_bbox=dict(loss_weight=1.0, type='L1Loss'),
        loss_cls=dict(
            loss_weight=1.0, type='CrossEntropyLoss', use_sigmoid=True),
        type='RPNHead'),
    test_cfg=dict(
        rcnn=dict(
            max_per_img=100,
            nms=dict(iou_threshold=0.5, type='nms'),
            score_thr=0.05),
        rpn=dict(
            max_per_img=1000,
            min_bbox_size=0,
            nms=dict(iou_threshold=0.85, type='nms'),
            nms_pre=1000)),
    train_cfg=dict(
        rcnn=dict(
            assigner=dict(
                ignore_iof_thr=-1,
                match_low_quality=False,
                min_pos_iou=0.5,
                neg_iou_thr=0.5,
                pos_iou_thr=0.5,
                type='MaxIoUAssigner'),
            debug=False,
            dynamic_rcnn=dict(
                beta_topk=10,
                initial_beta=1.0,
                initial_iou=0.4,
                iou_topk=75,
                update_iter_interval=100),
            pos_weight=-1,
            sampler=dict(
                add_gt_as_proposals=True,
                neg_pos_ub=-1,
                num=512,
                pos_fraction=0.25,
                type='RandomSampler')),
        rpn=dict(
            allowed_border=-1,
            assigner=dict(
                ignore_iof_thr=-1,
                match_low_quality=True,
                min_pos_iou=0.3,
                neg_iou_thr=0.3,
                pos_iou_thr=0.7,
                type='MaxIoUAssigner'),
            debug=False,
            pos_weight=-1,
            sampler=dict(
                add_gt_as_proposals=False,
                neg_pos_ub=-1,
                num=256,
                pos_fraction=0.5,
                type='RandomSampler')),
        rpn_proposal=dict(
            max_per_img=1000,
            min_bbox_size=0,
            nms=dict(iou_threshold=0.85, type='nms'),
            nms_pre=2000)),
    type='FasterRCNN')
num_classes = 2
optim_wrapper = dict(
    optimizer=dict(lr=0.02, momentum=0.9, type='SGD', weight_decay=0.0001),
    type='OptimWrapper')
param_scheduler = [
    dict(
        begin=0, by_epoch=False, end=500, start_factor=0.001, type='LinearLR'),
    dict(
        begin=0,
        by_epoch=True,
        end=80,
        gamma=0.1,
        milestones=[
            53,
            73,
        ],
        type='MultiStepLR'),
]
randomness = dict(deterministic=False, seed=0)
resume = False
test_cfg = dict(type='TestLoop')
test_dataloader = dict(
    batch_size=1,
    dataset=dict(
        ann_file='annotations/test.json',
        backend_args=None,
        data_prefix=dict(img='images/test/'),
        data_root=
        '../data-processing/sonar/net_fish_sonar/processed/split_yolo_fish_net/',
        metainfo=dict(classes=(
            'fish',
            'net',
        )),
        pipeline=[
            dict(backend_args=None, type='LoadImageFromFile'),
            dict(keep_ratio=True, scale=(
                640,
                640,
            ), type='Resize'),
            dict(type='LoadAnnotations', with_bbox=True),
            dict(
                meta_keys=(
                    'img_id',
                    'img_path',
                    'ori_shape',
                    'img_shape',
                    'scale_factor',
                ),
                type='PackDetInputs'),
        ],
        test_mode=True,
        type='CocoDataset'),
    drop_last=False,
    num_workers=2,
    persistent_workers=True,
    sampler=dict(shuffle=False, type='DefaultSampler'))
test_evaluator = dict(
    ann_file=
    '../data-processing/sonar/net_fish_sonar/processed/split_yolo_fish_net/annotations/test.json',
    backend_args=None,
    format_only=False,
    metric='bbox',
    type='CocoMetric')
test_pipeline = [
    dict(backend_args=None, type='LoadImageFromFile'),
    dict(keep_ratio=True, scale=(
        640,
        640,
    ), type='Resize'),
    dict(type='LoadAnnotations', with_bbox=True),
    dict(
        meta_keys=(
            'img_id',
            'img_path',
            'ori_shape',
            'img_shape',
            'scale_factor',
        ),
        type='PackDetInputs'),
]
train_cfg = dict(max_epochs=80, type='EpochBasedTrainLoop', val_interval=2)
train_dataloader = dict(
    batch_sampler=dict(type='AspectRatioBatchSampler'),
    batch_size=32,
    dataset=dict(
        ann_file='annotations/train.json',
        backend_args=None,
        data_prefix=dict(img='images/train/'),
        data_root=
        '../data-processing/sonar/net_fish_sonar/processed/split_yolo_fish_net/',
        filter_cfg=dict(filter_empty_gt=False),
        metainfo=dict(classes=(
            'fish',
            'net',
        )),
        pipeline=[
            dict(backend_args=None, type='LoadImageFromFile'),
            dict(type='LoadAnnotations', with_bbox=True),
            dict(keep_ratio=True, scale=(
                640,
                640,
            ), type='Resize'),
            dict(prob=0.5, type='RandomFlip'),
            dict(type='PackDetInputs'),
        ],
        type='CocoDataset'),
    num_workers=8,
    persistent_workers=True,
    pin_memory=True,
    prefetch_factor=4,
    sampler=dict(shuffle=True, type='DefaultSampler'))
train_pipeline = [
    dict(backend_args=None, type='LoadImageFromFile'),
    dict(type='LoadAnnotations', with_bbox=True),
    dict(keep_ratio=True, scale=(
        640,
        640,
    ), type='Resize'),
    dict(prob=0.5, type='RandomFlip'),
    dict(type='PackDetInputs'),
]
val_cfg = dict(type='ValLoop')
val_dataloader = dict(
    batch_size=4,
    dataset=dict(
        ann_file='annotations/val.json',
        backend_args=None,
        data_prefix=dict(img='images/val/'),
        data_root=
        '../data-processing/sonar/net_fish_sonar/processed/split_yolo_fish_net/',
        metainfo=dict(classes=(
            'fish',
            'net',
        )),
        pipeline=[
            dict(backend_args=None, type='LoadImageFromFile'),
            dict(keep_ratio=True, scale=(
                640,
                640,
            ), type='Resize'),
            dict(type='LoadAnnotations', with_bbox=True),
            dict(
                meta_keys=(
                    'img_id',
                    'img_path',
                    'ori_shape',
                    'img_shape',
                    'scale_factor',
                ),
                type='PackDetInputs'),
        ],
        test_mode=True,
        type='CocoDataset'),
    drop_last=False,
    num_workers=4,
    persistent_workers=True,
    sampler=dict(shuffle=False, type='DefaultSampler'))
val_evaluator = dict(
    ann_file=
    '../data-processing/sonar/net_fish_sonar/processed/split_yolo_fish_net/annotations/val.json',
    backend_args=None,
    format_only=False,
    metric='bbox',
    type='CocoMetric')
vis_backends = [
    dict(type='LocalVisBackend'),
]
visualizer = dict(
    name='visualizer',
    type='DetLocalVisualizer',
    vis_backends=[
        dict(type='LocalVisBackend'),
    ])
work_dir = '../runs/mmdet/net_fish_sonar/dynamic_rcnn_r50_fpn_net_fish_sonar_80e_pretrained'

2026/03/27 21:50:31 - mmengine - INFO - Distributed training is not used, all SyncBatchNorm (SyncBN) layers in the model will be automatically reverted to BatchNormXd layers if they are used.
2026/03/27 21:50:31 - mmengine - INFO - Hooks will be executed in the following order:
before_run:
(VERY_HIGH   ) RuntimeInfoHook                    
(BELOW_NORMAL) LoggerHook                         
 -------------------- 
before_train:
(VERY_HIGH   ) RuntimeInfoHook                    
(NORMAL      ) IterTimerHook                      
(VERY_LOW    ) CheckpointHook                     
 -------------------- 
before_train_epoch:
(VERY_HIGH   ) RuntimeInfoHook                    
(NORMAL      ) IterTimerHook                      
(NORMAL      ) DistSamplerSeedHook                
 -------------------- 
before_train_iter:
(VERY_HIGH   ) RuntimeInfoHook                    
(NORMAL      ) IterTimerHook                      
 -------------------- 
after_train_iter:
(VERY_HIGH   ) RuntimeInfoHook                    
(NORMAL      ) IterTimerHook                      
(BELOW_NORMAL) LoggerHook                         
(LOW         ) ParamSchedulerHook                 
(VERY_LOW    ) CheckpointHook                     
 -------------------- 
after_train_epoch:
(NORMAL      ) IterTimerHook                      
(LOW         ) ParamSchedulerHook                 
(VERY_LOW    ) CheckpointHook                     
 -------------------- 
before_val:
(VERY_HIGH   ) RuntimeInfoHook                    
 -------------------- 
before_val_epoch:
(NORMAL      ) IterTimerHook                      
 -------------------- 
before_val_iter:
(NORMAL      ) IterTimerHook                      
 -------------------- 
after_val_iter:
(NORMAL      ) IterTimerHook                      
(NORMAL      ) DetVisualizationHook               
(BELOW_NORMAL) LoggerHook                         
 -------------------- 
after_val_epoch:
(VERY_HIGH   ) RuntimeInfoHook                    
(NORMAL      ) IterTimerHook                      
(BELOW_NORMAL) LoggerHook                         
(LOW         ) ParamSchedulerHook                 
(VERY_LOW    ) CheckpointHook                     
 -------------------- 
after_val:
(VERY_HIGH   ) RuntimeInfoHook                    
 -------------------- 
after_train:
(VERY_HIGH   ) RuntimeInfoHook                    
(VERY_LOW    ) CheckpointHook                     
 -------------------- 
before_test:
(VERY_HIGH   ) RuntimeInfoHook                    
 -------------------- 
before_test_epoch:
(NORMAL      ) IterTimerHook                      
 -------------------- 
before_test_iter:
(NORMAL      ) IterTimerHook                      
 -------------------- 
after_test_iter:
(NORMAL      ) IterTimerHook                      
(NORMAL      ) DetVisualizationHook               
(BELOW_NORMAL) LoggerHook                         
 -------------------- 
after_test_epoch:
(VERY_HIGH   ) RuntimeInfoHook                    
(NORMAL      ) IterTimerHook                      
(BELOW_NORMAL) LoggerHook                         
 -------------------- 
after_test:
(VERY_HIGH   ) RuntimeInfoHook                    
 -------------------- 
after_run:
(BELOW_NORMAL) LoggerHook                         
 -------------------- 
2026/03/27 21:50:32 - mmengine - INFO - load model from: torchvision://resnet50
2026/03/27 21:50:32 - mmengine - INFO - Loads checkpoint by torchvision backend from path: torchvision://resnet50
2026/03/27 21:50:32 - mmengine - WARNING - The model and loaded state dict do not match exactly

unexpected key in source state_dict: fc.weight, fc.bias

Name of parameter - Initialization information

backbone.conv1.weight - torch.Size([64, 3, 7, 7]): 
PretrainedInit: load from torchvision://resnet50 

backbone.bn1.weight - torch.Size([64]): 
PretrainedInit: load from torchvision://resnet50 

backbone.bn1.bias - torch.Size([64]): 
PretrainedInit: load from torchvision://resnet50 

backbone.layer1.0.conv1.weight - torch.Size([64, 64, 1, 1]): 
PretrainedInit: load from torchvision://resnet50 

backbone.layer1.0.bn1.weight - torch.Size([64]): 
PretrainedInit: load from torchvision://resnet50 

backbone.layer1.0.bn1.bias - torch.Size([64]): 
PretrainedInit: load from torchvision://resnet50 

backbone.layer1.0.conv2.weight - torch.Size([64, 64, 3, 3]): 
PretrainedInit: load from torchvision://resnet50 

backbone.layer1.0.bn2.weight - torch.Size([64]): 
PretrainedInit: load from torchvision://resnet50 

backbone.layer1.0.bn2.bias - torch.Size([64]): 
PretrainedInit: load from torchvision://resnet50 

backbone.layer1.0.conv3.weight - torch.Size([256, 64, 1, 1]): 
PretrainedInit: load from torchvision://resnet50 

backbone.layer1.0.bn3.weight - torch.Size([256]): 
PretrainedInit: load from torchvision://resnet50 

backbone.layer1.0.bn3.bias - torch.Size([256]): 
PretrainedInit: load from torchvision://resnet50 

backbone.layer1.0.downsample.0.weight - torch.Size([256, 64, 1, 1]): 
PretrainedInit: load from torchvision://resnet50 

backbone.layer1.0.downsample.1.weight - torch.Size([256]): 
PretrainedInit: load from torchvision://resnet50 

backbone.layer1.0.downsample.1.bias - torch.Size([256]): 
PretrainedInit: load from torchvision://resnet50 

backbone.layer1.1.conv1.weight - torch.Size([64, 256, 1, 1]): 
PretrainedInit: load from torchvision://resnet50 

backbone.layer1.1.bn1.weight - torch.Size([64]): 
PretrainedInit: load from torchvision://resnet50 

backbone.layer1.1.bn1.bias - torch.Size([64]): 
PretrainedInit: load from torchvision://resnet50 

backbone.layer1.1.conv2.weight - torch.Size([64, 64, 3, 3]): 
PretrainedInit: load from torchvision://resnet50 

backbone.layer1.1.bn2.weight - torch.Size([64]): 
PretrainedInit: load from torchvision://resnet50 

backbone.layer1.1.bn2.bias - torch.Size([64]): 
PretrainedInit: load from torchvision://resnet50 

backbone.layer1.1.conv3.weight - torch.Size([256, 64, 1, 1]): 
PretrainedInit: load from torchvision://resnet50 

backbone.layer1.1.bn3.weight - torch.Size([256]): 
PretrainedInit: load from torchvision://resnet50 

backbone.layer1.1.bn3.bias - torch.Size([256]): 
PretrainedInit: load from torchvision://resnet50 

backbone.layer1.2.conv1.weight - torch.Size([64, 256, 1, 1]): 
PretrainedInit: load from torchvision://resnet50 

backbone.layer1.2.bn1.weight - torch.Size([64]): 
PretrainedInit: load from torchvision://resnet50 

backbone.layer1.2.bn1.bias - torch.Size([64]): 
PretrainedInit: load from torchvision://resnet50 

backbone.layer1.2.conv2.weight - torch.Size([64, 64, 3, 3]): 
PretrainedInit: load from torchvision://resnet50 

backbone.layer1.2.bn2.weight - torch.Size([64]): 
PretrainedInit: load from torchvision://resnet50 

backbone.layer1.2.bn2.bias - torch.Size([64]): 
PretrainedInit: load from torchvision://resnet50 

backbone.layer1.2.conv3.weight - torch.Size([256, 64, 1, 1]): 
PretrainedInit: load from torchvision://resnet50 

backbone.layer1.2.bn3.weight - torch.Size([256]): 
PretrainedInit: load from torchvision://resnet50 

backbone.layer1.2.bn3.bias - torch.Size([256]): 
PretrainedInit: load from torchvision://resnet50 

backbone.layer2.0.conv1.weight - torch.Size([128, 256, 1, 1]): 
PretrainedInit: load from torchvision://resnet50 

backbone.layer2.0.bn1.weight - torch.Size([128]): 
PretrainedInit: load from torchvision://resnet50 

backbone.layer2.0.bn1.bias - torch.Size([128]): 
PretrainedInit: load from torchvision://resnet50 

backbone.layer2.0.conv2.weight - torch.Size([128, 128, 3, 3]): 
PretrainedInit: load from torchvision://resnet50 

backbone.layer2.0.bn2.weight - torch.Size([128]): 
PretrainedInit: load from torchvision://resnet50 

backbone.layer2.0.bn2.bias - torch.Size([128]): 
PretrainedInit: load from torchvision://resnet50 

backbone.layer2.0.conv3.weight - torch.Size([512, 128, 1, 1]): 
PretrainedInit: load from torchvision://resnet50 

backbone.layer2.0.bn3.weight - torch.Size([512]): 
PretrainedInit: load from torchvision://resnet50 

backbone.layer2.0.bn3.bias - torch.Size([512]): 
PretrainedInit: load from torchvision://resnet50 

backbone.layer2.0.downsample.0.weight - torch.Size([512, 256, 1, 1]): 
PretrainedInit: load from torchvision://resnet50 

backbone.layer2.0.downsample.1.weight - torch.Size([512]): 
PretrainedInit: load from torchvision://resnet50 

backbone.layer2.0.downsample.1.bias - torch.Size([512]): 
PretrainedInit: load from torchvision://resnet50 

backbone.layer2.1.conv1.weight - torch.Size([128, 512, 1, 1]): 
PretrainedInit: load from torchvision://resnet50 

backbone.layer2.1.bn1.weight - torch.Size([128]): 
PretrainedInit: load from torchvision://resnet50 

backbone.layer2.1.bn1.bias - torch.Size([128]): 
PretrainedInit: load from torchvision://resnet50 

backbone.layer2.1.conv2.weight - torch.Size([128, 128, 3, 3]): 
PretrainedInit: load from torchvision://resnet50 

backbone.layer2.1.bn2.weight - torch.Size([128]): 
PretrainedInit: load from torchvision://resnet50 

backbone.layer2.1.bn2.bias - torch.Size([128]): 
PretrainedInit: load from torchvision://resnet50 

backbone.layer2.1.conv3.weight - torch.Size([512, 128, 1, 1]): 
PretrainedInit: load from torchvision://resnet50 

backbone.layer2.1.bn3.weight - torch.Size([512]): 
PretrainedInit: load from torchvision://resnet50 

backbone.layer2.1.bn3.bias - torch.Size([512]): 
PretrainedInit: load from torchvision://resnet50 

backbone.layer2.2.conv1.weight - torch.Size([128, 512, 1, 1]): 
PretrainedInit: load from torchvision://resnet50 

backbone.layer2.2.bn1.weight - torch.Size([128]): 
PretrainedInit: load from torchvision://resnet50 

backbone.layer2.2.bn1.bias - torch.Size([128]): 
PretrainedInit: load from torchvision://resnet50 

backbone.layer2.2.conv2.weight - torch.Size([128, 128, 3, 3]): 
PretrainedInit: load from torchvision://resnet50 

backbone.layer2.2.bn2.weight - torch.Size([128]): 
PretrainedInit: load from torchvision://resnet50 

backbone.layer2.2.bn2.bias - torch.Size([128]): 
PretrainedInit: load from torchvision://resnet50 

backbone.layer2.2.conv3.weight - torch.Size([512, 128, 1, 1]): 
PretrainedInit: load from torchvision://resnet50 

backbone.layer2.2.bn3.weight - torch.Size([512]): 
PretrainedInit: load from torchvision://resnet50 

backbone.layer2.2.bn3.bias - torch.Size([512]): 
PretrainedInit: load from torchvision://resnet50 

backbone.layer2.3.conv1.weight - torch.Size([128, 512, 1, 1]): 
PretrainedInit: load from torchvision://resnet50 

backbone.layer2.3.bn1.weight - torch.Size([128]): 
PretrainedInit: load from torchvision://resnet50 

backbone.layer2.3.bn1.bias - torch.Size([128]): 
PretrainedInit: load from torchvision://resnet50 

backbone.layer2.3.conv2.weight - torch.Size([128, 128, 3, 3]): 
PretrainedInit: load from torchvision://resnet50 

backbone.layer2.3.bn2.weight - torch.Size([128]): 
PretrainedInit: load from torchvision://resnet50 

backbone.layer2.3.bn2.bias - torch.Size([128]): 
PretrainedInit: load from torchvision://resnet50 

backbone.layer2.3.conv3.weight - torch.Size([512, 128, 1, 1]): 
PretrainedInit: load from torchvision://resnet50 

backbone.layer2.3.bn3.weight - torch.Size([512]): 
PretrainedInit: load from torchvision://resnet50 

backbone.layer2.3.bn3.bias - torch.Size([512]): 
PretrainedInit: load from torchvision://resnet50 

backbone.layer3.0.conv1.weight - torch.Size([256, 512, 1, 1]): 
PretrainedInit: load from torchvision://resnet50 

backbone.layer3.0.bn1.weight - torch.Size([256]): 
PretrainedInit: load from torchvision://resnet50 

backbone.layer3.0.bn1.bias - torch.Size([256]): 
PretrainedInit: load from torchvision://resnet50 

backbone.layer3.0.conv2.weight - torch.Size([256, 256, 3, 3]): 
PretrainedInit: load from torchvision://resnet50 

backbone.layer3.0.bn2.weight - torch.Size([256]): 
PretrainedInit: load from torchvision://resnet50 

backbone.layer3.0.bn2.bias - torch.Size([256]): 
PretrainedInit: load from torchvision://resnet50 

backbone.layer3.0.conv3.weight - torch.Size([1024, 256, 1, 1]): 
PretrainedInit: load from torchvision://resnet50 

backbone.layer3.0.bn3.weight - torch.Size([1024]): 
PretrainedInit: load from torchvision://resnet50 

backbone.layer3.0.bn3.bias - torch.Size([1024]): 
PretrainedInit: load from torchvision://resnet50 

backbone.layer3.0.downsample.0.weight - torch.Size([1024, 512, 1, 1]): 
PretrainedInit: load from torchvision://resnet50 

backbone.layer3.0.downsample.1.weight - torch.Size([1024]): 
PretrainedInit: load from torchvision://resnet50 

backbone.layer3.0.downsample.1.bias - torch.Size([1024]): 
PretrainedInit: load from torchvision://resnet50 

backbone.layer3.1.conv1.weight - torch.Size([256, 1024, 1, 1]): 
PretrainedInit: load from torchvision://resnet50 

backbone.layer3.1.bn1.weight - torch.Size([256]): 
PretrainedInit: load from torchvision://resnet50 

backbone.layer3.1.bn1.bias - torch.Size([256]): 
PretrainedInit: load from torchvision://resnet50 

backbone.layer3.1.conv2.weight - torch.Size([256, 256, 3, 3]): 
PretrainedInit: load from torchvision://resnet50 

backbone.layer3.1.bn2.weight - torch.Size([256]): 
PretrainedInit: load from torchvision://resnet50 

backbone.layer3.1.bn2.bias - torch.Size([256]): 
PretrainedInit: load from torchvision://resnet50 

backbone.layer3.1.conv3.weight - torch.Size([1024, 256, 1, 1]): 
PretrainedInit: load from torchvision://resnet50 

backbone.layer3.1.bn3.weight - torch.Size([1024]): 
PretrainedInit: load from torchvision://resnet50 

backbone.layer3.1.bn3.bias - torch.Size([1024]): 
PretrainedInit: load from torchvision://resnet50 

backbone.layer3.2.conv1.weight - torch.Size([256, 1024, 1, 1]): 
PretrainedInit: load from torchvision://resnet50 

backbone.layer3.2.bn1.weight - torch.Size([256]): 
PretrainedInit: load from torchvision://resnet50 

backbone.layer3.2.bn1.bias - torch.Size([256]): 
PretrainedInit: load from torchvision://resnet50 

backbone.layer3.2.conv2.weight - torch.Size([256, 256, 3, 3]): 
PretrainedInit: load from torchvision://resnet50 

backbone.layer3.2.bn2.weight - torch.Size([256]): 
PretrainedInit: load from torchvision://resnet50 

backbone.layer3.2.bn2.bias - torch.Size([256]): 
PretrainedInit: load from torchvision://resnet50 

backbone.layer3.2.conv3.weight - torch.Size([1024, 256, 1, 1]): 
PretrainedInit: load from torchvision://resnet50 

backbone.layer3.2.bn3.weight - torch.Size([1024]): 
PretrainedInit: load from torchvision://resnet50 

backbone.layer3.2.bn3.bias - torch.Size([1024]): 
PretrainedInit: load from torchvision://resnet50 

backbone.layer3.3.conv1.weight - torch.Size([256, 1024, 1, 1]): 
PretrainedInit: load from torchvision://resnet50 

backbone.layer3.3.bn1.weight - torch.Size([256]): 
PretrainedInit: load from torchvision://resnet50 

backbone.layer3.3.bn1.bias - torch.Size([256]): 
PretrainedInit: load from torchvision://resnet50 

backbone.layer3.3.conv2.weight - torch.Size([256, 256, 3, 3]): 
PretrainedInit: load from torchvision://resnet50 

backbone.layer3.3.bn2.weight - torch.Size([256]): 
PretrainedInit: load from torchvision://resnet50 

backbone.layer3.3.bn2.bias - torch.Size([256]): 
PretrainedInit: load from torchvision://resnet50 

backbone.layer3.3.conv3.weight - torch.Size([1024, 256, 1, 1]): 
PretrainedInit: load from torchvision://resnet50 

backbone.layer3.3.bn3.weight - torch.Size([1024]): 
PretrainedInit: load from torchvision://resnet50 

backbone.layer3.3.bn3.bias - torch.Size([1024]): 
PretrainedInit: load from torchvision://resnet50 

backbone.layer3.4.conv1.weight - torch.Size([256, 1024, 1, 1]): 
PretrainedInit: load from torchvision://resnet50 

backbone.layer3.4.bn1.weight - torch.Size([256]): 
PretrainedInit: load from torchvision://resnet50 

backbone.layer3.4.bn1.bias - torch.Size([256]): 
PretrainedInit: load from torchvision://resnet50 

backbone.layer3.4.conv2.weight - torch.Size([256, 256, 3, 3]): 
PretrainedInit: load from torchvision://resnet50 

backbone.layer3.4.bn2.weight - torch.Size([256]): 
PretrainedInit: load from torchvision://resnet50 

backbone.layer3.4.bn2.bias - torch.Size([256]): 
PretrainedInit: load from torchvision://resnet50 

backbone.layer3.4.conv3.weight - torch.Size([1024, 256, 1, 1]): 
PretrainedInit: load from torchvision://resnet50 

backbone.layer3.4.bn3.weight - torch.Size([1024]): 
PretrainedInit: load from torchvision://resnet50 

backbone.layer3.4.bn3.bias - torch.Size([1024]): 
PretrainedInit: load from torchvision://resnet50 

backbone.layer3.5.conv1.weight - torch.Size([256, 1024, 1, 1]): 
PretrainedInit: load from torchvision://resnet50 

backbone.layer3.5.bn1.weight - torch.Size([256]): 
PretrainedInit: load from torchvision://resnet50 

backbone.layer3.5.bn1.bias - torch.Size([256]): 
PretrainedInit: load from torchvision://resnet50 

backbone.layer3.5.conv2.weight - torch.Size([256, 256, 3, 3]): 
PretrainedInit: load from torchvision://resnet50 

backbone.layer3.5.bn2.weight - torch.Size([256]): 
PretrainedInit: load from torchvision://resnet50 

backbone.layer3.5.bn2.bias - torch.Size([256]): 
PretrainedInit: load from torchvision://resnet50 

backbone.layer3.5.conv3.weight - torch.Size([1024, 256, 1, 1]): 
PretrainedInit: load from torchvision://resnet50 

backbone.layer3.5.bn3.weight - torch.Size([1024]): 
PretrainedInit: load from torchvision://resnet50 

backbone.layer3.5.bn3.bias - torch.Size([1024]): 
PretrainedInit: load from torchvision://resnet50 

backbone.layer4.0.conv1.weight - torch.Size([512, 1024, 1, 1]): 
PretrainedInit: load from torchvision://resnet50 

backbone.layer4.0.bn1.weight - torch.Size([512]): 
PretrainedInit: load from torchvision://resnet50 

backbone.layer4.0.bn1.bias - torch.Size([512]): 
PretrainedInit: load from torchvision://resnet50 

backbone.layer4.0.conv2.weight - torch.Size([512, 512, 3, 3]): 
PretrainedInit: load from torchvision://resnet50 

backbone.layer4.0.bn2.weight - torch.Size([512]): 
PretrainedInit: load from torchvision://resnet50 

backbone.layer4.0.bn2.bias - torch.Size([512]): 
PretrainedInit: load from torchvision://resnet50 

backbone.layer4.0.conv3.weight - torch.Size([2048, 512, 1, 1]): 
PretrainedInit: load from torchvision://resnet50 

backbone.layer4.0.bn3.weight - torch.Size([2048]): 
PretrainedInit: load from torchvision://resnet50 

backbone.layer4.0.bn3.bias - torch.Size([2048]): 
PretrainedInit: load from torchvision://resnet50 

backbone.layer4.0.downsample.0.weight - torch.Size([2048, 1024, 1, 1]): 
PretrainedInit: load from torchvision://resnet50 

backbone.layer4.0.downsample.1.weight - torch.Size([2048]): 
PretrainedInit: load from torchvision://resnet50 

backbone.layer4.0.downsample.1.bias - torch.Size([2048]): 
PretrainedInit: load from torchvision://resnet50 

backbone.layer4.1.conv1.weight - torch.Size([512, 2048, 1, 1]): 
PretrainedInit: load from torchvision://resnet50 

backbone.layer4.1.bn1.weight - torch.Size([512]): 
PretrainedInit: load from torchvision://resnet50 

backbone.layer4.1.bn1.bias - torch.Size([512]): 
PretrainedInit: load from torchvision://resnet50 

backbone.layer4.1.conv2.weight - torch.Size([512, 512, 3, 3]): 
PretrainedInit: load from torchvision://resnet50 

backbone.layer4.1.bn2.weight - torch.Size([512]): 
PretrainedInit: load from torchvision://resnet50 

backbone.layer4.1.bn2.bias - torch.Size([512]): 
PretrainedInit: load from torchvision://resnet50 

backbone.layer4.1.conv3.weight - torch.Size([2048, 512, 1, 1]): 
PretrainedInit: load from torchvision://resnet50 

backbone.layer4.1.bn3.weight - torch.Size([2048]): 
PretrainedInit: load from torchvision://resnet50 

backbone.layer4.1.bn3.bias - torch.Size([2048]): 
PretrainedInit: load from torchvision://resnet50 

backbone.layer4.2.conv1.weight - torch.Size([512, 2048, 1, 1]): 
PretrainedInit: load from torchvision://resnet50 

backbone.layer4.2.bn1.weight - torch.Size([512]): 
PretrainedInit: load from torchvision://resnet50 

backbone.layer4.2.bn1.bias - torch.Size([512]): 
PretrainedInit: load from torchvision://resnet50 

backbone.layer4.2.conv2.weight - torch.Size([512, 512, 3, 3]): 
PretrainedInit: load from torchvision://resnet50 

backbone.layer4.2.bn2.weight - torch.Size([512]): 
PretrainedInit: load from torchvision://resnet50 

backbone.layer4.2.bn2.bias - torch.Size([512]): 
PretrainedInit: load from torchvision://resnet50 

backbone.layer4.2.conv3.weight - torch.Size([2048, 512, 1, 1]): 
PretrainedInit: load from torchvision://resnet50 

backbone.layer4.2.bn3.weight - torch.Size([2048]): 
PretrainedInit: load from torchvision://resnet50 

backbone.layer4.2.bn3.bias - torch.Size([2048]): 
PretrainedInit: load from torchvision://resnet50 

neck.lateral_convs.0.conv.weight - torch.Size([256, 256, 1, 1]): 
XavierInit: gain=1, distribution=uniform, bias=0 

neck.lateral_convs.0.conv.bias - torch.Size([256]): 
The value is the same before and after calling `init_weights` of FasterRCNN  

neck.lateral_convs.1.conv.weight - torch.Size([256, 512, 1, 1]): 
XavierInit: gain=1, distribution=uniform, bias=0 

neck.lateral_convs.1.conv.bias - torch.Size([256]): 
The value is the same before and after calling `init_weights` of FasterRCNN  

neck.lateral_convs.2.conv.weight - torch.Size([256, 1024, 1, 1]): 
XavierInit: gain=1, distribution=uniform, bias=0 

neck.lateral_convs.2.conv.bias - torch.Size([256]): 
The value is the same before and after calling `init_weights` of FasterRCNN  

neck.lateral_convs.3.conv.weight - torch.Size([256, 2048, 1, 1]): 
XavierInit: gain=1, distribution=uniform, bias=0 

neck.lateral_convs.3.conv.bias - torch.Size([256]): 
The value is the same before and after calling `init_weights` of FasterRCNN  

neck.fpn_convs.0.conv.weight - torch.Size([256, 256, 3, 3]): 
XavierInit: gain=1, distribution=uniform, bias=0 

neck.fpn_convs.0.conv.bias - torch.Size([256]): 
The value is the same before and after calling `init_weights` of FasterRCNN  

neck.fpn_convs.1.conv.weight - torch.Size([256, 256, 3, 3]): 
XavierInit: gain=1, distribution=uniform, bias=0 

neck.fpn_convs.1.conv.bias - torch.Size([256]): 
The value is the same before and after calling `init_weights` of FasterRCNN  

neck.fpn_convs.2.conv.weight - torch.Size([256, 256, 3, 3]): 
XavierInit: gain=1, distribution=uniform, bias=0 

neck.fpn_convs.2.conv.bias - torch.Size([256]): 
The value is the same before and after calling `init_weights` of FasterRCNN  

neck.fpn_convs.3.conv.weight - torch.Size([256, 256, 3, 3]): 
XavierInit: gain=1, distribution=uniform, bias=0 

neck.fpn_convs.3.conv.bias - torch.Size([256]): 
The value is the same before and after calling `init_weights` of FasterRCNN  

rpn_head.rpn_conv.weight - torch.Size([256, 256, 3, 3]): 
NormalInit: mean=0, std=0.01, bias=0 

rpn_head.rpn_conv.bias - torch.Size([256]): 
NormalInit: mean=0, std=0.01, bias=0 

rpn_head.rpn_cls.weight - torch.Size([3, 256, 1, 1]): 
NormalInit: mean=0, std=0.01, bias=0 

rpn_head.rpn_cls.bias - torch.Size([3]): 
NormalInit: mean=0, std=0.01, bias=0 

rpn_head.rpn_reg.weight - torch.Size([12, 256, 1, 1]): 
NormalInit: mean=0, std=0.01, bias=0 

rpn_head.rpn_reg.bias - torch.Size([12]): 
NormalInit: mean=0, std=0.01, bias=0 

roi_head.bbox_head.fc_cls.weight - torch.Size([3, 1024]): 
NormalInit: mean=0, std=0.01, bias=0 

roi_head.bbox_head.fc_cls.bias - torch.Size([3]): 
NormalInit: mean=0, std=0.01, bias=0 

roi_head.bbox_head.fc_reg.weight - torch.Size([8, 1024]): 
NormalInit: mean=0, std=0.001, bias=0 

roi_head.bbox_head.fc_reg.bias - torch.Size([8]): 
NormalInit: mean=0, std=0.001, bias=0 

roi_head.bbox_head.shared_fcs.0.weight - torch.Size([1024, 12544]): 
XavierInit: gain=1, distribution=uniform, bias=0 

roi_head.bbox_head.shared_fcs.0.bias - torch.Size([1024]): 
XavierInit: gain=1, distribution=uniform, bias=0 

roi_head.bbox_head.shared_fcs.1.weight - torch.Size([1024, 1024]): 
XavierInit: gain=1, distribution=uniform, bias=0 

roi_head.bbox_head.shared_fcs.1.bias - torch.Size([1024]): 
XavierInit: gain=1, distribution=uniform, bias=0 
2026/03/27 21:50:32 - mmengine - INFO - Load checkpoint from https://download.openmmlab.com/mmdetection/v2.0/dynamic_rcnn/dynamic_rcnn_r50_fpn_1x/dynamic_rcnn_r50_fpn_1x-62a3f276.pth
2026/03/27 21:50:32 - mmengine - WARNING - "FileClient" will be deprecated in future. Please use io functions in https://mmengine.readthedocs.io/en/latest/api/fileio.html#file-io
2026/03/27 21:50:32 - mmengine - WARNING - "HardDiskBackend" is the alias of "LocalBackend" and the former will be deprecated in future.
2026/03/27 21:50:32 - mmengine - INFO - Checkpoints will be saved to /workspace/aquaculture-perception/runs/mmdet/net_fish_sonar/dynamic_rcnn_r50_fpn_net_fish_sonar_80e_pretrained.
2026/03/27 21:51:01 - mmengine - INFO - Exp name: dynamic_rcnn_r50_fpn_net_fish_sonar_80e_pretrained_20260327_215019
2026/03/27 21:51:01 - mmengine - INFO - Epoch(train)  [1][38/38]  lr: 1.5015e-03  eta: 0:37:24  time: 0.7476  data_time: 0.0241  memory: 11607  loss: 0.5891  loss_rpn_cls: 0.0959  loss_rpn_bbox: 0.0184  loss_cls: 0.3690  acc: 93.0176  loss_bbox: 0.1058
2026/03/27 21:51:25 - mmengine - INFO - Exp name: dynamic_rcnn_r50_fpn_net_fish_sonar_80e_pretrained_20260327_215019
2026/03/27 21:51:25 - mmengine - INFO - Epoch(train)  [2][38/38]  lr: 3.0230e-03  eta: 0:34:00  time: 0.6190  data_time: 0.0083  memory: 11355  loss: 0.3149  loss_rpn_cls: 0.0125  loss_rpn_bbox: 0.0132  loss_cls: 0.1445  acc: 95.4224  loss_bbox: 0.1447
2026/03/27 21:51:27 - mmengine - INFO - Epoch(val)  [2][ 50/100]    eta: 0:00:02  time: 0.0553  data_time: 0.0093  memory: 809  
2026/03/27 21:51:30 - mmengine - INFO - Epoch(val)  [2][100/100]    eta: 0:00:00  time: 0.0482  data_time: 0.0046  memory: 788  
2026/03/27 21:51:30 - mmengine - INFO - Evaluating bbox...
2026/03/27 21:51:30 - mmengine - INFO - bbox_mAP_copypaste: 0.361 0.647 0.401 0.045 0.375 0.633
2026/03/27 21:51:30 - mmengine - INFO - Epoch(val) [2][100/100]    coco/bbox_mAP: 0.3610  coco/bbox_mAP_50: 0.6470  coco/bbox_mAP_75: 0.4010  coco/bbox_mAP_s: 0.0450  coco/bbox_mAP_m: 0.3750  coco/bbox_mAP_l: 0.6330  data_time: 0.0070  time: 0.0518
2026/03/27 21:51:31 - mmengine - INFO - The best checkpoint with 0.3610 coco/bbox_mAP at 2 epoch is saved to best_coco_bbox_mAP_epoch_2.pth.
2026/03/27 21:51:56 - mmengine - INFO - Exp name: dynamic_rcnn_r50_fpn_net_fish_sonar_80e_pretrained_20260327_215019
2026/03/27 21:51:56 - mmengine - INFO - Epoch(train)  [3][38/38]  lr: 4.5445e-03  eta: 0:32:50  time: 0.6297  data_time: 0.0119  memory: 11352  loss: 0.2484  loss_rpn_cls: 0.0062  loss_rpn_bbox: 0.0119  loss_cls: 0.1088  acc: 94.7266  loss_bbox: 0.1215
2026/03/27 21:52:20 - mmengine - INFO - Exp name: dynamic_rcnn_r50_fpn_net_fish_sonar_80e_pretrained_20260327_215019
2026/03/27 21:52:20 - mmengine - INFO - Epoch(train)  [4][38/38]  lr: 6.0661e-03  eta: 0:32:05  time: 0.6324  data_time: 0.0137  memory: 11338  loss: 0.2943  loss_rpn_cls: 0.0051  loss_rpn_bbox: 0.0113  loss_cls: 0.0960  acc: 96.4478  loss_bbox: 0.1819
2026/03/27 21:52:23 - mmengine - INFO - Epoch(val)  [4][ 50/100]    eta: 0:00:02  time: 0.0496  data_time: 0.0056  memory: 805  
2026/03/27 21:52:25 - mmengine - INFO - Epoch(val)  [4][100/100]    eta: 0:00:00  time: 0.0478  data_time: 0.0043  memory: 778  
2026/03/27 21:52:25 - mmengine - INFO - Evaluating bbox...
2026/03/27 21:52:25 - mmengine - INFO - bbox_mAP_copypaste: 0.434 0.775 0.460 0.193 0.446 0.667
2026/03/27 21:52:25 - mmengine - INFO - Epoch(val) [4][100/100]    coco/bbox_mAP: 0.4340  coco/bbox_mAP_50: 0.7750  coco/bbox_mAP_75: 0.4600  coco/bbox_mAP_s: 0.1930  coco/bbox_mAP_m: 0.4460  coco/bbox_mAP_l: 0.6670  data_time: 0.0049  time: 0.0487
2026/03/27 21:52:26 - mmengine - INFO - The previous best checkpoint /workspace/aquaculture-perception/runs/mmdet/net_fish_sonar/dynamic_rcnn_r50_fpn_net_fish_sonar_80e_pretrained/best_coco_bbox_mAP_epoch_2.pth is removed
2026/03/27 21:52:26 - mmengine - INFO - The best checkpoint with 0.4340 coco/bbox_mAP at 4 epoch is saved to best_coco_bbox_mAP_epoch_4.pth.
2026/03/27 21:52:51 - mmengine - INFO - Exp name: dynamic_rcnn_r50_fpn_net_fish_sonar_80e_pretrained_20260327_215019
2026/03/27 21:52:51 - mmengine - INFO - Epoch(train)  [5][38/38]  lr: 7.5876e-03  eta: 0:31:29  time: 0.6330  data_time: 0.0088  memory: 11358  loss: 0.2269  loss_rpn_cls: 0.0036  loss_rpn_bbox: 0.0101  loss_cls: 0.0706  acc: 97.8760  loss_bbox: 0.1425
2026/03/27 21:53:16 - mmengine - INFO - Exp name: dynamic_rcnn_r50_fpn_net_fish_sonar_80e_pretrained_20260327_215019
2026/03/27 21:53:16 - mmengine - INFO - Epoch(train)  [6][38/38]  lr: 9.1091e-03  eta: 0:31:01  time: 0.6432  data_time: 0.0114  memory: 11380  loss: 0.1900  loss_rpn_cls: 0.0030  loss_rpn_bbox: 0.0093  loss_cls: 0.0589  acc: 97.3755  loss_bbox: 0.1188
2026/03/27 21:53:18 - mmengine - INFO - Epoch(val)  [6][ 50/100]    eta: 0:00:02  time: 0.0500  data_time: 0.0058  memory: 801  
2026/03/27 21:53:21 - mmengine - INFO - Epoch(val)  [6][100/100]    eta: 0:00:00  time: 0.0497  data_time: 0.0047  memory: 773  
2026/03/27 21:53:21 - mmengine - INFO - Evaluating bbox...
2026/03/27 21:53:21 - mmengine - INFO - bbox_mAP_copypaste: 0.450 0.824 0.453 0.159 0.465 0.664
2026/03/27 21:53:21 - mmengine - INFO - Epoch(val) [6][100/100]    coco/bbox_mAP: 0.4500  coco/bbox_mAP_50: 0.8240  coco/bbox_mAP_75: 0.4530  coco/bbox_mAP_s: 0.1590  coco/bbox_mAP_m: 0.4650  coco/bbox_mAP_l: 0.6640  data_time: 0.0052  time: 0.0498
2026/03/27 21:53:21 - mmengine - INFO - The previous best checkpoint /workspace/aquaculture-perception/runs/mmdet/net_fish_sonar/dynamic_rcnn_r50_fpn_net_fish_sonar_80e_pretrained/best_coco_bbox_mAP_epoch_4.pth is removed
2026/03/27 21:53:22 - mmengine - INFO - The best checkpoint with 0.4500 coco/bbox_mAP at 6 epoch is saved to best_coco_bbox_mAP_epoch_6.pth.
2026/03/27 21:53:47 - mmengine - INFO - Exp name: dynamic_rcnn_r50_fpn_net_fish_sonar_80e_pretrained_20260327_215019
2026/03/27 21:53:47 - mmengine - INFO - Epoch(train)  [7][38/38]  lr: 1.0631e-02  eta: 0:30:31  time: 0.6405  data_time: 0.0133  memory: 11361  loss: 0.1810  loss_rpn_cls: 0.0032  loss_rpn_bbox: 0.0092  loss_cls: 0.0545  acc: 96.4966  loss_bbox: 0.1141
2026/03/27 21:54:11 - mmengine - INFO - Exp name: dynamic_rcnn_r50_fpn_net_fish_sonar_80e_pretrained_20260327_215019
2026/03/27 21:54:11 - mmengine - INFO - Epoch(train)  [8][38/38]  lr: 1.2152e-02  eta: 0:30:00  time: 0.6317  data_time: 0.0089  memory: 11343  loss: 0.1753  loss_rpn_cls: 0.0029  loss_rpn_bbox: 0.0091  loss_cls: 0.0530  acc: 97.1680  loss_bbox: 0.1104
2026/03/27 21:54:14 - mmengine - INFO - Epoch(val)  [8][ 50/100]    eta: 0:00:02  time: 0.0492  data_time: 0.0052  memory: 803  
2026/03/27 21:54:16 - mmengine - INFO - Epoch(val)  [8][100/100]    eta: 0:00:00  time: 0.0486  data_time: 0.0044  memory: 776  
2026/03/27 21:54:16 - mmengine - INFO - Evaluating bbox...
2026/03/27 21:54:16 - mmengine - INFO - bbox_mAP_copypaste: 0.459 0.809 0.476 0.149 0.475 0.727
2026/03/27 21:54:16 - mmengine - INFO - Epoch(val) [8][100/100]    coco/bbox_mAP: 0.4590  coco/bbox_mAP_50: 0.8090  coco/bbox_mAP_75: 0.4760  coco/bbox_mAP_s: 0.1490  coco/bbox_mAP_m: 0.4750  coco/bbox_mAP_l: 0.7270  data_time: 0.0048  time: 0.0489
2026/03/27 21:54:16 - mmengine - INFO - The previous best checkpoint /workspace/aquaculture-perception/runs/mmdet/net_fish_sonar/dynamic_rcnn_r50_fpn_net_fish_sonar_80e_pretrained/best_coco_bbox_mAP_epoch_6.pth is removed
2026/03/27 21:54:17 - mmengine - INFO - The best checkpoint with 0.4590 coco/bbox_mAP at 8 epoch is saved to best_coco_bbox_mAP_epoch_8.pth.
2026/03/27 21:54:42 - mmengine - INFO - Exp name: dynamic_rcnn_r50_fpn_net_fish_sonar_80e_pretrained_20260327_215019
2026/03/27 21:54:42 - mmengine - INFO - Epoch(train)  [9][38/38]  lr: 1.3674e-02  eta: 0:29:30  time: 0.6290  data_time: 0.0137  memory: 11350  loss: 0.1651  loss_rpn_cls: 0.0026  loss_rpn_bbox: 0.0086  loss_cls: 0.0505  acc: 95.7886  loss_bbox: 0.1034
2026/03/27 21:55:06 - mmengine - INFO - Exp name: dynamic_rcnn_r50_fpn_net_fish_sonar_80e_pretrained_20260327_215019
2026/03/27 21:55:06 - mmengine - INFO - Epoch(train) [10][38/38]  lr: 1.5195e-02  eta: 0:29:01  time: 0.6288  data_time: 0.0086  memory: 11341  loss: 0.1560  loss_rpn_cls: 0.0025  loss_rpn_bbox: 0.0083  loss_cls: 0.0471  acc: 97.9370  loss_bbox: 0.0981
2026/03/27 21:55:09 - mmengine - INFO - Epoch(val) [10][ 50/100]    eta: 0:00:02  time: 0.0518  data_time: 0.0058  memory: 801  
2026/03/27 21:55:11 - mmengine - INFO - Epoch(val) [10][100/100]    eta: 0:00:00  time: 0.0487  data_time: 0.0046  memory: 779  
2026/03/27 21:55:11 - mmengine - INFO - Evaluating bbox...
2026/03/27 21:55:11 - mmengine - INFO - bbox_mAP_copypaste: 0.484 0.840 0.518 0.188 0.512 0.713
2026/03/27 21:55:11 - mmengine - INFO - Epoch(val) [10][100/100]    coco/bbox_mAP: 0.4840  coco/bbox_mAP_50: 0.8400  coco/bbox_mAP_75: 0.5180  coco/bbox_mAP_s: 0.1880  coco/bbox_mAP_m: 0.5120  coco/bbox_mAP_l: 0.7130  data_time: 0.0052  time: 0.0502
2026/03/27 21:55:11 - mmengine - INFO - The previous best checkpoint /workspace/aquaculture-perception/runs/mmdet/net_fish_sonar/dynamic_rcnn_r50_fpn_net_fish_sonar_80e_pretrained/best_coco_bbox_mAP_epoch_8.pth is removed
2026/03/27 21:55:12 - mmengine - INFO - The best checkpoint with 0.4840 coco/bbox_mAP at 10 epoch is saved to best_coco_bbox_mAP_epoch_10.pth.
2026/03/27 21:55:38 - mmengine - INFO - Exp name: dynamic_rcnn_r50_fpn_net_fish_sonar_80e_pretrained_20260327_215019
2026/03/27 21:55:38 - mmengine - INFO - Epoch(train) [11][38/38]  lr: 1.6717e-02  eta: 0:28:40  time: 0.6563  data_time: 0.0132  memory: 11339  loss: 0.1517  loss_rpn_cls: 0.0025  loss_rpn_bbox: 0.0085  loss_cls: 0.0447  acc: 98.2788  loss_bbox: 0.0960
2026/03/27 21:56:03 - mmengine - INFO - Exp name: dynamic_rcnn_r50_fpn_net_fish_sonar_80e_pretrained_20260327_215019
2026/03/27 21:56:03 - mmengine - INFO - Epoch(train) [12][38/38]  lr: 1.8238e-02  eta: 0:28:16  time: 0.6493  data_time: 0.0129  memory: 11332  loss: 0.1600  loss_rpn_cls: 0.0025  loss_rpn_bbox: 0.0083  loss_cls: 0.0458  acc: 98.6328  loss_bbox: 0.1034
2026/03/27 21:56:05 - mmengine - INFO - Epoch(val) [12][ 50/100]    eta: 0:00:02  time: 0.0505  data_time: 0.0056  memory: 804  
2026/03/27 21:56:08 - mmengine - INFO - Epoch(val) [12][100/100]    eta: 0:00:00  time: 0.0492  data_time: 0.0048  memory: 781  
2026/03/27 21:56:08 - mmengine - INFO - Evaluating bbox...
2026/03/27 21:56:08 - mmengine - INFO - bbox_mAP_copypaste: 0.475 0.870 0.470 0.220 0.491 0.698
2026/03/27 21:56:08 - mmengine - INFO - Epoch(val) [12][100/100]    coco/bbox_mAP: 0.4750  coco/bbox_mAP_50: 0.8700  coco/bbox_mAP_75: 0.4700  coco/bbox_mAP_s: 0.2200  coco/bbox_mAP_m: 0.4910  coco/bbox_mAP_l: 0.6980  data_time: 0.0052  time: 0.0498
2026/03/27 21:56:33 - mmengine - INFO - Exp name: dynamic_rcnn_r50_fpn_net_fish_sonar_80e_pretrained_20260327_215019
2026/03/27 21:56:33 - mmengine - INFO - Epoch(train) [13][38/38]  lr: 1.9760e-02  eta: 0:27:50  time: 0.6434  data_time: 0.0120  memory: 11352  loss: 0.1502  loss_rpn_cls: 0.0026  loss_rpn_bbox: 0.0079  loss_cls: 0.0435  acc: 97.1313  loss_bbox: 0.0962
2026/03/27 21:56:57 - mmengine - INFO - Exp name: dynamic_rcnn_r50_fpn_net_fish_sonar_80e_pretrained_20260327_215019
2026/03/27 21:56:57 - mmengine - INFO - Epoch(train) [14][38/38]  lr: 2.0000e-02  eta: 0:27:23  time: 0.6322  data_time: 0.0076  memory: 11332  loss: 0.1410  loss_rpn_cls: 0.0022  loss_rpn_bbox: 0.0078  loss_cls: 0.0417  acc: 98.1323  loss_bbox: 0.0893
2026/03/27 21:57:00 - mmengine - INFO - Epoch(val) [14][ 50/100]    eta: 0:00:02  time: 0.0491  data_time: 0.0053  memory: 802  
2026/03/27 21:57:02 - mmengine - INFO - Epoch(val) [14][100/100]    eta: 0:00:00  time: 0.0487  data_time: 0.0048  memory: 785  
2026/03/27 21:57:02 - mmengine - INFO - Evaluating bbox...
2026/03/27 21:57:02 - mmengine - INFO - bbox_mAP_copypaste: 0.486 0.871 0.483 0.218 0.483 0.732
2026/03/27 21:57:02 - mmengine - INFO - Epoch(val) [14][100/100]    coco/bbox_mAP: 0.4860  coco/bbox_mAP_50: 0.8710  coco/bbox_mAP_75: 0.4830  coco/bbox_mAP_s: 0.2180  coco/bbox_mAP_m: 0.4830  coco/bbox_mAP_l: 0.7320  data_time: 0.0050  time: 0.0489
2026/03/27 21:57:02 - mmengine - INFO - The previous best checkpoint /workspace/aquaculture-perception/runs/mmdet/net_fish_sonar/dynamic_rcnn_r50_fpn_net_fish_sonar_80e_pretrained/best_coco_bbox_mAP_epoch_10.pth is removed
2026/03/27 21:57:03 - mmengine - INFO - The best checkpoint with 0.4860 coco/bbox_mAP at 14 epoch is saved to best_coco_bbox_mAP_epoch_14.pth.
2026/03/27 21:57:28 - mmengine - INFO - Exp name: dynamic_rcnn_r50_fpn_net_fish_sonar_80e_pretrained_20260327_215019
2026/03/27 21:57:28 - mmengine - INFO - Epoch(train) [15][38/38]  lr: 2.0000e-02  eta: 0:26:58  time: 0.6427  data_time: 0.0125  memory: 11334  loss: 0.1337  loss_rpn_cls: 0.0022  loss_rpn_bbox: 0.0074  loss_cls: 0.0398  acc: 97.9004  loss_bbox: 0.0842
2026/03/27 21:57:53 - mmengine - INFO - Exp name: dynamic_rcnn_r50_fpn_net_fish_sonar_80e_pretrained_20260327_215019
2026/03/27 21:57:53 - mmengine - INFO - Epoch(train) [16][38/38]  lr: 2.0000e-02  eta: 0:26:31  time: 0.6305  data_time: 0.0108  memory: 11332  loss: 0.1287  loss_rpn_cls: 0.0021  loss_rpn_bbox: 0.0072  loss_cls: 0.0375  acc: 98.7305  loss_bbox: 0.0819
2026/03/27 21:57:55 - mmengine - INFO - Epoch(val) [16][ 50/100]    eta: 0:00:02  time: 0.0516  data_time: 0.0064  memory: 801  
2026/03/27 21:57:58 - mmengine - INFO - Epoch(val) [16][100/100]    eta: 0:00:00  time: 0.0505  data_time: 0.0052  memory: 789  
2026/03/27 21:57:58 - mmengine - INFO - Evaluating bbox...
2026/03/27 21:57:58 - mmengine - INFO - bbox_mAP_copypaste: 0.453 0.831 0.481 0.246 0.477 0.633
2026/03/27 21:57:58 - mmengine - INFO - Epoch(val) [16][100/100]    coco/bbox_mAP: 0.4530  coco/bbox_mAP_50: 0.8310  coco/bbox_mAP_75: 0.4810  coco/bbox_mAP_s: 0.2460  coco/bbox_mAP_m: 0.4770  coco/bbox_mAP_l: 0.6330  data_time: 0.0058  time: 0.0510
2026/03/27 21:58:22 - mmengine - INFO - Exp name: dynamic_rcnn_r50_fpn_net_fish_sonar_80e_pretrained_20260327_215019
2026/03/27 21:58:22 - mmengine - INFO - Epoch(train) [17][38/38]  lr: 2.0000e-02  eta: 0:26:03  time: 0.6259  data_time: 0.0117  memory: 11332  loss: 0.1193  loss_rpn_cls: 0.0021  loss_rpn_bbox: 0.0073  loss_cls: 0.0363  acc: 98.6694  loss_bbox: 0.0736
2026/03/27 21:58:47 - mmengine - INFO - Exp name: dynamic_rcnn_r50_fpn_net_fish_sonar_80e_pretrained_20260327_215019
2026/03/27 21:58:47 - mmengine - INFO - Epoch(train) [18][38/38]  lr: 2.0000e-02  eta: 0:25:37  time: 0.6295  data_time: 0.0103  memory: 11332  loss: 0.1085  loss_rpn_cls: 0.0019  loss_rpn_bbox: 0.0069  loss_cls: 0.0335  acc: 98.9136  loss_bbox: 0.0663
2026/03/27 21:58:49 - mmengine - INFO - Epoch(val) [18][ 50/100]    eta: 0:00:02  time: 0.0505  data_time: 0.0059  memory: 805  
2026/03/27 21:58:52 - mmengine - INFO - Epoch(val) [18][100/100]    eta: 0:00:00  time: 0.0495  data_time: 0.0048  memory: 793  
2026/03/27 21:58:52 - mmengine - INFO - Evaluating bbox...
2026/03/27 21:58:52 - mmengine - INFO - bbox_mAP_copypaste: 0.490 0.847 0.482 0.212 0.505 0.734
2026/03/27 21:58:52 - mmengine - INFO - Epoch(val) [18][100/100]    coco/bbox_mAP: 0.4900  coco/bbox_mAP_50: 0.8470  coco/bbox_mAP_75: 0.4820  coco/bbox_mAP_s: 0.2120  coco/bbox_mAP_m: 0.5050  coco/bbox_mAP_l: 0.7340  data_time: 0.0054  time: 0.0500
2026/03/27 21:58:52 - mmengine - INFO - The previous best checkpoint /workspace/aquaculture-perception/runs/mmdet/net_fish_sonar/dynamic_rcnn_r50_fpn_net_fish_sonar_80e_pretrained/best_coco_bbox_mAP_epoch_14.pth is removed
2026/03/27 21:58:53 - mmengine - INFO - The best checkpoint with 0.4900 coco/bbox_mAP at 18 epoch is saved to best_coco_bbox_mAP_epoch_18.pth.
2026/03/27 21:59:17 - mmengine - INFO - Exp name: dynamic_rcnn_r50_fpn_net_fish_sonar_80e_pretrained_20260327_215019
2026/03/27 21:59:17 - mmengine - INFO - Epoch(train) [19][38/38]  lr: 2.0000e-02  eta: 0:25:11  time: 0.6318  data_time: 0.0118  memory: 11332  loss: 0.1011  loss_rpn_cls: 0.0019  loss_rpn_bbox: 0.0068  loss_cls: 0.0323  acc: 98.2422  loss_bbox: 0.0601
2026/03/27 21:59:42 - mmengine - INFO - Exp name: dynamic_rcnn_r50_fpn_net_fish_sonar_80e_pretrained_20260327_215019
2026/03/27 21:59:42 - mmengine - INFO - Epoch(train) [20][38/38]  lr: 2.0000e-02  eta: 0:24:45  time: 0.6305  data_time: 0.0101  memory: 11332  loss: 0.1073  loss_rpn_cls: 0.0020  loss_rpn_bbox: 0.0069  loss_cls: 0.0332  acc: 99.0967  loss_bbox: 0.0652
2026/03/27 21:59:44 - mmengine - INFO - Epoch(val) [20][ 50/100]    eta: 0:00:02  time: 0.0511  data_time: 0.0058  memory: 802  
2026/03/27 21:59:47 - mmengine - INFO - Epoch(val) [20][100/100]    eta: 0:00:00  time: 0.0484  data_time: 0.0045  memory: 788  
2026/03/27 21:59:47 - mmengine - INFO - Evaluating bbox...
2026/03/27 21:59:47 - mmengine - INFO - bbox_mAP_copypaste: 0.433 0.862 0.412 0.214 0.425 0.635
2026/03/27 21:59:47 - mmengine - INFO - Epoch(val) [20][100/100]    coco/bbox_mAP: 0.4330  coco/bbox_mAP_50: 0.8620  coco/bbox_mAP_75: 0.4120  coco/bbox_mAP_s: 0.2140  coco/bbox_mAP_m: 0.4250  coco/bbox_mAP_l: 0.6350  data_time: 0.0051  time: 0.0497
2026/03/27 22:00:11 - mmengine - INFO - Exp name: dynamic_rcnn_r50_fpn_net_fish_sonar_80e_pretrained_20260327_215019
2026/03/27 22:00:11 - mmengine - INFO - Epoch(train) [21][38/38]  lr: 2.0000e-02  eta: 0:24:19  time: 0.6292  data_time: 0.0130  memory: 11332  loss: 0.1059  loss_rpn_cls: 0.0019  loss_rpn_bbox: 0.0064  loss_cls: 0.0333  acc: 98.4009  loss_bbox: 0.0643
2026/03/27 22:00:36 - mmengine - INFO - Exp name: dynamic_rcnn_r50_fpn_net_fish_sonar_80e_pretrained_20260327_215019
2026/03/27 22:00:36 - mmengine - INFO - Epoch(train) [22][38/38]  lr: 2.0000e-02  eta: 0:23:54  time: 0.6333  data_time: 0.0132  memory: 11332  loss: 0.0917  loss_rpn_cls: 0.0019  loss_rpn_bbox: 0.0066  loss_cls: 0.0300  acc: 98.1812  loss_bbox: 0.0531
2026/03/27 22:00:38 - mmengine - INFO - Epoch(val) [22][ 50/100]    eta: 0:00:02  time: 0.0497  data_time: 0.0054  memory: 803  
2026/03/27 22:00:41 - mmengine - INFO - Epoch(val) [22][100/100]    eta: 0:00:00  time: 0.0481  data_time: 0.0044  memory: 791  
2026/03/27 22:00:41 - mmengine - INFO - Evaluating bbox...
2026/03/27 22:00:41 - mmengine - INFO - bbox_mAP_copypaste: 0.482 0.855 0.490 0.213 0.488 0.726
2026/03/27 22:00:41 - mmengine - INFO - Epoch(val) [22][100/100]    coco/bbox_mAP: 0.4820  coco/bbox_mAP_50: 0.8550  coco/bbox_mAP_75: 0.4900  coco/bbox_mAP_s: 0.2130  coco/bbox_mAP_m: 0.4880  coco/bbox_mAP_l: 0.7260  data_time: 0.0049  time: 0.0489
2026/03/27 22:01:05 - mmengine - INFO - Exp name: dynamic_rcnn_r50_fpn_net_fish_sonar_80e_pretrained_20260327_215019
2026/03/27 22:01:05 - mmengine - INFO - Epoch(train) [23][38/38]  lr: 2.0000e-02  eta: 0:23:29  time: 0.6347  data_time: 0.0116  memory: 11332  loss: 0.0887  loss_rpn_cls: 0.0018  loss_rpn_bbox: 0.0059  loss_cls: 0.0293  acc: 98.4375  loss_bbox: 0.0516
2026/03/27 22:01:30 - mmengine - INFO - Exp name: dynamic_rcnn_r50_fpn_net_fish_sonar_80e_pretrained_20260327_215019
2026/03/27 22:01:30 - mmengine - INFO - Epoch(train) [24][38/38]  lr: 2.0000e-02  eta: 0:23:04  time: 0.6359  data_time: 0.0102  memory: 11332  loss: 0.0859  loss_rpn_cls: 0.0018  loss_rpn_bbox: 0.0062  loss_cls: 0.0278  acc: 99.2432  loss_bbox: 0.0501
2026/03/27 22:01:32 - mmengine - INFO - Epoch(val) [24][ 50/100]    eta: 0:00:02  time: 0.0505  data_time: 0.0054  memory: 804  
2026/03/27 22:01:35 - mmengine - INFO - Epoch(val) [24][100/100]    eta: 0:00:00  time: 0.0489  data_time: 0.0048  memory: 786  
2026/03/27 22:01:35 - mmengine - INFO - Evaluating bbox...
2026/03/27 22:01:35 - mmengine - INFO - bbox_mAP_copypaste: 0.467 0.868 0.468 0.218 0.491 0.689
2026/03/27 22:01:35 - mmengine - INFO - Epoch(val) [24][100/100]    coco/bbox_mAP: 0.4670  coco/bbox_mAP_50: 0.8680  coco/bbox_mAP_75: 0.4680  coco/bbox_mAP_s: 0.2180  coco/bbox_mAP_m: 0.4910  coco/bbox_mAP_l: 0.6890  data_time: 0.0051  time: 0.0497
2026/03/27 22:02:00 - mmengine - INFO - Exp name: dynamic_rcnn_r50_fpn_net_fish_sonar_80e_pretrained_20260327_215019
2026/03/27 22:02:00 - mmengine - INFO - Epoch(train) [25][38/38]  lr: 2.0000e-02  eta: 0:22:39  time: 0.6388  data_time: 0.0078  memory: 11332  loss: 0.0815  loss_rpn_cls: 0.0018  loss_rpn_bbox: 0.0060  loss_cls: 0.0271  acc: 98.9502  loss_bbox: 0.0466
2026/03/27 22:02:24 - mmengine - INFO - Exp name: dynamic_rcnn_r50_fpn_net_fish_sonar_80e_pretrained_20260327_215019
2026/03/27 22:02:24 - mmengine - INFO - Epoch(train) [26][38/38]  lr: 2.0000e-02  eta: 0:22:13  time: 0.6302  data_time: 0.0096  memory: 11332  loss: 0.0798  loss_rpn_cls: 0.0017  loss_rpn_bbox: 0.0062  loss_cls: 0.0257  acc: 99.5972  loss_bbox: 0.0461
2026/03/27 22:02:26 - mmengine - INFO - Epoch(val) [26][ 50/100]    eta: 0:00:02  time: 0.0504  data_time: 0.0055  memory: 802  
2026/03/27 22:02:29 - mmengine - INFO - Epoch(val) [26][100/100]    eta: 0:00:00  time: 0.0486  data_time: 0.0045  memory: 787  
2026/03/27 22:02:29 - mmengine - INFO - Evaluating bbox...
2026/03/27 22:02:29 - mmengine - INFO - bbox_mAP_copypaste: 0.467 0.833 0.468 0.188 0.485 0.704
2026/03/27 22:02:29 - mmengine - INFO - Epoch(val) [26][100/100]    coco/bbox_mAP: 0.4670  coco/bbox_mAP_50: 0.8330  coco/bbox_mAP_75: 0.4680  coco/bbox_mAP_s: 0.1880  coco/bbox_mAP_m: 0.4850  coco/bbox_mAP_l: 0.7040  data_time: 0.0050  time: 0.0495
2026/03/27 22:02:38 - mmengine - INFO - Exp name: dynamic_rcnn_r50_fpn_net_fish_sonar_80e_pretrained_20260327_215019
2026/03/27 22:02:53 - mmengine - INFO - Exp name: dynamic_rcnn_r50_fpn_net_fish_sonar_80e_pretrained_20260327_215019
2026/03/27 22:02:53 - mmengine - INFO - Epoch(train) [27][38/38]  lr: 2.0000e-02  eta: 0:21:47  time: 0.6289  data_time: 0.0128  memory: 11332  loss: 0.0755  loss_rpn_cls: 0.0017  loss_rpn_bbox: 0.0054  loss_cls: 0.0251  acc: 98.9502  loss_bbox: 0.0434
2026/03/27 22:03:18 - mmengine - INFO - Exp name: dynamic_rcnn_r50_fpn_net_fish_sonar_80e_pretrained_20260327_215019
2026/03/27 22:03:18 - mmengine - INFO - Epoch(train) [28][38/38]  lr: 2.0000e-02  eta: 0:21:22  time: 0.6254  data_time: 0.0093  memory: 11332  loss: 0.0748  loss_rpn_cls: 0.0018  loss_rpn_bbox: 0.0057  loss_cls: 0.0252  acc: 98.6816  loss_bbox: 0.0422
2026/03/27 22:03:20 - mmengine - INFO - Epoch(val) [28][ 50/100]    eta: 0:00:02  time: 0.0494  data_time: 0.0054  memory: 804  
2026/03/27 22:03:23 - mmengine - INFO - Epoch(val) [28][100/100]    eta: 0:00:00  time: 0.0489  data_time: 0.0044  memory: 791  
2026/03/27 22:03:23 - mmengine - INFO - Evaluating bbox...
2026/03/27 22:03:23 - mmengine - INFO - bbox_mAP_copypaste: 0.472 0.866 0.450 0.224 0.475 0.707
2026/03/27 22:03:23 - mmengine - INFO - Epoch(val) [28][100/100]    coco/bbox_mAP: 0.4720  coco/bbox_mAP_50: 0.8660  coco/bbox_mAP_75: 0.4500  coco/bbox_mAP_s: 0.2240  coco/bbox_mAP_m: 0.4750  coco/bbox_mAP_l: 0.7070  data_time: 0.0049  time: 0.0491
2026/03/27 22:03:47 - mmengine - INFO - Exp name: dynamic_rcnn_r50_fpn_net_fish_sonar_80e_pretrained_20260327_215019
2026/03/27 22:03:47 - mmengine - INFO - Epoch(train) [29][38/38]  lr: 2.0000e-02  eta: 0:20:57  time: 0.6402  data_time: 0.0127  memory: 11332  loss: 0.0689  loss_rpn_cls: 0.0017  loss_rpn_bbox: 0.0055  loss_cls: 0.0236  acc: 99.0967  loss_bbox: 0.0382
2026/03/27 22:04:12 - mmengine - INFO - Exp name: dynamic_rcnn_r50_fpn_net_fish_sonar_80e_pretrained_20260327_215019
2026/03/27 22:04:12 - mmengine - INFO - Epoch(train) [30][38/38]  lr: 2.0000e-02  eta: 0:20:33  time: 0.6389  data_time: 0.0109  memory: 11332  loss: 0.0695  loss_rpn_cls: 0.0015  loss_rpn_bbox: 0.0053  loss_cls: 0.0235  acc: 99.4019  loss_bbox: 0.0392
2026/03/27 22:04:15 - mmengine - INFO - Epoch(val) [30][ 50/100]    eta: 0:00:02  time: 0.0500  data_time: 0.0056  memory: 802  
2026/03/27 22:04:17 - mmengine - INFO - Epoch(val) [30][100/100]    eta: 0:00:00  time: 0.0489  data_time: 0.0047  memory: 785  
2026/03/27 22:04:17 - mmengine - INFO - Evaluating bbox...
2026/03/27 22:04:17 - mmengine - INFO - bbox_mAP_copypaste: 0.486 0.863 0.485 0.240 0.490 0.721
2026/03/27 22:04:17 - mmengine - INFO - Epoch(val) [30][100/100]    coco/bbox_mAP: 0.4860  coco/bbox_mAP_50: 0.8630  coco/bbox_mAP_75: 0.4850  coco/bbox_mAP_s: 0.2400  coco/bbox_mAP_m: 0.4900  coco/bbox_mAP_l: 0.7210  data_time: 0.0051  time: 0.0494
2026/03/27 22:04:42 - mmengine - INFO - Exp name: dynamic_rcnn_r50_fpn_net_fish_sonar_80e_pretrained_20260327_215019
2026/03/27 22:04:42 - mmengine - INFO - Epoch(train) [31][38/38]  lr: 2.0000e-02  eta: 0:20:08  time: 0.6386  data_time: 0.0102  memory: 11333  loss: 0.0639  loss_rpn_cls: 0.0015  loss_rpn_bbox: 0.0050  loss_cls: 0.0229  acc: 99.2432  loss_bbox: 0.0345
2026/03/27 22:05:07 - mmengine - INFO - Exp name: dynamic_rcnn_r50_fpn_net_fish_sonar_80e_pretrained_20260327_215019
2026/03/27 22:05:07 - mmengine - INFO - Epoch(train) [32][38/38]  lr: 2.0000e-02  eta: 0:19:44  time: 0.6425  data_time: 0.0134  memory: 11332  loss: 0.0614  loss_rpn_cls: 0.0014  loss_rpn_bbox: 0.0051  loss_cls: 0.0216  acc: 99.3408  loss_bbox: 0.0333
2026/03/27 22:05:09 - mmengine - INFO - Epoch(val) [32][ 50/100]    eta: 0:00:02  time: 0.0503  data_time: 0.0060  memory: 803  
2026/03/27 22:05:12 - mmengine - INFO - Epoch(val) [32][100/100]    eta: 0:00:00  time: 0.0495  data_time: 0.0047  memory: 792  
2026/03/27 22:05:12 - mmengine - INFO - Evaluating bbox...
2026/03/27 22:05:12 - mmengine - INFO - bbox_mAP_copypaste: 0.474 0.859 0.473 0.208 0.463 0.707
2026/03/27 22:05:12 - mmengine - INFO - Epoch(val) [32][100/100]    coco/bbox_mAP: 0.4740  coco/bbox_mAP_50: 0.8590  coco/bbox_mAP_75: 0.4730  coco/bbox_mAP_s: 0.2080  coco/bbox_mAP_m: 0.4630  coco/bbox_mAP_l: 0.7070  data_time: 0.0054  time: 0.0499
2026/03/27 22:05:37 - mmengine - INFO - Exp name: dynamic_rcnn_r50_fpn_net_fish_sonar_80e_pretrained_20260327_215019
2026/03/27 22:05:37 - mmengine - INFO - Epoch(train) [33][38/38]  lr: 2.0000e-02  eta: 0:19:19  time: 0.6432  data_time: 0.0126  memory: 11332  loss: 0.0588  loss_rpn_cls: 0.0013  loss_rpn_bbox: 0.0051  loss_cls: 0.0204  acc: 99.3286  loss_bbox: 0.0321
2026/03/27 22:06:01 - mmengine - INFO - Exp name: dynamic_rcnn_r50_fpn_net_fish_sonar_80e_pretrained_20260327_215019
2026/03/27 22:06:01 - mmengine - INFO - Epoch(train) [34][38/38]  lr: 2.0000e-02  eta: 0:18:54  time: 0.6357  data_time: 0.0118  memory: 11332  loss: 0.0566  loss_rpn_cls: 0.0014  loss_rpn_bbox: 0.0047  loss_cls: 0.0200  acc: 98.9990  loss_bbox: 0.0305
2026/03/27 22:06:04 - mmengine - INFO - Epoch(val) [34][ 50/100]    eta: 0:00:02  time: 0.0500  data_time: 0.0059  memory: 801  
2026/03/27 22:06:07 - mmengine - INFO - Epoch(val) [34][100/100]    eta: 0:00:00  time: 0.0525  data_time: 0.0080  memory: 783  
2026/03/27 22:06:07 - mmengine - INFO - Evaluating bbox...
2026/03/27 22:06:07 - mmengine - INFO - bbox_mAP_copypaste: 0.454 0.872 0.455 0.216 0.449 0.678
2026/03/27 22:06:07 - mmengine - INFO - Epoch(val) [34][100/100]    coco/bbox_mAP: 0.4540  coco/bbox_mAP_50: 0.8720  coco/bbox_mAP_75: 0.4550  coco/bbox_mAP_s: 0.2160  coco/bbox_mAP_m: 0.4490  coco/bbox_mAP_l: 0.6780  data_time: 0.0069  time: 0.0512
2026/03/27 22:06:31 - mmengine - INFO - Exp name: dynamic_rcnn_r50_fpn_net_fish_sonar_80e_pretrained_20260327_215019
2026/03/27 22:06:31 - mmengine - INFO - Epoch(train) [35][38/38]  lr: 2.0000e-02  eta: 0:18:29  time: 0.6336  data_time: 0.0072  memory: 11332  loss: 0.0605  loss_rpn_cls: 0.0013  loss_rpn_bbox: 0.0049  loss_cls: 0.0209  acc: 98.8892  loss_bbox: 0.0333
2026/03/27 22:06:56 - mmengine - INFO - Exp name: dynamic_rcnn_r50_fpn_net_fish_sonar_80e_pretrained_20260327_215019
2026/03/27 22:06:56 - mmengine - INFO - Epoch(train) [36][38/38]  lr: 2.0000e-02  eta: 0:18:05  time: 0.6351  data_time: 0.0075  memory: 11332  loss: 0.0583  loss_rpn_cls: 0.0014  loss_rpn_bbox: 0.0050  loss_cls: 0.0208  acc: 99.3896  loss_bbox: 0.0310
2026/03/27 22:06:58 - mmengine - INFO - Epoch(val) [36][ 50/100]    eta: 0:00:02  time: 0.0518  data_time: 0.0058  memory: 802  
2026/03/27 22:07:01 - mmengine - INFO - Epoch(val) [36][100/100]    eta: 0:00:00  time: 0.0499  data_time: 0.0048  memory: 790  
2026/03/27 22:07:01 - mmengine - INFO - Evaluating bbox...
2026/03/27 22:07:01 - mmengine - INFO - bbox_mAP_copypaste: 0.477 0.850 0.478 0.213 0.474 0.710
2026/03/27 22:07:01 - mmengine - INFO - Epoch(val) [36][100/100]    coco/bbox_mAP: 0.4770  coco/bbox_mAP_50: 0.8500  coco/bbox_mAP_75: 0.4780  coco/bbox_mAP_s: 0.2130  coco/bbox_mAP_m: 0.4740  coco/bbox_mAP_l: 0.7100  data_time: 0.0053  time: 0.0508
2026/03/27 22:07:26 - mmengine - INFO - Exp name: dynamic_rcnn_r50_fpn_net_fish_sonar_80e_pretrained_20260327_215019
2026/03/27 22:07:26 - mmengine - INFO - Epoch(train) [37][38/38]  lr: 2.0000e-02  eta: 0:17:41  time: 0.6483  data_time: 0.0133  memory: 11332  loss: 0.0538  loss_rpn_cls: 0.0013  loss_rpn_bbox: 0.0047  loss_cls: 0.0195  acc: 98.9990  loss_bbox: 0.0283
2026/03/27 22:07:51 - mmengine - INFO - Exp name: dynamic_rcnn_r50_fpn_net_fish_sonar_80e_pretrained_20260327_215019
2026/03/27 22:07:51 - mmengine - INFO - Epoch(train) [38][38/38]  lr: 2.0000e-02  eta: 0:17:16  time: 0.6318  data_time: 0.0083  memory: 11332  loss: 0.0526  loss_rpn_cls: 0.0012  loss_rpn_bbox: 0.0045  loss_cls: 0.0187  acc: 99.4751  loss_bbox: 0.0282
2026/03/27 22:07:53 - mmengine - INFO - Epoch(val) [38][ 50/100]    eta: 0:00:02  time: 0.0523  data_time: 0.0061  memory: 802  
2026/03/27 22:07:56 - mmengine - INFO - Epoch(val) [38][100/100]    eta: 0:00:00  time: 0.0486  data_time: 0.0045  memory: 785  
2026/03/27 22:07:56 - mmengine - INFO - Evaluating bbox...
2026/03/27 22:07:56 - mmengine - INFO - bbox_mAP_copypaste: 0.484 0.861 0.493 0.222 0.489 0.720
2026/03/27 22:07:56 - mmengine - INFO - Epoch(val) [38][100/100]    coco/bbox_mAP: 0.4840  coco/bbox_mAP_50: 0.8610  coco/bbox_mAP_75: 0.4930  coco/bbox_mAP_s: 0.2220  coco/bbox_mAP_m: 0.4890  coco/bbox_mAP_l: 0.7200  data_time: 0.0053  time: 0.0504
2026/03/27 22:08:20 - mmengine - INFO - Exp name: dynamic_rcnn_r50_fpn_net_fish_sonar_80e_pretrained_20260327_215019
2026/03/27 22:08:20 - mmengine - INFO - Epoch(train) [39][38/38]  lr: 2.0000e-02  eta: 0:16:50  time: 0.6280  data_time: 0.0103  memory: 11332  loss: 0.0482  loss_rpn_cls: 0.0013  loss_rpn_bbox: 0.0046  loss_cls: 0.0178  acc: 99.2798  loss_bbox: 0.0246
2026/03/27 22:08:44 - mmengine - INFO - Exp name: dynamic_rcnn_r50_fpn_net_fish_sonar_80e_pretrained_20260327_215019
2026/03/27 22:08:44 - mmengine - INFO - Epoch(train) [40][38/38]  lr: 2.0000e-02  eta: 0:16:25  time: 0.6327  data_time: 0.0127  memory: 11332  loss: 0.0469  loss_rpn_cls: 0.0012  loss_rpn_bbox: 0.0045  loss_cls: 0.0170  acc: 99.2676  loss_bbox: 0.0243
2026/03/27 22:08:47 - mmengine - INFO - Epoch(val) [40][ 50/100]    eta: 0:00:02  time: 0.0503  data_time: 0.0057  memory: 802  
2026/03/27 22:08:49 - mmengine - INFO - Epoch(val) [40][100/100]    eta: 0:00:00  time: 0.0498  data_time: 0.0046  memory: 785  
2026/03/27 22:08:49 - mmengine - INFO - Evaluating bbox...
2026/03/27 22:08:50 - mmengine - INFO - bbox_mAP_copypaste: 0.484 0.854 0.492 0.222 0.483 0.722
2026/03/27 22:08:50 - mmengine - INFO - Epoch(val) [40][100/100]    coco/bbox_mAP: 0.4840  coco/bbox_mAP_50: 0.8540  coco/bbox_mAP_75: 0.4920  coco/bbox_mAP_s: 0.2220  coco/bbox_mAP_m: 0.4830  coco/bbox_mAP_l: 0.7220  data_time: 0.0052  time: 0.0500
2026/03/27 22:09:14 - mmengine - INFO - Exp name: dynamic_rcnn_r50_fpn_net_fish_sonar_80e_pretrained_20260327_215019
2026/03/27 22:09:14 - mmengine - INFO - Epoch(train) [41][38/38]  lr: 2.0000e-02  eta: 0:16:00  time: 0.6295  data_time: 0.0131  memory: 11332  loss: 0.0474  loss_rpn_cls: 0.0011  loss_rpn_bbox: 0.0046  loss_cls: 0.0176  acc: 99.2432  loss_bbox: 0.0240
2026/03/27 22:09:38 - mmengine - INFO - Exp name: dynamic_rcnn_r50_fpn_net_fish_sonar_80e_pretrained_20260327_215019
2026/03/27 22:09:38 - mmengine - INFO - Epoch(train) [42][38/38]  lr: 2.0000e-02  eta: 0:15:35  time: 0.6201  data_time: 0.0123  memory: 11332  loss: 0.0452  loss_rpn_cls: 0.0011  loss_rpn_bbox: 0.0044  loss_cls: 0.0168  acc: 99.5117  loss_bbox: 0.0229
2026/03/27 22:09:40 - mmengine - INFO - Epoch(val) [42][ 50/100]    eta: 0:00:02  time: 0.0502  data_time: 0.0060  memory: 804  
2026/03/27 22:09:43 - mmengine - INFO - Epoch(val) [42][100/100]    eta: 0:00:00  time: 0.0483  data_time: 0.0044  memory: 790  
2026/03/27 22:09:43 - mmengine - INFO - Evaluating bbox...
2026/03/27 22:09:43 - mmengine - INFO - bbox_mAP_copypaste: 0.467 0.823 0.477 0.190 0.458 0.727
2026/03/27 22:09:43 - mmengine - INFO - Epoch(val) [42][100/100]    coco/bbox_mAP: 0.4670  coco/bbox_mAP_50: 0.8230  coco/bbox_mAP_75: 0.4770  coco/bbox_mAP_s: 0.1900  coco/bbox_mAP_m: 0.4580  coco/bbox_mAP_l: 0.7270  data_time: 0.0052  time: 0.0492
2026/03/27 22:10:08 - mmengine - INFO - Exp name: dynamic_rcnn_r50_fpn_net_fish_sonar_80e_pretrained_20260327_215019
2026/03/27 22:10:08 - mmengine - INFO - Epoch(train) [43][38/38]  lr: 2.0000e-02  eta: 0:15:11  time: 0.6289  data_time: 0.0133  memory: 11332  loss: 0.0453  loss_rpn_cls: 0.0011  loss_rpn_bbox: 0.0048  loss_cls: 0.0165  acc: 99.3042  loss_bbox: 0.0229
2026/03/27 22:10:32 - mmengine - INFO - Exp name: dynamic_rcnn_r50_fpn_net_fish_sonar_80e_pretrained_20260327_215019
2026/03/27 22:10:32 - mmengine - INFO - Epoch(train) [44][38/38]  lr: 2.0000e-02  eta: 0:14:46  time: 0.6300  data_time: 0.0172  memory: 11332  loss: 0.0431  loss_rpn_cls: 0.0011  loss_rpn_bbox: 0.0044  loss_cls: 0.0163  acc: 99.2432  loss_bbox: 0.0212
2026/03/27 22:10:35 - mmengine - INFO - Epoch(val) [44][ 50/100]    eta: 0:00:02  time: 0.0515  data_time: 0.0061  memory: 804  
2026/03/27 22:10:37 - mmengine - INFO - Epoch(val) [44][100/100]    eta: 0:00:00  time: 0.0495  data_time: 0.0046  memory: 792  
2026/03/27 22:10:37 - mmengine - INFO - Evaluating bbox...
2026/03/27 22:10:37 - mmengine - INFO - bbox_mAP_copypaste: 0.482 0.862 0.492 0.226 0.473 0.712
2026/03/27 22:10:37 - mmengine - INFO - Epoch(val) [44][100/100]    coco/bbox_mAP: 0.4820  coco/bbox_mAP_50: 0.8620  coco/bbox_mAP_75: 0.4920  coco/bbox_mAP_s: 0.2260  coco/bbox_mAP_m: 0.4730  coco/bbox_mAP_l: 0.7120  data_time: 0.0053  time: 0.0505
2026/03/27 22:11:01 - mmengine - INFO - Exp name: dynamic_rcnn_r50_fpn_net_fish_sonar_80e_pretrained_20260327_215019
2026/03/27 22:11:01 - mmengine - INFO - Epoch(train) [45][38/38]  lr: 2.0000e-02  eta: 0:14:21  time: 0.6273  data_time: 0.0112  memory: 11332  loss: 0.0399  loss_rpn_cls: 0.0012  loss_rpn_bbox: 0.0039  loss_cls: 0.0154  acc: 99.0112  loss_bbox: 0.0193
2026/03/27 22:11:25 - mmengine - INFO - Exp name: dynamic_rcnn_r50_fpn_net_fish_sonar_80e_pretrained_20260327_215019
2026/03/27 22:11:25 - mmengine - INFO - Epoch(train) [46][38/38]  lr: 2.0000e-02  eta: 0:13:55  time: 0.6194  data_time: 0.0094  memory: 11332  loss: 0.0454  loss_rpn_cls: 0.0013  loss_rpn_bbox: 0.0044  loss_cls: 0.0165  acc: 98.9624  loss_bbox: 0.0232
2026/03/27 22:11:28 - mmengine - INFO - Epoch(val) [46][ 50/100]    eta: 0:00:02  time: 0.0497  data_time: 0.0057  memory: 800  
2026/03/27 22:11:30 - mmengine - INFO - Epoch(val) [46][100/100]    eta: 0:00:00  time: 0.0494  data_time: 0.0046  memory: 784  
2026/03/27 22:11:30 - mmengine - INFO - Evaluating bbox...
2026/03/27 22:11:30 - mmengine - INFO - bbox_mAP_copypaste: 0.475 0.853 0.481 0.201 0.485 0.709
2026/03/27 22:11:30 - mmengine - INFO - Epoch(val) [46][100/100]    coco/bbox_mAP: 0.4750  coco/bbox_mAP_50: 0.8530  coco/bbox_mAP_75: 0.4810  coco/bbox_mAP_s: 0.2010  coco/bbox_mAP_m: 0.4850  coco/bbox_mAP_l: 0.7090  data_time: 0.0052  time: 0.0495
2026/03/27 22:11:54 - mmengine - INFO - Exp name: dynamic_rcnn_r50_fpn_net_fish_sonar_80e_pretrained_20260327_215019
2026/03/27 22:11:54 - mmengine - INFO - Epoch(train) [47][38/38]  lr: 2.0000e-02  eta: 0:13:30  time: 0.6165  data_time: 0.0070  memory: 11332  loss: 0.0440  loss_rpn_cls: 0.0012  loss_rpn_bbox: 0.0045  loss_cls: 0.0162  acc: 99.2310  loss_bbox: 0.0220
2026/03/27 22:12:18 - mmengine - INFO - Exp name: dynamic_rcnn_r50_fpn_net_fish_sonar_80e_pretrained_20260327_215019
2026/03/27 22:12:18 - mmengine - INFO - Epoch(train) [48][38/38]  lr: 2.0000e-02  eta: 0:13:06  time: 0.6283  data_time: 0.0141  memory: 11332  loss: 0.0416  loss_rpn_cls: 0.0012  loss_rpn_bbox: 0.0043  loss_cls: 0.0155  acc: 99.3042  loss_bbox: 0.0205
2026/03/27 22:12:21 - mmengine - INFO - Epoch(val) [48][ 50/100]    eta: 0:00:02  time: 0.0510  data_time: 0.0061  memory: 799  
2026/03/27 22:12:23 - mmengine - INFO - Epoch(val) [48][100/100]    eta: 0:00:00  time: 0.0476  data_time: 0.0043  memory: 781  
2026/03/27 22:12:23 - mmengine - INFO - Evaluating bbox...
2026/03/27 22:12:24 - mmengine - INFO - bbox_mAP_copypaste: 0.478 0.848 0.494 0.185 0.473 0.740
2026/03/27 22:12:24 - mmengine - INFO - Epoch(val) [48][100/100]    coco/bbox_mAP: 0.4780  coco/bbox_mAP_50: 0.8480  coco/bbox_mAP_75: 0.4940  coco/bbox_mAP_s: 0.1850  coco/bbox_mAP_m: 0.4730  coco/bbox_mAP_l: 0.7400  data_time: 0.0052  time: 0.0493
2026/03/27 22:12:47 - mmengine - INFO - Exp name: dynamic_rcnn_r50_fpn_net_fish_sonar_80e_pretrained_20260327_215019
2026/03/27 22:12:47 - mmengine - INFO - Epoch(train) [49][38/38]  lr: 2.0000e-02  eta: 0:12:41  time: 0.6152  data_time: 0.0089  memory: 11332  loss: 0.0375  loss_rpn_cls: 0.0012  loss_rpn_bbox: 0.0039  loss_cls: 0.0148  acc: 99.3286  loss_bbox: 0.0177
2026/03/27 22:13:11 - mmengine - INFO - Exp name: dynamic_rcnn_r50_fpn_net_fish_sonar_80e_pretrained_20260327_215019
2026/03/27 22:13:11 - mmengine - INFO - Epoch(train) [50][38/38]  lr: 2.0000e-02  eta: 0:12:16  time: 0.6165  data_time: 0.0102  memory: 11332  loss: 0.0364  loss_rpn_cls: 0.0011  loss_rpn_bbox: 0.0040  loss_cls: 0.0148  acc: 99.2188  loss_bbox: 0.0166
2026/03/27 22:13:14 - mmengine - INFO - Epoch(val) [50][ 50/100]    eta: 0:00:02  time: 0.0552  data_time: 0.0059  memory: 799  
2026/03/27 22:13:16 - mmengine - INFO - Epoch(val) [50][100/100]    eta: 0:00:00  time: 0.0497  data_time: 0.0049  memory: 785  
2026/03/27 22:13:16 - mmengine - INFO - Evaluating bbox...
2026/03/27 22:13:17 - mmengine - INFO - bbox_mAP_copypaste: 0.480 0.848 0.484 0.229 0.472 0.725
2026/03/27 22:13:17 - mmengine - INFO - Epoch(val) [50][100/100]    coco/bbox_mAP: 0.4800  coco/bbox_mAP_50: 0.8480  coco/bbox_mAP_75: 0.4840  coco/bbox_mAP_s: 0.2290  coco/bbox_mAP_m: 0.4720  coco/bbox_mAP_l: 0.7250  data_time: 0.0053  time: 0.0524
2026/03/27 22:13:40 - mmengine - INFO - Exp name: dynamic_rcnn_r50_fpn_net_fish_sonar_80e_pretrained_20260327_215019
2026/03/27 22:13:40 - mmengine - INFO - Epoch(train) [51][38/38]  lr: 2.0000e-02  eta: 0:11:51  time: 0.6156  data_time: 0.0084  memory: 11332  loss: 0.0366  loss_rpn_cls: 0.0011  loss_rpn_bbox: 0.0041  loss_cls: 0.0144  acc: 99.3164  loss_bbox: 0.0170
2026/03/27 22:14:05 - mmengine - INFO - Exp name: dynamic_rcnn_r50_fpn_net_fish_sonar_80e_pretrained_20260327_215019
2026/03/27 22:14:05 - mmengine - INFO - Epoch(train) [52][38/38]  lr: 2.0000e-02  eta: 0:11:26  time: 0.6326  data_time: 0.0173  memory: 11332  loss: 0.0361  loss_rpn_cls: 0.0010  loss_rpn_bbox: 0.0037  loss_cls: 0.0141  acc: 99.5972  loss_bbox: 0.0173
2026/03/27 22:14:08 - mmengine - INFO - Epoch(val) [52][ 50/100]    eta: 0:00:02  time: 0.0512  data_time: 0.0058  memory: 800  
2026/03/27 22:14:10 - mmengine - INFO - Epoch(val) [52][100/100]    eta: 0:00:00  time: 0.0496  data_time: 0.0049  memory: 784  
2026/03/27 22:14:10 - mmengine - INFO - Evaluating bbox...
2026/03/27 22:14:10 - mmengine - INFO - bbox_mAP_copypaste: 0.471 0.848 0.485 0.190 0.476 0.721
2026/03/27 22:14:10 - mmengine - INFO - Epoch(val) [52][100/100]    coco/bbox_mAP: 0.4710  coco/bbox_mAP_50: 0.8480  coco/bbox_mAP_75: 0.4850  coco/bbox_mAP_s: 0.1900  coco/bbox_mAP_m: 0.4760  coco/bbox_mAP_l: 0.7210  data_time: 0.0053  time: 0.0504
2026/03/27 22:14:26 - mmengine - INFO - Exp name: dynamic_rcnn_r50_fpn_net_fish_sonar_80e_pretrained_20260327_215019
2026/03/27 22:14:35 - mmengine - INFO - Exp name: dynamic_rcnn_r50_fpn_net_fish_sonar_80e_pretrained_20260327_215019
2026/03/27 22:14:35 - mmengine - INFO - Epoch(train) [53][38/38]  lr: 2.0000e-02  eta: 0:11:02  time: 0.6404  data_time: 0.0078  memory: 11332  loss: 0.0346  loss_rpn_cls: 0.0010  loss_rpn_bbox: 0.0037  loss_cls: 0.0137  acc: 99.3530  loss_bbox: 0.0163
2026/03/27 22:14:59 - mmengine - INFO - Exp name: dynamic_rcnn_r50_fpn_net_fish_sonar_80e_pretrained_20260327_215019
2026/03/27 22:14:59 - mmengine - INFO - Epoch(train) [54][38/38]  lr: 2.0000e-03  eta: 0:10:37  time: 0.6294  data_time: 0.0129  memory: 11332  loss: 0.0297  loss_rpn_cls: 0.0010  loss_rpn_bbox: 0.0032  loss_cls: 0.0129  acc: 99.6582  loss_bbox: 0.0126
2026/03/27 22:15:02 - mmengine - INFO - Epoch(val) [54][ 50/100]    eta: 0:00:02  time: 0.0504  data_time: 0.0058  memory: 802  
2026/03/27 22:15:04 - mmengine - INFO - Epoch(val) [54][100/100]    eta: 0:00:00  time: 0.0483  data_time: 0.0042  memory: 787  
2026/03/27 22:15:04 - mmengine - INFO - Evaluating bbox...
2026/03/27 22:15:04 - mmengine - INFO - bbox_mAP_copypaste: 0.477 0.848 0.474 0.191 0.472 0.720
2026/03/27 22:15:04 - mmengine - INFO - Epoch(val) [54][100/100]    coco/bbox_mAP: 0.4770  coco/bbox_mAP_50: 0.8480  coco/bbox_mAP_75: 0.4740  coco/bbox_mAP_s: 0.1910  coco/bbox_mAP_m: 0.4720  coco/bbox_mAP_l: 0.7200  data_time: 0.0050  time: 0.0494
2026/03/27 22:15:28 - mmengine - INFO - Exp name: dynamic_rcnn_r50_fpn_net_fish_sonar_80e_pretrained_20260327_215019
2026/03/27 22:15:28 - mmengine - INFO - Epoch(train) [55][38/38]  lr: 2.0000e-03  eta: 0:10:12  time: 0.6220  data_time: 0.0108  memory: 11332  loss: 0.0255  loss_rpn_cls: 0.0009  loss_rpn_bbox: 0.0028  loss_cls: 0.0117  acc: 99.5728  loss_bbox: 0.0102
2026/03/27 22:15:52 - mmengine - INFO - Exp name: dynamic_rcnn_r50_fpn_net_fish_sonar_80e_pretrained_20260327_215019
2026/03/27 22:15:52 - mmengine - INFO - Epoch(train) [56][38/38]  lr: 2.0000e-03  eta: 0:09:47  time: 0.6172  data_time: 0.0088  memory: 11332  loss: 0.0246  loss_rpn_cls: 0.0010  loss_rpn_bbox: 0.0028  loss_cls: 0.0113  acc: 99.6094  loss_bbox: 0.0095
2026/03/27 22:15:55 - mmengine - INFO - Epoch(val) [56][ 50/100]    eta: 0:00:02  time: 0.0514  data_time: 0.0059  memory: 801  
2026/03/27 22:15:57 - mmengine - INFO - Epoch(val) [56][100/100]    eta: 0:00:00  time: 0.0490  data_time: 0.0046  memory: 785  
2026/03/27 22:15:57 - mmengine - INFO - Evaluating bbox...
2026/03/27 22:15:57 - mmengine - INFO - bbox_mAP_copypaste: 0.474 0.838 0.480 0.204 0.468 0.717
2026/03/27 22:15:57 - mmengine - INFO - Epoch(val) [56][100/100]    coco/bbox_mAP: 0.4740  coco/bbox_mAP_50: 0.8380  coco/bbox_mAP_75: 0.4800  coco/bbox_mAP_s: 0.2040  coco/bbox_mAP_m: 0.4680  coco/bbox_mAP_l: 0.7170  data_time: 0.0052  time: 0.0501
2026/03/27 22:16:21 - mmengine - INFO - Exp name: dynamic_rcnn_r50_fpn_net_fish_sonar_80e_pretrained_20260327_215019
2026/03/27 22:16:21 - mmengine - INFO - Epoch(train) [57][38/38]  lr: 2.0000e-03  eta: 0:09:23  time: 0.6150  data_time: 0.0069  memory: 11332  loss: 0.0240  loss_rpn_cls: 0.0010  loss_rpn_bbox: 0.0027  loss_cls: 0.0112  acc: 99.5728  loss_bbox: 0.0092
2026/03/27 22:16:45 - mmengine - INFO - Exp name: dynamic_rcnn_r50_fpn_net_fish_sonar_80e_pretrained_20260327_215019
2026/03/27 22:16:45 - mmengine - INFO - Epoch(train) [58][38/38]  lr: 2.0000e-03  eta: 0:08:58  time: 0.6176  data_time: 0.0093  memory: 11332  loss: 0.0237  loss_rpn_cls: 0.0009  loss_rpn_bbox: 0.0027  loss_cls: 0.0111  acc: 99.2920  loss_bbox: 0.0090
2026/03/27 22:16:48 - mmengine - INFO - Epoch(val) [58][ 50/100]    eta: 0:00:02  time: 0.0506  data_time: 0.0062  memory: 802  
2026/03/27 22:16:50 - mmengine - INFO - Epoch(val) [58][100/100]    eta: 0:00:00  time: 0.0480  data_time: 0.0042  memory: 786  
2026/03/27 22:16:50 - mmengine - INFO - Evaluating bbox...
2026/03/27 22:16:50 - mmengine - INFO - bbox_mAP_copypaste: 0.473 0.839 0.471 0.207 0.471 0.715
2026/03/27 22:16:50 - mmengine - INFO - Epoch(val) [58][100/100]    coco/bbox_mAP: 0.4730  coco/bbox_mAP_50: 0.8390  coco/bbox_mAP_75: 0.4710  coco/bbox_mAP_s: 0.2070  coco/bbox_mAP_m: 0.4710  coco/bbox_mAP_l: 0.7150  data_time: 0.0052  time: 0.0493
2026/03/27 22:17:14 - mmengine - INFO - Exp name: dynamic_rcnn_r50_fpn_net_fish_sonar_80e_pretrained_20260327_215019
2026/03/27 22:17:14 - mmengine - INFO - Epoch(train) [59][38/38]  lr: 2.0000e-03  eta: 0:08:33  time: 0.6227  data_time: 0.0120  memory: 11332  loss: 0.0237  loss_rpn_cls: 0.0009  loss_rpn_bbox: 0.0027  loss_cls: 0.0112  acc: 99.6338  loss_bbox: 0.0089
2026/03/27 22:17:39 - mmengine - INFO - Exp name: dynamic_rcnn_r50_fpn_net_fish_sonar_80e_pretrained_20260327_215019
2026/03/27 22:17:39 - mmengine - INFO - Epoch(train) [60][38/38]  lr: 2.0000e-03  eta: 0:08:09  time: 0.6277  data_time: 0.0092  memory: 11332  loss: 0.0232  loss_rpn_cls: 0.0009  loss_rpn_bbox: 0.0026  loss_cls: 0.0110  acc: 99.4141  loss_bbox: 0.0087
2026/03/27 22:17:41 - mmengine - INFO - Epoch(val) [60][ 50/100]    eta: 0:00:02  time: 0.0505  data_time: 0.0057  memory: 801  
2026/03/27 22:17:44 - mmengine - INFO - Epoch(val) [60][100/100]    eta: 0:00:00  time: 0.0477  data_time: 0.0043  memory: 786  
2026/03/27 22:17:44 - mmengine - INFO - Evaluating bbox...
2026/03/27 22:17:44 - mmengine - INFO - bbox_mAP_copypaste: 0.475 0.843 0.471 0.204 0.471 0.719
2026/03/27 22:17:44 - mmengine - INFO - Epoch(val) [60][100/100]    coco/bbox_mAP: 0.4750  coco/bbox_mAP_50: 0.8430  coco/bbox_mAP_75: 0.4710  coco/bbox_mAP_s: 0.2040  coco/bbox_mAP_m: 0.4710  coco/bbox_mAP_l: 0.7190  data_time: 0.0050  time: 0.0491
2026/03/27 22:18:08 - mmengine - INFO - Exp name: dynamic_rcnn_r50_fpn_net_fish_sonar_80e_pretrained_20260327_215019
2026/03/27 22:18:08 - mmengine - INFO - Epoch(train) [61][38/38]  lr: 2.0000e-03  eta: 0:07:44  time: 0.6281  data_time: 0.0078  memory: 11332  loss: 0.0232  loss_rpn_cls: 0.0009  loss_rpn_bbox: 0.0027  loss_cls: 0.0108  acc: 99.5728  loss_bbox: 0.0087
2026/03/27 22:18:32 - mmengine - INFO - Exp name: dynamic_rcnn_r50_fpn_net_fish_sonar_80e_pretrained_20260327_215019
2026/03/27 22:18:32 - mmengine - INFO - Epoch(train) [62][38/38]  lr: 2.0000e-03  eta: 0:07:20  time: 0.6222  data_time: 0.0087  memory: 11332  loss: 0.0221  loss_rpn_cls: 0.0008  loss_rpn_bbox: 0.0025  loss_cls: 0.0107  acc: 99.6216  loss_bbox: 0.0082
2026/03/27 22:18:35 - mmengine - INFO - Epoch(val) [62][ 50/100]    eta: 0:00:02  time: 0.0496  data_time: 0.0056  memory: 801  
2026/03/27 22:18:37 - mmengine - INFO - Epoch(val) [62][100/100]    eta: 0:00:00  time: 0.0478  data_time: 0.0042  memory: 786  
2026/03/27 22:18:37 - mmengine - INFO - Evaluating bbox...
2026/03/27 22:18:37 - mmengine - INFO - bbox_mAP_copypaste: 0.474 0.836 0.471 0.209 0.469 0.718
2026/03/27 22:18:37 - mmengine - INFO - Epoch(val) [62][100/100]    coco/bbox_mAP: 0.4740  coco/bbox_mAP_50: 0.8360  coco/bbox_mAP_75: 0.4710  coco/bbox_mAP_s: 0.2090  coco/bbox_mAP_m: 0.4690  coco/bbox_mAP_l: 0.7180  data_time: 0.0049  time: 0.0487
2026/03/27 22:19:01 - mmengine - INFO - Exp name: dynamic_rcnn_r50_fpn_net_fish_sonar_80e_pretrained_20260327_215019
2026/03/27 22:19:01 - mmengine - INFO - Epoch(train) [63][38/38]  lr: 2.0000e-03  eta: 0:06:55  time: 0.6222  data_time: 0.0113  memory: 11332  loss: 0.0218  loss_rpn_cls: 0.0009  loss_rpn_bbox: 0.0025  loss_cls: 0.0104  acc: 99.6704  loss_bbox: 0.0080
2026/03/27 22:19:25 - mmengine - INFO - Exp name: dynamic_rcnn_r50_fpn_net_fish_sonar_80e_pretrained_20260327_215019
2026/03/27 22:19:25 - mmengine - INFO - Epoch(train) [64][38/38]  lr: 2.0000e-03  eta: 0:06:31  time: 0.6174  data_time: 0.0090  memory: 11332  loss: 0.0215  loss_rpn_cls: 0.0009  loss_rpn_bbox: 0.0025  loss_cls: 0.0103  acc: 99.5605  loss_bbox: 0.0078
2026/03/27 22:19:28 - mmengine - INFO - Epoch(val) [64][ 50/100]    eta: 0:00:02  time: 0.0502  data_time: 0.0056  memory: 801  
2026/03/27 22:19:30 - mmengine - INFO - Epoch(val) [64][100/100]    eta: 0:00:00  time: 0.0480  data_time: 0.0044  memory: 786  
2026/03/27 22:19:30 - mmengine - INFO - Evaluating bbox...
2026/03/27 22:19:30 - mmengine - INFO - bbox_mAP_copypaste: 0.474 0.836 0.476 0.202 0.468 0.720
2026/03/27 22:19:30 - mmengine - INFO - Epoch(val) [64][100/100]    coco/bbox_mAP: 0.4740  coco/bbox_mAP_50: 0.8360  coco/bbox_mAP_75: 0.4760  coco/bbox_mAP_s: 0.2020  coco/bbox_mAP_m: 0.4680  coco/bbox_mAP_l: 0.7200  data_time: 0.0050  time: 0.0491
2026/03/27 22:19:54 - mmengine - INFO - Exp name: dynamic_rcnn_r50_fpn_net_fish_sonar_80e_pretrained_20260327_215019
2026/03/27 22:19:54 - mmengine - INFO - Epoch(train) [65][38/38]  lr: 2.0000e-03  eta: 0:06:06  time: 0.6222  data_time: 0.0071  memory: 11332  loss: 0.0219  loss_rpn_cls: 0.0008  loss_rpn_bbox: 0.0025  loss_cls: 0.0106  acc: 99.7314  loss_bbox: 0.0080
2026/03/27 22:20:18 - mmengine - INFO - Exp name: dynamic_rcnn_r50_fpn_net_fish_sonar_80e_pretrained_20260327_215019
2026/03/27 22:20:18 - mmengine - INFO - Epoch(train) [66][38/38]  lr: 2.0000e-03  eta: 0:05:41  time: 0.6178  data_time: 0.0099  memory: 11332  loss: 0.0212  loss_rpn_cls: 0.0009  loss_rpn_bbox: 0.0025  loss_cls: 0.0103  acc: 99.3652  loss_bbox: 0.0076
2026/03/27 22:20:21 - mmengine - INFO - Epoch(val) [66][ 50/100]    eta: 0:00:02  time: 0.0502  data_time: 0.0059  memory: 801  
2026/03/27 22:20:23 - mmengine - INFO - Epoch(val) [66][100/100]    eta: 0:00:00  time: 0.0476  data_time: 0.0042  memory: 785  
2026/03/27 22:20:23 - mmengine - INFO - Evaluating bbox...
2026/03/27 22:20:23 - mmengine - INFO - bbox_mAP_copypaste: 0.472 0.843 0.472 0.204 0.467 0.717
2026/03/27 22:20:23 - mmengine - INFO - Epoch(val) [66][100/100]    coco/bbox_mAP: 0.4720  coco/bbox_mAP_50: 0.8430  coco/bbox_mAP_75: 0.4720  coco/bbox_mAP_s: 0.2040  coco/bbox_mAP_m: 0.4670  coco/bbox_mAP_l: 0.7170  data_time: 0.0050  time: 0.0489
2026/03/27 22:20:47 - mmengine - INFO - Exp name: dynamic_rcnn_r50_fpn_net_fish_sonar_80e_pretrained_20260327_215019
2026/03/27 22:20:47 - mmengine - INFO - Epoch(train) [67][38/38]  lr: 2.0000e-03  eta: 0:05:17  time: 0.6224  data_time: 0.0118  memory: 11332  loss: 0.0219  loss_rpn_cls: 0.0009  loss_rpn_bbox: 0.0025  loss_cls: 0.0105  acc: 99.4263  loss_bbox: 0.0079
2026/03/27 22:21:11 - mmengine - INFO - Exp name: dynamic_rcnn_r50_fpn_net_fish_sonar_80e_pretrained_20260327_215019
2026/03/27 22:21:11 - mmengine - INFO - Epoch(train) [68][38/38]  lr: 2.0000e-03  eta: 0:04:52  time: 0.6230  data_time: 0.0124  memory: 11332  loss: 0.0207  loss_rpn_cls: 0.0009  loss_rpn_bbox: 0.0024  loss_cls: 0.0101  acc: 99.7192  loss_bbox: 0.0074
2026/03/27 22:21:14 - mmengine - INFO - Epoch(val) [68][ 50/100]    eta: 0:00:02  time: 0.0512  data_time: 0.0058  memory: 801  
2026/03/27 22:21:16 - mmengine - INFO - Epoch(val) [68][100/100]    eta: 0:00:00  time: 0.0482  data_time: 0.0042  memory: 785  
2026/03/27 22:21:16 - mmengine - INFO - Evaluating bbox...
2026/03/27 22:21:17 - mmengine - INFO - bbox_mAP_copypaste: 0.473 0.840 0.472 0.200 0.466 0.724
2026/03/27 22:21:17 - mmengine - INFO - Epoch(val) [68][100/100]    coco/bbox_mAP: 0.4730  coco/bbox_mAP_50: 0.8400  coco/bbox_mAP_75: 0.4720  coco/bbox_mAP_s: 0.2000  coco/bbox_mAP_m: 0.4660  coco/bbox_mAP_l: 0.7240  data_time: 0.0050  time: 0.0497
2026/03/27 22:21:41 - mmengine - INFO - Exp name: dynamic_rcnn_r50_fpn_net_fish_sonar_80e_pretrained_20260327_215019
2026/03/27 22:21:41 - mmengine - INFO - Epoch(train) [69][38/38]  lr: 2.0000e-03  eta: 0:04:28  time: 0.6264  data_time: 0.0086  memory: 11332  loss: 0.0206  loss_rpn_cls: 0.0009  loss_rpn_bbox: 0.0025  loss_cls: 0.0099  acc: 99.4019  loss_bbox: 0.0073
2026/03/27 22:22:05 - mmengine - INFO - Exp name: dynamic_rcnn_r50_fpn_net_fish_sonar_80e_pretrained_20260327_215019
2026/03/27 22:22:05 - mmengine - INFO - Epoch(train) [70][38/38]  lr: 2.0000e-03  eta: 0:04:04  time: 0.6143  data_time: 0.0091  memory: 11332  loss: 0.0214  loss_rpn_cls: 0.0009  loss_rpn_bbox: 0.0025  loss_cls: 0.0102  acc: 99.3652  loss_bbox: 0.0078
2026/03/27 22:22:07 - mmengine - INFO - Epoch(val) [70][ 50/100]    eta: 0:00:02  time: 0.0505  data_time: 0.0058  memory: 801  
2026/03/27 22:22:09 - mmengine - INFO - Epoch(val) [70][100/100]    eta: 0:00:00  time: 0.0484  data_time: 0.0044  memory: 786  
2026/03/27 22:22:10 - mmengine - INFO - Evaluating bbox...
2026/03/27 22:22:10 - mmengine - INFO - bbox_mAP_copypaste: 0.474 0.845 0.470 0.201 0.468 0.723
2026/03/27 22:22:10 - mmengine - INFO - Epoch(val) [70][100/100]    coco/bbox_mAP: 0.4740  coco/bbox_mAP_50: 0.8450  coco/bbox_mAP_75: 0.4700  coco/bbox_mAP_s: 0.2010  coco/bbox_mAP_m: 0.4680  coco/bbox_mAP_l: 0.7230  data_time: 0.0051  time: 0.0494
2026/03/27 22:22:34 - mmengine - INFO - Exp name: dynamic_rcnn_r50_fpn_net_fish_sonar_80e_pretrained_20260327_215019
2026/03/27 22:22:34 - mmengine - INFO - Epoch(train) [71][38/38]  lr: 2.0000e-03  eta: 0:03:39  time: 0.6241  data_time: 0.0135  memory: 11332  loss: 0.0209  loss_rpn_cls: 0.0010  loss_rpn_bbox: 0.0024  loss_cls: 0.0101  acc: 99.6216  loss_bbox: 0.0074
2026/03/27 22:22:58 - mmengine - INFO - Exp name: dynamic_rcnn_r50_fpn_net_fish_sonar_80e_pretrained_20260327_215019
2026/03/27 22:22:58 - mmengine - INFO - Epoch(train) [72][38/38]  lr: 2.0000e-03  eta: 0:03:15  time: 0.6211  data_time: 0.0090  memory: 11332  loss: 0.0205  loss_rpn_cls: 0.0008  loss_rpn_bbox: 0.0024  loss_cls: 0.0100  acc: 99.5483  loss_bbox: 0.0073
2026/03/27 22:23:01 - mmengine - INFO - Epoch(val) [72][ 50/100]    eta: 0:00:02  time: 0.0504  data_time: 0.0058  memory: 801  
2026/03/27 22:23:03 - mmengine - INFO - Epoch(val) [72][100/100]    eta: 0:00:00  time: 0.0476  data_time: 0.0042  memory: 786  
2026/03/27 22:23:03 - mmengine - INFO - Evaluating bbox...
2026/03/27 22:23:03 - mmengine - INFO - bbox_mAP_copypaste: 0.472 0.842 0.475 0.200 0.465 0.721
2026/03/27 22:23:03 - mmengine - INFO - Epoch(val) [72][100/100]    coco/bbox_mAP: 0.4720  coco/bbox_mAP_50: 0.8420  coco/bbox_mAP_75: 0.4750  coco/bbox_mAP_s: 0.2000  coco/bbox_mAP_m: 0.4650  coco/bbox_mAP_l: 0.7210  data_time: 0.0050  time: 0.0490
2026/03/27 22:23:27 - mmengine - INFO - Exp name: dynamic_rcnn_r50_fpn_net_fish_sonar_80e_pretrained_20260327_215019
2026/03/27 22:23:27 - mmengine - INFO - Epoch(train) [73][38/38]  lr: 2.0000e-03  eta: 0:02:50  time: 0.6279  data_time: 0.0108  memory: 11332  loss: 0.0210  loss_rpn_cls: 0.0009  loss_rpn_bbox: 0.0025  loss_cls: 0.0100  acc: 99.3896  loss_bbox: 0.0076
2026/03/27 22:23:52 - mmengine - INFO - Exp name: dynamic_rcnn_r50_fpn_net_fish_sonar_80e_pretrained_20260327_215019
2026/03/27 22:23:52 - mmengine - INFO - Epoch(train) [74][38/38]  lr: 2.0000e-04  eta: 0:02:26  time: 0.6253  data_time: 0.0106  memory: 11332  loss: 0.0207  loss_rpn_cls: 0.0008  loss_rpn_bbox: 0.0024  loss_cls: 0.0100  acc: 99.4385  loss_bbox: 0.0075
2026/03/27 22:23:54 - mmengine - INFO - Epoch(val) [74][ 50/100]    eta: 0:00:02  time: 0.0504  data_time: 0.0059  memory: 801  
2026/03/27 22:23:57 - mmengine - INFO - Epoch(val) [74][100/100]    eta: 0:00:00  time: 0.0486  data_time: 0.0045  memory: 787  
2026/03/27 22:23:57 - mmengine - INFO - Evaluating bbox...
2026/03/27 22:23:57 - mmengine - INFO - bbox_mAP_copypaste: 0.472 0.837 0.476 0.197 0.467 0.721
2026/03/27 22:23:57 - mmengine - INFO - Epoch(val) [74][100/100]    coco/bbox_mAP: 0.4720  coco/bbox_mAP_50: 0.8370  coco/bbox_mAP_75: 0.4760  coco/bbox_mAP_s: 0.1970  coco/bbox_mAP_m: 0.4670  coco/bbox_mAP_l: 0.7210  data_time: 0.0052  time: 0.0495
2026/03/27 22:24:21 - mmengine - INFO - Exp name: dynamic_rcnn_r50_fpn_net_fish_sonar_80e_pretrained_20260327_215019
2026/03/27 22:24:21 - mmengine - INFO - Epoch(train) [75][38/38]  lr: 2.0000e-04  eta: 0:02:01  time: 0.6213  data_time: 0.0095  memory: 11332  loss: 0.0209  loss_rpn_cls: 0.0008  loss_rpn_bbox: 0.0024  loss_cls: 0.0103  acc: 99.7314  loss_bbox: 0.0075
2026/03/27 22:24:45 - mmengine - INFO - Exp name: dynamic_rcnn_r50_fpn_net_fish_sonar_80e_pretrained_20260327_215019
2026/03/27 22:24:45 - mmengine - INFO - Epoch(train) [76][38/38]  lr: 2.0000e-04  eta: 0:01:37  time: 0.6280  data_time: 0.0078  memory: 11332  loss: 0.0201  loss_rpn_cls: 0.0008  loss_rpn_bbox: 0.0023  loss_cls: 0.0099  acc: 99.4019  loss_bbox: 0.0071
2026/03/27 22:24:47 - mmengine - INFO - Epoch(val) [76][ 50/100]    eta: 0:00:02  time: 0.0502  data_time: 0.0055  memory: 801  
2026/03/27 22:24:50 - mmengine - INFO - Epoch(val) [76][100/100]    eta: 0:00:00  time: 0.0486  data_time: 0.0046  memory: 787  
2026/03/27 22:24:50 - mmengine - INFO - Evaluating bbox...
2026/03/27 22:24:50 - mmengine - INFO - bbox_mAP_copypaste: 0.472 0.839 0.475 0.200 0.465 0.722
2026/03/27 22:24:50 - mmengine - INFO - Epoch(val) [76][100/100]    coco/bbox_mAP: 0.4720  coco/bbox_mAP_50: 0.8390  coco/bbox_mAP_75: 0.4750  coco/bbox_mAP_s: 0.2000  coco/bbox_mAP_m: 0.4650  coco/bbox_mAP_l: 0.7220  data_time: 0.0050  time: 0.0493
2026/03/27 22:25:15 - mmengine - INFO - Exp name: dynamic_rcnn_r50_fpn_net_fish_sonar_80e_pretrained_20260327_215019
2026/03/27 22:25:15 - mmengine - INFO - Epoch(train) [77][38/38]  lr: 2.0000e-04  eta: 0:01:13  time: 0.6358  data_time: 0.0093  memory: 11332  loss: 0.0199  loss_rpn_cls: 0.0009  loss_rpn_bbox: 0.0024  loss_cls: 0.0097  acc: 99.8535  loss_bbox: 0.0069
2026/03/27 22:25:39 - mmengine - INFO - Exp name: dynamic_rcnn_r50_fpn_net_fish_sonar_80e_pretrained_20260327_215019
2026/03/27 22:25:39 - mmengine - INFO - Epoch(train) [78][38/38]  lr: 2.0000e-04  eta: 0:00:48  time: 0.6302  data_time: 0.0100  memory: 11332  loss: 0.0199  loss_rpn_cls: 0.0008  loss_rpn_bbox: 0.0023  loss_cls: 0.0098  acc: 99.7070  loss_bbox: 0.0070
2026/03/27 22:25:41 - mmengine - INFO - Epoch(val) [78][ 50/100]    eta: 0:00:02  time: 0.0495  data_time: 0.0056  memory: 801  
2026/03/27 22:25:44 - mmengine - INFO - Epoch(val) [78][100/100]    eta: 0:00:00  time: 0.0479  data_time: 0.0043  memory: 786  
2026/03/27 22:25:44 - mmengine - INFO - Evaluating bbox...
2026/03/27 22:25:44 - mmengine - INFO - bbox_mAP_copypaste: 0.473 0.835 0.476 0.200 0.468 0.722
2026/03/27 22:25:44 - mmengine - INFO - Epoch(val) [78][100/100]    coco/bbox_mAP: 0.4730  coco/bbox_mAP_50: 0.8350  coco/bbox_mAP_75: 0.4760  coco/bbox_mAP_s: 0.2000  coco/bbox_mAP_m: 0.4680  coco/bbox_mAP_l: 0.7220  data_time: 0.0049  time: 0.0487
2026/03/27 22:26:07 - mmengine - INFO - Exp name: dynamic_rcnn_r50_fpn_net_fish_sonar_80e_pretrained_20260327_215019
2026/03/27 22:26:08 - mmengine - INFO - Exp name: dynamic_rcnn_r50_fpn_net_fish_sonar_80e_pretrained_20260327_215019
2026/03/27 22:26:08 - mmengine - INFO - Epoch(train) [79][38/38]  lr: 2.0000e-04  eta: 0:00:24  time: 0.6238  data_time: 0.0074  memory: 11332  loss: 0.0203  loss_rpn_cls: 0.0009  loss_rpn_bbox: 0.0023  loss_cls: 0.0100  acc: 99.6948  loss_bbox: 0.0072
2026/03/27 22:26:32 - mmengine - INFO - Exp name: dynamic_rcnn_r50_fpn_net_fish_sonar_80e_pretrained_20260327_215019
2026/03/27 22:26:32 - mmengine - INFO - Epoch(train) [80][38/38]  lr: 2.0000e-04  eta: 0:00:00  time: 0.6272  data_time: 0.0115  memory: 11332  loss: 0.0202  loss_rpn_cls: 0.0008  loss_rpn_bbox: 0.0024  loss_cls: 0.0099  acc: 99.4995  loss_bbox: 0.0071
2026/03/27 22:26:32 - mmengine - INFO - Saving checkpoint at 80 epochs
2026/03/27 22:26:36 - mmengine - INFO - Epoch(val) [80][ 50/100]    eta: 0:00:02  time: 0.0525  data_time: 0.0057  memory: 801  
2026/03/27 22:26:39 - mmengine - INFO - Epoch(val) [80][100/100]    eta: 0:00:00  time: 0.0499  data_time: 0.0046  memory: 786  
2026/03/27 22:26:39 - mmengine - INFO - Evaluating bbox...
2026/03/27 22:26:39 - mmengine - INFO - bbox_mAP_copypaste: 0.471 0.835 0.477 0.200 0.465 0.722
2026/03/27 22:26:39 - mmengine - INFO - Epoch(val) [80][100/100]    coco/bbox_mAP: 0.4710  coco/bbox_mAP_50: 0.8350  coco/bbox_mAP_75: 0.4770  coco/bbox_mAP_s: 0.2000  coco/bbox_mAP_m: 0.4650  coco/bbox_mAP_l: 0.7220  data_time: 0.0051  time: 0.0512
