2026/03/28 17:32:45 - mmengine - INFO - 
------------------------------------------------------------
System environment:
    sys.platform: linux
    Python: 3.11.10 (main, Sep  7 2024, 18:35:41) [GCC 11.4.0]
    CUDA available: True
    MUSA available: False
    numpy_random_seed: 0
    GPU 0: NVIDIA A100-SXM4-80GB
    CUDA_HOME: /usr/local/cuda
    NVCC: Cuda compilation tools, release 12.4, V12.4.131
    GCC: x86_64-linux-gnu-gcc (Ubuntu 11.4.0-1ubuntu1~22.04) 11.4.0
    PyTorch: 2.1.0+cu121
    PyTorch compiling details: PyTorch built with:
  - GCC 9.3
  - C++ Version: 201703
  - Intel(R) oneAPI Math Kernel Library Version 2022.2-Product Build 20220804 for Intel(R) 64 architecture applications
  - Intel(R) MKL-DNN v3.1.1 (Git Hash 64f6bcbcbab628e96f33a62c3e975f8535a7bde4)
  - OpenMP 201511 (a.k.a. OpenMP 4.5)
  - LAPACK is enabled (usually provided by MKL)
  - NNPACK is enabled
  - CPU capability usage: AVX2
  - CUDA Runtime 12.1
  - NVCC architecture flags: -gencode;arch=compute_50,code=sm_50;-gencode;arch=compute_60,code=sm_60;-gencode;arch=compute_70,code=sm_70;-gencode;arch=compute_75,code=sm_75;-gencode;arch=compute_80,code=sm_80;-gencode;arch=compute_86,code=sm_86;-gencode;arch=compute_90,code=sm_90
  - CuDNN 8.9.2
  - Magma 2.6.1
  - Build settings: BLAS_INFO=mkl, BUILD_TYPE=Release, CUDA_VERSION=12.1, CUDNN_VERSION=8.9.2, CXX_COMPILER=/opt/rh/devtoolset-9/root/usr/bin/c++, CXX_FLAGS= -D_GLIBCXX_USE_CXX11_ABI=0 -fabi-version=11 -fvisibility-inlines-hidden -DUSE_PTHREADPOOL -DNDEBUG -DUSE_KINETO -DLIBKINETO_NOROCTRACER -DUSE_FBGEMM -DUSE_QNNPACK -DUSE_PYTORCH_QNNPACK -DUSE_XNNPACK -DSYMBOLICATE_MOBILE_DEBUG_HANDLE -O2 -fPIC -Wall -Wextra -Werror=return-type -Werror=non-virtual-dtor -Werror=bool-operation -Wnarrowing -Wno-missing-field-initializers -Wno-type-limits -Wno-array-bounds -Wno-unknown-pragmas -Wno-unused-parameter -Wno-unused-function -Wno-unused-result -Wno-strict-overflow -Wno-strict-aliasing -Wno-stringop-overflow -Wno-psabi -Wno-error=pedantic -Wno-error=old-style-cast -Wno-invalid-partial-specialization -Wno-unused-private-field -Wno-aligned-allocation-unavailable -Wno-missing-braces -fdiagnostics-color=always -faligned-new -Wno-unused-but-set-variable -Wno-maybe-uninitialized -fno-math-errno -fno-trapping-math -Werror=format -Werror=cast-function-type -Wno-stringop-overflow, LAPACK_INFO=mkl, PERF_WITH_AVX=1, PERF_WITH_AVX2=1, PERF_WITH_AVX512=1, TORCH_DISABLE_GPU_ASSERTS=ON, TORCH_VERSION=2.1.0, USE_CUDA=ON, USE_CUDNN=ON, USE_EXCEPTION_PTR=1, USE_GFLAGS=OFF, USE_GLOG=OFF, USE_MKL=ON, USE_MKLDNN=ON, USE_MPI=OFF, USE_NCCL=1, USE_NNPACK=ON, USE_OPENMP=ON, USE_ROCM=OFF, 

    TorchVision: 0.16.0+cu121
    OpenCV: 4.11.0
    MMEngine: 0.10.7

Runtime environment:
    cudnn_benchmark: False
    mp_cfg: {'mp_start_method': 'fork', 'opencv_num_threads': 0}
    dist_cfg: {'backend': 'nccl'}
    seed: 0
    deterministic: False
    Distributed launcher: none
    Distributed training: False
    GPU number: 1
------------------------------------------------------------

2026/03/28 17:32:45 - mmengine - INFO - Config:
auto_scale_lr = dict(base_batch_size=16, enable=False)
backend_args = None
classes = (
    'holothurian',
    'echinus',
    'scallop',
    'starfish',
    'fish',
    'coral',
    'diver',
    'cuttlefish',
    'turtle',
    'jellyfish',
)
data_root = '../data-processing/vision/RUOD/processed/'
dataset_type = 'CocoDataset'
default_hooks = dict(
    checkpoint=dict(
        interval=-1,
        max_keep_ckpts=1,
        rule='greater',
        save_best='coco/bbox_mAP',
        save_last=True,
        type='CheckpointHook'),
    logger=dict(interval=50, type='LoggerHook'),
    param_scheduler=dict(type='ParamSchedulerHook'),
    sampler_seed=dict(type='DistSamplerSeedHook'),
    timer=dict(type='IterTimerHook'),
    visualization=dict(type='DetVisualizationHook'))
default_scope = 'mmdet'
env_cfg = dict(
    cudnn_benchmark=False,
    dist_cfg=dict(backend='nccl'),
    mp_cfg=dict(mp_start_method='fork', opencv_num_threads=0))
launcher = 'none'
load_from = '../runs/mmdet/ruod/dino_4scale_r50_ruod_120e_pretrained/best_coco_bbox_mAP_epoch_14.pth'
log_level = 'INFO'
log_processor = dict(by_epoch=True, type='LogProcessor', window_size=50)
metainfo = dict(
    classes=(
        'holothurian',
        'echinus',
        'scallop',
        'starfish',
        'fish',
        'coral',
        'diver',
        'cuttlefish',
        'turtle',
        'jellyfish',
    ))
model = dict(
    as_two_stage=True,
    backbone=dict(
        depth=50,
        frozen_stages=1,
        init_cfg=dict(checkpoint='torchvision://resnet50', type='Pretrained'),
        norm_cfg=dict(requires_grad=False, type='BN'),
        norm_eval=True,
        num_stages=4,
        out_indices=(
            1,
            2,
            3,
        ),
        style='pytorch',
        type='ResNet'),
    bbox_head=dict(
        loss_bbox=dict(loss_weight=5.0, type='L1Loss'),
        loss_cls=dict(
            alpha=0.25,
            gamma=2.0,
            loss_weight=1.0,
            type='FocalLoss',
            use_sigmoid=True),
        loss_iou=dict(loss_weight=2.0, type='GIoULoss'),
        num_classes=10,
        sync_cls_avg_factor=True,
        type='DINOHead'),
    data_preprocessor=dict(
        bgr_to_rgb=True,
        mean=[
            123.675,
            116.28,
            103.53,
        ],
        pad_size_divisor=1,
        std=[
            58.395,
            57.12,
            57.375,
        ],
        type='DetDataPreprocessor'),
    decoder=dict(
        layer_cfg=dict(
            cross_attn_cfg=dict(dropout=0.0, embed_dims=256, num_levels=4),
            ffn_cfg=dict(
                embed_dims=256, feedforward_channels=2048, ffn_drop=0.0),
            self_attn_cfg=dict(dropout=0.0, embed_dims=256, num_heads=8)),
        num_layers=6,
        post_norm_cfg=None,
        return_intermediate=True),
    dn_cfg=dict(
        box_noise_scale=1.0,
        group_cfg=dict(dynamic=True, num_dn_queries=100, num_groups=None),
        label_noise_scale=0.5),
    encoder=dict(
        layer_cfg=dict(
            ffn_cfg=dict(
                embed_dims=256, feedforward_channels=2048, ffn_drop=0.0),
            self_attn_cfg=dict(dropout=0.0, embed_dims=256, num_levels=4)),
        num_layers=6),
    neck=dict(
        act_cfg=None,
        in_channels=[
            512,
            1024,
            2048,
        ],
        kernel_size=1,
        norm_cfg=dict(num_groups=32, type='GN'),
        num_outs=4,
        out_channels=256,
        type='ChannelMapper'),
    num_queries=900,
    positional_encoding=dict(
        normalize=True, num_feats=128, offset=0.0, temperature=20),
    test_cfg=dict(max_per_img=300),
    train_cfg=dict(
        assigner=dict(
            match_costs=[
                dict(type='FocalLossCost', weight=2.0),
                dict(box_format='xywh', type='BBoxL1Cost', weight=5.0),
                dict(iou_mode='giou', type='IoUCost', weight=2.0),
            ],
            type='HungarianAssigner')),
    type='DINO',
    with_box_refine=True)
num_classes = 10
optim_wrapper = dict(
    clip_grad=dict(max_norm=0.1, norm_type=2),
    optimizer=dict(lr=0.0001, type='AdamW', weight_decay=0.0001),
    paramwise_cfg=dict(custom_keys=dict(backbone=dict(lr_mult=0.1))),
    type='AmpOptimWrapper')
param_scheduler = [
    dict(
        begin=0,
        by_epoch=True,
        end=3,
        end_factor=1.0,
        start_factor=0.1,
        type='LinearLR'),
    dict(
        begin=3,
        by_epoch=True,
        end=80,
        end_factor=0.01,
        start_factor=1.0,
        type='LinearLR'),
]
randomness = dict(deterministic=False, seed=0)
resume = False
test_cfg = dict(type='TestLoop')
test_dataloader = dict(
    batch_size=1,
    dataset=dict(
        ann_file='annotations/test.json',
        backend_args=None,
        data_prefix=dict(img='images/test/'),
        data_root='../data-processing/vision/RUOD/processed/',
        metainfo=dict(
            classes=(
                'holothurian',
                'echinus',
                'scallop',
                'starfish',
                'fish',
                'coral',
                'diver',
                'cuttlefish',
                'turtle',
                'jellyfish',
            )),
        pipeline=[
            dict(backend_args=None, type='LoadImageFromFile'),
            dict(keep_ratio=True, scale=(
                640,
                640,
            ), type='Resize'),
            dict(type='LoadAnnotations', with_bbox=True),
            dict(
                meta_keys=(
                    'img_id',
                    'img_path',
                    'ori_shape',
                    'img_shape',
                    'scale_factor',
                ),
                type='PackDetInputs'),
        ],
        test_mode=True,
        type='CocoDataset'),
    drop_last=False,
    num_workers=2,
    persistent_workers=True,
    sampler=dict(shuffle=False, type='DefaultSampler'))
test_evaluator = dict(
    ann_file='../data-processing/vision/RUOD/processed/annotations/test.json',
    backend_args=None,
    format_only=False,
    metric='bbox',
    type='CocoMetric')
test_pipeline = [
    dict(backend_args=None, type='LoadImageFromFile'),
    dict(keep_ratio=True, scale=(
        640,
        640,
    ), type='Resize'),
    dict(type='LoadAnnotations', with_bbox=True),
    dict(
        meta_keys=(
            'img_id',
            'img_path',
            'ori_shape',
            'img_shape',
            'scale_factor',
        ),
        type='PackDetInputs'),
]
train_cfg = dict(max_epochs=80, type='EpochBasedTrainLoop', val_interval=2)
train_dataloader = dict(
    batch_sampler=dict(type='AspectRatioBatchSampler'),
    batch_size=32,
    dataset=dict(
        ann_file='annotations/train.json',
        backend_args=None,
        data_prefix=dict(img='images/train/'),
        data_root='../data-processing/vision/RUOD/processed/',
        filter_cfg=dict(filter_empty_gt=False),
        metainfo=dict(
            classes=(
                'holothurian',
                'echinus',
                'scallop',
                'starfish',
                'fish',
                'coral',
                'diver',
                'cuttlefish',
                'turtle',
                'jellyfish',
            )),
        pipeline=[
            dict(backend_args=None, type='LoadImageFromFile'),
            dict(type='LoadAnnotations', with_bbox=True),
            dict(keep_ratio=True, scale=(
                640,
                640,
            ), type='Resize'),
            dict(prob=0.5, type='RandomFlip'),
            dict(type='PackDetInputs'),
        ],
        type='CocoDataset'),
    num_workers=8,
    persistent_workers=True,
    pin_memory=True,
    prefetch_factor=4,
    sampler=dict(shuffle=True, type='DefaultSampler'))
train_pipeline = [
    dict(backend_args=None, type='LoadImageFromFile'),
    dict(type='LoadAnnotations', with_bbox=True),
    dict(keep_ratio=True, scale=(
        640,
        640,
    ), type='Resize'),
    dict(prob=0.5, type='RandomFlip'),
    dict(type='PackDetInputs'),
]
val_cfg = dict(type='ValLoop')
val_dataloader = dict(
    batch_size=8,
    dataset=dict(
        ann_file='annotations/val.json',
        backend_args=None,
        data_prefix=dict(img='images/val/'),
        data_root='../data-processing/vision/RUOD/processed/',
        metainfo=dict(
            classes=(
                'holothurian',
                'echinus',
                'scallop',
                'starfish',
                'fish',
                'coral',
                'diver',
                'cuttlefish',
                'turtle',
                'jellyfish',
            )),
        pipeline=[
            dict(backend_args=None, type='LoadImageFromFile'),
            dict(keep_ratio=True, scale=(
                640,
                640,
            ), type='Resize'),
            dict(type='LoadAnnotations', with_bbox=True),
            dict(
                meta_keys=(
                    'img_id',
                    'img_path',
                    'ori_shape',
                    'img_shape',
                    'scale_factor',
                ),
                type='PackDetInputs'),
        ],
        test_mode=True,
        type='CocoDataset'),
    drop_last=False,
    num_workers=4,
    persistent_workers=True,
    sampler=dict(shuffle=False, type='DefaultSampler'))
val_evaluator = dict(
    ann_file='../data-processing/vision/RUOD/processed/annotations/val.json',
    backend_args=None,
    format_only=False,
    metric='bbox',
    type='CocoMetric')
vis_backends = [
    dict(type='LocalVisBackend'),
]
visualizer = dict(
    name='visualizer',
    type='DetLocalVisualizer',
    vis_backends=[
        dict(type='LocalVisBackend'),
    ])
work_dir = '../runs/mmdet/dino_4scale_r50_ruod_120e_pretrained'

2026/03/28 17:32:52 - mmengine - INFO - Distributed training is not used, all SyncBatchNorm (SyncBN) layers in the model will be automatically reverted to BatchNormXd layers if they are used.
2026/03/28 17:32:52 - mmengine - INFO - Hooks will be executed in the following order:
before_run:
(VERY_HIGH   ) RuntimeInfoHook                    
(BELOW_NORMAL) LoggerHook                         
 -------------------- 
before_train:
(VERY_HIGH   ) RuntimeInfoHook                    
(NORMAL      ) IterTimerHook                      
(VERY_LOW    ) CheckpointHook                     
 -------------------- 
before_train_epoch:
(VERY_HIGH   ) RuntimeInfoHook                    
(NORMAL      ) IterTimerHook                      
(NORMAL      ) DistSamplerSeedHook                
 -------------------- 
before_train_iter:
(VERY_HIGH   ) RuntimeInfoHook                    
(NORMAL      ) IterTimerHook                      
 -------------------- 
after_train_iter:
(VERY_HIGH   ) RuntimeInfoHook                    
(NORMAL      ) IterTimerHook                      
(BELOW_NORMAL) LoggerHook                         
(LOW         ) ParamSchedulerHook                 
(VERY_LOW    ) CheckpointHook                     
 -------------------- 
after_train_epoch:
(NORMAL      ) IterTimerHook                      
(LOW         ) ParamSchedulerHook                 
(VERY_LOW    ) CheckpointHook                     
 -------------------- 
before_val:
(VERY_HIGH   ) RuntimeInfoHook                    
 -------------------- 
before_val_epoch:
(NORMAL      ) IterTimerHook                      
 -------------------- 
before_val_iter:
(NORMAL      ) IterTimerHook                      
 -------------------- 
after_val_iter:
(NORMAL      ) IterTimerHook                      
(NORMAL      ) DetVisualizationHook               
(BELOW_NORMAL) LoggerHook                         
 -------------------- 
after_val_epoch:
(VERY_HIGH   ) RuntimeInfoHook                    
(NORMAL      ) IterTimerHook                      
(BELOW_NORMAL) LoggerHook                         
(LOW         ) ParamSchedulerHook                 
(VERY_LOW    ) CheckpointHook                     
 -------------------- 
after_val:
(VERY_HIGH   ) RuntimeInfoHook                    
 -------------------- 
after_train:
(VERY_HIGH   ) RuntimeInfoHook                    
(VERY_LOW    ) CheckpointHook                     
 -------------------- 
before_test:
(VERY_HIGH   ) RuntimeInfoHook                    
 -------------------- 
before_test_epoch:
(NORMAL      ) IterTimerHook                      
 -------------------- 
before_test_iter:
(NORMAL      ) IterTimerHook                      
 -------------------- 
after_test_iter:
(NORMAL      ) IterTimerHook                      
(NORMAL      ) DetVisualizationHook               
(BELOW_NORMAL) LoggerHook                         
 -------------------- 
after_test_epoch:
(VERY_HIGH   ) RuntimeInfoHook                    
(NORMAL      ) IterTimerHook                      
(BELOW_NORMAL) LoggerHook                         
 -------------------- 
after_test:
(VERY_HIGH   ) RuntimeInfoHook                    
 -------------------- 
after_run:
(BELOW_NORMAL) LoggerHook                         
 -------------------- 
2026/03/28 17:32:54 - mmengine - INFO - Load checkpoint from ../runs/mmdet/ruod/dino_4scale_r50_ruod_120e_pretrained/best_coco_bbox_mAP_epoch_14.pth
2026/03/28 17:33:05 - mmengine - INFO - Epoch(test) [  50/4200]    eta: 0:14:21  time: 0.2077  data_time: 0.0078  memory: 359  
2026/03/28 17:33:12 - mmengine - INFO - Epoch(test) [ 100/4200]    eta: 0:12:25  time: 0.1561  data_time: 0.0026  memory: 359  
2026/03/28 17:33:20 - mmengine - INFO - Epoch(test) [ 150/4200]    eta: 0:11:38  time: 0.1537  data_time: 0.0022  memory: 359  
2026/03/28 17:33:28 - mmengine - INFO - Epoch(test) [ 200/4200]    eta: 0:11:15  time: 0.1576  data_time: 0.0078  memory: 359  
2026/03/28 17:33:36 - mmengine - INFO - Epoch(test) [ 250/4200]    eta: 0:10:56  time: 0.1563  data_time: 0.0053  memory: 359  
2026/03/28 17:33:43 - mmengine - INFO - Epoch(test) [ 300/4200]    eta: 0:10:40  time: 0.1541  data_time: 0.0041  memory: 376  
2026/03/28 17:33:51 - mmengine - INFO - Epoch(test) [ 350/4200]    eta: 0:10:27  time: 0.1559  data_time: 0.0031  memory: 359  
2026/03/28 17:33:59 - mmengine - INFO - Epoch(test) [ 400/4200]    eta: 0:10:15  time: 0.1540  data_time: 0.0016  memory: 359  
2026/03/28 17:34:06 - mmengine - INFO - Epoch(test) [ 450/4200]    eta: 0:10:02  time: 0.1500  data_time: 0.0016  memory: 359  
2026/03/28 17:34:14 - mmengine - INFO - Epoch(test) [ 500/4200]    eta: 0:09:50  time: 0.1500  data_time: 0.0029  memory: 359  
2026/03/28 17:34:22 - mmengine - INFO - Epoch(test) [ 550/4200]    eta: 0:09:39  time: 0.1518  data_time: 0.0016  memory: 359  
2026/03/28 17:34:29 - mmengine - INFO - Epoch(test) [ 600/4200]    eta: 0:09:29  time: 0.1501  data_time: 0.0016  memory: 359  
2026/03/28 17:34:37 - mmengine - INFO - Epoch(test) [ 650/4200]    eta: 0:09:20  time: 0.1538  data_time: 0.0029  memory: 359  
2026/03/28 17:34:44 - mmengine - INFO - Epoch(test) [ 700/4200]    eta: 0:09:10  time: 0.1501  data_time: 0.0016  memory: 359  
2026/03/28 17:34:52 - mmengine - INFO - Epoch(test) [ 750/4200]    eta: 0:09:00  time: 0.1480  data_time: 0.0017  memory: 359  
2026/03/28 17:35:00 - mmengine - INFO - Epoch(test) [ 800/4200]    eta: 0:08:53  time: 0.1599  data_time: 0.0018  memory: 359  
2026/03/28 17:35:07 - mmengine - INFO - Epoch(test) [ 850/4200]    eta: 0:08:44  time: 0.1516  data_time: 0.0017  memory: 359  
2026/03/28 17:35:15 - mmengine - INFO - Epoch(test) [ 900/4200]    eta: 0:08:35  time: 0.1501  data_time: 0.0016  memory: 359  
2026/03/28 17:35:22 - mmengine - INFO - Epoch(test) [ 950/4200]    eta: 0:08:26  time: 0.1522  data_time: 0.0033  memory: 359  
2026/03/28 17:35:30 - mmengine - INFO - Epoch(test) [1000/4200]    eta: 0:08:18  time: 0.1540  data_time: 0.0031  memory: 359  
2026/03/28 17:35:38 - mmengine - INFO - Epoch(test) [1050/4200]    eta: 0:08:10  time: 0.1520  data_time: 0.0062  memory: 359  
2026/03/28 17:35:45 - mmengine - INFO - Epoch(test) [1100/4200]    eta: 0:08:02  time: 0.1556  data_time: 0.0080  memory: 359  
2026/03/28 17:35:53 - mmengine - INFO - Epoch(test) [1150/4200]    eta: 0:07:54  time: 0.1545  data_time: 0.0023  memory: 388  
2026/03/28 17:36:01 - mmengine - INFO - Epoch(test) [1200/4200]    eta: 0:07:48  time: 0.1661  data_time: 0.0120  memory: 388  
2026/03/28 17:36:09 - mmengine - INFO - Epoch(test) [1250/4200]    eta: 0:07:40  time: 0.1533  data_time: 0.0024  memory: 388  
2026/03/28 17:36:17 - mmengine - INFO - Epoch(test) [1300/4200]    eta: 0:07:31  time: 0.1500  data_time: 0.0016  memory: 385  
2026/03/28 17:36:25 - mmengine - INFO - Epoch(test) [1350/4200]    eta: 0:07:24  time: 0.1579  data_time: 0.0060  memory: 388  
2026/03/28 17:36:32 - mmengine - INFO - Epoch(test) [1400/4200]    eta: 0:07:16  time: 0.1543  data_time: 0.0045  memory: 388  
2026/03/28 17:36:40 - mmengine - INFO - Epoch(test) [1450/4200]    eta: 0:07:08  time: 0.1539  data_time: 0.0019  memory: 388  
2026/03/28 17:36:47 - mmengine - INFO - Epoch(test) [1500/4200]    eta: 0:06:59  time: 0.1501  data_time: 0.0018  memory: 388  
2026/03/28 17:36:55 - mmengine - INFO - Epoch(test) [1550/4200]    eta: 0:06:51  time: 0.1518  data_time: 0.0018  memory: 388  
2026/03/28 17:37:03 - mmengine - INFO - Epoch(test) [1600/4200]    eta: 0:06:43  time: 0.1500  data_time: 0.0018  memory: 388  
2026/03/28 17:37:10 - mmengine - INFO - Epoch(test) [1650/4200]    eta: 0:06:35  time: 0.1499  data_time: 0.0017  memory: 371  
2026/03/28 17:37:18 - mmengine - INFO - Epoch(test) [1700/4200]    eta: 0:06:27  time: 0.1539  data_time: 0.0018  memory: 379  
2026/03/28 17:37:25 - mmengine - INFO - Epoch(test) [1750/4200]    eta: 0:06:19  time: 0.1501  data_time: 0.0016  memory: 388  
2026/03/28 17:37:33 - mmengine - INFO - Epoch(test) [1800/4200]    eta: 0:06:11  time: 0.1500  data_time: 0.0017  memory: 372  
2026/03/28 17:37:40 - mmengine - INFO - Epoch(test) [1850/4200]    eta: 0:06:03  time: 0.1501  data_time: 0.0017  memory: 371  
2026/03/28 17:37:48 - mmengine - INFO - Epoch(test) [1900/4200]    eta: 0:05:55  time: 0.1528  data_time: 0.0028  memory: 388  
2026/03/28 17:37:55 - mmengine - INFO - Epoch(test) [1950/4200]    eta: 0:05:47  time: 0.1512  data_time: 0.0047  memory: 388  
2026/03/28 17:38:03 - mmengine - INFO - Epoch(test) [2000/4200]    eta: 0:05:39  time: 0.1559  data_time: 0.0054  memory: 385  
2026/03/28 17:38:11 - mmengine - INFO - Epoch(test) [2050/4200]    eta: 0:05:32  time: 0.1561  data_time: 0.0077  memory: 388  
2026/03/28 17:38:19 - mmengine - INFO - Epoch(test) [2100/4200]    eta: 0:05:24  time: 0.1520  data_time: 0.0017  memory: 382  
2026/03/28 17:38:26 - mmengine - INFO - Epoch(test) [2150/4200]    eta: 0:05:16  time: 0.1501  data_time: 0.0017  memory: 385  
2026/03/28 17:38:34 - mmengine - INFO - Epoch(test) [2200/4200]    eta: 0:05:08  time: 0.1519  data_time: 0.0017  memory: 387  
2026/03/28 17:38:41 - mmengine - INFO - Epoch(test) [2250/4200]    eta: 0:05:00  time: 0.1535  data_time: 0.0017  memory: 371  
2026/03/28 17:38:49 - mmengine - INFO - Epoch(test) [2300/4200]    eta: 0:04:53  time: 0.1523  data_time: 0.0017  memory: 359  
2026/03/28 17:38:57 - mmengine - INFO - Epoch(test) [2350/4200]    eta: 0:04:45  time: 0.1500  data_time: 0.0017  memory: 388  
2026/03/28 17:39:04 - mmengine - INFO - Epoch(test) [2400/4200]    eta: 0:04:37  time: 0.1560  data_time: 0.0018  memory: 388  
2026/03/28 17:39:12 - mmengine - INFO - Epoch(test) [2450/4200]    eta: 0:04:29  time: 0.1500  data_time: 0.0017  memory: 371  
2026/03/28 17:39:19 - mmengine - INFO - Epoch(test) [2500/4200]    eta: 0:04:21  time: 0.1520  data_time: 0.0016  memory: 366  
2026/03/28 17:39:27 - mmengine - INFO - Epoch(test) [2550/4200]    eta: 0:04:14  time: 0.1500  data_time: 0.0017  memory: 376  
2026/03/28 17:39:35 - mmengine - INFO - Epoch(test) [2600/4200]    eta: 0:04:06  time: 0.1540  data_time: 0.0017  memory: 373  
2026/03/28 17:39:42 - mmengine - INFO - Epoch(test) [2650/4200]    eta: 0:03:58  time: 0.1539  data_time: 0.0017  memory: 381  
2026/03/28 17:39:50 - mmengine - INFO - Epoch(test) [2700/4200]    eta: 0:03:50  time: 0.1521  data_time: 0.0017  memory: 388  
2026/03/28 17:39:58 - mmengine - INFO - Epoch(test) [2750/4200]    eta: 0:03:43  time: 0.1559  data_time: 0.0017  memory: 366  
2026/03/28 17:40:05 - mmengine - INFO - Epoch(test) [2800/4200]    eta: 0:03:35  time: 0.1521  data_time: 0.0017  memory: 388  
2026/03/28 17:40:13 - mmengine - INFO - Epoch(test) [2850/4200]    eta: 0:03:27  time: 0.1558  data_time: 0.0018  memory: 377  
2026/03/28 17:40:21 - mmengine - INFO - Epoch(test) [2900/4200]    eta: 0:03:20  time: 0.1518  data_time: 0.0017  memory: 384  
2026/03/28 17:40:28 - mmengine - INFO - Epoch(test) [2950/4200]    eta: 0:03:12  time: 0.1524  data_time: 0.0019  memory: 388  
2026/03/28 17:40:36 - mmengine - INFO - Epoch(test) [3000/4200]    eta: 0:03:04  time: 0.1520  data_time: 0.0016  memory: 373  
2026/03/28 17:40:44 - mmengine - INFO - Epoch(test) [3050/4200]    eta: 0:02:56  time: 0.1520  data_time: 0.0017  memory: 384  
2026/03/28 17:40:51 - mmengine - INFO - Epoch(test) [3100/4200]    eta: 0:02:49  time: 0.1558  data_time: 0.0016  memory: 387  
2026/03/28 17:40:59 - mmengine - INFO - Epoch(test) [3150/4200]    eta: 0:02:41  time: 0.1497  data_time: 0.0016  memory: 368  
2026/03/28 17:41:06 - mmengine - INFO - Epoch(test) [3200/4200]    eta: 0:02:33  time: 0.1502  data_time: 0.0016  memory: 359  
2026/03/28 17:41:14 - mmengine - INFO - Epoch(test) [3250/4200]    eta: 0:02:26  time: 0.1501  data_time: 0.0017  memory: 359  
2026/03/28 17:41:22 - mmengine - INFO - Epoch(test) [3300/4200]    eta: 0:02:18  time: 0.1538  data_time: 0.0018  memory: 359  
2026/03/28 17:41:29 - mmengine - INFO - Epoch(test) [3350/4200]    eta: 0:02:10  time: 0.1521  data_time: 0.0017  memory: 380  
2026/03/28 17:41:37 - mmengine - INFO - Epoch(test) [3400/4200]    eta: 0:02:02  time: 0.1500  data_time: 0.0017  memory: 385  
2026/03/28 17:41:44 - mmengine - INFO - Epoch(test) [3450/4200]    eta: 0:01:55  time: 0.1541  data_time: 0.0029  memory: 388  
2026/03/28 17:41:52 - mmengine - INFO - Epoch(test) [3500/4200]    eta: 0:01:47  time: 0.1519  data_time: 0.0017  memory: 385  
2026/03/28 17:42:00 - mmengine - INFO - Epoch(test) [3550/4200]    eta: 0:01:39  time: 0.1521  data_time: 0.0018  memory: 388  
2026/03/28 17:42:07 - mmengine - INFO - Epoch(test) [3600/4200]    eta: 0:01:32  time: 0.1520  data_time: 0.0016  memory: 374  
2026/03/28 17:42:15 - mmengine - INFO - Epoch(test) [3650/4200]    eta: 0:01:24  time: 0.1540  data_time: 0.0032  memory: 387  
2026/03/28 17:42:22 - mmengine - INFO - Epoch(test) [3700/4200]    eta: 0:01:16  time: 0.1499  data_time: 0.0016  memory: 375  
2026/03/28 17:42:30 - mmengine - INFO - Epoch(test) [3750/4200]    eta: 0:01:09  time: 0.1540  data_time: 0.0017  memory: 381  
2026/03/28 17:42:38 - mmengine - INFO - Epoch(test) [3800/4200]    eta: 0:01:01  time: 0.1500  data_time: 0.0018  memory: 381  
2026/03/28 17:42:45 - mmengine - INFO - Epoch(test) [3850/4200]    eta: 0:00:53  time: 0.1538  data_time: 0.0017  memory: 381  
2026/03/28 17:42:53 - mmengine - INFO - Epoch(test) [3900/4200]    eta: 0:00:46  time: 0.1479  data_time: 0.0015  memory: 375  
2026/03/28 17:43:00 - mmengine - INFO - Epoch(test) [3950/4200]    eta: 0:00:38  time: 0.1502  data_time: 0.0018  memory: 385  
2026/03/28 17:43:08 - mmengine - INFO - Epoch(test) [4000/4200]    eta: 0:00:30  time: 0.1539  data_time: 0.0017  memory: 387  
2026/03/28 17:43:15 - mmengine - INFO - Epoch(test) [4050/4200]    eta: 0:00:23  time: 0.1519  data_time: 0.0017  memory: 387  
2026/03/28 17:43:23 - mmengine - INFO - Epoch(test) [4100/4200]    eta: 0:00:15  time: 0.1500  data_time: 0.0016  memory: 359  
2026/03/28 17:43:31 - mmengine - INFO - Epoch(test) [4150/4200]    eta: 0:00:07  time: 0.1520  data_time: 0.0015  memory: 359  
2026/03/28 17:43:38 - mmengine - INFO - Epoch(test) [4200/4200]    eta: 0:00:00  time: 0.1518  data_time: 0.0015  memory: 359  
2026/03/28 17:43:51 - mmengine - INFO - Evaluating bbox...
2026/03/28 17:44:43 - mmengine - INFO - bbox_mAP_copypaste: 0.579 0.835 0.618 0.169 0.418 0.636
2026/03/28 17:44:44 - mmengine - INFO - Epoch(test) [4200/4200]    coco/bbox_mAP: 0.5790  coco/bbox_mAP_50: 0.8350  coco/bbox_mAP_75: 0.6180  coco/bbox_mAP_s: 0.1690  coco/bbox_mAP_m: 0.4180  coco/bbox_mAP_l: 0.6360  data_time: 0.0026  time: 0.1533
