2026/03/19 13:42:43 - mmengine - INFO - 
------------------------------------------------------------
System environment:
    sys.platform: linux
    Python: 3.11.10 (main, Sep  7 2024, 18:35:41) [GCC 11.4.0]
    CUDA available: True
    MUSA available: False
    numpy_random_seed: 0
    GPU 0: NVIDIA A100-SXM4-80GB
    CUDA_HOME: /usr/local/cuda
    NVCC: Cuda compilation tools, release 12.4, V12.4.131
    GCC: x86_64-linux-gnu-gcc (Ubuntu 11.4.0-1ubuntu1~22.04) 11.4.0
    PyTorch: 2.1.0+cu121
    PyTorch compiling details: PyTorch built with:
  - GCC 9.3
  - C++ Version: 201703
  - Intel(R) oneAPI Math Kernel Library Version 2022.2-Product Build 20220804 for Intel(R) 64 architecture applications
  - Intel(R) MKL-DNN v3.1.1 (Git Hash 64f6bcbcbab628e96f33a62c3e975f8535a7bde4)
  - OpenMP 201511 (a.k.a. OpenMP 4.5)
  - LAPACK is enabled (usually provided by MKL)
  - NNPACK is enabled
  - CPU capability usage: AVX2
  - CUDA Runtime 12.1
  - NVCC architecture flags: -gencode;arch=compute_50,code=sm_50;-gencode;arch=compute_60,code=sm_60;-gencode;arch=compute_70,code=sm_70;-gencode;arch=compute_75,code=sm_75;-gencode;arch=compute_80,code=sm_80;-gencode;arch=compute_86,code=sm_86;-gencode;arch=compute_90,code=sm_90
  - CuDNN 8.9.2
  - Magma 2.6.1
  - Build settings: BLAS_INFO=mkl, BUILD_TYPE=Release, CUDA_VERSION=12.1, CUDNN_VERSION=8.9.2, CXX_COMPILER=/opt/rh/devtoolset-9/root/usr/bin/c++, CXX_FLAGS= -D_GLIBCXX_USE_CXX11_ABI=0 -fabi-version=11 -fvisibility-inlines-hidden -DUSE_PTHREADPOOL -DNDEBUG -DUSE_KINETO -DLIBKINETO_NOROCTRACER -DUSE_FBGEMM -DUSE_QNNPACK -DUSE_PYTORCH_QNNPACK -DUSE_XNNPACK -DSYMBOLICATE_MOBILE_DEBUG_HANDLE -O2 -fPIC -Wall -Wextra -Werror=return-type -Werror=non-virtual-dtor -Werror=bool-operation -Wnarrowing -Wno-missing-field-initializers -Wno-type-limits -Wno-array-bounds -Wno-unknown-pragmas -Wno-unused-parameter -Wno-unused-function -Wno-unused-result -Wno-strict-overflow -Wno-strict-aliasing -Wno-stringop-overflow -Wno-psabi -Wno-error=pedantic -Wno-error=old-style-cast -Wno-invalid-partial-specialization -Wno-unused-private-field -Wno-aligned-allocation-unavailable -Wno-missing-braces -fdiagnostics-color=always -faligned-new -Wno-unused-but-set-variable -Wno-maybe-uninitialized -fno-math-errno -fno-trapping-math -Werror=format -Werror=cast-function-type -Wno-stringop-overflow, LAPACK_INFO=mkl, PERF_WITH_AVX=1, PERF_WITH_AVX2=1, PERF_WITH_AVX512=1, TORCH_DISABLE_GPU_ASSERTS=ON, TORCH_VERSION=2.1.0, USE_CUDA=ON, USE_CUDNN=ON, USE_EXCEPTION_PTR=1, USE_GFLAGS=OFF, USE_GLOG=OFF, USE_MKL=ON, USE_MKLDNN=ON, USE_MPI=OFF, USE_NCCL=1, USE_NNPACK=ON, USE_OPENMP=ON, USE_ROCM=OFF, 

    TorchVision: 0.16.0+cu121
    OpenCV: 4.11.0
    MMEngine: 0.10.7

Runtime environment:
    cudnn_benchmark: False
    mp_cfg: {'mp_start_method': 'fork', 'opencv_num_threads': 0}
    dist_cfg: {'backend': 'nccl'}
    seed: 0
    deterministic: False
    Distributed launcher: none
    Distributed training: False
    GPU number: 1
------------------------------------------------------------

2026/03/19 13:42:44 - mmengine - INFO - Config:
auto_scale_lr = dict(base_batch_size=16, enable=False)
backend_args = None
classes = (
    'holothurian',
    'echinus',
    'scallop',
    'starfish',
    'fish',
    'coral',
    'diver',
    'cuttlefish',
    'turtle',
    'jellyfish',
)
data_root = '../data-processing/vision/RUOD/processed/'
dataset_type = 'CocoDataset'
default_hooks = dict(
    checkpoint=dict(
        interval=-1,
        max_keep_ckpts=1,
        rule='greater',
        save_best='coco/bbox_mAP',
        save_last=True,
        type='CheckpointHook'),
    logger=dict(interval=50, type='LoggerHook'),
    param_scheduler=dict(type='ParamSchedulerHook'),
    sampler_seed=dict(type='DistSamplerSeedHook'),
    timer=dict(type='IterTimerHook'),
    visualization=dict(type='DetVisualizationHook'))
default_scope = 'mmdet'
env_cfg = dict(
    cudnn_benchmark=False,
    dist_cfg=dict(backend='nccl'),
    mp_cfg=dict(mp_start_method='fork', opencv_num_threads=0))
launcher = 'none'
load_from = '../runs/mmdet/dino_4scale_r50_ruod_120e_pretrained/best_coco_bbox_mAP_epoch_14.pth'
log_level = 'INFO'
log_processor = dict(by_epoch=True, type='LogProcessor', window_size=50)
metainfo = dict(
    classes=(
        'holothurian',
        'echinus',
        'scallop',
        'starfish',
        'fish',
        'coral',
        'diver',
        'cuttlefish',
        'turtle',
        'jellyfish',
    ))
model = dict(
    as_two_stage=True,
    backbone=dict(
        depth=50,
        frozen_stages=1,
        init_cfg=dict(checkpoint='torchvision://resnet50', type='Pretrained'),
        norm_cfg=dict(requires_grad=False, type='BN'),
        norm_eval=True,
        num_stages=4,
        out_indices=(
            1,
            2,
            3,
        ),
        style='pytorch',
        type='ResNet'),
    bbox_head=dict(
        loss_bbox=dict(loss_weight=5.0, type='L1Loss'),
        loss_cls=dict(
            alpha=0.25,
            gamma=2.0,
            loss_weight=1.0,
            type='FocalLoss',
            use_sigmoid=True),
        loss_iou=dict(loss_weight=2.0, type='GIoULoss'),
        num_classes=10,
        sync_cls_avg_factor=True,
        type='DINOHead'),
    data_preprocessor=dict(
        bgr_to_rgb=True,
        mean=[
            123.675,
            116.28,
            103.53,
        ],
        pad_size_divisor=1,
        std=[
            58.395,
            57.12,
            57.375,
        ],
        type='DetDataPreprocessor'),
    decoder=dict(
        layer_cfg=dict(
            cross_attn_cfg=dict(dropout=0.0, embed_dims=256, num_levels=4),
            ffn_cfg=dict(
                embed_dims=256, feedforward_channels=2048, ffn_drop=0.0),
            self_attn_cfg=dict(dropout=0.0, embed_dims=256, num_heads=8)),
        num_layers=6,
        post_norm_cfg=None,
        return_intermediate=True),
    dn_cfg=dict(
        box_noise_scale=1.0,
        group_cfg=dict(dynamic=True, num_dn_queries=100, num_groups=None),
        label_noise_scale=0.5),
    encoder=dict(
        layer_cfg=dict(
            ffn_cfg=dict(
                embed_dims=256, feedforward_channels=2048, ffn_drop=0.0),
            self_attn_cfg=dict(dropout=0.0, embed_dims=256, num_levels=4)),
        num_layers=6),
    neck=dict(
        act_cfg=None,
        in_channels=[
            512,
            1024,
            2048,
        ],
        kernel_size=1,
        norm_cfg=dict(num_groups=32, type='GN'),
        num_outs=4,
        out_channels=256,
        type='ChannelMapper'),
    num_queries=900,
    positional_encoding=dict(
        normalize=True, num_feats=128, offset=0.0, temperature=20),
    test_cfg=dict(max_per_img=300),
    train_cfg=dict(
        assigner=dict(
            match_costs=[
                dict(type='FocalLossCost', weight=2.0),
                dict(box_format='xywh', type='BBoxL1Cost', weight=5.0),
                dict(iou_mode='giou', type='IoUCost', weight=2.0),
            ],
            type='HungarianAssigner')),
    type='DINO',
    with_box_refine=True)
num_classes = 10
optim_wrapper = dict(
    clip_grad=dict(max_norm=0.1, norm_type=2),
    optimizer=dict(lr=0.0001, type='AdamW', weight_decay=0.0001),
    paramwise_cfg=dict(custom_keys=dict(backbone=dict(lr_mult=0.1))),
    type='AmpOptimWrapper')
param_scheduler = [
    dict(
        begin=0,
        by_epoch=True,
        end=3,
        end_factor=1.0,
        start_factor=0.1,
        type='LinearLR'),
    dict(
        begin=3,
        by_epoch=True,
        end=80,
        end_factor=0.01,
        start_factor=1.0,
        type='LinearLR'),
]
randomness = dict(deterministic=False, seed=0)
resume = False
test_cfg = dict(type='TestLoop')
test_dataloader = dict(
    batch_size=1,
    dataset=dict(
        ann_file='annotations/test.json',
        backend_args=None,
        data_prefix=dict(img='images/test/'),
        data_root='../data-processing/vision/RUOD/processed/',
        metainfo=dict(
            classes=(
                'holothurian',
                'echinus',
                'scallop',
                'starfish',
                'fish',
                'coral',
                'diver',
                'cuttlefish',
                'turtle',
                'jellyfish',
            )),
        pipeline=[
            dict(backend_args=None, type='LoadImageFromFile'),
            dict(keep_ratio=True, scale=(
                640,
                640,
            ), type='Resize'),
            dict(type='LoadAnnotations', with_bbox=True),
            dict(
                meta_keys=(
                    'img_id',
                    'img_path',
                    'ori_shape',
                    'img_shape',
                    'scale_factor',
                ),
                type='PackDetInputs'),
        ],
        test_mode=True,
        type='CocoDataset'),
    drop_last=False,
    num_workers=2,
    persistent_workers=True,
    sampler=dict(shuffle=False, type='DefaultSampler'))
test_evaluator = dict(
    ann_file='../data-processing/vision/RUOD/processed/annotations/test.json',
    backend_args=None,
    format_only=False,
    metric='bbox',
    type='CocoMetric')
test_pipeline = [
    dict(backend_args=None, type='LoadImageFromFile'),
    dict(keep_ratio=True, scale=(
        640,
        640,
    ), type='Resize'),
    dict(type='LoadAnnotations', with_bbox=True),
    dict(
        meta_keys=(
            'img_id',
            'img_path',
            'ori_shape',
            'img_shape',
            'scale_factor',
        ),
        type='PackDetInputs'),
]
train_cfg = dict(max_epochs=80, type='EpochBasedTrainLoop', val_interval=2)
train_dataloader = dict(
    batch_sampler=dict(type='AspectRatioBatchSampler'),
    batch_size=32,
    dataset=dict(
        ann_file='annotations/train.json',
        backend_args=None,
        data_prefix=dict(img='images/train/'),
        data_root='../data-processing/vision/RUOD/processed/',
        filter_cfg=dict(filter_empty_gt=False),
        metainfo=dict(
            classes=(
                'holothurian',
                'echinus',
                'scallop',
                'starfish',
                'fish',
                'coral',
                'diver',
                'cuttlefish',
                'turtle',
                'jellyfish',
            )),
        pipeline=[
            dict(backend_args=None, type='LoadImageFromFile'),
            dict(type='LoadAnnotations', with_bbox=True),
            dict(keep_ratio=True, scale=(
                640,
                640,
            ), type='Resize'),
            dict(prob=0.5, type='RandomFlip'),
            dict(type='PackDetInputs'),
        ],
        type='CocoDataset'),
    num_workers=8,
    persistent_workers=True,
    pin_memory=True,
    prefetch_factor=4,
    sampler=dict(shuffle=True, type='DefaultSampler'))
train_pipeline = [
    dict(backend_args=None, type='LoadImageFromFile'),
    dict(type='LoadAnnotations', with_bbox=True),
    dict(keep_ratio=True, scale=(
        640,
        640,
    ), type='Resize'),
    dict(prob=0.5, type='RandomFlip'),
    dict(type='PackDetInputs'),
]
val_cfg = dict(type='ValLoop')
val_dataloader = dict(
    batch_size=8,
    dataset=dict(
        ann_file='annotations/val.json',
        backend_args=None,
        data_prefix=dict(img='images/val/'),
        data_root='../data-processing/vision/RUOD/processed/',
        metainfo=dict(
            classes=(
                'holothurian',
                'echinus',
                'scallop',
                'starfish',
                'fish',
                'coral',
                'diver',
                'cuttlefish',
                'turtle',
                'jellyfish',
            )),
        pipeline=[
            dict(backend_args=None, type='LoadImageFromFile'),
            dict(keep_ratio=True, scale=(
                640,
                640,
            ), type='Resize'),
            dict(type='LoadAnnotations', with_bbox=True),
            dict(
                meta_keys=(
                    'img_id',
                    'img_path',
                    'ori_shape',
                    'img_shape',
                    'scale_factor',
                ),
                type='PackDetInputs'),
        ],
        test_mode=True,
        type='CocoDataset'),
    drop_last=False,
    num_workers=4,
    persistent_workers=True,
    sampler=dict(shuffle=False, type='DefaultSampler'))
val_evaluator = dict(
    ann_file='../data-processing/vision/RUOD/processed/annotations/val.json',
    backend_args=None,
    format_only=False,
    metric='bbox',
    type='CocoMetric')
vis_backends = [
    dict(type='LocalVisBackend'),
]
visualizer = dict(
    name='visualizer',
    type='DetLocalVisualizer',
    vis_backends=[
        dict(type='LocalVisBackend'),
    ])
work_dir = '../runs/mmdet/dino_4scale_r50_ruod_120e_pretrained'

2026/03/19 13:42:50 - mmengine - INFO - Distributed training is not used, all SyncBatchNorm (SyncBN) layers in the model will be automatically reverted to BatchNormXd layers if they are used.
2026/03/19 13:42:50 - mmengine - INFO - Hooks will be executed in the following order:
before_run:
(VERY_HIGH   ) RuntimeInfoHook                    
(BELOW_NORMAL) LoggerHook                         
 -------------------- 
before_train:
(VERY_HIGH   ) RuntimeInfoHook                    
(NORMAL      ) IterTimerHook                      
(VERY_LOW    ) CheckpointHook                     
 -------------------- 
before_train_epoch:
(VERY_HIGH   ) RuntimeInfoHook                    
(NORMAL      ) IterTimerHook                      
(NORMAL      ) DistSamplerSeedHook                
 -------------------- 
before_train_iter:
(VERY_HIGH   ) RuntimeInfoHook                    
(NORMAL      ) IterTimerHook                      
 -------------------- 
after_train_iter:
(VERY_HIGH   ) RuntimeInfoHook                    
(NORMAL      ) IterTimerHook                      
(BELOW_NORMAL) LoggerHook                         
(LOW         ) ParamSchedulerHook                 
(VERY_LOW    ) CheckpointHook                     
 -------------------- 
after_train_epoch:
(NORMAL      ) IterTimerHook                      
(LOW         ) ParamSchedulerHook                 
(VERY_LOW    ) CheckpointHook                     
 -------------------- 
before_val:
(VERY_HIGH   ) RuntimeInfoHook                    
 -------------------- 
before_val_epoch:
(NORMAL      ) IterTimerHook                      
 -------------------- 
before_val_iter:
(NORMAL      ) IterTimerHook                      
 -------------------- 
after_val_iter:
(NORMAL      ) IterTimerHook                      
(NORMAL      ) DetVisualizationHook               
(BELOW_NORMAL) LoggerHook                         
 -------------------- 
after_val_epoch:
(VERY_HIGH   ) RuntimeInfoHook                    
(NORMAL      ) IterTimerHook                      
(BELOW_NORMAL) LoggerHook                         
(LOW         ) ParamSchedulerHook                 
(VERY_LOW    ) CheckpointHook                     
 -------------------- 
after_val:
(VERY_HIGH   ) RuntimeInfoHook                    
 -------------------- 
after_train:
(VERY_HIGH   ) RuntimeInfoHook                    
(VERY_LOW    ) CheckpointHook                     
 -------------------- 
before_test:
(VERY_HIGH   ) RuntimeInfoHook                    
 -------------------- 
before_test_epoch:
(NORMAL      ) IterTimerHook                      
 -------------------- 
before_test_iter:
(NORMAL      ) IterTimerHook                      
 -------------------- 
after_test_iter:
(NORMAL      ) IterTimerHook                      
(NORMAL      ) DetVisualizationHook               
(BELOW_NORMAL) LoggerHook                         
 -------------------- 
after_test_epoch:
(VERY_HIGH   ) RuntimeInfoHook                    
(NORMAL      ) IterTimerHook                      
(BELOW_NORMAL) LoggerHook                         
 -------------------- 
after_test:
(VERY_HIGH   ) RuntimeInfoHook                    
 -------------------- 
after_run:
(BELOW_NORMAL) LoggerHook                         
 -------------------- 
2026/03/19 13:42:52 - mmengine - INFO - Load checkpoint from ../runs/mmdet/dino_4scale_r50_ruod_120e_pretrained/best_coco_bbox_mAP_epoch_14.pth
2026/03/19 13:43:00 - mmengine - INFO - Epoch(test) [  50/4200]    eta: 0:11:46  time: 0.1702  data_time: 0.0038  memory: 359  
2026/03/19 13:43:07 - mmengine - INFO - Epoch(test) [ 100/4200]    eta: 0:10:27  time: 0.1361  data_time: 0.0030  memory: 359  
2026/03/19 13:43:14 - mmengine - INFO - Epoch(test) [ 150/4200]    eta: 0:09:48  time: 0.1300  data_time: 0.0017  memory: 359  
2026/03/19 13:43:20 - mmengine - INFO - Epoch(test) [ 200/4200]    eta: 0:09:28  time: 0.1319  data_time: 0.0018  memory: 359  
2026/03/19 13:43:27 - mmengine - INFO - Epoch(test) [ 250/4200]    eta: 0:09:19  time: 0.1397  data_time: 0.0018  memory: 359  
2026/03/19 13:43:34 - mmengine - INFO - Epoch(test) [ 300/4200]    eta: 0:09:12  time: 0.1421  data_time: 0.0015  memory: 376  
2026/03/19 13:43:41 - mmengine - INFO - Epoch(test) [ 350/4200]    eta: 0:09:01  time: 0.1340  data_time: 0.0015  memory: 359  
2026/03/19 13:43:47 - mmengine - INFO - Epoch(test) [ 400/4200]    eta: 0:08:47  time: 0.1260  data_time: 0.0016  memory: 359  
2026/03/19 13:43:54 - mmengine - INFO - Epoch(test) [ 450/4200]    eta: 0:08:37  time: 0.1321  data_time: 0.0015  memory: 359  
2026/03/19 13:44:01 - mmengine - INFO - Epoch(test) [ 500/4200]    eta: 0:08:29  time: 0.1336  data_time: 0.0015  memory: 359  
2026/03/19 13:44:07 - mmengine - INFO - Epoch(test) [ 550/4200]    eta: 0:08:19  time: 0.1282  data_time: 0.0015  memory: 359  
2026/03/19 13:44:14 - mmengine - INFO - Epoch(test) [ 600/4200]    eta: 0:08:10  time: 0.1299  data_time: 0.0016  memory: 359  
2026/03/19 13:44:20 - mmengine - INFO - Epoch(test) [ 650/4200]    eta: 0:08:01  time: 0.1301  data_time: 0.0015  memory: 359  
2026/03/19 13:44:27 - mmengine - INFO - Epoch(test) [ 700/4200]    eta: 0:07:54  time: 0.1361  data_time: 0.0029  memory: 359  
2026/03/19 13:44:34 - mmengine - INFO - Epoch(test) [ 750/4200]    eta: 0:07:49  time: 0.1417  data_time: 0.0016  memory: 359  
2026/03/19 13:44:41 - mmengine - INFO - Epoch(test) [ 800/4200]    eta: 0:07:41  time: 0.1302  data_time: 0.0016  memory: 359  
2026/03/19 13:44:48 - mmengine - INFO - Epoch(test) [ 850/4200]    eta: 0:07:36  time: 0.1459  data_time: 0.0016  memory: 359  
2026/03/19 13:44:55 - mmengine - INFO - Epoch(test) [ 900/4200]    eta: 0:07:29  time: 0.1338  data_time: 0.0016  memory: 359  
2026/03/19 13:45:01 - mmengine - INFO - Epoch(test) [ 950/4200]    eta: 0:07:21  time: 0.1319  data_time: 0.0016  memory: 359  
2026/03/19 13:45:08 - mmengine - INFO - Epoch(test) [1000/4200]    eta: 0:07:14  time: 0.1323  data_time: 0.0016  memory: 359  
2026/03/19 13:45:15 - mmengine - INFO - Epoch(test) [1050/4200]    eta: 0:07:08  time: 0.1420  data_time: 0.0017  memory: 359  
2026/03/19 13:45:22 - mmengine - INFO - Epoch(test) [1100/4200]    eta: 0:07:02  time: 0.1439  data_time: 0.0017  memory: 359  
2026/03/19 13:45:29 - mmengine - INFO - Epoch(test) [1150/4200]    eta: 0:06:56  time: 0.1363  data_time: 0.0015  memory: 388  
2026/03/19 13:45:36 - mmengine - INFO - Epoch(test) [1200/4200]    eta: 0:06:50  time: 0.1462  data_time: 0.0082  memory: 388  
2026/03/19 13:45:43 - mmengine - INFO - Epoch(test) [1250/4200]    eta: 0:06:43  time: 0.1354  data_time: 0.0015  memory: 388  
2026/03/19 13:45:50 - mmengine - INFO - Epoch(test) [1300/4200]    eta: 0:06:36  time: 0.1377  data_time: 0.0016  memory: 385  
2026/03/19 13:45:57 - mmengine - INFO - Epoch(test) [1350/4200]    eta: 0:06:30  time: 0.1401  data_time: 0.0016  memory: 388  
2026/03/19 13:46:04 - mmengine - INFO - Epoch(test) [1400/4200]    eta: 0:06:24  time: 0.1438  data_time: 0.0016  memory: 388  
2026/03/19 13:46:11 - mmengine - INFO - Epoch(test) [1450/4200]    eta: 0:06:16  time: 0.1301  data_time: 0.0017  memory: 388  
2026/03/19 13:46:17 - mmengine - INFO - Epoch(test) [1500/4200]    eta: 0:06:08  time: 0.1281  data_time: 0.0027  memory: 388  
2026/03/19 13:46:23 - mmengine - INFO - Epoch(test) [1550/4200]    eta: 0:06:01  time: 0.1301  data_time: 0.0015  memory: 388  
2026/03/19 13:46:31 - mmengine - INFO - Epoch(test) [1600/4200]    eta: 0:05:55  time: 0.1419  data_time: 0.0016  memory: 388  
2026/03/19 13:46:37 - mmengine - INFO - Epoch(test) [1650/4200]    eta: 0:05:48  time: 0.1358  data_time: 0.0016  memory: 371  
2026/03/19 13:46:44 - mmengine - INFO - Epoch(test) [1700/4200]    eta: 0:05:40  time: 0.1302  data_time: 0.0026  memory: 379  
2026/03/19 13:46:51 - mmengine - INFO - Epoch(test) [1750/4200]    eta: 0:05:33  time: 0.1336  data_time: 0.0016  memory: 388  
2026/03/19 13:46:57 - mmengine - INFO - Epoch(test) [1800/4200]    eta: 0:05:27  time: 0.1363  data_time: 0.0026  memory: 372  
2026/03/19 13:47:04 - mmengine - INFO - Epoch(test) [1850/4200]    eta: 0:05:20  time: 0.1400  data_time: 0.0016  memory: 371  
2026/03/19 13:47:11 - mmengine - INFO - Epoch(test) [1900/4200]    eta: 0:05:13  time: 0.1366  data_time: 0.0016  memory: 388  
2026/03/19 13:47:18 - mmengine - INFO - Epoch(test) [1950/4200]    eta: 0:05:06  time: 0.1294  data_time: 0.0015  memory: 388  
2026/03/19 13:47:24 - mmengine - INFO - Epoch(test) [2000/4200]    eta: 0:04:59  time: 0.1340  data_time: 0.0016  memory: 385  
2026/03/19 13:47:31 - mmengine - INFO - Epoch(test) [2050/4200]    eta: 0:04:52  time: 0.1320  data_time: 0.0021  memory: 388  
2026/03/19 13:47:38 - mmengine - INFO - Epoch(test) [2100/4200]    eta: 0:04:46  time: 0.1420  data_time: 0.0016  memory: 382  
2026/03/19 13:47:45 - mmengine - INFO - Epoch(test) [2150/4200]    eta: 0:04:39  time: 0.1420  data_time: 0.0021  memory: 385  
2026/03/19 13:47:52 - mmengine - INFO - Epoch(test) [2200/4200]    eta: 0:04:32  time: 0.1398  data_time: 0.0019  memory: 387  
2026/03/19 13:47:59 - mmengine - INFO - Epoch(test) [2250/4200]    eta: 0:04:26  time: 0.1398  data_time: 0.0016  memory: 371  
2026/03/19 13:48:06 - mmengine - INFO - Epoch(test) [2300/4200]    eta: 0:04:19  time: 0.1362  data_time: 0.0015  memory: 359  
2026/03/19 13:48:13 - mmengine - INFO - Epoch(test) [2350/4200]    eta: 0:04:12  time: 0.1338  data_time: 0.0017  memory: 388  
2026/03/19 13:48:20 - mmengine - INFO - Epoch(test) [2400/4200]    eta: 0:04:05  time: 0.1401  data_time: 0.0016  memory: 388  
2026/03/19 13:48:27 - mmengine - INFO - Epoch(test) [2450/4200]    eta: 0:03:59  time: 0.1418  data_time: 0.0016  memory: 371  
2026/03/19 13:48:34 - mmengine - INFO - Epoch(test) [2500/4200]    eta: 0:03:52  time: 0.1422  data_time: 0.0015  memory: 366  
2026/03/19 13:48:41 - mmengine - INFO - Epoch(test) [2550/4200]    eta: 0:03:45  time: 0.1419  data_time: 0.0016  memory: 376  
2026/03/19 13:48:48 - mmengine - INFO - Epoch(test) [2600/4200]    eta: 0:03:39  time: 0.1396  data_time: 0.0015  memory: 373  
2026/03/19 13:48:55 - mmengine - INFO - Epoch(test) [2650/4200]    eta: 0:03:32  time: 0.1382  data_time: 0.0017  memory: 381  
2026/03/19 13:49:02 - mmengine - INFO - Epoch(test) [2700/4200]    eta: 0:03:25  time: 0.1379  data_time: 0.0015  memory: 388  
2026/03/19 13:49:09 - mmengine - INFO - Epoch(test) [2750/4200]    eta: 0:03:18  time: 0.1362  data_time: 0.0015  memory: 366  
2026/03/19 13:49:16 - mmengine - INFO - Epoch(test) [2800/4200]    eta: 0:03:11  time: 0.1401  data_time: 0.0015  memory: 388  
2026/03/19 13:49:23 - mmengine - INFO - Epoch(test) [2850/4200]    eta: 0:03:05  time: 0.1436  data_time: 0.0016  memory: 377  
2026/03/19 13:49:30 - mmengine - INFO - Epoch(test) [2900/4200]    eta: 0:02:58  time: 0.1461  data_time: 0.0015  memory: 384  
2026/03/19 13:49:37 - mmengine - INFO - Epoch(test) [2950/4200]    eta: 0:02:51  time: 0.1400  data_time: 0.0015  memory: 388  
2026/03/19 13:49:44 - mmengine - INFO - Epoch(test) [3000/4200]    eta: 0:02:44  time: 0.1361  data_time: 0.0015  memory: 373  
2026/03/19 13:49:51 - mmengine - INFO - Epoch(test) [3050/4200]    eta: 0:02:37  time: 0.1381  data_time: 0.0015  memory: 384  
2026/03/19 13:49:58 - mmengine - INFO - Epoch(test) [3100/4200]    eta: 0:02:31  time: 0.1379  data_time: 0.0014  memory: 387  
2026/03/19 13:50:05 - mmengine - INFO - Epoch(test) [3150/4200]    eta: 0:02:24  time: 0.1377  data_time: 0.0015  memory: 368  
2026/03/19 13:50:12 - mmengine - INFO - Epoch(test) [3200/4200]    eta: 0:02:17  time: 0.1445  data_time: 0.0017  memory: 359  
2026/03/19 13:50:19 - mmengine - INFO - Epoch(test) [3250/4200]    eta: 0:02:10  time: 0.1460  data_time: 0.0017  memory: 359  
2026/03/19 13:50:26 - mmengine - INFO - Epoch(test) [3300/4200]    eta: 0:02:03  time: 0.1435  data_time: 0.0016  memory: 359  
2026/03/19 13:50:33 - mmengine - INFO - Epoch(test) [3350/4200]    eta: 0:01:57  time: 0.1401  data_time: 0.0014  memory: 380  
2026/03/19 13:50:40 - mmengine - INFO - Epoch(test) [3400/4200]    eta: 0:01:50  time: 0.1380  data_time: 0.0016  memory: 385  
2026/03/19 13:50:47 - mmengine - INFO - Epoch(test) [3450/4200]    eta: 0:01:43  time: 0.1399  data_time: 0.0016  memory: 388  
2026/03/19 13:50:54 - mmengine - INFO - Epoch(test) [3500/4200]    eta: 0:01:36  time: 0.1361  data_time: 0.0016  memory: 385  
2026/03/19 13:51:01 - mmengine - INFO - Epoch(test) [3550/4200]    eta: 0:01:29  time: 0.1440  data_time: 0.0015  memory: 388  
2026/03/19 13:51:08 - mmengine - INFO - Epoch(test) [3600/4200]    eta: 0:01:22  time: 0.1416  data_time: 0.0015  memory: 374  
2026/03/19 13:51:15 - mmengine - INFO - Epoch(test) [3650/4200]    eta: 0:01:15  time: 0.1379  data_time: 0.0020  memory: 387  
2026/03/19 13:51:22 - mmengine - INFO - Epoch(test) [3700/4200]    eta: 0:01:08  time: 0.1386  data_time: 0.0015  memory: 375  
2026/03/19 13:51:29 - mmengine - INFO - Epoch(test) [3750/4200]    eta: 0:01:02  time: 0.1398  data_time: 0.0014  memory: 381  
2026/03/19 13:51:36 - mmengine - INFO - Epoch(test) [3800/4200]    eta: 0:00:55  time: 0.1399  data_time: 0.0015  memory: 381  
2026/03/19 13:51:43 - mmengine - INFO - Epoch(test) [3850/4200]    eta: 0:00:48  time: 0.1364  data_time: 0.0017  memory: 381  
2026/03/19 13:51:50 - mmengine - INFO - Epoch(test) [3900/4200]    eta: 0:00:41  time: 0.1398  data_time: 0.0016  memory: 375  
2026/03/19 13:51:57 - mmengine - INFO - Epoch(test) [3950/4200]    eta: 0:00:34  time: 0.1418  data_time: 0.0016  memory: 385  
2026/03/19 13:52:04 - mmengine - INFO - Epoch(test) [4000/4200]    eta: 0:00:27  time: 0.1383  data_time: 0.0015  memory: 387  
2026/03/19 13:52:11 - mmengine - INFO - Epoch(test) [4050/4200]    eta: 0:00:20  time: 0.1376  data_time: 0.0015  memory: 387  
2026/03/19 13:52:18 - mmengine - INFO - Epoch(test) [4100/4200]    eta: 0:00:13  time: 0.1362  data_time: 0.0014  memory: 359  
2026/03/19 13:52:24 - mmengine - INFO - Epoch(test) [4150/4200]    eta: 0:00:06  time: 0.1359  data_time: 0.0014  memory: 359  
2026/03/19 13:52:31 - mmengine - INFO - Epoch(test) [4200/4200]    eta: 0:00:00  time: 0.1361  data_time: 0.0016  memory: 359  
2026/03/19 13:52:45 - mmengine - INFO - Evaluating bbox...
2026/03/19 13:53:45 - mmengine - INFO - bbox_mAP_copypaste: 0.579 0.835 0.618 0.169 0.418 0.636
2026/03/19 13:53:46 - mmengine - INFO - Epoch(test) [4200/4200]    coco/bbox_mAP: 0.5790  coco/bbox_mAP_50: 0.8350  coco/bbox_mAP_75: 0.6180  coco/bbox_mAP_s: 0.1690  coco/bbox_mAP_m: 0.4180  coco/bbox_mAP_l: 0.6360  data_time: 0.0018  time: 0.1379
