2026/03/24 15:28:12 - mmengine - INFO - 
------------------------------------------------------------
System environment:
    sys.platform: linux
    Python: 3.11.10 (main, Sep  7 2024, 18:35:41) [GCC 11.4.0]
    CUDA available: True
    MUSA available: False
    numpy_random_seed: 0
    GPU 0: NVIDIA A100-SXM4-80GB
    CUDA_HOME: /usr/local/cuda
    NVCC: Cuda compilation tools, release 12.4, V12.4.131
    GCC: x86_64-linux-gnu-gcc (Ubuntu 11.4.0-1ubuntu1~22.04) 11.4.0
    PyTorch: 2.1.0+cu121
    PyTorch compiling details: PyTorch built with:
  - GCC 9.3
  - C++ Version: 201703
  - Intel(R) oneAPI Math Kernel Library Version 2022.2-Product Build 20220804 for Intel(R) 64 architecture applications
  - Intel(R) MKL-DNN v3.1.1 (Git Hash 64f6bcbcbab628e96f33a62c3e975f8535a7bde4)
  - OpenMP 201511 (a.k.a. OpenMP 4.5)
  - LAPACK is enabled (usually provided by MKL)
  - NNPACK is enabled
  - CPU capability usage: AVX2
  - CUDA Runtime 12.1
  - NVCC architecture flags: -gencode;arch=compute_50,code=sm_50;-gencode;arch=compute_60,code=sm_60;-gencode;arch=compute_70,code=sm_70;-gencode;arch=compute_75,code=sm_75;-gencode;arch=compute_80,code=sm_80;-gencode;arch=compute_86,code=sm_86;-gencode;arch=compute_90,code=sm_90
  - CuDNN 8.9.2
  - Magma 2.6.1
  - Build settings: BLAS_INFO=mkl, BUILD_TYPE=Release, CUDA_VERSION=12.1, CUDNN_VERSION=8.9.2, CXX_COMPILER=/opt/rh/devtoolset-9/root/usr/bin/c++, CXX_FLAGS= -D_GLIBCXX_USE_CXX11_ABI=0 -fabi-version=11 -fvisibility-inlines-hidden -DUSE_PTHREADPOOL -DNDEBUG -DUSE_KINETO -DLIBKINETO_NOROCTRACER -DUSE_FBGEMM -DUSE_QNNPACK -DUSE_PYTORCH_QNNPACK -DUSE_XNNPACK -DSYMBOLICATE_MOBILE_DEBUG_HANDLE -O2 -fPIC -Wall -Wextra -Werror=return-type -Werror=non-virtual-dtor -Werror=bool-operation -Wnarrowing -Wno-missing-field-initializers -Wno-type-limits -Wno-array-bounds -Wno-unknown-pragmas -Wno-unused-parameter -Wno-unused-function -Wno-unused-result -Wno-strict-overflow -Wno-strict-aliasing -Wno-stringop-overflow -Wno-psabi -Wno-error=pedantic -Wno-error=old-style-cast -Wno-invalid-partial-specialization -Wno-unused-private-field -Wno-aligned-allocation-unavailable -Wno-missing-braces -fdiagnostics-color=always -faligned-new -Wno-unused-but-set-variable -Wno-maybe-uninitialized -fno-math-errno -fno-trapping-math -Werror=format -Werror=cast-function-type -Wno-stringop-overflow, LAPACK_INFO=mkl, PERF_WITH_AVX=1, PERF_WITH_AVX2=1, PERF_WITH_AVX512=1, TORCH_DISABLE_GPU_ASSERTS=ON, TORCH_VERSION=2.1.0, USE_CUDA=ON, USE_CUDNN=ON, USE_EXCEPTION_PTR=1, USE_GFLAGS=OFF, USE_GLOG=OFF, USE_MKL=ON, USE_MKLDNN=ON, USE_MPI=OFF, USE_NCCL=1, USE_NNPACK=ON, USE_OPENMP=ON, USE_ROCM=OFF, 

    TorchVision: 0.16.0+cu121
    OpenCV: 4.11.0
    MMEngine: 0.10.7

Runtime environment:
    cudnn_benchmark: False
    mp_cfg: {'mp_start_method': 'fork', 'opencv_num_threads': 0}
    dist_cfg: {'backend': 'nccl'}
    seed: 0
    deterministic: False
    Distributed launcher: none
    Distributed training: False
    GPU number: 1
------------------------------------------------------------

2026/03/24 15:28:12 - mmengine - INFO - Config:
auto_scale_lr = dict(base_batch_size=16, enable=False)
backend_args = None
classes = ('fish', )
data_root = '../data-processing/vision/solaqua_fish/processed/split_yolo/'
dataset_type = 'CocoDataset'
default_hooks = dict(
    checkpoint=dict(
        interval=-1,
        max_keep_ckpts=1,
        rule='greater',
        save_best='coco/bbox_mAP',
        save_last=True,
        type='CheckpointHook'),
    logger=dict(interval=50, type='LoggerHook'),
    param_scheduler=dict(type='ParamSchedulerHook'),
    sampler_seed=dict(type='DistSamplerSeedHook'),
    timer=dict(type='IterTimerHook'),
    visualization=dict(type='DetVisualizationHook'))
default_scope = 'mmdet'
env_cfg = dict(
    cudnn_benchmark=False,
    dist_cfg=dict(backend='nccl'),
    mp_cfg=dict(mp_start_method='fork', opencv_num_threads=0))
launcher = 'none'
load_from = 'https://download.openmmlab.com/mmdetection/v2.0/dynamic_rcnn/dynamic_rcnn_r50_fpn_1x/dynamic_rcnn_r50_fpn_1x-62a3f276.pth'
log_level = 'INFO'
log_processor = dict(by_epoch=True, type='LogProcessor', window_size=50)
metainfo = dict(classes=('fish', ))
model = dict(
    backbone=dict(
        depth=50,
        frozen_stages=1,
        init_cfg=dict(checkpoint='torchvision://resnet50', type='Pretrained'),
        norm_cfg=dict(requires_grad=True, type='BN'),
        norm_eval=True,
        num_stages=4,
        out_indices=(
            0,
            1,
            2,
            3,
        ),
        style='pytorch',
        type='ResNet'),
    data_preprocessor=dict(
        bgr_to_rgb=True,
        mean=[
            123.675,
            116.28,
            103.53,
        ],
        pad_size_divisor=32,
        std=[
            58.395,
            57.12,
            57.375,
        ],
        type='DetDataPreprocessor'),
    neck=dict(
        in_channels=[
            256,
            512,
            1024,
            2048,
        ],
        num_outs=5,
        out_channels=256,
        type='FPN'),
    roi_head=dict(
        bbox_head=dict(
            bbox_coder=dict(
                target_means=[
                    0.0,
                    0.0,
                    0.0,
                    0.0,
                ],
                target_stds=[
                    0.1,
                    0.1,
                    0.2,
                    0.2,
                ],
                type='DeltaXYWHBBoxCoder'),
            fc_out_channels=1024,
            in_channels=256,
            loss_bbox=dict(beta=1.0, loss_weight=1.0, type='SmoothL1Loss'),
            loss_cls=dict(
                loss_weight=1.0, type='CrossEntropyLoss', use_sigmoid=False),
            num_classes=1,
            reg_class_agnostic=False,
            roi_feat_size=7,
            type='Shared2FCBBoxHead'),
        bbox_roi_extractor=dict(
            featmap_strides=[
                4,
                8,
                16,
                32,
            ],
            out_channels=256,
            roi_layer=dict(output_size=7, sampling_ratio=0, type='RoIAlign'),
            type='SingleRoIExtractor'),
        type='DynamicRoIHead'),
    rpn_head=dict(
        anchor_generator=dict(
            ratios=[
                0.5,
                1.0,
                2.0,
            ],
            scales=[
                8,
            ],
            strides=[
                4,
                8,
                16,
                32,
                64,
            ],
            type='AnchorGenerator'),
        bbox_coder=dict(
            target_means=[
                0.0,
                0.0,
                0.0,
                0.0,
            ],
            target_stds=[
                1.0,
                1.0,
                1.0,
                1.0,
            ],
            type='DeltaXYWHBBoxCoder'),
        feat_channels=256,
        in_channels=256,
        loss_bbox=dict(loss_weight=1.0, type='L1Loss'),
        loss_cls=dict(
            loss_weight=1.0, type='CrossEntropyLoss', use_sigmoid=True),
        type='RPNHead'),
    test_cfg=dict(
        rcnn=dict(
            max_per_img=100,
            nms=dict(iou_threshold=0.5, type='nms'),
            score_thr=0.05),
        rpn=dict(
            max_per_img=1000,
            min_bbox_size=0,
            nms=dict(iou_threshold=0.85, type='nms'),
            nms_pre=1000)),
    train_cfg=dict(
        rcnn=dict(
            assigner=dict(
                ignore_iof_thr=-1,
                match_low_quality=False,
                min_pos_iou=0.5,
                neg_iou_thr=0.5,
                pos_iou_thr=0.5,
                type='MaxIoUAssigner'),
            debug=False,
            dynamic_rcnn=dict(
                beta_topk=10,
                initial_beta=1.0,
                initial_iou=0.4,
                iou_topk=75,
                update_iter_interval=100),
            pos_weight=-1,
            sampler=dict(
                add_gt_as_proposals=True,
                neg_pos_ub=-1,
                num=512,
                pos_fraction=0.25,
                type='RandomSampler')),
        rpn=dict(
            allowed_border=-1,
            assigner=dict(
                ignore_iof_thr=-1,
                match_low_quality=True,
                min_pos_iou=0.3,
                neg_iou_thr=0.3,
                pos_iou_thr=0.7,
                type='MaxIoUAssigner'),
            debug=False,
            pos_weight=-1,
            sampler=dict(
                add_gt_as_proposals=False,
                neg_pos_ub=-1,
                num=256,
                pos_fraction=0.5,
                type='RandomSampler')),
        rpn_proposal=dict(
            max_per_img=1000,
            min_bbox_size=0,
            nms=dict(iou_threshold=0.85, type='nms'),
            nms_pre=2000)),
    type='FasterRCNN')
num_classes = 1
optim_wrapper = dict(
    optimizer=dict(lr=0.02, momentum=0.9, type='SGD', weight_decay=0.0001),
    type='OptimWrapper')
param_scheduler = [
    dict(
        begin=0, by_epoch=False, end=500, start_factor=0.001, type='LinearLR'),
    dict(
        begin=0,
        by_epoch=True,
        end=80,
        gamma=0.1,
        milestones=[
            53,
            73,
        ],
        type='MultiStepLR'),
]
randomness = dict(deterministic=False, seed=0)
resume = False
test_cfg = dict(type='TestLoop')
test_dataloader = dict(
    batch_size=1,
    dataset=dict(
        ann_file='annotations/test.json',
        backend_args=None,
        data_prefix=dict(img='images/test/'),
        data_root=
        '../data-processing/vision/solaqua_fish/processed/split_yolo/',
        metainfo=dict(classes=('fish', )),
        pipeline=[
            dict(backend_args=None, type='LoadImageFromFile'),
            dict(keep_ratio=True, scale=(
                640,
                640,
            ), type='Resize'),
            dict(type='LoadAnnotations', with_bbox=True),
            dict(
                meta_keys=(
                    'img_id',
                    'img_path',
                    'ori_shape',
                    'img_shape',
                    'scale_factor',
                ),
                type='PackDetInputs'),
        ],
        test_mode=True,
        type='CocoDataset'),
    drop_last=False,
    num_workers=2,
    persistent_workers=True,
    sampler=dict(shuffle=False, type='DefaultSampler'))
test_evaluator = dict(
    ann_file=
    '../data-processing/vision/solaqua_fish/processed/split_yolo/annotations/test.json',
    backend_args=None,
    format_only=False,
    metric='bbox',
    type='CocoMetric')
test_pipeline = [
    dict(backend_args=None, type='LoadImageFromFile'),
    dict(keep_ratio=True, scale=(
        640,
        640,
    ), type='Resize'),
    dict(type='LoadAnnotations', with_bbox=True),
    dict(
        meta_keys=(
            'img_id',
            'img_path',
            'ori_shape',
            'img_shape',
            'scale_factor',
        ),
        type='PackDetInputs'),
]
train_cfg = dict(max_epochs=80, type='EpochBasedTrainLoop', val_interval=2)
train_dataloader = dict(
    batch_sampler=dict(type='AspectRatioBatchSampler'),
    batch_size=32,
    dataset=dict(
        ann_file='annotations/train.json',
        backend_args=None,
        data_prefix=dict(img='images/train/'),
        data_root=
        '../data-processing/vision/solaqua_fish/processed/split_yolo/',
        filter_cfg=dict(filter_empty_gt=False),
        metainfo=dict(classes=('fish', )),
        pipeline=[
            dict(backend_args=None, type='LoadImageFromFile'),
            dict(type='LoadAnnotations', with_bbox=True),
            dict(keep_ratio=True, scale=(
                640,
                640,
            ), type='Resize'),
            dict(prob=0.5, type='RandomFlip'),
            dict(type='PackDetInputs'),
        ],
        type='CocoDataset'),
    num_workers=8,
    persistent_workers=True,
    pin_memory=True,
    prefetch_factor=4,
    sampler=dict(shuffle=True, type='DefaultSampler'))
train_pipeline = [
    dict(backend_args=None, type='LoadImageFromFile'),
    dict(type='LoadAnnotations', with_bbox=True),
    dict(keep_ratio=True, scale=(
        640,
        640,
    ), type='Resize'),
    dict(prob=0.5, type='RandomFlip'),
    dict(type='PackDetInputs'),
]
val_cfg = dict(type='ValLoop')
val_dataloader = dict(
    batch_size=4,
    dataset=dict(
        ann_file='annotations/val.json',
        backend_args=None,
        data_prefix=dict(img='images/val/'),
        data_root=
        '../data-processing/vision/solaqua_fish/processed/split_yolo/',
        metainfo=dict(classes=('fish', )),
        pipeline=[
            dict(backend_args=None, type='LoadImageFromFile'),
            dict(keep_ratio=True, scale=(
                640,
                640,
            ), type='Resize'),
            dict(type='LoadAnnotations', with_bbox=True),
            dict(
                meta_keys=(
                    'img_id',
                    'img_path',
                    'ori_shape',
                    'img_shape',
                    'scale_factor',
                ),
                type='PackDetInputs'),
        ],
        test_mode=True,
        type='CocoDataset'),
    drop_last=False,
    num_workers=4,
    persistent_workers=True,
    sampler=dict(shuffle=False, type='DefaultSampler'))
val_evaluator = dict(
    ann_file=
    '../data-processing/vision/solaqua_fish/processed/split_yolo/annotations/val.json',
    backend_args=None,
    format_only=False,
    metric='bbox',
    type='CocoMetric')
vis_backends = [
    dict(type='LocalVisBackend'),
]
visualizer = dict(
    name='visualizer',
    type='DetLocalVisualizer',
    vis_backends=[
        dict(type='LocalVisBackend'),
    ])
work_dir = '../runs/mmdet/solaqua_fish/dynamic_rcnn_r50_fpn_solaqua_fish_80e_pretrained'

2026/03/24 15:28:16 - mmengine - INFO - Distributed training is not used, all SyncBatchNorm (SyncBN) layers in the model will be automatically reverted to BatchNormXd layers if they are used.
2026/03/24 15:28:16 - mmengine - INFO - Hooks will be executed in the following order:
before_run:
(VERY_HIGH   ) RuntimeInfoHook                    
(BELOW_NORMAL) LoggerHook                         
 -------------------- 
before_train:
(VERY_HIGH   ) RuntimeInfoHook                    
(NORMAL      ) IterTimerHook                      
(VERY_LOW    ) CheckpointHook                     
 -------------------- 
before_train_epoch:
(VERY_HIGH   ) RuntimeInfoHook                    
(NORMAL      ) IterTimerHook                      
(NORMAL      ) DistSamplerSeedHook                
 -------------------- 
before_train_iter:
(VERY_HIGH   ) RuntimeInfoHook                    
(NORMAL      ) IterTimerHook                      
 -------------------- 
after_train_iter:
(VERY_HIGH   ) RuntimeInfoHook                    
(NORMAL      ) IterTimerHook                      
(BELOW_NORMAL) LoggerHook                         
(LOW         ) ParamSchedulerHook                 
(VERY_LOW    ) CheckpointHook                     
 -------------------- 
after_train_epoch:
(NORMAL      ) IterTimerHook                      
(LOW         ) ParamSchedulerHook                 
(VERY_LOW    ) CheckpointHook                     
 -------------------- 
before_val:
(VERY_HIGH   ) RuntimeInfoHook                    
 -------------------- 
before_val_epoch:
(NORMAL      ) IterTimerHook                      
 -------------------- 
before_val_iter:
(NORMAL      ) IterTimerHook                      
 -------------------- 
after_val_iter:
(NORMAL      ) IterTimerHook                      
(NORMAL      ) DetVisualizationHook               
(BELOW_NORMAL) LoggerHook                         
 -------------------- 
after_val_epoch:
(VERY_HIGH   ) RuntimeInfoHook                    
(NORMAL      ) IterTimerHook                      
(BELOW_NORMAL) LoggerHook                         
(LOW         ) ParamSchedulerHook                 
(VERY_LOW    ) CheckpointHook                     
 -------------------- 
after_val:
(VERY_HIGH   ) RuntimeInfoHook                    
 -------------------- 
after_train:
(VERY_HIGH   ) RuntimeInfoHook                    
(VERY_LOW    ) CheckpointHook                     
 -------------------- 
before_test:
(VERY_HIGH   ) RuntimeInfoHook                    
 -------------------- 
before_test_epoch:
(NORMAL      ) IterTimerHook                      
 -------------------- 
before_test_iter:
(NORMAL      ) IterTimerHook                      
 -------------------- 
after_test_iter:
(NORMAL      ) IterTimerHook                      
(NORMAL      ) DetVisualizationHook               
(BELOW_NORMAL) LoggerHook                         
 -------------------- 
after_test_epoch:
(VERY_HIGH   ) RuntimeInfoHook                    
(NORMAL      ) IterTimerHook                      
(BELOW_NORMAL) LoggerHook                         
 -------------------- 
after_test:
(VERY_HIGH   ) RuntimeInfoHook                    
 -------------------- 
after_run:
(BELOW_NORMAL) LoggerHook                         
 -------------------- 
2026/03/24 15:28:17 - mmengine - INFO - load model from: torchvision://resnet50
2026/03/24 15:28:17 - mmengine - INFO - Loads checkpoint by torchvision backend from path: torchvision://resnet50
2026/03/24 15:28:17 - mmengine - WARNING - The model and loaded state dict do not match exactly

unexpected key in source state_dict: fc.weight, fc.bias

Name of parameter - Initialization information

backbone.conv1.weight - torch.Size([64, 3, 7, 7]): 
PretrainedInit: load from torchvision://resnet50 

backbone.bn1.weight - torch.Size([64]): 
PretrainedInit: load from torchvision://resnet50 

backbone.bn1.bias - torch.Size([64]): 
PretrainedInit: load from torchvision://resnet50 

backbone.layer1.0.conv1.weight - torch.Size([64, 64, 1, 1]): 
PretrainedInit: load from torchvision://resnet50 

backbone.layer1.0.bn1.weight - torch.Size([64]): 
PretrainedInit: load from torchvision://resnet50 

backbone.layer1.0.bn1.bias - torch.Size([64]): 
PretrainedInit: load from torchvision://resnet50 

backbone.layer1.0.conv2.weight - torch.Size([64, 64, 3, 3]): 
PretrainedInit: load from torchvision://resnet50 

backbone.layer1.0.bn2.weight - torch.Size([64]): 
PretrainedInit: load from torchvision://resnet50 

backbone.layer1.0.bn2.bias - torch.Size([64]): 
PretrainedInit: load from torchvision://resnet50 

backbone.layer1.0.conv3.weight - torch.Size([256, 64, 1, 1]): 
PretrainedInit: load from torchvision://resnet50 

backbone.layer1.0.bn3.weight - torch.Size([256]): 
PretrainedInit: load from torchvision://resnet50 

backbone.layer1.0.bn3.bias - torch.Size([256]): 
PretrainedInit: load from torchvision://resnet50 

backbone.layer1.0.downsample.0.weight - torch.Size([256, 64, 1, 1]): 
PretrainedInit: load from torchvision://resnet50 

backbone.layer1.0.downsample.1.weight - torch.Size([256]): 
PretrainedInit: load from torchvision://resnet50 

backbone.layer1.0.downsample.1.bias - torch.Size([256]): 
PretrainedInit: load from torchvision://resnet50 

backbone.layer1.1.conv1.weight - torch.Size([64, 256, 1, 1]): 
PretrainedInit: load from torchvision://resnet50 

backbone.layer1.1.bn1.weight - torch.Size([64]): 
PretrainedInit: load from torchvision://resnet50 

backbone.layer1.1.bn1.bias - torch.Size([64]): 
PretrainedInit: load from torchvision://resnet50 

backbone.layer1.1.conv2.weight - torch.Size([64, 64, 3, 3]): 
PretrainedInit: load from torchvision://resnet50 

backbone.layer1.1.bn2.weight - torch.Size([64]): 
PretrainedInit: load from torchvision://resnet50 

backbone.layer1.1.bn2.bias - torch.Size([64]): 
PretrainedInit: load from torchvision://resnet50 

backbone.layer1.1.conv3.weight - torch.Size([256, 64, 1, 1]): 
PretrainedInit: load from torchvision://resnet50 

backbone.layer1.1.bn3.weight - torch.Size([256]): 
PretrainedInit: load from torchvision://resnet50 

backbone.layer1.1.bn3.bias - torch.Size([256]): 
PretrainedInit: load from torchvision://resnet50 

backbone.layer1.2.conv1.weight - torch.Size([64, 256, 1, 1]): 
PretrainedInit: load from torchvision://resnet50 

backbone.layer1.2.bn1.weight - torch.Size([64]): 
PretrainedInit: load from torchvision://resnet50 

backbone.layer1.2.bn1.bias - torch.Size([64]): 
PretrainedInit: load from torchvision://resnet50 

backbone.layer1.2.conv2.weight - torch.Size([64, 64, 3, 3]): 
PretrainedInit: load from torchvision://resnet50 

backbone.layer1.2.bn2.weight - torch.Size([64]): 
PretrainedInit: load from torchvision://resnet50 

backbone.layer1.2.bn2.bias - torch.Size([64]): 
PretrainedInit: load from torchvision://resnet50 

backbone.layer1.2.conv3.weight - torch.Size([256, 64, 1, 1]): 
PretrainedInit: load from torchvision://resnet50 

backbone.layer1.2.bn3.weight - torch.Size([256]): 
PretrainedInit: load from torchvision://resnet50 

backbone.layer1.2.bn3.bias - torch.Size([256]): 
PretrainedInit: load from torchvision://resnet50 

backbone.layer2.0.conv1.weight - torch.Size([128, 256, 1, 1]): 
PretrainedInit: load from torchvision://resnet50 

backbone.layer2.0.bn1.weight - torch.Size([128]): 
PretrainedInit: load from torchvision://resnet50 

backbone.layer2.0.bn1.bias - torch.Size([128]): 
PretrainedInit: load from torchvision://resnet50 

backbone.layer2.0.conv2.weight - torch.Size([128, 128, 3, 3]): 
PretrainedInit: load from torchvision://resnet50 

backbone.layer2.0.bn2.weight - torch.Size([128]): 
PretrainedInit: load from torchvision://resnet50 

backbone.layer2.0.bn2.bias - torch.Size([128]): 
PretrainedInit: load from torchvision://resnet50 

backbone.layer2.0.conv3.weight - torch.Size([512, 128, 1, 1]): 
PretrainedInit: load from torchvision://resnet50 

backbone.layer2.0.bn3.weight - torch.Size([512]): 
PretrainedInit: load from torchvision://resnet50 

backbone.layer2.0.bn3.bias - torch.Size([512]): 
PretrainedInit: load from torchvision://resnet50 

backbone.layer2.0.downsample.0.weight - torch.Size([512, 256, 1, 1]): 
PretrainedInit: load from torchvision://resnet50 

backbone.layer2.0.downsample.1.weight - torch.Size([512]): 
PretrainedInit: load from torchvision://resnet50 

backbone.layer2.0.downsample.1.bias - torch.Size([512]): 
PretrainedInit: load from torchvision://resnet50 

backbone.layer2.1.conv1.weight - torch.Size([128, 512, 1, 1]): 
PretrainedInit: load from torchvision://resnet50 

backbone.layer2.1.bn1.weight - torch.Size([128]): 
PretrainedInit: load from torchvision://resnet50 

backbone.layer2.1.bn1.bias - torch.Size([128]): 
PretrainedInit: load from torchvision://resnet50 

backbone.layer2.1.conv2.weight - torch.Size([128, 128, 3, 3]): 
PretrainedInit: load from torchvision://resnet50 

backbone.layer2.1.bn2.weight - torch.Size([128]): 
PretrainedInit: load from torchvision://resnet50 

backbone.layer2.1.bn2.bias - torch.Size([128]): 
PretrainedInit: load from torchvision://resnet50 

backbone.layer2.1.conv3.weight - torch.Size([512, 128, 1, 1]): 
PretrainedInit: load from torchvision://resnet50 

backbone.layer2.1.bn3.weight - torch.Size([512]): 
PretrainedInit: load from torchvision://resnet50 

backbone.layer2.1.bn3.bias - torch.Size([512]): 
PretrainedInit: load from torchvision://resnet50 

backbone.layer2.2.conv1.weight - torch.Size([128, 512, 1, 1]): 
PretrainedInit: load from torchvision://resnet50 

backbone.layer2.2.bn1.weight - torch.Size([128]): 
PretrainedInit: load from torchvision://resnet50 

backbone.layer2.2.bn1.bias - torch.Size([128]): 
PretrainedInit: load from torchvision://resnet50 

backbone.layer2.2.conv2.weight - torch.Size([128, 128, 3, 3]): 
PretrainedInit: load from torchvision://resnet50 

backbone.layer2.2.bn2.weight - torch.Size([128]): 
PretrainedInit: load from torchvision://resnet50 

backbone.layer2.2.bn2.bias - torch.Size([128]): 
PretrainedInit: load from torchvision://resnet50 

backbone.layer2.2.conv3.weight - torch.Size([512, 128, 1, 1]): 
PretrainedInit: load from torchvision://resnet50 

backbone.layer2.2.bn3.weight - torch.Size([512]): 
PretrainedInit: load from torchvision://resnet50 

backbone.layer2.2.bn3.bias - torch.Size([512]): 
PretrainedInit: load from torchvision://resnet50 

backbone.layer2.3.conv1.weight - torch.Size([128, 512, 1, 1]): 
PretrainedInit: load from torchvision://resnet50 

backbone.layer2.3.bn1.weight - torch.Size([128]): 
PretrainedInit: load from torchvision://resnet50 

backbone.layer2.3.bn1.bias - torch.Size([128]): 
PretrainedInit: load from torchvision://resnet50 

backbone.layer2.3.conv2.weight - torch.Size([128, 128, 3, 3]): 
PretrainedInit: load from torchvision://resnet50 

backbone.layer2.3.bn2.weight - torch.Size([128]): 
PretrainedInit: load from torchvision://resnet50 

backbone.layer2.3.bn2.bias - torch.Size([128]): 
PretrainedInit: load from torchvision://resnet50 

backbone.layer2.3.conv3.weight - torch.Size([512, 128, 1, 1]): 
PretrainedInit: load from torchvision://resnet50 

backbone.layer2.3.bn3.weight - torch.Size([512]): 
PretrainedInit: load from torchvision://resnet50 

backbone.layer2.3.bn3.bias - torch.Size([512]): 
PretrainedInit: load from torchvision://resnet50 

backbone.layer3.0.conv1.weight - torch.Size([256, 512, 1, 1]): 
PretrainedInit: load from torchvision://resnet50 

backbone.layer3.0.bn1.weight - torch.Size([256]): 
PretrainedInit: load from torchvision://resnet50 

backbone.layer3.0.bn1.bias - torch.Size([256]): 
PretrainedInit: load from torchvision://resnet50 

backbone.layer3.0.conv2.weight - torch.Size([256, 256, 3, 3]): 
PretrainedInit: load from torchvision://resnet50 

backbone.layer3.0.bn2.weight - torch.Size([256]): 
PretrainedInit: load from torchvision://resnet50 

backbone.layer3.0.bn2.bias - torch.Size([256]): 
PretrainedInit: load from torchvision://resnet50 

backbone.layer3.0.conv3.weight - torch.Size([1024, 256, 1, 1]): 
PretrainedInit: load from torchvision://resnet50 

backbone.layer3.0.bn3.weight - torch.Size([1024]): 
PretrainedInit: load from torchvision://resnet50 

backbone.layer3.0.bn3.bias - torch.Size([1024]): 
PretrainedInit: load from torchvision://resnet50 

backbone.layer3.0.downsample.0.weight - torch.Size([1024, 512, 1, 1]): 
PretrainedInit: load from torchvision://resnet50 

backbone.layer3.0.downsample.1.weight - torch.Size([1024]): 
PretrainedInit: load from torchvision://resnet50 

backbone.layer3.0.downsample.1.bias - torch.Size([1024]): 
PretrainedInit: load from torchvision://resnet50 

backbone.layer3.1.conv1.weight - torch.Size([256, 1024, 1, 1]): 
PretrainedInit: load from torchvision://resnet50 

backbone.layer3.1.bn1.weight - torch.Size([256]): 
PretrainedInit: load from torchvision://resnet50 

backbone.layer3.1.bn1.bias - torch.Size([256]): 
PretrainedInit: load from torchvision://resnet50 

backbone.layer3.1.conv2.weight - torch.Size([256, 256, 3, 3]): 
PretrainedInit: load from torchvision://resnet50 

backbone.layer3.1.bn2.weight - torch.Size([256]): 
PretrainedInit: load from torchvision://resnet50 

backbone.layer3.1.bn2.bias - torch.Size([256]): 
PretrainedInit: load from torchvision://resnet50 

backbone.layer3.1.conv3.weight - torch.Size([1024, 256, 1, 1]): 
PretrainedInit: load from torchvision://resnet50 

backbone.layer3.1.bn3.weight - torch.Size([1024]): 
PretrainedInit: load from torchvision://resnet50 

backbone.layer3.1.bn3.bias - torch.Size([1024]): 
PretrainedInit: load from torchvision://resnet50 

backbone.layer3.2.conv1.weight - torch.Size([256, 1024, 1, 1]): 
PretrainedInit: load from torchvision://resnet50 

backbone.layer3.2.bn1.weight - torch.Size([256]): 
PretrainedInit: load from torchvision://resnet50 

backbone.layer3.2.bn1.bias - torch.Size([256]): 
PretrainedInit: load from torchvision://resnet50 

backbone.layer3.2.conv2.weight - torch.Size([256, 256, 3, 3]): 
PretrainedInit: load from torchvision://resnet50 

backbone.layer3.2.bn2.weight - torch.Size([256]): 
PretrainedInit: load from torchvision://resnet50 

backbone.layer3.2.bn2.bias - torch.Size([256]): 
PretrainedInit: load from torchvision://resnet50 

backbone.layer3.2.conv3.weight - torch.Size([1024, 256, 1, 1]): 
PretrainedInit: load from torchvision://resnet50 

backbone.layer3.2.bn3.weight - torch.Size([1024]): 
PretrainedInit: load from torchvision://resnet50 

backbone.layer3.2.bn3.bias - torch.Size([1024]): 
PretrainedInit: load from torchvision://resnet50 

backbone.layer3.3.conv1.weight - torch.Size([256, 1024, 1, 1]): 
PretrainedInit: load from torchvision://resnet50 

backbone.layer3.3.bn1.weight - torch.Size([256]): 
PretrainedInit: load from torchvision://resnet50 

backbone.layer3.3.bn1.bias - torch.Size([256]): 
PretrainedInit: load from torchvision://resnet50 

backbone.layer3.3.conv2.weight - torch.Size([256, 256, 3, 3]): 
PretrainedInit: load from torchvision://resnet50 

backbone.layer3.3.bn2.weight - torch.Size([256]): 
PretrainedInit: load from torchvision://resnet50 

backbone.layer3.3.bn2.bias - torch.Size([256]): 
PretrainedInit: load from torchvision://resnet50 

backbone.layer3.3.conv3.weight - torch.Size([1024, 256, 1, 1]): 
PretrainedInit: load from torchvision://resnet50 

backbone.layer3.3.bn3.weight - torch.Size([1024]): 
PretrainedInit: load from torchvision://resnet50 

backbone.layer3.3.bn3.bias - torch.Size([1024]): 
PretrainedInit: load from torchvision://resnet50 

backbone.layer3.4.conv1.weight - torch.Size([256, 1024, 1, 1]): 
PretrainedInit: load from torchvision://resnet50 

backbone.layer3.4.bn1.weight - torch.Size([256]): 
PretrainedInit: load from torchvision://resnet50 

backbone.layer3.4.bn1.bias - torch.Size([256]): 
PretrainedInit: load from torchvision://resnet50 

backbone.layer3.4.conv2.weight - torch.Size([256, 256, 3, 3]): 
PretrainedInit: load from torchvision://resnet50 

backbone.layer3.4.bn2.weight - torch.Size([256]): 
PretrainedInit: load from torchvision://resnet50 

backbone.layer3.4.bn2.bias - torch.Size([256]): 
PretrainedInit: load from torchvision://resnet50 

backbone.layer3.4.conv3.weight - torch.Size([1024, 256, 1, 1]): 
PretrainedInit: load from torchvision://resnet50 

backbone.layer3.4.bn3.weight - torch.Size([1024]): 
PretrainedInit: load from torchvision://resnet50 

backbone.layer3.4.bn3.bias - torch.Size([1024]): 
PretrainedInit: load from torchvision://resnet50 

backbone.layer3.5.conv1.weight - torch.Size([256, 1024, 1, 1]): 
PretrainedInit: load from torchvision://resnet50 

backbone.layer3.5.bn1.weight - torch.Size([256]): 
PretrainedInit: load from torchvision://resnet50 

backbone.layer3.5.bn1.bias - torch.Size([256]): 
PretrainedInit: load from torchvision://resnet50 

backbone.layer3.5.conv2.weight - torch.Size([256, 256, 3, 3]): 
PretrainedInit: load from torchvision://resnet50 

backbone.layer3.5.bn2.weight - torch.Size([256]): 
PretrainedInit: load from torchvision://resnet50 

backbone.layer3.5.bn2.bias - torch.Size([256]): 
PretrainedInit: load from torchvision://resnet50 

backbone.layer3.5.conv3.weight - torch.Size([1024, 256, 1, 1]): 
PretrainedInit: load from torchvision://resnet50 

backbone.layer3.5.bn3.weight - torch.Size([1024]): 
PretrainedInit: load from torchvision://resnet50 

backbone.layer3.5.bn3.bias - torch.Size([1024]): 
PretrainedInit: load from torchvision://resnet50 

backbone.layer4.0.conv1.weight - torch.Size([512, 1024, 1, 1]): 
PretrainedInit: load from torchvision://resnet50 

backbone.layer4.0.bn1.weight - torch.Size([512]): 
PretrainedInit: load from torchvision://resnet50 

backbone.layer4.0.bn1.bias - torch.Size([512]): 
PretrainedInit: load from torchvision://resnet50 

backbone.layer4.0.conv2.weight - torch.Size([512, 512, 3, 3]): 
PretrainedInit: load from torchvision://resnet50 

backbone.layer4.0.bn2.weight - torch.Size([512]): 
PretrainedInit: load from torchvision://resnet50 

backbone.layer4.0.bn2.bias - torch.Size([512]): 
PretrainedInit: load from torchvision://resnet50 

backbone.layer4.0.conv3.weight - torch.Size([2048, 512, 1, 1]): 
PretrainedInit: load from torchvision://resnet50 

backbone.layer4.0.bn3.weight - torch.Size([2048]): 
PretrainedInit: load from torchvision://resnet50 

backbone.layer4.0.bn3.bias - torch.Size([2048]): 
PretrainedInit: load from torchvision://resnet50 

backbone.layer4.0.downsample.0.weight - torch.Size([2048, 1024, 1, 1]): 
PretrainedInit: load from torchvision://resnet50 

backbone.layer4.0.downsample.1.weight - torch.Size([2048]): 
PretrainedInit: load from torchvision://resnet50 

backbone.layer4.0.downsample.1.bias - torch.Size([2048]): 
PretrainedInit: load from torchvision://resnet50 

backbone.layer4.1.conv1.weight - torch.Size([512, 2048, 1, 1]): 
PretrainedInit: load from torchvision://resnet50 

backbone.layer4.1.bn1.weight - torch.Size([512]): 
PretrainedInit: load from torchvision://resnet50 

backbone.layer4.1.bn1.bias - torch.Size([512]): 
PretrainedInit: load from torchvision://resnet50 

backbone.layer4.1.conv2.weight - torch.Size([512, 512, 3, 3]): 
PretrainedInit: load from torchvision://resnet50 

backbone.layer4.1.bn2.weight - torch.Size([512]): 
PretrainedInit: load from torchvision://resnet50 

backbone.layer4.1.bn2.bias - torch.Size([512]): 
PretrainedInit: load from torchvision://resnet50 

backbone.layer4.1.conv3.weight - torch.Size([2048, 512, 1, 1]): 
PretrainedInit: load from torchvision://resnet50 

backbone.layer4.1.bn3.weight - torch.Size([2048]): 
PretrainedInit: load from torchvision://resnet50 

backbone.layer4.1.bn3.bias - torch.Size([2048]): 
PretrainedInit: load from torchvision://resnet50 

backbone.layer4.2.conv1.weight - torch.Size([512, 2048, 1, 1]): 
PretrainedInit: load from torchvision://resnet50 

backbone.layer4.2.bn1.weight - torch.Size([512]): 
PretrainedInit: load from torchvision://resnet50 

backbone.layer4.2.bn1.bias - torch.Size([512]): 
PretrainedInit: load from torchvision://resnet50 

backbone.layer4.2.conv2.weight - torch.Size([512, 512, 3, 3]): 
PretrainedInit: load from torchvision://resnet50 

backbone.layer4.2.bn2.weight - torch.Size([512]): 
PretrainedInit: load from torchvision://resnet50 

backbone.layer4.2.bn2.bias - torch.Size([512]): 
PretrainedInit: load from torchvision://resnet50 

backbone.layer4.2.conv3.weight - torch.Size([2048, 512, 1, 1]): 
PretrainedInit: load from torchvision://resnet50 

backbone.layer4.2.bn3.weight - torch.Size([2048]): 
PretrainedInit: load from torchvision://resnet50 

backbone.layer4.2.bn3.bias - torch.Size([2048]): 
PretrainedInit: load from torchvision://resnet50 

neck.lateral_convs.0.conv.weight - torch.Size([256, 256, 1, 1]): 
XavierInit: gain=1, distribution=uniform, bias=0 

neck.lateral_convs.0.conv.bias - torch.Size([256]): 
The value is the same before and after calling `init_weights` of FasterRCNN  

neck.lateral_convs.1.conv.weight - torch.Size([256, 512, 1, 1]): 
XavierInit: gain=1, distribution=uniform, bias=0 

neck.lateral_convs.1.conv.bias - torch.Size([256]): 
The value is the same before and after calling `init_weights` of FasterRCNN  

neck.lateral_convs.2.conv.weight - torch.Size([256, 1024, 1, 1]): 
XavierInit: gain=1, distribution=uniform, bias=0 

neck.lateral_convs.2.conv.bias - torch.Size([256]): 
The value is the same before and after calling `init_weights` of FasterRCNN  

neck.lateral_convs.3.conv.weight - torch.Size([256, 2048, 1, 1]): 
XavierInit: gain=1, distribution=uniform, bias=0 

neck.lateral_convs.3.conv.bias - torch.Size([256]): 
The value is the same before and after calling `init_weights` of FasterRCNN  

neck.fpn_convs.0.conv.weight - torch.Size([256, 256, 3, 3]): 
XavierInit: gain=1, distribution=uniform, bias=0 

neck.fpn_convs.0.conv.bias - torch.Size([256]): 
The value is the same before and after calling `init_weights` of FasterRCNN  

neck.fpn_convs.1.conv.weight - torch.Size([256, 256, 3, 3]): 
XavierInit: gain=1, distribution=uniform, bias=0 

neck.fpn_convs.1.conv.bias - torch.Size([256]): 
The value is the same before and after calling `init_weights` of FasterRCNN  

neck.fpn_convs.2.conv.weight - torch.Size([256, 256, 3, 3]): 
XavierInit: gain=1, distribution=uniform, bias=0 

neck.fpn_convs.2.conv.bias - torch.Size([256]): 
The value is the same before and after calling `init_weights` of FasterRCNN  

neck.fpn_convs.3.conv.weight - torch.Size([256, 256, 3, 3]): 
XavierInit: gain=1, distribution=uniform, bias=0 

neck.fpn_convs.3.conv.bias - torch.Size([256]): 
The value is the same before and after calling `init_weights` of FasterRCNN  

rpn_head.rpn_conv.weight - torch.Size([256, 256, 3, 3]): 
NormalInit: mean=0, std=0.01, bias=0 

rpn_head.rpn_conv.bias - torch.Size([256]): 
NormalInit: mean=0, std=0.01, bias=0 

rpn_head.rpn_cls.weight - torch.Size([3, 256, 1, 1]): 
NormalInit: mean=0, std=0.01, bias=0 

rpn_head.rpn_cls.bias - torch.Size([3]): 
NormalInit: mean=0, std=0.01, bias=0 

rpn_head.rpn_reg.weight - torch.Size([12, 256, 1, 1]): 
NormalInit: mean=0, std=0.01, bias=0 

rpn_head.rpn_reg.bias - torch.Size([12]): 
NormalInit: mean=0, std=0.01, bias=0 

roi_head.bbox_head.fc_cls.weight - torch.Size([2, 1024]): 
NormalInit: mean=0, std=0.01, bias=0 

roi_head.bbox_head.fc_cls.bias - torch.Size([2]): 
NormalInit: mean=0, std=0.01, bias=0 

roi_head.bbox_head.fc_reg.weight - torch.Size([4, 1024]): 
NormalInit: mean=0, std=0.001, bias=0 

roi_head.bbox_head.fc_reg.bias - torch.Size([4]): 
NormalInit: mean=0, std=0.001, bias=0 

roi_head.bbox_head.shared_fcs.0.weight - torch.Size([1024, 12544]): 
XavierInit: gain=1, distribution=uniform, bias=0 

roi_head.bbox_head.shared_fcs.0.bias - torch.Size([1024]): 
XavierInit: gain=1, distribution=uniform, bias=0 

roi_head.bbox_head.shared_fcs.1.weight - torch.Size([1024, 1024]): 
XavierInit: gain=1, distribution=uniform, bias=0 

roi_head.bbox_head.shared_fcs.1.bias - torch.Size([1024]): 
XavierInit: gain=1, distribution=uniform, bias=0 
2026/03/24 15:28:17 - mmengine - INFO - Load checkpoint from https://download.openmmlab.com/mmdetection/v2.0/dynamic_rcnn/dynamic_rcnn_r50_fpn_1x/dynamic_rcnn_r50_fpn_1x-62a3f276.pth
2026/03/24 15:28:17 - mmengine - WARNING - "FileClient" will be deprecated in future. Please use io functions in https://mmengine.readthedocs.io/en/latest/api/fileio.html#file-io
2026/03/24 15:28:17 - mmengine - WARNING - "HardDiskBackend" is the alias of "LocalBackend" and the former will be deprecated in future.
2026/03/24 15:28:17 - mmengine - INFO - Checkpoints will be saved to /workspace/aquaculture-perception/runs/mmdet/solaqua_fish/dynamic_rcnn_r50_fpn_solaqua_fish_80e_pretrained.
2026/03/24 15:28:32 - mmengine - INFO - Exp name: dynamic_rcnn_r50_fpn_solaqua_fish_80e_pretrained_20260324_152805
2026/03/24 15:28:32 - mmengine - INFO - Epoch(train)  [1][16/16]  lr: 6.2060e-04  eta: 0:19:36  time: 0.9311  data_time: 0.0754  memory: 11458  loss: 1.0624  loss_rpn_cls: 0.1263  loss_rpn_bbox: 0.0227  loss_cls: 0.5787  acc: 86.5469  loss_bbox: 0.3347
2026/03/24 15:28:43 - mmengine - INFO - Exp name: dynamic_rcnn_r50_fpn_solaqua_fish_80e_pretrained_20260324_152805
2026/03/24 15:28:43 - mmengine - INFO - Epoch(train)  [2][16/16]  lr: 1.2612e-03  eta: 0:16:52  time: 0.8113  data_time: 0.0554  memory: 11415  loss: 0.9082  loss_rpn_cls: 0.0825  loss_rpn_bbox: 0.0215  loss_cls: 0.4671  acc: 84.2734  loss_bbox: 0.3371
2026/03/24 15:28:45 - mmengine - INFO - Evaluating bbox...
2026/03/24 15:28:46 - mmengine - INFO - bbox_mAP_copypaste: 0.353 0.723 0.236 -1.000 0.120 0.377
2026/03/24 15:28:46 - mmengine - INFO - Epoch(val) [2][31/31]    coco/bbox_mAP: 0.3530  coco/bbox_mAP_50: 0.7230  coco/bbox_mAP_75: 0.2360  coco/bbox_mAP_s: -1.0000  coco/bbox_mAP_m: 0.1200  coco/bbox_mAP_l: 0.3770  data_time: 0.0118  time: 0.0588
2026/03/24 15:28:47 - mmengine - INFO - The best checkpoint with 0.3530 coco/bbox_mAP at 2 epoch is saved to best_coco_bbox_mAP_epoch_2.pth.
2026/03/24 15:28:57 - mmengine - INFO - Exp name: dynamic_rcnn_r50_fpn_solaqua_fish_80e_pretrained_20260324_152805
2026/03/24 15:28:57 - mmengine - INFO - Epoch(train)  [3][16/16]  lr: 1.9019e-03  eta: 0:15:41  time: 0.7642  data_time: 0.0516  memory: 11355  loss: 0.8011  loss_rpn_cls: 0.0609  loss_rpn_bbox: 0.0207  loss_cls: 0.3971  acc: 90.9688  loss_bbox: 0.3224
2026/03/24 15:29:08 - mmengine - INFO - Exp name: dynamic_rcnn_r50_fpn_solaqua_fish_80e_pretrained_20260324_152805
2026/03/24 15:29:08 - mmengine - INFO - Epoch(train)  [4][16/16]  lr: 2.5425e-03  eta: 0:15:01  time: 0.6739  data_time: 0.0398  memory: 11334  loss: 0.5677  loss_rpn_cls: 0.0235  loss_rpn_bbox: 0.0190  loss_cls: 0.2662  acc: 94.0781  loss_bbox: 0.2590
2026/03/24 15:29:10 - mmengine - INFO - Evaluating bbox...
2026/03/24 15:29:10 - mmengine - INFO - bbox_mAP_copypaste: 0.645 0.929 0.809 -1.000 0.383 0.665
2026/03/24 15:29:10 - mmengine - INFO - Epoch(val) [4][31/31]    coco/bbox_mAP: 0.6450  coco/bbox_mAP_50: 0.9290  coco/bbox_mAP_75: 0.8090  coco/bbox_mAP_s: -1.0000  coco/bbox_mAP_m: 0.3830  coco/bbox_mAP_l: 0.6650  data_time: 0.0066  time: 0.0496
2026/03/24 15:29:10 - mmengine - INFO - The previous best checkpoint /workspace/aquaculture-perception/runs/mmdet/solaqua_fish/dynamic_rcnn_r50_fpn_solaqua_fish_80e_pretrained/best_coco_bbox_mAP_epoch_2.pth is removed
2026/03/24 15:29:11 - mmengine - INFO - The best checkpoint with 0.6450 coco/bbox_mAP at 4 epoch is saved to best_coco_bbox_mAP_epoch_4.pth.
2026/03/24 15:29:22 - mmengine - INFO - Exp name: dynamic_rcnn_r50_fpn_solaqua_fish_80e_pretrained_20260324_152805
2026/03/24 15:29:22 - mmengine - INFO - Epoch(train)  [5][16/16]  lr: 3.1832e-03  eta: 0:14:37  time: 0.6722  data_time: 0.0425  memory: 11334  loss: 0.4092  loss_rpn_cls: 0.0133  loss_rpn_bbox: 0.0178  loss_cls: 0.1961  acc: 94.2656  loss_bbox: 0.1821
2026/03/24 15:29:33 - mmengine - INFO - Exp name: dynamic_rcnn_r50_fpn_solaqua_fish_80e_pretrained_20260324_152805
2026/03/24 15:29:33 - mmengine - INFO - Epoch(train)  [6][16/16]  lr: 3.8238e-03  eta: 0:14:18  time: 0.6808  data_time: 0.0413  memory: 11334  loss: 0.2874  loss_rpn_cls: 0.0094  loss_rpn_bbox: 0.0168  loss_cls: 0.1538  acc: 94.7051  loss_bbox: 0.1074
2026/03/24 15:29:35 - mmengine - INFO - Evaluating bbox...
2026/03/24 15:29:35 - mmengine - INFO - bbox_mAP_copypaste: 0.703 0.947 0.842 -1.000 0.449 0.723
2026/03/24 15:29:35 - mmengine - INFO - Epoch(val) [6][31/31]    coco/bbox_mAP: 0.7030  coco/bbox_mAP_50: 0.9470  coco/bbox_mAP_75: 0.8420  coco/bbox_mAP_s: -1.0000  coco/bbox_mAP_m: 0.4490  coco/bbox_mAP_l: 0.7230  data_time: 0.0063  time: 0.0495
2026/03/24 15:29:35 - mmengine - INFO - The previous best checkpoint /workspace/aquaculture-perception/runs/mmdet/solaqua_fish/dynamic_rcnn_r50_fpn_solaqua_fish_80e_pretrained/best_coco_bbox_mAP_epoch_4.pth is removed
2026/03/24 15:29:36 - mmengine - INFO - The best checkpoint with 0.7030 coco/bbox_mAP at 6 epoch is saved to best_coco_bbox_mAP_epoch_6.pth.
2026/03/24 15:29:47 - mmengine - INFO - Exp name: dynamic_rcnn_r50_fpn_solaqua_fish_80e_pretrained_20260324_152805
2026/03/24 15:29:47 - mmengine - INFO - Epoch(train)  [7][16/16]  lr: 4.4644e-03  eta: 0:14:07  time: 0.6979  data_time: 0.0464  memory: 11338  loss: 0.2504  loss_rpn_cls: 0.0073  loss_rpn_bbox: 0.0156  loss_cls: 0.1357  acc: 95.2031  loss_bbox: 0.0918
2026/03/24 15:29:59 - mmengine - INFO - Exp name: dynamic_rcnn_r50_fpn_solaqua_fish_80e_pretrained_20260324_152805
2026/03/24 15:29:59 - mmengine - INFO - Epoch(train)  [8][16/16]  lr: 5.1051e-03  eta: 0:13:52  time: 0.7034  data_time: 0.0443  memory: 11346  loss: 0.2401  loss_rpn_cls: 0.0055  loss_rpn_bbox: 0.0148  loss_cls: 0.1241  acc: 95.7812  loss_bbox: 0.0956
2026/03/24 15:30:00 - mmengine - INFO - Evaluating bbox...
2026/03/24 15:30:00 - mmengine - INFO - bbox_mAP_copypaste: 0.699 0.955 0.838 -1.000 0.475 0.716
2026/03/24 15:30:00 - mmengine - INFO - Epoch(val) [8][31/31]    coco/bbox_mAP: 0.6990  coco/bbox_mAP_50: 0.9550  coco/bbox_mAP_75: 0.8380  coco/bbox_mAP_s: -1.0000  coco/bbox_mAP_m: 0.4750  coco/bbox_mAP_l: 0.7160  data_time: 0.0063  time: 0.0503
2026/03/24 15:30:11 - mmengine - INFO - Exp name: dynamic_rcnn_r50_fpn_solaqua_fish_80e_pretrained_20260324_152805
2026/03/24 15:30:11 - mmengine - INFO - Epoch(train)  [9][16/16]  lr: 5.7457e-03  eta: 0:13:35  time: 0.6988  data_time: 0.0432  memory: 11349  loss: 0.2371  loss_rpn_cls: 0.0047  loss_rpn_bbox: 0.0144  loss_cls: 0.1146  acc: 95.3984  loss_bbox: 0.1034
2026/03/24 15:30:23 - mmengine - INFO - Exp name: dynamic_rcnn_r50_fpn_solaqua_fish_80e_pretrained_20260324_152805
2026/03/24 15:30:23 - mmengine - INFO - Epoch(train) [10][16/16]  lr: 6.3864e-03  eta: 0:13:23  time: 0.6954  data_time: 0.0403  memory: 11354  loss: 0.2248  loss_rpn_cls: 0.0040  loss_rpn_bbox: 0.0138  loss_cls: 0.1051  acc: 94.4831  loss_bbox: 0.1019
2026/03/24 15:30:24 - mmengine - INFO - Evaluating bbox...
2026/03/24 15:30:24 - mmengine - INFO - bbox_mAP_copypaste: 0.715 0.950 0.845 -1.000 0.491 0.733
2026/03/24 15:30:24 - mmengine - INFO - Epoch(val) [10][31/31]    coco/bbox_mAP: 0.7150  coco/bbox_mAP_50: 0.9500  coco/bbox_mAP_75: 0.8450  coco/bbox_mAP_s: -1.0000  coco/bbox_mAP_m: 0.4910  coco/bbox_mAP_l: 0.7330  data_time: 0.0061  time: 0.0505
2026/03/24 15:30:24 - mmengine - INFO - The previous best checkpoint /workspace/aquaculture-perception/runs/mmdet/solaqua_fish/dynamic_rcnn_r50_fpn_solaqua_fish_80e_pretrained/best_coco_bbox_mAP_epoch_6.pth is removed
2026/03/24 15:30:25 - mmengine - INFO - The best checkpoint with 0.7150 coco/bbox_mAP at 10 epoch is saved to best_coco_bbox_mAP_epoch_10.pth.
2026/03/24 15:30:36 - mmengine - INFO - Exp name: dynamic_rcnn_r50_fpn_solaqua_fish_80e_pretrained_20260324_152805
2026/03/24 15:30:36 - mmengine - INFO - Epoch(train) [11][16/16]  lr: 7.0270e-03  eta: 0:13:06  time: 0.6814  data_time: 0.0382  memory: 11364  loss: 0.2112  loss_rpn_cls: 0.0035  loss_rpn_bbox: 0.0134  loss_cls: 0.0994  acc: 96.4609  loss_bbox: 0.0949
2026/03/24 15:30:47 - mmengine - INFO - Exp name: dynamic_rcnn_r50_fpn_solaqua_fish_80e_pretrained_20260324_152805
2026/03/24 15:30:47 - mmengine - INFO - Epoch(train) [12][16/16]  lr: 7.6677e-03  eta: 0:12:54  time: 0.6866  data_time: 0.0374  memory: 11362  loss: 0.1989  loss_rpn_cls: 0.0031  loss_rpn_bbox: 0.0127  loss_cls: 0.0944  acc: 96.4141  loss_bbox: 0.0886
2026/03/24 15:30:49 - mmengine - INFO - Evaluating bbox...
2026/03/24 15:30:49 - mmengine - INFO - bbox_mAP_copypaste: 0.725 0.959 0.833 -1.000 0.466 0.747
2026/03/24 15:30:49 - mmengine - INFO - Epoch(val) [12][31/31]    coco/bbox_mAP: 0.7250  coco/bbox_mAP_50: 0.9590  coco/bbox_mAP_75: 0.8330  coco/bbox_mAP_s: -1.0000  coco/bbox_mAP_m: 0.4660  coco/bbox_mAP_l: 0.7470  data_time: 0.0067  time: 0.0510
2026/03/24 15:30:49 - mmengine - INFO - The previous best checkpoint /workspace/aquaculture-perception/runs/mmdet/solaqua_fish/dynamic_rcnn_r50_fpn_solaqua_fish_80e_pretrained/best_coco_bbox_mAP_epoch_10.pth is removed
2026/03/24 15:30:50 - mmengine - INFO - The best checkpoint with 0.7250 coco/bbox_mAP at 12 epoch is saved to best_coco_bbox_mAP_epoch_12.pth.
2026/03/24 15:31:01 - mmengine - INFO - Exp name: dynamic_rcnn_r50_fpn_solaqua_fish_80e_pretrained_20260324_152805
2026/03/24 15:31:01 - mmengine - INFO - Epoch(train) [13][16/16]  lr: 8.3083e-03  eta: 0:12:41  time: 0.6816  data_time: 0.0324  memory: 11362  loss: 0.1897  loss_rpn_cls: 0.0029  loss_rpn_bbox: 0.0127  loss_cls: 0.0912  acc: 96.2969  loss_bbox: 0.0829
2026/03/24 15:31:12 - mmengine - INFO - Exp name: dynamic_rcnn_r50_fpn_solaqua_fish_80e_pretrained_20260324_152805
2026/03/24 15:31:12 - mmengine - INFO - Epoch(train) [14][16/16]  lr: 8.9489e-03  eta: 0:12:29  time: 0.6928  data_time: 0.0385  memory: 11368  loss: 0.1767  loss_rpn_cls: 0.0023  loss_rpn_bbox: 0.0123  loss_cls: 0.0857  acc: 97.3906  loss_bbox: 0.0764
2026/03/24 15:31:14 - mmengine - INFO - Evaluating bbox...
2026/03/24 15:31:14 - mmengine - INFO - bbox_mAP_copypaste: 0.713 0.954 0.865 -1.000 0.493 0.730
2026/03/24 15:31:14 - mmengine - INFO - Epoch(val) [14][31/31]    coco/bbox_mAP: 0.7130  coco/bbox_mAP_50: 0.9540  coco/bbox_mAP_75: 0.8650  coco/bbox_mAP_s: -1.0000  coco/bbox_mAP_m: 0.4930  coco/bbox_mAP_l: 0.7300  data_time: 0.0064  time: 0.0500
2026/03/24 15:31:25 - mmengine - INFO - Exp name: dynamic_rcnn_r50_fpn_solaqua_fish_80e_pretrained_20260324_152805
2026/03/24 15:31:25 - mmengine - INFO - Epoch(train) [15][16/16]  lr: 9.5896e-03  eta: 0:12:17  time: 0.6915  data_time: 0.0405  memory: 11372  loss: 0.1645  loss_rpn_cls: 0.0021  loss_rpn_bbox: 0.0120  loss_cls: 0.0805  acc: 96.8750  loss_bbox: 0.0699
2026/03/24 15:31:36 - mmengine - INFO - Exp name: dynamic_rcnn_r50_fpn_solaqua_fish_80e_pretrained_20260324_152805
2026/03/24 15:31:36 - mmengine - INFO - Epoch(train) [16][16/16]  lr: 1.0230e-02  eta: 0:12:03  time: 0.6843  data_time: 0.0423  memory: 11390  loss: 0.1537  loss_rpn_cls: 0.0019  loss_rpn_bbox: 0.0118  loss_cls: 0.0751  acc: 98.2031  loss_bbox: 0.0650
2026/03/24 15:31:37 - mmengine - INFO - Evaluating bbox...
2026/03/24 15:31:37 - mmengine - INFO - bbox_mAP_copypaste: 0.727 0.953 0.859 -1.000 0.465 0.745
2026/03/24 15:31:37 - mmengine - INFO - Epoch(val) [16][31/31]    coco/bbox_mAP: 0.7270  coco/bbox_mAP_50: 0.9530  coco/bbox_mAP_75: 0.8590  coco/bbox_mAP_s: -1.0000  coco/bbox_mAP_m: 0.4650  coco/bbox_mAP_l: 0.7450  data_time: 0.0064  time: 0.0499
2026/03/24 15:31:37 - mmengine - INFO - The previous best checkpoint /workspace/aquaculture-perception/runs/mmdet/solaqua_fish/dynamic_rcnn_r50_fpn_solaqua_fish_80e_pretrained/best_coco_bbox_mAP_epoch_12.pth is removed
2026/03/24 15:31:38 - mmengine - INFO - The best checkpoint with 0.7270 coco/bbox_mAP at 16 epoch is saved to best_coco_bbox_mAP_epoch_16.pth.
2026/03/24 15:31:49 - mmengine - INFO - Exp name: dynamic_rcnn_r50_fpn_solaqua_fish_80e_pretrained_20260324_152805
2026/03/24 15:31:49 - mmengine - INFO - Epoch(train) [17][16/16]  lr: 1.0871e-02  eta: 0:11:51  time: 0.6846  data_time: 0.0420  memory: 11381  loss: 0.1476  loss_rpn_cls: 0.0017  loss_rpn_bbox: 0.0117  loss_cls: 0.0719  acc: 97.4688  loss_bbox: 0.0623
2026/03/24 15:32:00 - mmengine - INFO - Exp name: dynamic_rcnn_r50_fpn_solaqua_fish_80e_pretrained_20260324_152805
2026/03/24 15:32:00 - mmengine - INFO - Epoch(train) [18][16/16]  lr: 1.1512e-02  eta: 0:11:38  time: 0.6753  data_time: 0.0432  memory: 11370  loss: 0.1421  loss_rpn_cls: 0.0015  loss_rpn_bbox: 0.0116  loss_cls: 0.0694  acc: 97.0156  loss_bbox: 0.0597
2026/03/24 15:32:02 - mmengine - INFO - Evaluating bbox...
2026/03/24 15:32:02 - mmengine - INFO - bbox_mAP_copypaste: 0.707 0.944 0.837 -1.000 0.470 0.727
2026/03/24 15:32:02 - mmengine - INFO - Epoch(val) [18][31/31]    coco/bbox_mAP: 0.7070  coco/bbox_mAP_50: 0.9440  coco/bbox_mAP_75: 0.8370  coco/bbox_mAP_s: -1.0000  coco/bbox_mAP_m: 0.4700  coco/bbox_mAP_l: 0.7270  data_time: 0.0064  time: 0.0499
2026/03/24 15:32:13 - mmengine - INFO - Exp name: dynamic_rcnn_r50_fpn_solaqua_fish_80e_pretrained_20260324_152805
2026/03/24 15:32:13 - mmengine - INFO - Epoch(train) [19][16/16]  lr: 1.2152e-02  eta: 0:11:27  time: 0.6857  data_time: 0.0453  memory: 11376  loss: 0.1381  loss_rpn_cls: 0.0014  loss_rpn_bbox: 0.0114  loss_cls: 0.0672  acc: 97.9766  loss_bbox: 0.0580
2026/03/24 15:32:24 - mmengine - INFO - Exp name: dynamic_rcnn_r50_fpn_solaqua_fish_80e_pretrained_20260324_152805
2026/03/24 15:32:24 - mmengine - INFO - Epoch(train) [20][16/16]  lr: 1.2793e-02  eta: 0:11:15  time: 0.6873  data_time: 0.0435  memory: 11371  loss: 0.1328  loss_rpn_cls: 0.0013  loss_rpn_bbox: 0.0109  loss_cls: 0.0648  acc: 97.9062  loss_bbox: 0.0559
2026/03/24 15:32:26 - mmengine - INFO - Evaluating bbox...
2026/03/24 15:32:26 - mmengine - INFO - bbox_mAP_copypaste: 0.715 0.944 0.836 -1.000 0.471 0.734
2026/03/24 15:32:26 - mmengine - INFO - Epoch(val) [20][31/31]    coco/bbox_mAP: 0.7150  coco/bbox_mAP_50: 0.9440  coco/bbox_mAP_75: 0.8360  coco/bbox_mAP_s: -1.0000  coco/bbox_mAP_m: 0.4710  coco/bbox_mAP_l: 0.7340  data_time: 0.0067  time: 0.0507
2026/03/24 15:32:37 - mmengine - INFO - Exp name: dynamic_rcnn_r50_fpn_solaqua_fish_80e_pretrained_20260324_152805
2026/03/24 15:32:37 - mmengine - INFO - Epoch(train) [21][16/16]  lr: 1.3433e-02  eta: 0:11:04  time: 0.7009  data_time: 0.0457  memory: 11380  loss: 0.1297  loss_rpn_cls: 0.0013  loss_rpn_bbox: 0.0107  loss_cls: 0.0635  acc: 97.0469  loss_bbox: 0.0543
2026/03/24 15:32:48 - mmengine - INFO - Exp name: dynamic_rcnn_r50_fpn_solaqua_fish_80e_pretrained_20260324_152805
2026/03/24 15:32:48 - mmengine - INFO - Epoch(train) [22][16/16]  lr: 1.4074e-02  eta: 0:10:53  time: 0.6958  data_time: 0.0420  memory: 11387  loss: 0.1247  loss_rpn_cls: 0.0012  loss_rpn_bbox: 0.0104  loss_cls: 0.0611  acc: 97.7500  loss_bbox: 0.0519
2026/03/24 15:32:50 - mmengine - INFO - Evaluating bbox...
2026/03/24 15:32:50 - mmengine - INFO - bbox_mAP_copypaste: 0.725 0.954 0.859 -1.000 0.479 0.747
2026/03/24 15:32:50 - mmengine - INFO - Epoch(val) [22][31/31]    coco/bbox_mAP: 0.7250  coco/bbox_mAP_50: 0.9540  coco/bbox_mAP_75: 0.8590  coco/bbox_mAP_s: -1.0000  coco/bbox_mAP_m: 0.4790  coco/bbox_mAP_l: 0.7470  data_time: 0.0060  time: 0.0496
2026/03/24 15:33:01 - mmengine - INFO - Exp name: dynamic_rcnn_r50_fpn_solaqua_fish_80e_pretrained_20260324_152805
2026/03/24 15:33:01 - mmengine - INFO - Epoch(train) [23][16/16]  lr: 1.4715e-02  eta: 0:10:42  time: 0.6983  data_time: 0.0450  memory: 11376  loss: 0.1264  loss_rpn_cls: 0.0013  loss_rpn_bbox: 0.0106  loss_cls: 0.0611  acc: 96.4688  loss_bbox: 0.0533
2026/03/24 15:33:13 - mmengine - INFO - Exp name: dynamic_rcnn_r50_fpn_solaqua_fish_80e_pretrained_20260324_152805
2026/03/24 15:33:13 - mmengine - INFO - Epoch(train) [24][16/16]  lr: 1.5355e-02  eta: 0:10:31  time: 0.7041  data_time: 0.0450  memory: 11373  loss: 0.1251  loss_rpn_cls: 0.0012  loss_rpn_bbox: 0.0106  loss_cls: 0.0597  acc: 97.6016  loss_bbox: 0.0535
2026/03/24 15:33:15 - mmengine - INFO - Evaluating bbox...
2026/03/24 15:33:15 - mmengine - INFO - bbox_mAP_copypaste: 0.730 0.963 0.866 -1.000 0.491 0.751
2026/03/24 15:33:15 - mmengine - INFO - Epoch(val) [24][31/31]    coco/bbox_mAP: 0.7300  coco/bbox_mAP_50: 0.9630  coco/bbox_mAP_75: 0.8660  coco/bbox_mAP_s: -1.0000  coco/bbox_mAP_m: 0.4910  coco/bbox_mAP_l: 0.7510  data_time: 0.0064  time: 0.0499
2026/03/24 15:33:15 - mmengine - INFO - The previous best checkpoint /workspace/aquaculture-perception/runs/mmdet/solaqua_fish/dynamic_rcnn_r50_fpn_solaqua_fish_80e_pretrained/best_coco_bbox_mAP_epoch_16.pth is removed
2026/03/24 15:33:16 - mmengine - INFO - The best checkpoint with 0.7300 coco/bbox_mAP at 24 epoch is saved to best_coco_bbox_mAP_epoch_24.pth.
2026/03/24 15:33:28 - mmengine - INFO - Exp name: dynamic_rcnn_r50_fpn_solaqua_fish_80e_pretrained_20260324_152805
2026/03/24 15:33:28 - mmengine - INFO - Epoch(train) [25][16/16]  lr: 1.5996e-02  eta: 0:10:22  time: 0.7303  data_time: 0.0489  memory: 11375  loss: 0.1199  loss_rpn_cls: 0.0010  loss_rpn_bbox: 0.0103  loss_cls: 0.0575  acc: 97.6875  loss_bbox: 0.0510
2026/03/24 15:33:45 - mmengine - INFO - Exp name: dynamic_rcnn_r50_fpn_solaqua_fish_80e_pretrained_20260324_152805
2026/03/24 15:33:45 - mmengine - INFO - Epoch(train) [26][16/16]  lr: 1.6637e-02  eta: 0:10:18  time: 0.8017  data_time: 0.1001  memory: 11382  loss: 0.1157  loss_rpn_cls: 0.0010  loss_rpn_bbox: 0.0103  loss_cls: 0.0558  acc: 97.2656  loss_bbox: 0.0486
2026/03/24 15:33:46 - mmengine - INFO - Evaluating bbox...
2026/03/24 15:33:47 - mmengine - INFO - bbox_mAP_copypaste: 0.719 0.952 0.861 -1.000 0.474 0.739
2026/03/24 15:33:47 - mmengine - INFO - Epoch(val) [26][31/31]    coco/bbox_mAP: 0.7190  coco/bbox_mAP_50: 0.9520  coco/bbox_mAP_75: 0.8610  coco/bbox_mAP_s: -1.0000  coco/bbox_mAP_m: 0.4740  coco/bbox_mAP_l: 0.7390  data_time: 0.0085  time: 0.0536
2026/03/24 15:34:03 - mmengine - INFO - Exp name: dynamic_rcnn_r50_fpn_solaqua_fish_80e_pretrained_20260324_152805
2026/03/24 15:34:03 - mmengine - INFO - Epoch(train) [27][16/16]  lr: 1.7277e-02  eta: 0:10:15  time: 0.8826  data_time: 0.1690  memory: 11378  loss: 0.1097  loss_rpn_cls: 0.0009  loss_rpn_bbox: 0.0098  loss_cls: 0.0535  acc: 97.2109  loss_bbox: 0.0455
2026/03/24 15:34:14 - mmengine - INFO - Exp name: dynamic_rcnn_r50_fpn_solaqua_fish_80e_pretrained_20260324_152805
2026/03/24 15:34:14 - mmengine - INFO - Epoch(train) [28][16/16]  lr: 1.7918e-02  eta: 0:10:04  time: 0.8706  data_time: 0.1655  memory: 11381  loss: 0.1082  loss_rpn_cls: 0.0009  loss_rpn_bbox: 0.0098  loss_cls: 0.0522  acc: 97.0000  loss_bbox: 0.0453
2026/03/24 15:34:16 - mmengine - INFO - Evaluating bbox...
2026/03/24 15:34:16 - mmengine - INFO - bbox_mAP_copypaste: 0.728 0.953 0.850 -1.000 0.460 0.754
2026/03/24 15:34:16 - mmengine - INFO - Epoch(val) [28][31/31]    coco/bbox_mAP: 0.7280  coco/bbox_mAP_50: 0.9530  coco/bbox_mAP_75: 0.8500  coco/bbox_mAP_s: -1.0000  coco/bbox_mAP_m: 0.4600  coco/bbox_mAP_l: 0.7540  data_time: 0.0077  time: 0.0525
2026/03/24 15:34:28 - mmengine - INFO - Exp name: dynamic_rcnn_r50_fpn_solaqua_fish_80e_pretrained_20260324_152805
2026/03/24 15:34:28 - mmengine - INFO - Epoch(train) [29][16/16]  lr: 1.8559e-02  eta: 0:09:54  time: 0.8197  data_time: 0.1088  memory: 11392  loss: 0.1063  loss_rpn_cls: 0.0009  loss_rpn_bbox: 0.0100  loss_cls: 0.0512  acc: 97.0000  loss_bbox: 0.0441
2026/03/24 15:34:40 - mmengine - INFO - Exp name: dynamic_rcnn_r50_fpn_solaqua_fish_80e_pretrained_20260324_152805
2026/03/24 15:34:40 - mmengine - INFO - Epoch(train) [30][16/16]  lr: 1.9199e-02  eta: 0:09:42  time: 0.7406  data_time: 0.0359  memory: 11383  loss: 0.1076  loss_rpn_cls: 0.0010  loss_rpn_bbox: 0.0101  loss_cls: 0.0512  acc: 97.2031  loss_bbox: 0.0453
2026/03/24 15:34:42 - mmengine - INFO - Evaluating bbox...
2026/03/24 15:34:42 - mmengine - INFO - bbox_mAP_copypaste: 0.715 0.945 0.855 -1.000 0.451 0.740
2026/03/24 15:34:42 - mmengine - INFO - Epoch(val) [30][31/31]    coco/bbox_mAP: 0.7150  coco/bbox_mAP_50: 0.9450  coco/bbox_mAP_75: 0.8550  coco/bbox_mAP_s: -1.0000  coco/bbox_mAP_m: 0.4510  coco/bbox_mAP_l: 0.7400  data_time: 0.0077  time: 0.0519
2026/03/24 15:34:55 - mmengine - INFO - Exp name: dynamic_rcnn_r50_fpn_solaqua_fish_80e_pretrained_20260324_152805
2026/03/24 15:34:55 - mmengine - INFO - Epoch(train) [31][16/16]  lr: 1.9840e-02  eta: 0:09:32  time: 0.7567  data_time: 0.0535  memory: 11393  loss: 0.1071  loss_rpn_cls: 0.0009  loss_rpn_bbox: 0.0100  loss_cls: 0.0505  acc: 98.3281  loss_bbox: 0.0456
2026/03/24 15:35:09 - mmengine - INFO - Exp name: dynamic_rcnn_r50_fpn_solaqua_fish_80e_pretrained_20260324_152805
2026/03/24 15:35:09 - mmengine - INFO - Epoch(train) [32][16/16]  lr: 2.0000e-02  eta: 0:09:24  time: 0.7988  data_time: 0.1115  memory: 11380  loss: 0.1064  loss_rpn_cls: 0.0009  loss_rpn_bbox: 0.0097  loss_cls: 0.0509  acc: 98.3203  loss_bbox: 0.0449
2026/03/24 15:35:11 - mmengine - INFO - Evaluating bbox...
2026/03/24 15:35:11 - mmengine - INFO - bbox_mAP_copypaste: 0.722 0.942 0.862 -1.000 0.446 0.747
2026/03/24 15:35:11 - mmengine - INFO - Epoch(val) [32][31/31]    coco/bbox_mAP: 0.7220  coco/bbox_mAP_50: 0.9420  coco/bbox_mAP_75: 0.8620  coco/bbox_mAP_s: -1.0000  coco/bbox_mAP_m: 0.4460  coco/bbox_mAP_l: 0.7470  data_time: 0.0066  time: 0.0511
2026/03/24 15:35:23 - mmengine - INFO - Exp name: dynamic_rcnn_r50_fpn_solaqua_fish_80e_pretrained_20260324_152805
2026/03/24 15:35:23 - mmengine - INFO - Epoch(train) [33][16/16]  lr: 2.0000e-02  eta: 0:09:13  time: 0.8088  data_time: 0.1222  memory: 11372  loss: 0.0996  loss_rpn_cls: 0.0008  loss_rpn_bbox: 0.0094  loss_cls: 0.0490  acc: 97.9219  loss_bbox: 0.0403
2026/03/24 15:35:34 - mmengine - INFO - Exp name: dynamic_rcnn_r50_fpn_solaqua_fish_80e_pretrained_20260324_152805
2026/03/24 15:35:34 - mmengine - INFO - Epoch(train) [34][16/16]  lr: 2.0000e-02  eta: 0:09:00  time: 0.7784  data_time: 0.1005  memory: 11373  loss: 0.0933  loss_rpn_cls: 0.0008  loss_rpn_bbox: 0.0092  loss_cls: 0.0469  acc: 98.7344  loss_bbox: 0.0364
2026/03/24 15:35:36 - mmengine - INFO - Evaluating bbox...
2026/03/24 15:35:36 - mmengine - INFO - bbox_mAP_copypaste: 0.725 0.954 0.863 -1.000 0.471 0.746
2026/03/24 15:35:36 - mmengine - INFO - Epoch(val) [34][31/31]    coco/bbox_mAP: 0.7250  coco/bbox_mAP_50: 0.9540  coco/bbox_mAP_75: 0.8630  coco/bbox_mAP_s: -1.0000  coco/bbox_mAP_m: 0.4710  coco/bbox_mAP_l: 0.7460  data_time: 0.0064  time: 0.0500
2026/03/24 15:35:48 - mmengine - INFO - Exp name: dynamic_rcnn_r50_fpn_solaqua_fish_80e_pretrained_20260324_152805
2026/03/24 15:35:48 - mmengine - INFO - Epoch(train) [35][16/16]  lr: 2.0000e-02  eta: 0:08:48  time: 0.7187  data_time: 0.0432  memory: 11389  loss: 0.0887  loss_rpn_cls: 0.0008  loss_rpn_bbox: 0.0089  loss_cls: 0.0448  acc: 98.2891  loss_bbox: 0.0342
2026/03/24 15:35:59 - mmengine - INFO - Exp name: dynamic_rcnn_r50_fpn_solaqua_fish_80e_pretrained_20260324_152805
2026/03/24 15:35:59 - mmengine - INFO - Epoch(train) [36][16/16]  lr: 2.0000e-02  eta: 0:08:36  time: 0.7056  data_time: 0.0343  memory: 11389  loss: 0.0855  loss_rpn_cls: 0.0007  loss_rpn_bbox: 0.0088  loss_cls: 0.0433  acc: 97.3594  loss_bbox: 0.0326
2026/03/24 15:36:01 - mmengine - INFO - Evaluating bbox...
2026/03/24 15:36:01 - mmengine - INFO - bbox_mAP_copypaste: 0.716 0.944 0.837 -1.000 0.461 0.738
2026/03/24 15:36:01 - mmengine - INFO - Epoch(val) [36][31/31]    coco/bbox_mAP: 0.7160  coco/bbox_mAP_50: 0.9440  coco/bbox_mAP_75: 0.8370  coco/bbox_mAP_s: -1.0000  coco/bbox_mAP_m: 0.4610  coco/bbox_mAP_l: 0.7380  data_time: 0.0069  time: 0.0511
2026/03/24 15:36:12 - mmengine - INFO - Exp name: dynamic_rcnn_r50_fpn_solaqua_fish_80e_pretrained_20260324_152805
2026/03/24 15:36:12 - mmengine - INFO - Epoch(train) [37][16/16]  lr: 2.0000e-02  eta: 0:08:24  time: 0.7072  data_time: 0.0359  memory: 11375  loss: 0.0796  loss_rpn_cls: 0.0006  loss_rpn_bbox: 0.0083  loss_cls: 0.0406  acc: 98.7188  loss_bbox: 0.0301
2026/03/24 15:36:23 - mmengine - INFO - Exp name: dynamic_rcnn_r50_fpn_solaqua_fish_80e_pretrained_20260324_152805
2026/03/24 15:36:23 - mmengine - INFO - Epoch(train) [38][16/16]  lr: 2.0000e-02  eta: 0:08:12  time: 0.7009  data_time: 0.0359  memory: 11385  loss: 0.0796  loss_rpn_cls: 0.0006  loss_rpn_bbox: 0.0083  loss_cls: 0.0400  acc: 98.1562  loss_bbox: 0.0308
2026/03/24 15:36:25 - mmengine - INFO - Evaluating bbox...
2026/03/24 15:36:25 - mmengine - INFO - bbox_mAP_copypaste: 0.720 0.944 0.851 -1.000 0.462 0.740
2026/03/24 15:36:25 - mmengine - INFO - Epoch(val) [38][31/31]    coco/bbox_mAP: 0.7200  coco/bbox_mAP_50: 0.9440  coco/bbox_mAP_75: 0.8510  coco/bbox_mAP_s: -1.0000  coco/bbox_mAP_m: 0.4620  coco/bbox_mAP_l: 0.7400  data_time: 0.0060  time: 0.0490
2026/03/24 15:36:36 - mmengine - INFO - Exp name: dynamic_rcnn_r50_fpn_solaqua_fish_80e_pretrained_20260324_152805
2026/03/24 15:36:36 - mmengine - INFO - Epoch(train) [39][16/16]  lr: 2.0000e-02  eta: 0:08:00  time: 0.6979  data_time: 0.0381  memory: 11393  loss: 0.0799  loss_rpn_cls: 0.0006  loss_rpn_bbox: 0.0082  loss_cls: 0.0400  acc: 98.4297  loss_bbox: 0.0310
2026/03/24 15:36:47 - mmengine - INFO - Exp name: dynamic_rcnn_r50_fpn_solaqua_fish_80e_pretrained_20260324_152805
2026/03/24 15:36:47 - mmengine - INFO - Epoch(train) [40][16/16]  lr: 2.0000e-02  eta: 0:07:47  time: 0.6950  data_time: 0.0430  memory: 11394  loss: 0.0796  loss_rpn_cls: 0.0006  loss_rpn_bbox: 0.0079  loss_cls: 0.0394  acc: 98.1719  loss_bbox: 0.0317
2026/03/24 15:36:49 - mmengine - INFO - Evaluating bbox...
2026/03/24 15:36:49 - mmengine - INFO - bbox_mAP_copypaste: 0.713 0.954 0.841 -1.000 0.463 0.735
2026/03/24 15:36:49 - mmengine - INFO - Epoch(val) [40][31/31]    coco/bbox_mAP: 0.7130  coco/bbox_mAP_50: 0.9540  coco/bbox_mAP_75: 0.8410  coco/bbox_mAP_s: -1.0000  coco/bbox_mAP_m: 0.4630  coco/bbox_mAP_l: 0.7350  data_time: 0.0063  time: 0.0505
2026/03/24 15:37:00 - mmengine - INFO - Exp name: dynamic_rcnn_r50_fpn_solaqua_fish_80e_pretrained_20260324_152805
2026/03/24 15:37:00 - mmengine - INFO - Epoch(train) [41][16/16]  lr: 2.0000e-02  eta: 0:07:35  time: 0.6978  data_time: 0.0471  memory: 11381  loss: 0.0772  loss_rpn_cls: 0.0006  loss_rpn_bbox: 0.0078  loss_cls: 0.0388  acc: 99.0000  loss_bbox: 0.0299
2026/03/24 15:37:11 - mmengine - INFO - Exp name: dynamic_rcnn_r50_fpn_solaqua_fish_80e_pretrained_20260324_152805
2026/03/24 15:37:11 - mmengine - INFO - Epoch(train) [42][16/16]  lr: 2.0000e-02  eta: 0:07:23  time: 0.6893  data_time: 0.0442  memory: 11389  loss: 0.0737  loss_rpn_cls: 0.0005  loss_rpn_bbox: 0.0077  loss_cls: 0.0376  acc: 98.1328  loss_bbox: 0.0278
2026/03/24 15:37:13 - mmengine - INFO - Evaluating bbox...
2026/03/24 15:37:13 - mmengine - INFO - bbox_mAP_copypaste: 0.722 0.945 0.856 -1.000 0.465 0.745
2026/03/24 15:37:13 - mmengine - INFO - Epoch(val) [42][31/31]    coco/bbox_mAP: 0.7220  coco/bbox_mAP_50: 0.9450  coco/bbox_mAP_75: 0.8560  coco/bbox_mAP_s: -1.0000  coco/bbox_mAP_m: 0.4650  coco/bbox_mAP_l: 0.7450  data_time: 0.0067  time: 0.0511
2026/03/24 15:37:24 - mmengine - INFO - Exp name: dynamic_rcnn_r50_fpn_solaqua_fish_80e_pretrained_20260324_152805
2026/03/24 15:37:24 - mmengine - INFO - Epoch(train) [43][16/16]  lr: 2.0000e-02  eta: 0:07:11  time: 0.6916  data_time: 0.0413  memory: 11388  loss: 0.0698  loss_rpn_cls: 0.0005  loss_rpn_bbox: 0.0076  loss_cls: 0.0365  acc: 98.9375  loss_bbox: 0.0252
2026/03/24 15:37:35 - mmengine - INFO - Exp name: dynamic_rcnn_r50_fpn_solaqua_fish_80e_pretrained_20260324_152805
2026/03/24 15:37:35 - mmengine - INFO - Epoch(train) [44][16/16]  lr: 2.0000e-02  eta: 0:06:59  time: 0.6897  data_time: 0.0405  memory: 11393  loss: 0.0661  loss_rpn_cls: 0.0005  loss_rpn_bbox: 0.0073  loss_cls: 0.0347  acc: 99.1016  loss_bbox: 0.0236
2026/03/24 15:37:37 - mmengine - INFO - Evaluating bbox...
2026/03/24 15:37:37 - mmengine - INFO - bbox_mAP_copypaste: 0.723 0.946 0.856 -1.000 0.463 0.747
2026/03/24 15:37:37 - mmengine - INFO - Epoch(val) [44][31/31]    coco/bbox_mAP: 0.7230  coco/bbox_mAP_50: 0.9460  coco/bbox_mAP_75: 0.8560  coco/bbox_mAP_s: -1.0000  coco/bbox_mAP_m: 0.4630  coco/bbox_mAP_l: 0.7470  data_time: 0.0059  time: 0.0502
2026/03/24 15:37:49 - mmengine - INFO - Exp name: dynamic_rcnn_r50_fpn_solaqua_fish_80e_pretrained_20260324_152805
2026/03/24 15:37:49 - mmengine - INFO - Epoch(train) [45][16/16]  lr: 2.0000e-02  eta: 0:06:47  time: 0.6946  data_time: 0.0398  memory: 11388  loss: 0.0681  loss_rpn_cls: 0.0005  loss_rpn_bbox: 0.0074  loss_cls: 0.0347  acc: 98.7109  loss_bbox: 0.0255
2026/03/24 15:37:59 - mmengine - INFO - Exp name: dynamic_rcnn_r50_fpn_solaqua_fish_80e_pretrained_20260324_152805
2026/03/24 15:37:59 - mmengine - INFO - Epoch(train) [46][16/16]  lr: 2.0000e-02  eta: 0:06:35  time: 0.6934  data_time: 0.0445  memory: 11373  loss: 0.0689  loss_rpn_cls: 0.0005  loss_rpn_bbox: 0.0075  loss_cls: 0.0344  acc: 98.7109  loss_bbox: 0.0265
2026/03/24 15:38:01 - mmengine - INFO - Evaluating bbox...
2026/03/24 15:38:01 - mmengine - INFO - bbox_mAP_copypaste: 0.731 0.954 0.849 -1.000 0.470 0.756
2026/03/24 15:38:01 - mmengine - INFO - Epoch(val) [46][31/31]    coco/bbox_mAP: 0.7310  coco/bbox_mAP_50: 0.9540  coco/bbox_mAP_75: 0.8490  coco/bbox_mAP_s: -1.0000  coco/bbox_mAP_m: 0.4700  coco/bbox_mAP_l: 0.7560  data_time: 0.0069  time: 0.0511
2026/03/24 15:38:01 - mmengine - INFO - The previous best checkpoint /workspace/aquaculture-perception/runs/mmdet/solaqua_fish/dynamic_rcnn_r50_fpn_solaqua_fish_80e_pretrained/best_coco_bbox_mAP_epoch_24.pth is removed
2026/03/24 15:38:02 - mmengine - INFO - The best checkpoint with 0.7310 coco/bbox_mAP at 46 epoch is saved to best_coco_bbox_mAP_epoch_46.pth.
2026/03/24 15:38:13 - mmengine - INFO - Exp name: dynamic_rcnn_r50_fpn_solaqua_fish_80e_pretrained_20260324_152805
2026/03/24 15:38:13 - mmengine - INFO - Epoch(train) [47][16/16]  lr: 2.0000e-02  eta: 0:06:23  time: 0.6926  data_time: 0.0430  memory: 11377  loss: 0.0714  loss_rpn_cls: 0.0005  loss_rpn_bbox: 0.0077  loss_cls: 0.0350  acc: 98.3750  loss_bbox: 0.0282
2026/03/24 15:38:24 - mmengine - INFO - Exp name: dynamic_rcnn_r50_fpn_solaqua_fish_80e_pretrained_20260324_152805
2026/03/24 15:38:24 - mmengine - INFO - Epoch(train) [48][16/16]  lr: 2.0000e-02  eta: 0:06:11  time: 0.6867  data_time: 0.0461  memory: 11381  loss: 0.0689  loss_rpn_cls: 0.0005  loss_rpn_bbox: 0.0075  loss_cls: 0.0344  acc: 98.8516  loss_bbox: 0.0265
2026/03/24 15:38:26 - mmengine - INFO - Evaluating bbox...
2026/03/24 15:38:26 - mmengine - INFO - bbox_mAP_copypaste: 0.718 0.944 0.827 -1.000 0.437 0.744
2026/03/24 15:38:26 - mmengine - INFO - Epoch(val) [48][31/31]    coco/bbox_mAP: 0.7180  coco/bbox_mAP_50: 0.9440  coco/bbox_mAP_75: 0.8270  coco/bbox_mAP_s: -1.0000  coco/bbox_mAP_m: 0.4370  coco/bbox_mAP_l: 0.7440  data_time: 0.0065  time: 0.0502
2026/03/24 15:38:37 - mmengine - INFO - Exp name: dynamic_rcnn_r50_fpn_solaqua_fish_80e_pretrained_20260324_152805
2026/03/24 15:38:37 - mmengine - INFO - Epoch(train) [49][16/16]  lr: 2.0000e-02  eta: 0:05:59  time: 0.6939  data_time: 0.0431  memory: 11374  loss: 0.0650  loss_rpn_cls: 0.0005  loss_rpn_bbox: 0.0071  loss_cls: 0.0329  acc: 98.6719  loss_bbox: 0.0245
2026/03/24 15:38:49 - mmengine - INFO - Exp name: dynamic_rcnn_r50_fpn_solaqua_fish_80e_pretrained_20260324_152805
2026/03/24 15:38:49 - mmengine - INFO - Epoch(train) [50][16/16]  lr: 2.0000e-02  eta: 0:05:47  time: 0.6954  data_time: 0.0444  memory: 11391  loss: 0.0614  loss_rpn_cls: 0.0005  loss_rpn_bbox: 0.0069  loss_cls: 0.0319  acc: 98.7891  loss_bbox: 0.0221
2026/03/24 15:38:50 - mmengine - INFO - Evaluating bbox...
2026/03/24 15:38:50 - mmengine - INFO - bbox_mAP_copypaste: 0.716 0.944 0.841 -1.000 0.451 0.739
2026/03/24 15:38:50 - mmengine - INFO - Epoch(val) [50][31/31]    coco/bbox_mAP: 0.7160  coco/bbox_mAP_50: 0.9440  coco/bbox_mAP_75: 0.8410  coco/bbox_mAP_s: -1.0000  coco/bbox_mAP_m: 0.4510  coco/bbox_mAP_l: 0.7390  data_time: 0.0063  time: 0.0496
2026/03/24 15:39:02 - mmengine - INFO - Exp name: dynamic_rcnn_r50_fpn_solaqua_fish_80e_pretrained_20260324_152805
2026/03/24 15:39:02 - mmengine - INFO - Epoch(train) [51][16/16]  lr: 2.0000e-02  eta: 0:05:35  time: 0.7010  data_time: 0.0464  memory: 11369  loss: 0.0609  loss_rpn_cls: 0.0004  loss_rpn_bbox: 0.0068  loss_cls: 0.0317  acc: 98.9375  loss_bbox: 0.0220
2026/03/24 15:39:13 - mmengine - INFO - Exp name: dynamic_rcnn_r50_fpn_solaqua_fish_80e_pretrained_20260324_152805
2026/03/24 15:39:13 - mmengine - INFO - Epoch(train) [52][16/16]  lr: 2.0000e-02  eta: 0:05:24  time: 0.6992  data_time: 0.0457  memory: 11384  loss: 0.0603  loss_rpn_cls: 0.0005  loss_rpn_bbox: 0.0067  loss_cls: 0.0315  acc: 98.6953  loss_bbox: 0.0216
2026/03/24 15:39:14 - mmengine - INFO - Evaluating bbox...
2026/03/24 15:39:15 - mmengine - INFO - bbox_mAP_copypaste: 0.730 0.952 0.831 -1.000 0.455 0.756
2026/03/24 15:39:15 - mmengine - INFO - Epoch(val) [52][31/31]    coco/bbox_mAP: 0.7300  coco/bbox_mAP_50: 0.9520  coco/bbox_mAP_75: 0.8310  coco/bbox_mAP_s: -1.0000  coco/bbox_mAP_m: 0.4550  coco/bbox_mAP_l: 0.7560  data_time: 0.0064  time: 0.0501
2026/03/24 15:39:26 - mmengine - INFO - Exp name: dynamic_rcnn_r50_fpn_solaqua_fish_80e_pretrained_20260324_152805
2026/03/24 15:39:26 - mmengine - INFO - Epoch(train) [53][16/16]  lr: 2.0000e-02  eta: 0:05:12  time: 0.6909  data_time: 0.0411  memory: 11372  loss: 0.0602  loss_rpn_cls: 0.0005  loss_rpn_bbox: 0.0067  loss_cls: 0.0311  acc: 98.8047  loss_bbox: 0.0219
2026/03/24 15:39:36 - mmengine - INFO - Exp name: dynamic_rcnn_r50_fpn_solaqua_fish_80e_pretrained_20260324_152805
2026/03/24 15:39:36 - mmengine - INFO - Epoch(train) [54][16/16]  lr: 2.0000e-03  eta: 0:05:00  time: 0.6850  data_time: 0.0334  memory: 11379  loss: 0.0568  loss_rpn_cls: 0.0004  loss_rpn_bbox: 0.0064  loss_cls: 0.0298  acc: 98.6172  loss_bbox: 0.0201
2026/03/24 15:39:38 - mmengine - INFO - Evaluating bbox...
2026/03/24 15:39:38 - mmengine - INFO - bbox_mAP_copypaste: 0.733 0.954 0.851 -1.000 0.466 0.758
2026/03/24 15:39:38 - mmengine - INFO - Epoch(val) [54][31/31]    coco/bbox_mAP: 0.7330  coco/bbox_mAP_50: 0.9540  coco/bbox_mAP_75: 0.8510  coco/bbox_mAP_s: -1.0000  coco/bbox_mAP_m: 0.4660  coco/bbox_mAP_l: 0.7580  data_time: 0.0062  time: 0.0501
2026/03/24 15:39:38 - mmengine - INFO - The previous best checkpoint /workspace/aquaculture-perception/runs/mmdet/solaqua_fish/dynamic_rcnn_r50_fpn_solaqua_fish_80e_pretrained/best_coco_bbox_mAP_epoch_46.pth is removed
2026/03/24 15:39:39 - mmengine - INFO - The best checkpoint with 0.7330 coco/bbox_mAP at 54 epoch is saved to best_coco_bbox_mAP_epoch_54.pth.
2026/03/24 15:39:50 - mmengine - INFO - Exp name: dynamic_rcnn_r50_fpn_solaqua_fish_80e_pretrained_20260324_152805
2026/03/24 15:39:50 - mmengine - INFO - Epoch(train) [55][16/16]  lr: 2.0000e-03  eta: 0:04:48  time: 0.6869  data_time: 0.0347  memory: 11387  loss: 0.0525  loss_rpn_cls: 0.0004  loss_rpn_bbox: 0.0060  loss_cls: 0.0283  acc: 99.0469  loss_bbox: 0.0179
2026/03/24 15:40:02 - mmengine - INFO - Exp name: dynamic_rcnn_r50_fpn_solaqua_fish_80e_pretrained_20260324_152805
2026/03/24 15:40:02 - mmengine - INFO - Epoch(train) [56][16/16]  lr: 2.0000e-03  eta: 0:04:37  time: 0.6986  data_time: 0.0414  memory: 11381  loss: 0.0483  loss_rpn_cls: 0.0004  loss_rpn_bbox: 0.0055  loss_cls: 0.0271  acc: 99.0938  loss_bbox: 0.0152
2026/03/24 15:40:04 - mmengine - INFO - Evaluating bbox...
2026/03/24 15:40:04 - mmengine - INFO - bbox_mAP_copypaste: 0.735 0.954 0.849 -1.000 0.457 0.760
2026/03/24 15:40:04 - mmengine - INFO - Epoch(val) [56][31/31]    coco/bbox_mAP: 0.7350  coco/bbox_mAP_50: 0.9540  coco/bbox_mAP_75: 0.8490  coco/bbox_mAP_s: -1.0000  coco/bbox_mAP_m: 0.4570  coco/bbox_mAP_l: 0.7600  data_time: 0.0068  time: 0.0518
2026/03/24 15:40:04 - mmengine - INFO - The previous best checkpoint /workspace/aquaculture-perception/runs/mmdet/solaqua_fish/dynamic_rcnn_r50_fpn_solaqua_fish_80e_pretrained/best_coco_bbox_mAP_epoch_54.pth is removed
2026/03/24 15:40:05 - mmengine - INFO - The best checkpoint with 0.7350 coco/bbox_mAP at 56 epoch is saved to best_coco_bbox_mAP_epoch_56.pth.
2026/03/24 15:40:16 - mmengine - INFO - Exp name: dynamic_rcnn_r50_fpn_solaqua_fish_80e_pretrained_20260324_152805
2026/03/24 15:40:16 - mmengine - INFO - Epoch(train) [57][16/16]  lr: 2.0000e-03  eta: 0:04:25  time: 0.7155  data_time: 0.0442  memory: 11382  loss: 0.0451  loss_rpn_cls: 0.0004  loss_rpn_bbox: 0.0053  loss_cls: 0.0261  acc: 98.9766  loss_bbox: 0.0134
2026/03/24 15:40:28 - mmengine - INFO - Exp name: dynamic_rcnn_r50_fpn_solaqua_fish_80e_pretrained_20260324_152805
2026/03/24 15:40:28 - mmengine - INFO - Epoch(train) [58][16/16]  lr: 2.0000e-03  eta: 0:04:14  time: 0.7187  data_time: 0.0409  memory: 11387  loss: 0.0438  loss_rpn_cls: 0.0004  loss_rpn_bbox: 0.0052  loss_cls: 0.0255  acc: 98.9297  loss_bbox: 0.0127
2026/03/24 15:40:29 - mmengine - INFO - Evaluating bbox...
2026/03/24 15:40:29 - mmengine - INFO - bbox_mAP_copypaste: 0.731 0.954 0.850 -1.000 0.458 0.755
2026/03/24 15:40:29 - mmengine - INFO - Epoch(val) [58][31/31]    coco/bbox_mAP: 0.7310  coco/bbox_mAP_50: 0.9540  coco/bbox_mAP_75: 0.8500  coco/bbox_mAP_s: -1.0000  coco/bbox_mAP_m: 0.4580  coco/bbox_mAP_l: 0.7550  data_time: 0.0063  time: 0.0511
2026/03/24 15:40:41 - mmengine - INFO - Exp name: dynamic_rcnn_r50_fpn_solaqua_fish_80e_pretrained_20260324_152805
2026/03/24 15:40:41 - mmengine - INFO - Epoch(train) [59][16/16]  lr: 2.0000e-03  eta: 0:04:02  time: 0.7230  data_time: 0.0422  memory: 11379  loss: 0.0424  loss_rpn_cls: 0.0003  loss_rpn_bbox: 0.0051  loss_cls: 0.0248  acc: 99.0703  loss_bbox: 0.0122
2026/03/24 15:40:53 - mmengine - INFO - Exp name: dynamic_rcnn_r50_fpn_solaqua_fish_80e_pretrained_20260324_152805
2026/03/24 15:40:53 - mmengine - INFO - Epoch(train) [60][16/16]  lr: 2.0000e-03  eta: 0:03:51  time: 0.7232  data_time: 0.0458  memory: 11381  loss: 0.0419  loss_rpn_cls: 0.0003  loss_rpn_bbox: 0.0051  loss_cls: 0.0246  acc: 99.2656  loss_bbox: 0.0120
2026/03/24 15:40:55 - mmengine - INFO - Evaluating bbox...
2026/03/24 15:40:55 - mmengine - INFO - bbox_mAP_copypaste: 0.729 0.954 0.850 -1.000 0.466 0.753
2026/03/24 15:40:55 - mmengine - INFO - Epoch(val) [60][31/31]    coco/bbox_mAP: 0.7290  coco/bbox_mAP_50: 0.9540  coco/bbox_mAP_75: 0.8500  coco/bbox_mAP_s: -1.0000  coco/bbox_mAP_m: 0.4660  coco/bbox_mAP_l: 0.7530  data_time: 0.0068  time: 0.0519
2026/03/24 15:41:06 - mmengine - INFO - Exp name: dynamic_rcnn_r50_fpn_solaqua_fish_80e_pretrained_20260324_152805
2026/03/24 15:41:06 - mmengine - INFO - Epoch(train) [61][16/16]  lr: 2.0000e-03  eta: 0:03:39  time: 0.7286  data_time: 0.0498  memory: 11380  loss: 0.0410  loss_rpn_cls: 0.0003  loss_rpn_bbox: 0.0050  loss_cls: 0.0241  acc: 99.0467  loss_bbox: 0.0116
2026/03/24 15:41:18 - mmengine - INFO - Exp name: dynamic_rcnn_r50_fpn_solaqua_fish_80e_pretrained_20260324_152805
2026/03/24 15:41:18 - mmengine - INFO - Epoch(train) [62][16/16]  lr: 2.0000e-03  eta: 0:03:28  time: 0.7266  data_time: 0.0472  memory: 11381  loss: 0.0410  loss_rpn_cls: 0.0003  loss_rpn_bbox: 0.0050  loss_cls: 0.0242  acc: 98.9531  loss_bbox: 0.0115
2026/03/24 15:41:20 - mmengine - INFO - Evaluating bbox...
2026/03/24 15:41:20 - mmengine - INFO - bbox_mAP_copypaste: 0.724 0.945 0.850 -1.000 0.453 0.748
2026/03/24 15:41:20 - mmengine - INFO - Epoch(val) [62][31/31]    coco/bbox_mAP: 0.7240  coco/bbox_mAP_50: 0.9450  coco/bbox_mAP_75: 0.8500  coco/bbox_mAP_s: -1.0000  coco/bbox_mAP_m: 0.4530  coco/bbox_mAP_l: 0.7480  data_time: 0.0066  time: 0.0516
2026/03/24 15:41:27 - mmengine - INFO - Exp name: dynamic_rcnn_r50_fpn_solaqua_fish_80e_pretrained_20260324_152805
2026/03/24 15:41:32 - mmengine - INFO - Exp name: dynamic_rcnn_r50_fpn_solaqua_fish_80e_pretrained_20260324_152805
2026/03/24 15:41:32 - mmengine - INFO - Epoch(train) [63][16/16]  lr: 2.0000e-03  eta: 0:03:16  time: 0.7320  data_time: 0.0475  memory: 11396  loss: 0.0402  loss_rpn_cls: 0.0003  loss_rpn_bbox: 0.0050  loss_cls: 0.0236  acc: 99.0703  loss_bbox: 0.0113
2026/03/24 15:41:43 - mmengine - INFO - Exp name: dynamic_rcnn_r50_fpn_solaqua_fish_80e_pretrained_20260324_152805
2026/03/24 15:41:43 - mmengine - INFO - Epoch(train) [64][16/16]  lr: 2.0000e-03  eta: 0:03:05  time: 0.7231  data_time: 0.0488  memory: 11387  loss: 0.0397  loss_rpn_cls: 0.0003  loss_rpn_bbox: 0.0050  loss_cls: 0.0232  acc: 99.0859  loss_bbox: 0.0112
2026/03/24 15:41:45 - mmengine - INFO - Evaluating bbox...
2026/03/24 15:41:45 - mmengine - INFO - bbox_mAP_copypaste: 0.725 0.954 0.838 -1.000 0.459 0.749
2026/03/24 15:41:45 - mmengine - INFO - Epoch(val) [64][31/31]    coco/bbox_mAP: 0.7250  coco/bbox_mAP_50: 0.9540  coco/bbox_mAP_75: 0.8380  coco/bbox_mAP_s: -1.0000  coco/bbox_mAP_m: 0.4590  coco/bbox_mAP_l: 0.7490  data_time: 0.0067  time: 0.0511
2026/03/24 15:41:57 - mmengine - INFO - Exp name: dynamic_rcnn_r50_fpn_solaqua_fish_80e_pretrained_20260324_152805
2026/03/24 15:41:57 - mmengine - INFO - Epoch(train) [65][16/16]  lr: 2.0000e-03  eta: 0:02:53  time: 0.7231  data_time: 0.0466  memory: 11399  loss: 0.0394  loss_rpn_cls: 0.0003  loss_rpn_bbox: 0.0050  loss_cls: 0.0229  acc: 99.1953  loss_bbox: 0.0112
2026/03/24 15:42:08 - mmengine - INFO - Exp name: dynamic_rcnn_r50_fpn_solaqua_fish_80e_pretrained_20260324_152805
2026/03/24 15:42:08 - mmengine - INFO - Epoch(train) [66][16/16]  lr: 2.0000e-03  eta: 0:02:41  time: 0.7171  data_time: 0.0473  memory: 11387  loss: 0.0393  loss_rpn_cls: 0.0003  loss_rpn_bbox: 0.0050  loss_cls: 0.0229  acc: 99.0156  loss_bbox: 0.0111
2026/03/24 15:42:10 - mmengine - INFO - Evaluating bbox...
2026/03/24 15:42:10 - mmengine - INFO - bbox_mAP_copypaste: 0.724 0.945 0.839 -1.000 0.459 0.747
2026/03/24 15:42:10 - mmengine - INFO - Epoch(val) [66][31/31]    coco/bbox_mAP: 0.7240  coco/bbox_mAP_50: 0.9450  coco/bbox_mAP_75: 0.8390  coco/bbox_mAP_s: -1.0000  coco/bbox_mAP_m: 0.4590  coco/bbox_mAP_l: 0.7470  data_time: 0.0064  time: 0.0508
2026/03/24 15:42:22 - mmengine - INFO - Exp name: dynamic_rcnn_r50_fpn_solaqua_fish_80e_pretrained_20260324_152805
2026/03/24 15:42:22 - mmengine - INFO - Epoch(train) [67][16/16]  lr: 2.0000e-03  eta: 0:02:30  time: 0.7273  data_time: 0.0444  memory: 11380  loss: 0.0389  loss_rpn_cls: 0.0003  loss_rpn_bbox: 0.0049  loss_cls: 0.0228  acc: 98.9844  loss_bbox: 0.0110
2026/03/24 15:42:34 - mmengine - INFO - Exp name: dynamic_rcnn_r50_fpn_solaqua_fish_80e_pretrained_20260324_152805
2026/03/24 15:42:34 - mmengine - INFO - Epoch(train) [68][16/16]  lr: 2.0000e-03  eta: 0:02:18  time: 0.7317  data_time: 0.0483  memory: 11387  loss: 0.0383  loss_rpn_cls: 0.0003  loss_rpn_bbox: 0.0048  loss_cls: 0.0224  acc: 99.0391  loss_bbox: 0.0107
2026/03/24 15:42:35 - mmengine - INFO - Evaluating bbox...
2026/03/24 15:42:36 - mmengine - INFO - bbox_mAP_copypaste: 0.724 0.945 0.843 -1.000 0.460 0.747
2026/03/24 15:42:36 - mmengine - INFO - Epoch(val) [68][31/31]    coco/bbox_mAP: 0.7240  coco/bbox_mAP_50: 0.9450  coco/bbox_mAP_75: 0.8430  coco/bbox_mAP_s: -1.0000  coco/bbox_mAP_m: 0.4600  coco/bbox_mAP_l: 0.7470  data_time: 0.0064  time: 0.0497
2026/03/24 15:42:47 - mmengine - INFO - Exp name: dynamic_rcnn_r50_fpn_solaqua_fish_80e_pretrained_20260324_152805
2026/03/24 15:42:47 - mmengine - INFO - Epoch(train) [69][16/16]  lr: 2.0000e-03  eta: 0:02:07  time: 0.7286  data_time: 0.0414  memory: 11394  loss: 0.0388  loss_rpn_cls: 0.0003  loss_rpn_bbox: 0.0049  loss_cls: 0.0227  acc: 99.0000  loss_bbox: 0.0109
2026/03/24 15:42:59 - mmengine - INFO - Exp name: dynamic_rcnn_r50_fpn_solaqua_fish_80e_pretrained_20260324_152805
2026/03/24 15:42:59 - mmengine - INFO - Epoch(train) [70][16/16]  lr: 2.0000e-03  eta: 0:01:55  time: 0.7201  data_time: 0.0439  memory: 11380  loss: 0.0380  loss_rpn_cls: 0.0003  loss_rpn_bbox: 0.0049  loss_cls: 0.0223  acc: 99.1094  loss_bbox: 0.0106
2026/03/24 15:43:00 - mmengine - INFO - Evaluating bbox...
2026/03/24 15:43:00 - mmengine - INFO - bbox_mAP_copypaste: 0.723 0.945 0.842 -1.000 0.455 0.747
2026/03/24 15:43:00 - mmengine - INFO - Epoch(val) [70][31/31]    coco/bbox_mAP: 0.7230  coco/bbox_mAP_50: 0.9450  coco/bbox_mAP_75: 0.8420  coco/bbox_mAP_s: -1.0000  coco/bbox_mAP_m: 0.4550  coco/bbox_mAP_l: 0.7470  data_time: 0.0067  time: 0.0511
2026/03/24 15:43:12 - mmengine - INFO - Exp name: dynamic_rcnn_r50_fpn_solaqua_fish_80e_pretrained_20260324_152805
2026/03/24 15:43:12 - mmengine - INFO - Epoch(train) [71][16/16]  lr: 2.0000e-03  eta: 0:01:44  time: 0.7156  data_time: 0.0411  memory: 11386  loss: 0.0378  loss_rpn_cls: 0.0003  loss_rpn_bbox: 0.0048  loss_cls: 0.0222  acc: 99.0078  loss_bbox: 0.0105
2026/03/24 15:43:24 - mmengine - INFO - Exp name: dynamic_rcnn_r50_fpn_solaqua_fish_80e_pretrained_20260324_152805
2026/03/24 15:43:24 - mmengine - INFO - Epoch(train) [72][16/16]  lr: 2.0000e-03  eta: 0:01:32  time: 0.7216  data_time: 0.0523  memory: 11383  loss: 0.0377  loss_rpn_cls: 0.0003  loss_rpn_bbox: 0.0048  loss_cls: 0.0221  acc: 99.0078  loss_bbox: 0.0105
2026/03/24 15:43:25 - mmengine - INFO - Evaluating bbox...
2026/03/24 15:43:26 - mmengine - INFO - bbox_mAP_copypaste: 0.725 0.945 0.842 -1.000 0.460 0.749
2026/03/24 15:43:26 - mmengine - INFO - Epoch(val) [72][31/31]    coco/bbox_mAP: 0.7250  coco/bbox_mAP_50: 0.9450  coco/bbox_mAP_75: 0.8420  coco/bbox_mAP_s: -1.0000  coco/bbox_mAP_m: 0.4600  coco/bbox_mAP_l: 0.7490  data_time: 0.0068  time: 0.0518
2026/03/24 15:43:37 - mmengine - INFO - Exp name: dynamic_rcnn_r50_fpn_solaqua_fish_80e_pretrained_20260324_152805
2026/03/24 15:43:37 - mmengine - INFO - Epoch(train) [73][16/16]  lr: 2.0000e-03  eta: 0:01:21  time: 0.7263  data_time: 0.0502  memory: 11387  loss: 0.0373  loss_rpn_cls: 0.0003  loss_rpn_bbox: 0.0048  loss_cls: 0.0217  acc: 99.1719  loss_bbox: 0.0105
2026/03/24 15:43:49 - mmengine - INFO - Exp name: dynamic_rcnn_r50_fpn_solaqua_fish_80e_pretrained_20260324_152805
2026/03/24 15:43:49 - mmengine - INFO - Epoch(train) [74][16/16]  lr: 2.0000e-04  eta: 0:01:09  time: 0.7317  data_time: 0.0573  memory: 11379  loss: 0.0367  loss_rpn_cls: 0.0002  loss_rpn_bbox: 0.0048  loss_cls: 0.0214  acc: 99.2266  loss_bbox: 0.0103
2026/03/24 15:43:51 - mmengine - INFO - Evaluating bbox...
2026/03/24 15:43:51 - mmengine - INFO - bbox_mAP_copypaste: 0.723 0.945 0.843 -1.000 0.457 0.748
2026/03/24 15:43:51 - mmengine - INFO - Epoch(val) [74][31/31]    coco/bbox_mAP: 0.7230  coco/bbox_mAP_50: 0.9450  coco/bbox_mAP_75: 0.8430  coco/bbox_mAP_s: -1.0000  coco/bbox_mAP_m: 0.4570  coco/bbox_mAP_l: 0.7480  data_time: 0.0060  time: 0.0500
2026/03/24 15:44:02 - mmengine - INFO - Exp name: dynamic_rcnn_r50_fpn_solaqua_fish_80e_pretrained_20260324_152805
2026/03/24 15:44:02 - mmengine - INFO - Epoch(train) [75][16/16]  lr: 2.0000e-04  eta: 0:00:57  time: 0.7245  data_time: 0.0464  memory: 11390  loss: 0.0369  loss_rpn_cls: 0.0003  loss_rpn_bbox: 0.0048  loss_cls: 0.0215  acc: 99.2812  loss_bbox: 0.0103
2026/03/24 15:44:14 - mmengine - INFO - Exp name: dynamic_rcnn_r50_fpn_solaqua_fish_80e_pretrained_20260324_152805
2026/03/24 15:44:14 - mmengine - INFO - Epoch(train) [76][16/16]  lr: 2.0000e-04  eta: 0:00:46  time: 0.7291  data_time: 0.0497  memory: 11379  loss: 0.0367  loss_rpn_cls: 0.0003  loss_rpn_bbox: 0.0048  loss_cls: 0.0214  acc: 99.1406  loss_bbox: 0.0102
2026/03/24 15:44:16 - mmengine - INFO - Evaluating bbox...
2026/03/24 15:44:16 - mmengine - INFO - bbox_mAP_copypaste: 0.723 0.945 0.842 -1.000 0.459 0.748
2026/03/24 15:44:16 - mmengine - INFO - Epoch(val) [76][31/31]    coco/bbox_mAP: 0.7230  coco/bbox_mAP_50: 0.9450  coco/bbox_mAP_75: 0.8420  coco/bbox_mAP_s: -1.0000  coco/bbox_mAP_m: 0.4590  coco/bbox_mAP_l: 0.7480  data_time: 0.0063  time: 0.0505
2026/03/24 15:44:27 - mmengine - INFO - Exp name: dynamic_rcnn_r50_fpn_solaqua_fish_80e_pretrained_20260324_152805
2026/03/24 15:44:27 - mmengine - INFO - Epoch(train) [77][16/16]  lr: 2.0000e-04  eta: 0:00:34  time: 0.7214  data_time: 0.0446  memory: 11391  loss: 0.0364  loss_rpn_cls: 0.0003  loss_rpn_bbox: 0.0047  loss_cls: 0.0212  acc: 99.2188  loss_bbox: 0.0101
2026/03/24 15:44:39 - mmengine - INFO - Exp name: dynamic_rcnn_r50_fpn_solaqua_fish_80e_pretrained_20260324_152805
2026/03/24 15:44:39 - mmengine - INFO - Epoch(train) [78][16/16]  lr: 2.0000e-04  eta: 0:00:23  time: 0.7226  data_time: 0.0459  memory: 11398  loss: 0.0363  loss_rpn_cls: 0.0002  loss_rpn_bbox: 0.0047  loss_cls: 0.0211  acc: 98.9688  loss_bbox: 0.0101
2026/03/24 15:44:41 - mmengine - INFO - Evaluating bbox...
2026/03/24 15:44:41 - mmengine - INFO - bbox_mAP_copypaste: 0.724 0.945 0.842 -1.000 0.459 0.748
2026/03/24 15:44:41 - mmengine - INFO - Epoch(val) [78][31/31]    coco/bbox_mAP: 0.7240  coco/bbox_mAP_50: 0.9450  coco/bbox_mAP_75: 0.8420  coco/bbox_mAP_s: -1.0000  coco/bbox_mAP_m: 0.4590  coco/bbox_mAP_l: 0.7480  data_time: 0.0068  time: 0.0510
2026/03/24 15:44:53 - mmengine - INFO - Exp name: dynamic_rcnn_r50_fpn_solaqua_fish_80e_pretrained_20260324_152805
2026/03/24 15:44:53 - mmengine - INFO - Epoch(train) [79][16/16]  lr: 2.0000e-04  eta: 0:00:11  time: 0.7250  data_time: 0.0511  memory: 11386  loss: 0.0366  loss_rpn_cls: 0.0002  loss_rpn_bbox: 0.0048  loss_cls: 0.0213  acc: 99.2812  loss_bbox: 0.0102
2026/03/24 15:45:05 - mmengine - INFO - Exp name: dynamic_rcnn_r50_fpn_solaqua_fish_80e_pretrained_20260324_152805
2026/03/24 15:45:05 - mmengine - INFO - Epoch(train) [80][16/16]  lr: 2.0000e-04  eta: 0:00:00  time: 0.7327  data_time: 0.0521  memory: 11386  loss: 0.0366  loss_rpn_cls: 0.0003  loss_rpn_bbox: 0.0048  loss_cls: 0.0213  acc: 99.1953  loss_bbox: 0.0103
2026/03/24 15:45:05 - mmengine - INFO - Saving checkpoint at 80 epochs
2026/03/24 15:45:08 - mmengine - INFO - Evaluating bbox...
2026/03/24 15:45:08 - mmengine - INFO - bbox_mAP_copypaste: 0.724 0.945 0.842 -1.000 0.459 0.749
2026/03/24 15:45:08 - mmengine - INFO - Epoch(val) [80][31/31]    coco/bbox_mAP: 0.7240  coco/bbox_mAP_50: 0.9450  coco/bbox_mAP_75: 0.8420  coco/bbox_mAP_s: -1.0000  coco/bbox_mAP_m: 0.4590  coco/bbox_mAP_l: 0.7490  data_time: 0.0074  time: 0.0533
