2026/03/28 16:59:30 - mmengine - INFO - 
------------------------------------------------------------
System environment:
    sys.platform: linux
    Python: 3.11.10 (main, Sep  7 2024, 18:35:41) [GCC 11.4.0]
    CUDA available: True
    MUSA available: False
    numpy_random_seed: 0
    GPU 0: NVIDIA A100-SXM4-80GB
    CUDA_HOME: /usr/local/cuda
    NVCC: Cuda compilation tools, release 12.4, V12.4.131
    GCC: x86_64-linux-gnu-gcc (Ubuntu 11.4.0-1ubuntu1~22.04) 11.4.0
    PyTorch: 2.1.0+cu121
    PyTorch compiling details: PyTorch built with:
  - GCC 9.3
  - C++ Version: 201703
  - Intel(R) oneAPI Math Kernel Library Version 2022.2-Product Build 20220804 for Intel(R) 64 architecture applications
  - Intel(R) MKL-DNN v3.1.1 (Git Hash 64f6bcbcbab628e96f33a62c3e975f8535a7bde4)
  - OpenMP 201511 (a.k.a. OpenMP 4.5)
  - LAPACK is enabled (usually provided by MKL)
  - NNPACK is enabled
  - CPU capability usage: AVX2
  - CUDA Runtime 12.1
  - NVCC architecture flags: -gencode;arch=compute_50,code=sm_50;-gencode;arch=compute_60,code=sm_60;-gencode;arch=compute_70,code=sm_70;-gencode;arch=compute_75,code=sm_75;-gencode;arch=compute_80,code=sm_80;-gencode;arch=compute_86,code=sm_86;-gencode;arch=compute_90,code=sm_90
  - CuDNN 8.9.2
  - Magma 2.6.1
  - Build settings: BLAS_INFO=mkl, BUILD_TYPE=Release, CUDA_VERSION=12.1, CUDNN_VERSION=8.9.2, CXX_COMPILER=/opt/rh/devtoolset-9/root/usr/bin/c++, CXX_FLAGS= -D_GLIBCXX_USE_CXX11_ABI=0 -fabi-version=11 -fvisibility-inlines-hidden -DUSE_PTHREADPOOL -DNDEBUG -DUSE_KINETO -DLIBKINETO_NOROCTRACER -DUSE_FBGEMM -DUSE_QNNPACK -DUSE_PYTORCH_QNNPACK -DUSE_XNNPACK -DSYMBOLICATE_MOBILE_DEBUG_HANDLE -O2 -fPIC -Wall -Wextra -Werror=return-type -Werror=non-virtual-dtor -Werror=bool-operation -Wnarrowing -Wno-missing-field-initializers -Wno-type-limits -Wno-array-bounds -Wno-unknown-pragmas -Wno-unused-parameter -Wno-unused-function -Wno-unused-result -Wno-strict-overflow -Wno-strict-aliasing -Wno-stringop-overflow -Wno-psabi -Wno-error=pedantic -Wno-error=old-style-cast -Wno-invalid-partial-specialization -Wno-unused-private-field -Wno-aligned-allocation-unavailable -Wno-missing-braces -fdiagnostics-color=always -faligned-new -Wno-unused-but-set-variable -Wno-maybe-uninitialized -fno-math-errno -fno-trapping-math -Werror=format -Werror=cast-function-type -Wno-stringop-overflow, LAPACK_INFO=mkl, PERF_WITH_AVX=1, PERF_WITH_AVX2=1, PERF_WITH_AVX512=1, TORCH_DISABLE_GPU_ASSERTS=ON, TORCH_VERSION=2.1.0, USE_CUDA=ON, USE_CUDNN=ON, USE_EXCEPTION_PTR=1, USE_GFLAGS=OFF, USE_GLOG=OFF, USE_MKL=ON, USE_MKLDNN=ON, USE_MPI=OFF, USE_NCCL=1, USE_NNPACK=ON, USE_OPENMP=ON, USE_ROCM=OFF, 

    TorchVision: 0.16.0+cu121
    OpenCV: 4.11.0
    MMEngine: 0.10.7

Runtime environment:
    cudnn_benchmark: False
    mp_cfg: {'mp_start_method': 'fork', 'opencv_num_threads': 0}
    dist_cfg: {'backend': 'nccl'}
    seed: 0
    deterministic: False
    Distributed launcher: none
    Distributed training: False
    GPU number: 1
------------------------------------------------------------

2026/03/28 16:59:30 - mmengine - INFO - Config:
auto_scale_lr = dict(base_batch_size=16, enable=False)
backend_args = None
classes = (
    'holothurian',
    'echinus',
    'scallop',
    'starfish',
    'fish',
    'coral',
    'diver',
    'cuttlefish',
    'turtle',
    'jellyfish',
)
data_root = '../data-processing/vision/RUOD/processed/'
dataset_type = 'CocoDataset'
default_hooks = dict(
    checkpoint=dict(
        interval=-1,
        max_keep_ckpts=1,
        rule='greater',
        save_best='coco/bbox_mAP',
        save_last=True,
        type='CheckpointHook'),
    logger=dict(interval=50, type='LoggerHook'),
    param_scheduler=dict(type='ParamSchedulerHook'),
    sampler_seed=dict(type='DistSamplerSeedHook'),
    timer=dict(type='IterTimerHook'),
    visualization=dict(type='DetVisualizationHook'))
default_scope = 'mmdet'
env_cfg = dict(
    cudnn_benchmark=False,
    dist_cfg=dict(backend='nccl'),
    mp_cfg=dict(mp_start_method='fork', opencv_num_threads=0))
launcher = 'none'
load_from = '../runs/mmdet/ruod/faster_rcnn_r50_fpn_ruod_80e_pretrained/best_coco_bbox_mAP_epoch_56.pth'
log_level = 'INFO'
log_processor = dict(by_epoch=True, type='LogProcessor', window_size=50)
metainfo = dict(
    classes=(
        'holothurian',
        'echinus',
        'scallop',
        'starfish',
        'fish',
        'coral',
        'diver',
        'cuttlefish',
        'turtle',
        'jellyfish',
    ))
model = dict(
    backbone=dict(
        depth=50,
        frozen_stages=1,
        init_cfg=dict(checkpoint='torchvision://resnet50', type='Pretrained'),
        norm_cfg=dict(requires_grad=True, type='BN'),
        norm_eval=True,
        num_stages=4,
        out_indices=(
            0,
            1,
            2,
            3,
        ),
        style='pytorch',
        type='ResNet'),
    data_preprocessor=dict(
        bgr_to_rgb=True,
        mean=[
            123.675,
            116.28,
            103.53,
        ],
        pad_size_divisor=32,
        std=[
            58.395,
            57.12,
            57.375,
        ],
        type='DetDataPreprocessor'),
    neck=dict(
        in_channels=[
            256,
            512,
            1024,
            2048,
        ],
        num_outs=5,
        out_channels=256,
        type='FPN'),
    roi_head=dict(
        bbox_head=dict(
            bbox_coder=dict(
                target_means=[
                    0.0,
                    0.0,
                    0.0,
                    0.0,
                ],
                target_stds=[
                    0.1,
                    0.1,
                    0.2,
                    0.2,
                ],
                type='DeltaXYWHBBoxCoder'),
            fc_out_channels=1024,
            in_channels=256,
            loss_bbox=dict(loss_weight=1.0, type='L1Loss'),
            loss_cls=dict(
                loss_weight=1.0, type='CrossEntropyLoss', use_sigmoid=False),
            num_classes=10,
            reg_class_agnostic=False,
            roi_feat_size=7,
            type='Shared2FCBBoxHead'),
        bbox_roi_extractor=dict(
            featmap_strides=[
                4,
                8,
                16,
                32,
            ],
            out_channels=256,
            roi_layer=dict(output_size=7, sampling_ratio=0, type='RoIAlign'),
            type='SingleRoIExtractor'),
        type='StandardRoIHead'),
    rpn_head=dict(
        anchor_generator=dict(
            ratios=[
                0.5,
                1.0,
                2.0,
            ],
            scales=[
                8,
            ],
            strides=[
                4,
                8,
                16,
                32,
                64,
            ],
            type='AnchorGenerator'),
        bbox_coder=dict(
            target_means=[
                0.0,
                0.0,
                0.0,
                0.0,
            ],
            target_stds=[
                1.0,
                1.0,
                1.0,
                1.0,
            ],
            type='DeltaXYWHBBoxCoder'),
        feat_channels=256,
        in_channels=256,
        loss_bbox=dict(loss_weight=1.0, type='L1Loss'),
        loss_cls=dict(
            loss_weight=1.0, type='CrossEntropyLoss', use_sigmoid=True),
        type='RPNHead'),
    test_cfg=dict(
        rcnn=dict(
            max_per_img=100,
            nms=dict(iou_threshold=0.5, type='nms'),
            score_thr=0.05),
        rpn=dict(
            max_per_img=1000,
            min_bbox_size=0,
            nms=dict(iou_threshold=0.7, type='nms'),
            nms_pre=1000)),
    train_cfg=dict(
        rcnn=dict(
            assigner=dict(
                ignore_iof_thr=-1,
                match_low_quality=False,
                min_pos_iou=0.5,
                neg_iou_thr=0.5,
                pos_iou_thr=0.5,
                type='MaxIoUAssigner'),
            debug=False,
            pos_weight=-1,
            sampler=dict(
                add_gt_as_proposals=True,
                neg_pos_ub=-1,
                num=512,
                pos_fraction=0.25,
                type='RandomSampler')),
        rpn=dict(
            allowed_border=-1,
            assigner=dict(
                ignore_iof_thr=-1,
                match_low_quality=True,
                min_pos_iou=0.3,
                neg_iou_thr=0.3,
                pos_iou_thr=0.7,
                type='MaxIoUAssigner'),
            debug=False,
            pos_weight=-1,
            sampler=dict(
                add_gt_as_proposals=False,
                neg_pos_ub=-1,
                num=256,
                pos_fraction=0.5,
                type='RandomSampler')),
        rpn_proposal=dict(
            max_per_img=1000,
            min_bbox_size=0,
            nms=dict(iou_threshold=0.7, type='nms'),
            nms_pre=2000)),
    type='FasterRCNN')
num_classes = 10
optim_wrapper = dict(
    optimizer=dict(lr=0.02, momentum=0.9, type='SGD', weight_decay=0.0001),
    type='OptimWrapper')
param_scheduler = [
    dict(
        begin=0, by_epoch=False, end=500, start_factor=0.001, type='LinearLR'),
    dict(
        begin=0,
        by_epoch=True,
        end=80,
        gamma=0.1,
        milestones=[
            53,
            73,
        ],
        type='MultiStepLR'),
]
randomness = dict(deterministic=False, seed=0)
resume = False
test_cfg = dict(type='TestLoop')
test_dataloader = dict(
    batch_size=1,
    dataset=dict(
        ann_file='annotations/test.json',
        backend_args=None,
        data_prefix=dict(img='images/test/'),
        data_root='../data-processing/vision/RUOD/processed/',
        metainfo=dict(
            classes=(
                'holothurian',
                'echinus',
                'scallop',
                'starfish',
                'fish',
                'coral',
                'diver',
                'cuttlefish',
                'turtle',
                'jellyfish',
            )),
        pipeline=[
            dict(backend_args=None, type='LoadImageFromFile'),
            dict(keep_ratio=True, scale=(
                640,
                640,
            ), type='Resize'),
            dict(type='LoadAnnotations', with_bbox=True),
            dict(
                meta_keys=(
                    'img_id',
                    'img_path',
                    'ori_shape',
                    'img_shape',
                    'scale_factor',
                ),
                type='PackDetInputs'),
        ],
        test_mode=True,
        type='CocoDataset'),
    drop_last=False,
    num_workers=2,
    persistent_workers=True,
    sampler=dict(shuffle=False, type='DefaultSampler'))
test_evaluator = dict(
    ann_file='../data-processing/vision/RUOD/processed/annotations/test.json',
    backend_args=None,
    format_only=False,
    metric='bbox',
    type='CocoMetric')
test_pipeline = [
    dict(backend_args=None, type='LoadImageFromFile'),
    dict(keep_ratio=True, scale=(
        640,
        640,
    ), type='Resize'),
    dict(type='LoadAnnotations', with_bbox=True),
    dict(
        meta_keys=(
            'img_id',
            'img_path',
            'ori_shape',
            'img_shape',
            'scale_factor',
        ),
        type='PackDetInputs'),
]
train_cfg = dict(max_epochs=80, type='EpochBasedTrainLoop', val_interval=2)
train_dataloader = dict(
    batch_sampler=dict(type='AspectRatioBatchSampler'),
    batch_size=32,
    dataset=dict(
        ann_file='annotations/train.json',
        backend_args=None,
        data_prefix=dict(img='images/train/'),
        data_root='../data-processing/vision/RUOD/processed/',
        filter_cfg=dict(filter_empty_gt=False),
        metainfo=dict(
            classes=(
                'holothurian',
                'echinus',
                'scallop',
                'starfish',
                'fish',
                'coral',
                'diver',
                'cuttlefish',
                'turtle',
                'jellyfish',
            )),
        pipeline=[
            dict(backend_args=None, type='LoadImageFromFile'),
            dict(type='LoadAnnotations', with_bbox=True),
            dict(keep_ratio=True, scale=(
                640,
                640,
            ), type='Resize'),
            dict(prob=0.5, type='RandomFlip'),
            dict(type='PackDetInputs'),
        ],
        type='CocoDataset'),
    num_workers=8,
    persistent_workers=True,
    pin_memory=True,
    prefetch_factor=4,
    sampler=dict(shuffle=True, type='DefaultSampler'))
train_pipeline = [
    dict(backend_args=None, type='LoadImageFromFile'),
    dict(type='LoadAnnotations', with_bbox=True),
    dict(keep_ratio=True, scale=(
        640,
        640,
    ), type='Resize'),
    dict(prob=0.5, type='RandomFlip'),
    dict(type='PackDetInputs'),
]
val_cfg = dict(type='ValLoop')
val_dataloader = dict(
    batch_size=4,
    dataset=dict(
        ann_file='annotations/val.json',
        backend_args=None,
        data_prefix=dict(img='images/val/'),
        data_root='../data-processing/vision/RUOD/processed/',
        metainfo=dict(
            classes=(
                'holothurian',
                'echinus',
                'scallop',
                'starfish',
                'fish',
                'coral',
                'diver',
                'cuttlefish',
                'turtle',
                'jellyfish',
            )),
        pipeline=[
            dict(backend_args=None, type='LoadImageFromFile'),
            dict(keep_ratio=True, scale=(
                640,
                640,
            ), type='Resize'),
            dict(type='LoadAnnotations', with_bbox=True),
            dict(
                meta_keys=(
                    'img_id',
                    'img_path',
                    'ori_shape',
                    'img_shape',
                    'scale_factor',
                ),
                type='PackDetInputs'),
        ],
        test_mode=True,
        type='CocoDataset'),
    drop_last=False,
    num_workers=4,
    persistent_workers=True,
    sampler=dict(shuffle=False, type='DefaultSampler'))
val_evaluator = dict(
    ann_file='../data-processing/vision/RUOD/processed/annotations/val.json',
    backend_args=None,
    format_only=False,
    metric='bbox',
    type='CocoMetric')
vis_backends = [
    dict(type='LocalVisBackend'),
]
visualizer = dict(
    name='visualizer',
    type='DetLocalVisualizer',
    vis_backends=[
        dict(type='LocalVisBackend'),
    ])
work_dir = '../runs/mmdet/faster_rcnn_r50_fpn_ruod_80e_pretrained'

2026/03/28 16:59:34 - mmengine - INFO - Distributed training is not used, all SyncBatchNorm (SyncBN) layers in the model will be automatically reverted to BatchNormXd layers if they are used.
2026/03/28 16:59:34 - mmengine - INFO - Hooks will be executed in the following order:
before_run:
(VERY_HIGH   ) RuntimeInfoHook                    
(BELOW_NORMAL) LoggerHook                         
 -------------------- 
before_train:
(VERY_HIGH   ) RuntimeInfoHook                    
(NORMAL      ) IterTimerHook                      
(VERY_LOW    ) CheckpointHook                     
 -------------------- 
before_train_epoch:
(VERY_HIGH   ) RuntimeInfoHook                    
(NORMAL      ) IterTimerHook                      
(NORMAL      ) DistSamplerSeedHook                
 -------------------- 
before_train_iter:
(VERY_HIGH   ) RuntimeInfoHook                    
(NORMAL      ) IterTimerHook                      
 -------------------- 
after_train_iter:
(VERY_HIGH   ) RuntimeInfoHook                    
(NORMAL      ) IterTimerHook                      
(BELOW_NORMAL) LoggerHook                         
(LOW         ) ParamSchedulerHook                 
(VERY_LOW    ) CheckpointHook                     
 -------------------- 
after_train_epoch:
(NORMAL      ) IterTimerHook                      
(LOW         ) ParamSchedulerHook                 
(VERY_LOW    ) CheckpointHook                     
 -------------------- 
before_val:
(VERY_HIGH   ) RuntimeInfoHook                    
 -------------------- 
before_val_epoch:
(NORMAL      ) IterTimerHook                      
 -------------------- 
before_val_iter:
(NORMAL      ) IterTimerHook                      
 -------------------- 
after_val_iter:
(NORMAL      ) IterTimerHook                      
(NORMAL      ) DetVisualizationHook               
(BELOW_NORMAL) LoggerHook                         
 -------------------- 
after_val_epoch:
(VERY_HIGH   ) RuntimeInfoHook                    
(NORMAL      ) IterTimerHook                      
(BELOW_NORMAL) LoggerHook                         
(LOW         ) ParamSchedulerHook                 
(VERY_LOW    ) CheckpointHook                     
 -------------------- 
after_val:
(VERY_HIGH   ) RuntimeInfoHook                    
 -------------------- 
after_train:
(VERY_HIGH   ) RuntimeInfoHook                    
(VERY_LOW    ) CheckpointHook                     
 -------------------- 
before_test:
(VERY_HIGH   ) RuntimeInfoHook                    
 -------------------- 
before_test_epoch:
(NORMAL      ) IterTimerHook                      
 -------------------- 
before_test_iter:
(NORMAL      ) IterTimerHook                      
 -------------------- 
after_test_iter:
(NORMAL      ) IterTimerHook                      
(NORMAL      ) DetVisualizationHook               
(BELOW_NORMAL) LoggerHook                         
 -------------------- 
after_test_epoch:
(VERY_HIGH   ) RuntimeInfoHook                    
(NORMAL      ) IterTimerHook                      
(BELOW_NORMAL) LoggerHook                         
 -------------------- 
after_test:
(VERY_HIGH   ) RuntimeInfoHook                    
 -------------------- 
after_run:
(BELOW_NORMAL) LoggerHook                         
 -------------------- 
2026/03/28 16:59:36 - mmengine - INFO - Load checkpoint from ../runs/mmdet/ruod/faster_rcnn_r50_fpn_ruod_80e_pretrained/best_coco_bbox_mAP_epoch_56.pth
2026/03/28 16:59:46 - mmengine - INFO - Epoch(test) [  50/4200]    eta: 0:14:04  time: 0.2036  data_time: 0.0227  memory: 350  
2026/03/28 16:59:54 - mmengine - INFO - Epoch(test) [ 100/4200]    eta: 0:12:37  time: 0.1658  data_time: 0.0382  memory: 350  
2026/03/28 17:00:03 - mmengine - INFO - Epoch(test) [ 150/4200]    eta: 0:12:11  time: 0.1724  data_time: 0.0446  memory: 350  
2026/03/28 17:00:11 - mmengine - INFO - Epoch(test) [ 200/4200]    eta: 0:11:47  time: 0.1660  data_time: 0.0367  memory: 350  
2026/03/28 17:00:19 - mmengine - INFO - Epoch(test) [ 250/4200]    eta: 0:11:25  time: 0.1601  data_time: 0.0337  memory: 350  
2026/03/28 17:00:27 - mmengine - INFO - Epoch(test) [ 300/4200]    eta: 0:11:06  time: 0.1575  data_time: 0.0220  memory: 370  
2026/03/28 17:00:34 - mmengine - INFO - Epoch(test) [ 350/4200]    eta: 0:10:42  time: 0.1420  data_time: 0.0083  memory: 350  
2026/03/28 17:00:41 - mmengine - INFO - Epoch(test) [ 400/4200]    eta: 0:10:21  time: 0.1420  data_time: 0.0051  memory: 350  
2026/03/28 17:00:49 - mmengine - INFO - Epoch(test) [ 450/4200]    eta: 0:10:06  time: 0.1459  data_time: 0.0017  memory: 350  
2026/03/28 17:00:56 - mmengine - INFO - Epoch(test) [ 500/4200]    eta: 0:09:50  time: 0.1420  data_time: 0.0016  memory: 350  
2026/03/28 17:01:03 - mmengine - INFO - Epoch(test) [ 550/4200]    eta: 0:09:39  time: 0.1482  data_time: 0.0034  memory: 350  
2026/03/28 17:01:10 - mmengine - INFO - Epoch(test) [ 600/4200]    eta: 0:09:26  time: 0.1438  data_time: 0.0024  memory: 350  
2026/03/28 17:01:18 - mmengine - INFO - Epoch(test) [ 650/4200]    eta: 0:09:16  time: 0.1479  data_time: 0.0098  memory: 350  
2026/03/28 17:01:25 - mmengine - INFO - Epoch(test) [ 700/4200]    eta: 0:09:04  time: 0.1420  data_time: 0.0048  memory: 350  
2026/03/28 17:01:32 - mmengine - INFO - Epoch(test) [ 750/4200]    eta: 0:08:54  time: 0.1461  data_time: 0.0050  memory: 350  
2026/03/28 17:01:40 - mmengine - INFO - Epoch(test) [ 800/4200]    eta: 0:08:45  time: 0.1458  data_time: 0.0072  memory: 350  
2026/03/28 17:01:47 - mmengine - INFO - Epoch(test) [ 850/4200]    eta: 0:08:35  time: 0.1440  data_time: 0.0065  memory: 350  
2026/03/28 17:01:54 - mmengine - INFO - Epoch(test) [ 900/4200]    eta: 0:08:26  time: 0.1461  data_time: 0.0121  memory: 350  
2026/03/28 17:02:02 - mmengine - INFO - Epoch(test) [ 950/4200]    eta: 0:08:19  time: 0.1600  data_time: 0.0326  memory: 350  
2026/03/28 17:02:10 - mmengine - INFO - Epoch(test) [1000/4200]    eta: 0:08:14  time: 0.1678  data_time: 0.0384  memory: 350  
2026/03/28 17:02:18 - mmengine - INFO - Epoch(test) [1050/4200]    eta: 0:08:07  time: 0.1580  data_time: 0.0193  memory: 350  
2026/03/28 17:02:26 - mmengine - INFO - Epoch(test) [1100/4200]    eta: 0:08:00  time: 0.1617  data_time: 0.0243  memory: 350  
2026/03/28 17:02:34 - mmengine - INFO - Epoch(test) [1150/4200]    eta: 0:07:52  time: 0.1540  data_time: 0.0102  memory: 382  
2026/03/28 17:02:43 - mmengine - INFO - Epoch(test) [1200/4200]    eta: 0:07:46  time: 0.1679  data_time: 0.0266  memory: 384  
2026/03/28 17:02:50 - mmengine - INFO - Epoch(test) [1250/4200]    eta: 0:07:36  time: 0.1420  data_time: 0.0047  memory: 384  
2026/03/28 17:02:57 - mmengine - INFO - Epoch(test) [1300/4200]    eta: 0:07:28  time: 0.1480  data_time: 0.0017  memory: 378  
2026/03/28 17:03:05 - mmengine - INFO - Epoch(test) [1350/4200]    eta: 0:07:20  time: 0.1486  data_time: 0.0147  memory: 384  
2026/03/28 17:03:12 - mmengine - INFO - Epoch(test) [1400/4200]    eta: 0:07:12  time: 0.1539  data_time: 0.0171  memory: 384  
2026/03/28 17:03:20 - mmengine - INFO - Epoch(test) [1450/4200]    eta: 0:07:03  time: 0.1458  data_time: 0.0032  memory: 384  
2026/03/28 17:03:27 - mmengine - INFO - Epoch(test) [1500/4200]    eta: 0:06:55  time: 0.1437  data_time: 0.0082  memory: 384  
2026/03/28 17:03:34 - mmengine - INFO - Epoch(test) [1550/4200]    eta: 0:06:47  time: 0.1502  data_time: 0.0049  memory: 384  
2026/03/28 17:03:41 - mmengine - INFO - Epoch(test) [1600/4200]    eta: 0:06:38  time: 0.1400  data_time: 0.0066  memory: 384  
2026/03/28 17:03:49 - mmengine - INFO - Epoch(test) [1650/4200]    eta: 0:06:30  time: 0.1457  data_time: 0.0017  memory: 361  
2026/03/28 17:03:56 - mmengine - INFO - Epoch(test) [1700/4200]    eta: 0:06:21  time: 0.1420  data_time: 0.0032  memory: 374  
2026/03/28 17:04:03 - mmengine - INFO - Epoch(test) [1750/4200]    eta: 0:06:13  time: 0.1441  data_time: 0.0065  memory: 384  
2026/03/28 17:04:10 - mmengine - INFO - Epoch(test) [1800/4200]    eta: 0:06:05  time: 0.1421  data_time: 0.0032  memory: 365  
2026/03/28 17:04:17 - mmengine - INFO - Epoch(test) [1850/4200]    eta: 0:05:57  time: 0.1458  data_time: 0.0018  memory: 361  
2026/03/28 17:04:25 - mmengine - INFO - Epoch(test) [1900/4200]    eta: 0:05:49  time: 0.1499  data_time: 0.0134  memory: 384  
2026/03/28 17:04:32 - mmengine - INFO - Epoch(test) [1950/4200]    eta: 0:05:41  time: 0.1520  data_time: 0.0108  memory: 384  
2026/03/28 17:04:40 - mmengine - INFO - Epoch(test) [2000/4200]    eta: 0:05:34  time: 0.1580  data_time: 0.0235  memory: 378  
2026/03/28 17:04:48 - mmengine - INFO - Epoch(test) [2050/4200]    eta: 0:05:26  time: 0.1479  data_time: 0.0135  memory: 384  
2026/03/28 17:04:55 - mmengine - INFO - Epoch(test) [2100/4200]    eta: 0:05:18  time: 0.1460  data_time: 0.0049  memory: 378  
2026/03/28 17:05:02 - mmengine - INFO - Epoch(test) [2150/4200]    eta: 0:05:10  time: 0.1440  data_time: 0.0034  memory: 382  
2026/03/28 17:05:09 - mmengine - INFO - Epoch(test) [2200/4200]    eta: 0:05:02  time: 0.1440  data_time: 0.0048  memory: 382  
2026/03/28 17:05:17 - mmengine - INFO - Epoch(test) [2250/4200]    eta: 0:04:55  time: 0.1479  data_time: 0.0068  memory: 362  
2026/03/28 17:05:24 - mmengine - INFO - Epoch(test) [2300/4200]    eta: 0:04:47  time: 0.1424  data_time: 0.0017  memory: 350  
2026/03/28 17:05:31 - mmengine - INFO - Epoch(test) [2350/4200]    eta: 0:04:39  time: 0.1441  data_time: 0.0080  memory: 382  
2026/03/28 17:05:38 - mmengine - INFO - Epoch(test) [2400/4200]    eta: 0:04:31  time: 0.1440  data_time: 0.0050  memory: 382  
2026/03/28 17:05:45 - mmengine - INFO - Epoch(test) [2450/4200]    eta: 0:04:23  time: 0.1400  data_time: 0.0016  memory: 362  
2026/03/28 17:05:53 - mmengine - INFO - Epoch(test) [2500/4200]    eta: 0:04:15  time: 0.1459  data_time: 0.0032  memory: 359  
2026/03/28 17:06:00 - mmengine - INFO - Epoch(test) [2550/4200]    eta: 0:04:08  time: 0.1442  data_time: 0.0064  memory: 370  
2026/03/28 17:06:07 - mmengine - INFO - Epoch(test) [2600/4200]    eta: 0:04:00  time: 0.1443  data_time: 0.0064  memory: 365  
2026/03/28 17:06:14 - mmengine - INFO - Epoch(test) [2650/4200]    eta: 0:03:52  time: 0.1440  data_time: 0.0048  memory: 374  
2026/03/28 17:06:22 - mmengine - INFO - Epoch(test) [2700/4200]    eta: 0:03:45  time: 0.1461  data_time: 0.0017  memory: 384  
2026/03/28 17:06:29 - mmengine - INFO - Epoch(test) [2750/4200]    eta: 0:03:37  time: 0.1459  data_time: 0.0033  memory: 359  
2026/03/28 17:06:36 - mmengine - INFO - Epoch(test) [2800/4200]    eta: 0:03:29  time: 0.1463  data_time: 0.0033  memory: 382  
2026/03/28 17:06:44 - mmengine - INFO - Epoch(test) [2850/4200]    eta: 0:03:22  time: 0.1439  data_time: 0.0034  memory: 370  
2026/03/28 17:06:51 - mmengine - INFO - Epoch(test) [2900/4200]    eta: 0:03:14  time: 0.1420  data_time: 0.0066  memory: 378  
2026/03/28 17:06:58 - mmengine - INFO - Epoch(test) [2950/4200]    eta: 0:03:07  time: 0.1421  data_time: 0.0027  memory: 382  
2026/03/28 17:07:05 - mmengine - INFO - Epoch(test) [3000/4200]    eta: 0:02:59  time: 0.1459  data_time: 0.0049  memory: 365  
2026/03/28 17:07:12 - mmengine - INFO - Epoch(test) [3050/4200]    eta: 0:02:51  time: 0.1400  data_time: 0.0049  memory: 378  
2026/03/28 17:07:19 - mmengine - INFO - Epoch(test) [3100/4200]    eta: 0:02:44  time: 0.1460  data_time: 0.0034  memory: 382  
2026/03/28 17:07:26 - mmengine - INFO - Epoch(test) [3150/4200]    eta: 0:02:36  time: 0.1420  data_time: 0.0051  memory: 359  
2026/03/28 17:07:34 - mmengine - INFO - Epoch(test) [3200/4200]    eta: 0:02:29  time: 0.1460  data_time: 0.0016  memory: 350  
2026/03/28 17:07:41 - mmengine - INFO - Epoch(test) [3250/4200]    eta: 0:02:21  time: 0.1417  data_time: 0.0032  memory: 350  
2026/03/28 17:07:48 - mmengine - INFO - Epoch(test) [3300/4200]    eta: 0:02:14  time: 0.1442  data_time: 0.0034  memory: 350  
2026/03/28 17:07:55 - mmengine - INFO - Epoch(test) [3350/4200]    eta: 0:02:06  time: 0.1401  data_time: 0.0033  memory: 374  
2026/03/28 17:08:02 - mmengine - INFO - Epoch(test) [3400/4200]    eta: 0:01:59  time: 0.1460  data_time: 0.0082  memory: 378  
2026/03/28 17:08:10 - mmengine - INFO - Epoch(test) [3450/4200]    eta: 0:01:51  time: 0.1436  data_time: 0.0066  memory: 384  
2026/03/28 17:08:17 - mmengine - INFO - Epoch(test) [3500/4200]    eta: 0:01:44  time: 0.1439  data_time: 0.0065  memory: 382  
2026/03/28 17:08:24 - mmengine - INFO - Epoch(test) [3550/4200]    eta: 0:01:36  time: 0.1460  data_time: 0.0017  memory: 382  
2026/03/28 17:08:31 - mmengine - INFO - Epoch(test) [3600/4200]    eta: 0:01:29  time: 0.1483  data_time: 0.0033  memory: 365  
2026/03/28 17:08:39 - mmengine - INFO - Epoch(test) [3650/4200]    eta: 0:01:21  time: 0.1439  data_time: 0.0119  memory: 382  
2026/03/28 17:08:46 - mmengine - INFO - Epoch(test) [3700/4200]    eta: 0:01:14  time: 0.1418  data_time: 0.0016  memory: 370  
2026/03/28 17:08:53 - mmengine - INFO - Epoch(test) [3750/4200]    eta: 0:01:06  time: 0.1362  data_time: 0.0064  memory: 374  
2026/03/28 17:09:00 - mmengine - INFO - Epoch(test) [3800/4200]    eta: 0:00:59  time: 0.1459  data_time: 0.0050  memory: 374  
2026/03/28 17:09:07 - mmengine - INFO - Epoch(test) [3850/4200]    eta: 0:00:51  time: 0.1420  data_time: 0.0033  memory: 374  
2026/03/28 17:09:14 - mmengine - INFO - Epoch(test) [3900/4200]    eta: 0:00:44  time: 0.1439  data_time: 0.0016  memory: 365  
2026/03/28 17:09:21 - mmengine - INFO - Epoch(test) [3950/4200]    eta: 0:00:37  time: 0.1419  data_time: 0.0066  memory: 378  
2026/03/28 17:09:29 - mmengine - INFO - Epoch(test) [4000/4200]    eta: 0:00:29  time: 0.1460  data_time: 0.0050  memory: 382  
2026/03/28 17:09:36 - mmengine - INFO - Epoch(test) [4050/4200]    eta: 0:00:22  time: 0.1440  data_time: 0.0049  memory: 382  
2026/03/28 17:09:43 - mmengine - INFO - Epoch(test) [4100/4200]    eta: 0:00:14  time: 0.1442  data_time: 0.0017  memory: 350  
2026/03/28 17:09:50 - mmengine - INFO - Epoch(test) [4150/4200]    eta: 0:00:07  time: 0.1418  data_time: 0.0081  memory: 350  
2026/03/28 17:09:57 - mmengine - INFO - Epoch(test) [4200/4200]    eta: 0:00:00  time: 0.1460  data_time: 0.0016  memory: 350  
2026/03/28 17:09:58 - mmengine - INFO - Evaluating bbox...
2026/03/28 17:10:02 - mmengine - INFO - bbox_mAP_copypaste: 0.487 0.772 0.523 0.128 0.358 0.542
2026/03/28 17:10:02 - mmengine - INFO - Epoch(test) [4200/4200]    coco/bbox_mAP: 0.4870  coco/bbox_mAP_50: 0.7720  coco/bbox_mAP_75: 0.5230  coco/bbox_mAP_s: 0.1280  coco/bbox_mAP_m: 0.3580  coco/bbox_mAP_l: 0.5420  data_time: 0.0089  time: 0.1478
